Archive member included to satisfy reference by file (symbol)

/home/youlittleperson/intelFPGA_lite/20.1/nios2eds/bin/gnu/H-x86_64-pc-linux-gnu/bin/../lib/gcc/nios2-elf/9.2.1/mno-hw-mul/libgcc.a(lib2-divmod.o)
                              obj/default/main.o (__divsi3)
/home/youlittleperson/intelFPGA_lite/20.1/nios2eds/bin/gnu/H-x86_64-pc-linux-gnu/bin/../lib/gcc/nios2-elf/9.2.1/mno-hw-mul/libgcc.a(lib2-mul.o)
                              obj/default/main.o (__mulsi3)
/home/youlittleperson/intelFPGA_lite/20.1/nios2eds/bin/gnu/H-x86_64-pc-linux-gnu/bin/../lib/gcc/nios2-elf/9.2.1/../../../../../H-x86_64-pc-linux-gnu/nios2-elf/lib/mno-hw-mul/libsmallc.a(lib_a-calloc.o)
                              obj/default/main.o (calloc)
/home/youlittleperson/intelFPGA_lite/20.1/nios2eds/bin/gnu/H-x86_64-pc-linux-gnu/bin/../lib/gcc/nios2-elf/9.2.1/../../../../../H-x86_64-pc-linux-gnu/nios2-elf/lib/mno-hw-mul/libsmallc.a(lib_a-impure.o)
                              /home/youlittleperson/intelFPGA_lite/20.1/nios2eds/bin/gnu/H-x86_64-pc-linux-gnu/bin/../lib/gcc/nios2-elf/9.2.1/../../../../../H-x86_64-pc-linux-gnu/nios2-elf/lib/mno-hw-mul/libsmallc.a(lib_a-calloc.o) (_impure_ptr)
/home/youlittleperson/intelFPGA_lite/20.1/nios2eds/bin/gnu/H-x86_64-pc-linux-gnu/bin/../lib/gcc/nios2-elf/9.2.1/../../../../../H-x86_64-pc-linux-gnu/nios2-elf/lib/mno-hw-mul/libsmallc.a(lib_a-malloc.o)
                              obj/default/main.o (free)
/home/youlittleperson/intelFPGA_lite/20.1/nios2eds/bin/gnu/H-x86_64-pc-linux-gnu/bin/../lib/gcc/nios2-elf/9.2.1/../../../../../H-x86_64-pc-linux-gnu/nios2-elf/lib/mno-hw-mul/libsmallc.a(lib_a-memcpy.o)
                              obj/default/main.o (memcpy)
/home/youlittleperson/intelFPGA_lite/20.1/nios2eds/bin/gnu/H-x86_64-pc-linux-gnu/bin/../lib/gcc/nios2-elf/9.2.1/../../../../../H-x86_64-pc-linux-gnu/nios2-elf/lib/mno-hw-mul/libsmallc.a(lib_a-nano-callocr.o)
                              /home/youlittleperson/intelFPGA_lite/20.1/nios2eds/bin/gnu/H-x86_64-pc-linux-gnu/bin/../lib/gcc/nios2-elf/9.2.1/../../../../../H-x86_64-pc-linux-gnu/nios2-elf/lib/mno-hw-mul/libsmallc.a(lib_a-calloc.o) (_calloc_r)
/home/youlittleperson/intelFPGA_lite/20.1/nios2eds/bin/gnu/H-x86_64-pc-linux-gnu/bin/../lib/gcc/nios2-elf/9.2.1/../../../../../H-x86_64-pc-linux-gnu/nios2-elf/lib/mno-hw-mul/libsmallc.a(lib_a-nano-freer.o)
                              /home/youlittleperson/intelFPGA_lite/20.1/nios2eds/bin/gnu/H-x86_64-pc-linux-gnu/bin/../lib/gcc/nios2-elf/9.2.1/../../../../../H-x86_64-pc-linux-gnu/nios2-elf/lib/mno-hw-mul/libsmallc.a(lib_a-malloc.o) (_free_r)
/home/youlittleperson/intelFPGA_lite/20.1/nios2eds/bin/gnu/H-x86_64-pc-linux-gnu/bin/../lib/gcc/nios2-elf/9.2.1/../../../../../H-x86_64-pc-linux-gnu/nios2-elf/lib/mno-hw-mul/libsmallc.a(lib_a-nano-mallocr.o)
                              /home/youlittleperson/intelFPGA_lite/20.1/nios2eds/bin/gnu/H-x86_64-pc-linux-gnu/bin/../lib/gcc/nios2-elf/9.2.1/../../../../../H-x86_64-pc-linux-gnu/nios2-elf/lib/mno-hw-mul/libsmallc.a(lib_a-malloc.o) (_malloc_r)
/home/youlittleperson/intelFPGA_lite/20.1/nios2eds/bin/gnu/H-x86_64-pc-linux-gnu/bin/../lib/gcc/nios2-elf/9.2.1/../../../../../H-x86_64-pc-linux-gnu/nios2-elf/lib/mno-hw-mul/libsmallc.a(lib_a-sbrkr.o)
                              /home/youlittleperson/intelFPGA_lite/20.1/nios2eds/bin/gnu/H-x86_64-pc-linux-gnu/bin/../lib/gcc/nios2-elf/9.2.1/../../../../../H-x86_64-pc-linux-gnu/nios2-elf/lib/mno-hw-mul/libsmallc.a(lib_a-nano-mallocr.o) (_sbrk_r)
/home/youlittleperson/intelFPGA_lite/20.1/nios2eds/bin/gnu/H-x86_64-pc-linux-gnu/bin/../lib/gcc/nios2-elf/9.2.1/../../../../../H-x86_64-pc-linux-gnu/nios2-elf/lib/mno-hw-mul/libsmallc.a(lib_a-int_errno.o)
                              /home/youlittleperson/intelFPGA_lite/20.1/nios2eds/bin/gnu/H-x86_64-pc-linux-gnu/bin/../lib/gcc/nios2-elf/9.2.1/../../../../../H-x86_64-pc-linux-gnu/nios2-elf/lib/mno-hw-mul/libsmallc.a(lib_a-sbrkr.o) (errno)
/home/youlittleperson/intelFPGA_lite/20.1/nios2eds/bin/gnu/H-x86_64-pc-linux-gnu/bin/../lib/gcc/nios2-elf/9.2.1/../../../../../H-x86_64-pc-linux-gnu/nios2-elf/lib/mno-hw-mul/libsmallc.a(lib_a-memset.o)
                              /home/youlittleperson/intelFPGA_lite/20.1/nios2eds/bin/gnu/H-x86_64-pc-linux-gnu/bin/../lib/gcc/nios2-elf/9.2.1/../../../../../H-x86_64-pc-linux-gnu/nios2-elf/lib/mno-hw-mul/libsmallc.a(lib_a-nano-callocr.o) (memset)
../SPI_bsp//libhal_bsp.a(alt_irq_register.o)
                              obj/default/main.o (alt_irq_register)
../SPI_bsp//libhal_bsp.a(alt_irq_vars.o)
                              ../SPI_bsp//libhal_bsp.a(alt_irq_register.o) (alt_irq_active)
../SPI_bsp//libhal_bsp.a(alt_load.o)
                              ../SPI_bsp//obj/HAL/src/crt0.o (alt_load)
../SPI_bsp//libhal_bsp.a(alt_main.o)
                              ../SPI_bsp//obj/HAL/src/crt0.o (alt_main)
../SPI_bsp//libhal_bsp.a(alt_malloc_lock.o)
                              /home/youlittleperson/intelFPGA_lite/20.1/nios2eds/bin/gnu/H-x86_64-pc-linux-gnu/bin/../lib/gcc/nios2-elf/9.2.1/../../../../../H-x86_64-pc-linux-gnu/nios2-elf/lib/mno-hw-mul/libsmallc.a(lib_a-nano-freer.o) (__malloc_lock)
../SPI_bsp//libhal_bsp.a(alt_sbrk.o)
                              /home/youlittleperson/intelFPGA_lite/20.1/nios2eds/bin/gnu/H-x86_64-pc-linux-gnu/bin/../lib/gcc/nios2-elf/9.2.1/../../../../../H-x86_64-pc-linux-gnu/nios2-elf/lib/mno-hw-mul/libsmallc.a(lib_a-sbrkr.o) (sbrk)
../SPI_bsp//libhal_bsp.a(alt_usleep.o)
                              obj/default/main.o (usleep)
../SPI_bsp//libhal_bsp.a(alt_sys_init.o)
                              ../SPI_bsp//libhal_bsp.a(alt_main.o) (alt_irq_init)
../SPI_bsp//libhal_bsp.a(altera_up_avalon_accelerometer_spi.o)
                              obj/default/main.o (alt_up_accelerometer_spi_open_dev)
../SPI_bsp//libhal_bsp.a(alt_busy_sleep.o)
                              ../SPI_bsp//libhal_bsp.a(alt_usleep.o) (alt_busy_sleep)
../SPI_bsp//libhal_bsp.a(alt_dcache_flush_all.o)
                              ../SPI_bsp//libhal_bsp.a(alt_load.o) (alt_dcache_flush_all)
../SPI_bsp//libhal_bsp.a(alt_dev.o)
                              ../SPI_bsp//libhal_bsp.a(alt_sys_init.o) (alt_dev_list)
../SPI_bsp//libhal_bsp.a(alt_dev_llist_insert.o)
                              ../SPI_bsp//libhal_bsp.a(alt_sys_init.o) (alt_dev_llist_insert)
../SPI_bsp//libhal_bsp.a(alt_errno.o)
                              ../SPI_bsp//libhal_bsp.a(alt_dev_llist_insert.o) (alt_errno)
../SPI_bsp//libhal_bsp.a(alt_find_dev.o)
                              ../SPI_bsp//libhal_bsp.a(altera_up_avalon_accelerometer_spi.o) (alt_find_dev)
../SPI_bsp//libhal_bsp.a(alt_icache_flush_all.o)
                              ../SPI_bsp//libhal_bsp.a(alt_load.o) (alt_icache_flush_all)
../SPI_bsp//libhal_bsp.a(alt_irq_entry.o)
                              ../SPI_bsp//libhal_bsp.a(alt_irq_register.o) (alt_irq_entry)
../SPI_bsp//libhal_bsp.a(alt_irq_handler.o)
                              ../SPI_bsp//libhal_bsp.a(alt_irq_register.o) (alt_irq_handler)
../SPI_bsp//libhal_bsp.a(altera_nios2_gen2_irq.o)
                              ../SPI_bsp//libhal_bsp.a(alt_sys_init.o) (altera_nios2_gen2_irq_init)
../SPI_bsp//libhal_bsp.a(alt_exception_entry.o)
                              ../SPI_bsp//libhal_bsp.a(alt_irq_entry.o) (alt_exception)
../SPI_bsp//libhal_bsp.a(alt_instruction_exception_entry.o)
                              ../SPI_bsp//libhal_bsp.a(alt_exception_entry.o) (alt_instruction_exception_entry)
/home/youlittleperson/intelFPGA_lite/20.1/nios2eds/bin/gnu/H-x86_64-pc-linux-gnu/bin/../lib/gcc/nios2-elf/9.2.1/../../../../../H-x86_64-pc-linux-gnu/nios2-elf/lib/mno-hw-mul/libsmallc.a(lib_a-memcmp.o)
                              ../SPI_bsp//libhal_bsp.a(alt_find_dev.o) (memcmp)
/home/youlittleperson/intelFPGA_lite/20.1/nios2eds/bin/gnu/H-x86_64-pc-linux-gnu/bin/../lib/gcc/nios2-elf/9.2.1/../../../../../H-x86_64-pc-linux-gnu/nios2-elf/lib/mno-hw-mul/libsmallc.a(lib_a-strlen.o)
                              ../SPI_bsp//libhal_bsp.a(alt_find_dev.o) (strlen)

Allocating common symbols
Common symbol       size              file

send_spi            0x2               obj/default/main.o
alt_irq             0x100             ../SPI_bsp//libhal_bsp.a(alt_irq_handler.o)
errno               0x4               /home/youlittleperson/intelFPGA_lite/20.1/nios2eds/bin/gnu/H-x86_64-pc-linux-gnu/bin/../lib/gcc/nios2-elf/9.2.1/../../../../../H-x86_64-pc-linux-gnu/nios2-elf/lib/mno-hw-mul/libsmallc.a(lib_a-int_errno.o)
currMsg             0xc               obj/default/main.o
acc_dev             0x4               obj/default/main.o

Memory Configuration

Name             Origin             Length             Attributes
reset            0x0000000000010000 0x0000000000000020
onchip_memory    0x0000000000010020 0x000000000000ffe0
*default*        0x0000000000000000 0xffffffffffffffff

Linker script and memory map

LOAD ../SPI_bsp//obj/HAL/src/crt0.o
LOAD obj/default/main.o
LOAD /home/youlittleperson/intelFPGA_lite/20.1/nios2eds/bin/gnu/H-x86_64-pc-linux-gnu/bin/../lib/gcc/nios2-elf/9.2.1/../../../../../H-x86_64-pc-linux-gnu/nios2-elf/lib/mno-hw-mul/libstdc++.a
LOAD /home/youlittleperson/intelFPGA_lite/20.1/nios2eds/bin/gnu/H-x86_64-pc-linux-gnu/bin/../lib/gcc/nios2-elf/9.2.1/../../../../../H-x86_64-pc-linux-gnu/nios2-elf/lib/mno-hw-mul/libm.a
LOAD /home/youlittleperson/intelFPGA_lite/20.1/nios2eds/bin/gnu/H-x86_64-pc-linux-gnu/bin/../lib/gcc/nios2-elf/9.2.1/mno-hw-mul/libgcc.a
START GROUP
LOAD /home/youlittleperson/intelFPGA_lite/20.1/nios2eds/bin/gnu/H-x86_64-pc-linux-gnu/bin/../lib/gcc/nios2-elf/9.2.1/../../../../../H-x86_64-pc-linux-gnu/nios2-elf/lib/mno-hw-mul/libsmallc.a
LOAD /home/youlittleperson/intelFPGA_lite/20.1/nios2eds/bin/gnu/H-x86_64-pc-linux-gnu/bin/../lib/gcc/nios2-elf/9.2.1/mno-hw-mul/libgcc.a
LOAD ../SPI_bsp//libhal_bsp.a
LOAD /home/youlittleperson/intelFPGA_lite/20.1/nios2eds/bin/gnu/H-x86_64-pc-linux-gnu/bin/../lib/gcc/nios2-elf/9.2.1/../../../../../H-x86_64-pc-linux-gnu/nios2-elf/lib/mno-hw-mul/libm.a
END GROUP
LOAD /home/youlittleperson/intelFPGA_lite/20.1/nios2eds/bin/gnu/H-x86_64-pc-linux-gnu/bin/../lib/gcc/nios2-elf/9.2.1/mno-hw-mul/libgcc.a
                0x0000000000010000                __alt_mem_onchip_memory = 0x10000

.entry          0x0000000000010000       0x20
 *(.entry)
 .entry         0x0000000000010000       0x20 ../SPI_bsp//obj/HAL/src/crt0.o
                0x0000000000010000                __reset
                0x000000000001000c                _exit

.exceptions     0x0000000000010020      0x160
                0x0000000000010020                PROVIDE (__ram_exceptions_start = ABSOLUTE (.))
                0x0000000000010020                . = ALIGN (0x20)
 *(.irq)
 *(.exceptions.entry.label)
 .exceptions.entry.label
                0x0000000000010020        0x0 ../SPI_bsp//libhal_bsp.a(alt_irq_entry.o)
                0x0000000000010020                alt_irq_entry
 .exceptions.entry.label
                0x0000000000010020        0x0 ../SPI_bsp//libhal_bsp.a(alt_exception_entry.o)
                0x0000000000010020                alt_exception
 *(.exceptions.entry.user)
 *(.exceptions.entry.ecc_fatal)
 *(.exceptions.entry)
 .exceptions.entry
                0x0000000000010020       0x54 ../SPI_bsp//libhal_bsp.a(alt_exception_entry.o)
 *(.exceptions.irqtest.user)
 *(.exceptions.irqtest)
 .exceptions.irqtest
                0x0000000000010074       0x10 ../SPI_bsp//libhal_bsp.a(alt_irq_entry.o)
 *(.exceptions.irqhandler.user)
 *(.exceptions.irqhandler)
 .exceptions.irqhandler
                0x0000000000010084        0x4 ../SPI_bsp//libhal_bsp.a(alt_irq_entry.o)
 *(.exceptions.irqreturn.user)
 *(.exceptions.irqreturn)
 .exceptions.irqreturn
                0x0000000000010088        0x4 ../SPI_bsp//libhal_bsp.a(alt_irq_entry.o)
 *(.exceptions.notirq.label)
 .exceptions.notirq.label
                0x000000000001008c        0x0 ../SPI_bsp//libhal_bsp.a(alt_irq_entry.o)
 *(.exceptions.notirq.user)
 *(.exceptions.notirq)
 .exceptions.notirq
                0x000000000001008c        0x8 ../SPI_bsp//libhal_bsp.a(alt_exception_entry.o)
 *(.exceptions.soft.user)
 *(.exceptions.soft)
 *(.exceptions.unknown.user)
 *(.exceptions.unknown)
 .exceptions.unknown
                0x0000000000010094       0x14 ../SPI_bsp//libhal_bsp.a(alt_exception_entry.o)
 *(.exceptions.exit.label)
 .exceptions.exit.label
                0x00000000000100a8        0x0 ../SPI_bsp//libhal_bsp.a(alt_irq_entry.o)
 .exceptions.exit.label
                0x00000000000100a8        0x0 ../SPI_bsp//libhal_bsp.a(alt_exception_entry.o)
 *(.exceptions.exit.user)
 *(.exceptions.exit)
 .exceptions.exit
                0x00000000000100a8       0x54 ../SPI_bsp//libhal_bsp.a(alt_exception_entry.o)
 *(.exceptions)
 .exceptions    0x00000000000100fc       0x60 ../SPI_bsp//libhal_bsp.a(alt_irq_handler.o)
                0x00000000000100fc                alt_irq_handler
 .exceptions    0x000000000001015c       0x24 ../SPI_bsp//libhal_bsp.a(alt_instruction_exception_entry.o)
                0x000000000001015c                alt_instruction_exception_entry
                0x0000000000010180                PROVIDE (__ram_exceptions_end = ABSOLUTE (.))
                0x0000000000010020                PROVIDE (__flash_exceptions_start = LOADADDR (.exceptions))

.text           0x0000000000010180     0x1040
                [!provide]                        PROVIDE (stext = ABSOLUTE (.))
 *(.interp)
 *(.hash)
 *(.dynsym)
 *(.dynstr)
 *(.gnu.version)
 *(.gnu.version_d)
 *(.gnu.version_r)
 *(.rel.init)
 *(.rela.init)
 *(.rel.text .rel.text.* .rel.gnu.linkonce.t.*)
 *(.rela.text .rela.text.* .rela.gnu.linkonce.t.*)
 *(.rel.fini)
 *(.rela.fini)
 *(.rel.rodata .rel.rodata.* .rel.gnu.linkonce.r.*)
 *(.rela.rodata .rela.rodata.* .rela.gnu.linkonce.r.*)
 *(.rel.data .rel.data.* .rel.gnu.linkonce.d.*)
 *(.rela.data .rela.data.* .rela.gnu.linkonce.d.*)
 *(.rel.tdata .rel.tdata.* .rel.gnu.linkonce.td.*)
 *(.rela.tdata .rela.tdata.* .rela.gnu.linkonce.td.*)
 *(.rel.tbss .rel.tbss.* .rel.gnu.linkonce.tb.*)
 *(.rela.tbss .rela.tbss.* .rela.gnu.linkonce.tb.*)
 *(.rel.ctors)
 *(.rela.ctors)
 *(.rel.dtors)
 *(.rela.dtors)
 *(.rel.got)
 *(.rela.got)
 *(.rel.sdata .rel.sdata.* .rel.gnu.linkonce.s.*)
 *(.rela.sdata .rela.sdata.* .rela.gnu.linkonce.s.*)
 *(.rel.sbss .rel.sbss.* .rel.gnu.linkonce.sb.*)
 *(.rela.sbss .rela.sbss.* .rela.gnu.linkonce.sb.*)
 *(.rel.sdata2 .rel.sdata2.* .rel.gnu.linkonce.s2.*)
 *(.rela.sdata2 .rela.sdata2.* .rela.gnu.linkonce.s2.*)
 *(.rel.sbss2 .rel.sbss2.* .rel.gnu.linkonce.sb2.*)
 *(.rela.sbss2 .rela.sbss2.* .rela.gnu.linkonce.sb2.*)
 *(.rel.bss .rel.bss.* .rel.gnu.linkonce.b.*)
 *(.rela.bss .rela.bss.* .rela.gnu.linkonce.b.*)
 *(.rel.plt)
 *(.rela.plt)
 *(.rel.dyn)
 *(.init)
 *(.plt)
 *(.text .stub .text.* .gnu.linkonce.t.*)
 .text          0x0000000000010180       0x3c ../SPI_bsp//obj/HAL/src/crt0.o
                0x0000000000010180                _start
 .text          0x00000000000101bc      0x2c8 obj/default/main.o
                0x00000000000101bc                accelerometer_isr
                0x0000000000010228                timer_0_init
                0x0000000000010258                timer_1_init
                0x00000000000102ac                print7seg
                0x00000000000102e4                getBin
                0x000000000001030c                updateTextISR
 .text.startup  0x0000000000010484      0x218 obj/default/main.o
                0x0000000000010484                main
 .text          0x000000000001069c      0x1b4 /home/youlittleperson/intelFPGA_lite/20.1/nios2eds/bin/gnu/H-x86_64-pc-linux-gnu/bin/../lib/gcc/nios2-elf/9.2.1/mno-hw-mul/libgcc.a(lib2-divmod.o)
                0x000000000001069c                __divsi3
                0x000000000001071c                __modsi3
                0x0000000000010790                __udivsi3
                0x00000000000107f4                __umodsi3
 .text          0x0000000000010850       0x28 /home/youlittleperson/intelFPGA_lite/20.1/nios2eds/bin/gnu/H-x86_64-pc-linux-gnu/bin/../lib/gcc/nios2-elf/9.2.1/mno-hw-mul/libgcc.a(lib2-mul.o)
                0x0000000000010850                __mulsi3
 .text          0x0000000000010878        0x0 /home/youlittleperson/intelFPGA_lite/20.1/nios2eds/bin/gnu/H-x86_64-pc-linux-gnu/bin/../lib/gcc/nios2-elf/9.2.1/../../../../../H-x86_64-pc-linux-gnu/nios2-elf/lib/mno-hw-mul/libsmallc.a(lib_a-calloc.o)
 .text.calloc   0x0000000000010878       0x14 /home/youlittleperson/intelFPGA_lite/20.1/nios2eds/bin/gnu/H-x86_64-pc-linux-gnu/bin/../lib/gcc/nios2-elf/9.2.1/../../../../../H-x86_64-pc-linux-gnu/nios2-elf/lib/mno-hw-mul/libsmallc.a(lib_a-calloc.o)
                0x0000000000010878                calloc
 .text          0x000000000001088c        0x0 /home/youlittleperson/intelFPGA_lite/20.1/nios2eds/bin/gnu/H-x86_64-pc-linux-gnu/bin/../lib/gcc/nios2-elf/9.2.1/../../../../../H-x86_64-pc-linux-gnu/nios2-elf/lib/mno-hw-mul/libsmallc.a(lib_a-impure.o)
 .text          0x000000000001088c        0x0 /home/youlittleperson/intelFPGA_lite/20.1/nios2eds/bin/gnu/H-x86_64-pc-linux-gnu/bin/../lib/gcc/nios2-elf/9.2.1/../../../../../H-x86_64-pc-linux-gnu/nios2-elf/lib/mno-hw-mul/libsmallc.a(lib_a-malloc.o)
 .text.malloc   0x000000000001088c       0x10 /home/youlittleperson/intelFPGA_lite/20.1/nios2eds/bin/gnu/H-x86_64-pc-linux-gnu/bin/../lib/gcc/nios2-elf/9.2.1/../../../../../H-x86_64-pc-linux-gnu/nios2-elf/lib/mno-hw-mul/libsmallc.a(lib_a-malloc.o)
                0x000000000001088c                malloc
 .text.free     0x000000000001089c       0x10 /home/youlittleperson/intelFPGA_lite/20.1/nios2eds/bin/gnu/H-x86_64-pc-linux-gnu/bin/../lib/gcc/nios2-elf/9.2.1/../../../../../H-x86_64-pc-linux-gnu/nios2-elf/lib/mno-hw-mul/libsmallc.a(lib_a-malloc.o)
                0x000000000001089c                free
 .text          0x00000000000108ac        0x0 /home/youlittleperson/intelFPGA_lite/20.1/nios2eds/bin/gnu/H-x86_64-pc-linux-gnu/bin/../lib/gcc/nios2-elf/9.2.1/../../../../../H-x86_64-pc-linux-gnu/nios2-elf/lib/mno-hw-mul/libsmallc.a(lib_a-memcpy.o)
 .text.memcpy   0x00000000000108ac       0x28 /home/youlittleperson/intelFPGA_lite/20.1/nios2eds/bin/gnu/H-x86_64-pc-linux-gnu/bin/../lib/gcc/nios2-elf/9.2.1/../../../../../H-x86_64-pc-linux-gnu/nios2-elf/lib/mno-hw-mul/libsmallc.a(lib_a-memcpy.o)
                0x00000000000108ac                memcpy
 .text          0x00000000000108d4        0x0 /home/youlittleperson/intelFPGA_lite/20.1/nios2eds/bin/gnu/H-x86_64-pc-linux-gnu/bin/../lib/gcc/nios2-elf/9.2.1/../../../../../H-x86_64-pc-linux-gnu/nios2-elf/lib/mno-hw-mul/libsmallc.a(lib_a-nano-callocr.o)
 .text._calloc_r
                0x00000000000108d4       0x60 /home/youlittleperson/intelFPGA_lite/20.1/nios2eds/bin/gnu/H-x86_64-pc-linux-gnu/bin/../lib/gcc/nios2-elf/9.2.1/../../../../../H-x86_64-pc-linux-gnu/nios2-elf/lib/mno-hw-mul/libsmallc.a(lib_a-nano-callocr.o)
                0x00000000000108d4                _calloc_r
 .text          0x0000000000010934        0x0 /home/youlittleperson/intelFPGA_lite/20.1/nios2eds/bin/gnu/H-x86_64-pc-linux-gnu/bin/../lib/gcc/nios2-elf/9.2.1/../../../../../H-x86_64-pc-linux-gnu/nios2-elf/lib/mno-hw-mul/libsmallc.a(lib_a-nano-freer.o)
 .text._free_r  0x0000000000010934      0x100 /home/youlittleperson/intelFPGA_lite/20.1/nios2eds/bin/gnu/H-x86_64-pc-linux-gnu/bin/../lib/gcc/nios2-elf/9.2.1/../../../../../H-x86_64-pc-linux-gnu/nios2-elf/lib/mno-hw-mul/libsmallc.a(lib_a-nano-freer.o)
                0x0000000000010934                _free_r
 .text          0x0000000000010a34        0x0 /home/youlittleperson/intelFPGA_lite/20.1/nios2eds/bin/gnu/H-x86_64-pc-linux-gnu/bin/../lib/gcc/nios2-elf/9.2.1/../../../../../H-x86_64-pc-linux-gnu/nios2-elf/lib/mno-hw-mul/libsmallc.a(lib_a-nano-mallocr.o)
 .text._malloc_r
                0x0000000000010a34      0x164 /home/youlittleperson/intelFPGA_lite/20.1/nios2eds/bin/gnu/H-x86_64-pc-linux-gnu/bin/../lib/gcc/nios2-elf/9.2.1/../../../../../H-x86_64-pc-linux-gnu/nios2-elf/lib/mno-hw-mul/libsmallc.a(lib_a-nano-mallocr.o)
                0x0000000000010a34                _malloc_r
 .text          0x0000000000010b98        0x0 /home/youlittleperson/intelFPGA_lite/20.1/nios2eds/bin/gnu/H-x86_64-pc-linux-gnu/bin/../lib/gcc/nios2-elf/9.2.1/../../../../../H-x86_64-pc-linux-gnu/nios2-elf/lib/mno-hw-mul/libsmallc.a(lib_a-sbrkr.o)
 .text._sbrk_r  0x0000000000010b98       0x48 /home/youlittleperson/intelFPGA_lite/20.1/nios2eds/bin/gnu/H-x86_64-pc-linux-gnu/bin/../lib/gcc/nios2-elf/9.2.1/../../../../../H-x86_64-pc-linux-gnu/nios2-elf/lib/mno-hw-mul/libsmallc.a(lib_a-sbrkr.o)
                0x0000000000010b98                _sbrk_r
 .text          0x0000000000010be0        0x0 /home/youlittleperson/intelFPGA_lite/20.1/nios2eds/bin/gnu/H-x86_64-pc-linux-gnu/bin/../lib/gcc/nios2-elf/9.2.1/../../../../../H-x86_64-pc-linux-gnu/nios2-elf/lib/mno-hw-mul/libsmallc.a(lib_a-int_errno.o)
 .text          0x0000000000010be0        0x0 /home/youlittleperson/intelFPGA_lite/20.1/nios2eds/bin/gnu/H-x86_64-pc-linux-gnu/bin/../lib/gcc/nios2-elf/9.2.1/../../../../../H-x86_64-pc-linux-gnu/nios2-elf/lib/mno-hw-mul/libsmallc.a(lib_a-memset.o)
 .text.memset   0x0000000000010be0       0x20 /home/youlittleperson/intelFPGA_lite/20.1/nios2eds/bin/gnu/H-x86_64-pc-linux-gnu/bin/../lib/gcc/nios2-elf/9.2.1/../../../../../H-x86_64-pc-linux-gnu/nios2-elf/lib/mno-hw-mul/libsmallc.a(lib_a-memset.o)
                0x0000000000010be0                memset
 .text          0x0000000000010c00       0x90 ../SPI_bsp//libhal_bsp.a(alt_irq_register.o)
                0x0000000000010c00                alt_irq_register
 .text          0x0000000000010c90        0x0 ../SPI_bsp//libhal_bsp.a(alt_irq_vars.o)
 .text          0x0000000000010c90       0xb4 ../SPI_bsp//libhal_bsp.a(alt_load.o)
                0x0000000000010c90                alt_load
 .text          0x0000000000010d44       0x2c ../SPI_bsp//libhal_bsp.a(alt_main.o)
                0x0000000000010d44                alt_main
 .text          0x0000000000010d70        0x8 ../SPI_bsp//libhal_bsp.a(alt_malloc_lock.o)
                0x0000000000010d70                __malloc_lock
                0x0000000000010d74                __malloc_unlock
 .text          0x0000000000010d78       0x4c ../SPI_bsp//libhal_bsp.a(alt_sbrk.o)
                0x0000000000010d78                sbrk
 .text          0x0000000000010dc4        0x4 ../SPI_bsp//libhal_bsp.a(alt_usleep.o)
                0x0000000000010dc4                usleep
 .text          0x0000000000010dc8       0x30 ../SPI_bsp//libhal_bsp.a(alt_sys_init.o)
                0x0000000000010dc8                alt_irq_init
                0x0000000000010de8                alt_sys_init
 .text          0x0000000000010df8      0x16c ../SPI_bsp//libhal_bsp.a(altera_up_avalon_accelerometer_spi.o)
                0x0000000000010df8                alt_up_accelerometer_spi_open_dev
                0x0000000000010e00                alt_up_accelerometer_spi_read_address_register
                0x0000000000010e14                alt_up_accelerometer_spi_read
                0x0000000000010e34                alt_up_accelerometer_spi_write
                0x0000000000010e50                alt_up_accelerometer_spi_read_x_axis
                0x0000000000010eac                alt_up_accelerometer_spi_read_y_axis
                0x0000000000010f08                alt_up_accelerometer_spi_read_z_axis
 .text          0x0000000000010f64       0xac ../SPI_bsp//libhal_bsp.a(alt_busy_sleep.o)
                0x0000000000010f64                alt_busy_sleep
 .text          0x0000000000011010        0x4 ../SPI_bsp//libhal_bsp.a(alt_dcache_flush_all.o)
                0x0000000000011010                alt_dcache_flush_all
 .text          0x0000000000011014        0x8 ../SPI_bsp//libhal_bsp.a(alt_dev.o)
 .text          0x000000000001101c       0x6c ../SPI_bsp//libhal_bsp.a(alt_dev_llist_insert.o)
                0x000000000001101c                alt_dev_llist_insert
 .text          0x0000000000011088        0x0 ../SPI_bsp//libhal_bsp.a(alt_errno.o)
 .text          0x0000000000011088       0x70 ../SPI_bsp//libhal_bsp.a(alt_find_dev.o)
                0x0000000000011088                alt_find_dev
 .text          0x00000000000110f8        0x4 ../SPI_bsp//libhal_bsp.a(alt_icache_flush_all.o)
                0x00000000000110f8                alt_icache_flush_all
 .text          0x00000000000110fc        0x0 ../SPI_bsp//libhal_bsp.a(alt_irq_entry.o)
 .text          0x00000000000110fc        0x0 ../SPI_bsp//libhal_bsp.a(alt_irq_handler.o)
 .text          0x00000000000110fc        0x8 ../SPI_bsp//libhal_bsp.a(altera_nios2_gen2_irq.o)
                0x00000000000110fc                altera_nios2_gen2_irq_init
 .text          0x0000000000011104        0x0 ../SPI_bsp//libhal_bsp.a(alt_exception_entry.o)
 .text          0x0000000000011104       0x70 ../SPI_bsp//libhal_bsp.a(alt_instruction_exception_entry.o)
                0x0000000000011104                alt_exception_cause_generated_bad_addr
 .text          0x0000000000011174        0x0 /home/youlittleperson/intelFPGA_lite/20.1/nios2eds/bin/gnu/H-x86_64-pc-linux-gnu/bin/../lib/gcc/nios2-elf/9.2.1/../../../../../H-x86_64-pc-linux-gnu/nios2-elf/lib/mno-hw-mul/libsmallc.a(lib_a-memcmp.o)
 .text.memcmp   0x0000000000011174       0x30 /home/youlittleperson/intelFPGA_lite/20.1/nios2eds/bin/gnu/H-x86_64-pc-linux-gnu/bin/../lib/gcc/nios2-elf/9.2.1/../../../../../H-x86_64-pc-linux-gnu/nios2-elf/lib/mno-hw-mul/libsmallc.a(lib_a-memcmp.o)
                0x0000000000011174                memcmp
 .text          0x00000000000111a4        0x0 /home/youlittleperson/intelFPGA_lite/20.1/nios2eds/bin/gnu/H-x86_64-pc-linux-gnu/bin/../lib/gcc/nios2-elf/9.2.1/../../../../../H-x86_64-pc-linux-gnu/nios2-elf/lib/mno-hw-mul/libsmallc.a(lib_a-strlen.o)
 .text.strlen   0x00000000000111a4       0x1c /home/youlittleperson/intelFPGA_lite/20.1/nios2eds/bin/gnu/H-x86_64-pc-linux-gnu/bin/../lib/gcc/nios2-elf/9.2.1/../../../../../H-x86_64-pc-linux-gnu/nios2-elf/lib/mno-hw-mul/libsmallc.a(lib_a-strlen.o)
                0x00000000000111a4                strlen
 *(.gnu.warning.*)
 *(.fini)
                [!provide]                        PROVIDE (__etext = ABSOLUTE (.))
                [!provide]                        PROVIDE (_etext = ABSOLUTE (.))
                [!provide]                        PROVIDE (etext = ABSOLUTE (.))
 *(.eh_frame_hdr)
                0x00000000000111c0                . = ALIGN (0x4)
                [!provide]                        PROVIDE (__preinit_array_start = ABSOLUTE (.))
 *(.preinit_array)
                [!provide]                        PROVIDE (__preinit_array_end = ABSOLUTE (.))
                [!provide]                        PROVIDE (__init_array_start = ABSOLUTE (.))
 *(.init_array)
                [!provide]                        PROVIDE (__init_array_end = ABSOLUTE (.))
                [!provide]                        PROVIDE (__fini_array_start = ABSOLUTE (.))
 *(.fini_array)
                [!provide]                        PROVIDE (__fini_array_end = ABSOLUTE (.))
 *(.eh_frame)
 *(.gcc_except_table .gcc_except_table.*)
 *(.dynamic)
                [!provide]                        PROVIDE (__CTOR_LIST__ = ABSOLUTE (.))
 *(.ctors)
 *(SORT_BY_NAME(.ctors.*))
                [!provide]                        PROVIDE (__CTOR_END__ = ABSOLUTE (.))
                [!provide]                        PROVIDE (__DTOR_LIST__ = ABSOLUTE (.))
 *(.dtors)
 *(SORT_BY_NAME(.dtors.*))
                [!provide]                        PROVIDE (__DTOR_END__ = ABSOLUTE (.))
 *(.jcr)
                0x00000000000111c0                . = ALIGN (0x4)

.rodata         0x00000000000111c0       0x58
                0x00000000000111c0                PROVIDE (__ram_rodata_start = ABSOLUTE (.))
                0x00000000000111c0                . = ALIGN (0x4)
 *(.rodata .rodata.* .gnu.linkonce.r.*)
 .rodata.str1.4
                0x00000000000111c0       0x1f obj/default/main.o
 .rodata        0x00000000000111df       0x2b obj/default/main.o
 .rodata.str1.4
                0x000000000001120a       0x17 ../SPI_bsp//libhal_bsp.a(alt_sys_init.o)
 *fill*         0x000000000001120a        0x2 
 .rodata.str1.4
                0x000000000001120c        0xc ../SPI_bsp//libhal_bsp.a(alt_dev.o)
                                          0xa (size before relaxing)
 *(.rodata1)
                0x0000000000011218                . = ALIGN (0x4)
                0x0000000000011218                PROVIDE (__ram_rodata_end = ABSOLUTE (.))
                0x00000000000111c0                PROVIDE (__flash_rodata_start = LOADADDR (.rodata))

.rwdata         0x0000000000011218      0x194 load address 0x00000000000113ac
                0x0000000000011218                PROVIDE (__ram_rwdata_start = ABSOLUTE (.))
                0x0000000000011218                . = ALIGN (0x4)
 *(.got.plt)
 *(.got)
 *(.data1)
 *(.data .data.* .gnu.linkonce.d.*)
 .data          0x0000000000011218        0x0 ../SPI_bsp//obj/HAL/src/crt0.o
 .data          0x0000000000011218        0x0 obj/default/main.o
 .data          0x0000000000011218        0x0 /home/youlittleperson/intelFPGA_lite/20.1/nios2eds/bin/gnu/H-x86_64-pc-linux-gnu/bin/../lib/gcc/nios2-elf/9.2.1/mno-hw-mul/libgcc.a(lib2-divmod.o)
 .data          0x0000000000011218        0x0 /home/youlittleperson/intelFPGA_lite/20.1/nios2eds/bin/gnu/H-x86_64-pc-linux-gnu/bin/../lib/gcc/nios2-elf/9.2.1/mno-hw-mul/libgcc.a(lib2-mul.o)
 .data          0x0000000000011218        0x0 /home/youlittleperson/intelFPGA_lite/20.1/nios2eds/bin/gnu/H-x86_64-pc-linux-gnu/bin/../lib/gcc/nios2-elf/9.2.1/../../../../../H-x86_64-pc-linux-gnu/nios2-elf/lib/mno-hw-mul/libsmallc.a(lib_a-calloc.o)
 .data          0x0000000000011218        0x0 /home/youlittleperson/intelFPGA_lite/20.1/nios2eds/bin/gnu/H-x86_64-pc-linux-gnu/bin/../lib/gcc/nios2-elf/9.2.1/../../../../../H-x86_64-pc-linux-gnu/nios2-elf/lib/mno-hw-mul/libsmallc.a(lib_a-impure.o)
 .data.impure_data
                0x0000000000011218       0xe4 /home/youlittleperson/intelFPGA_lite/20.1/nios2eds/bin/gnu/H-x86_64-pc-linux-gnu/bin/../lib/gcc/nios2-elf/9.2.1/../../../../../H-x86_64-pc-linux-gnu/nios2-elf/lib/mno-hw-mul/libsmallc.a(lib_a-impure.o)
 .data          0x00000000000112fc        0x0 /home/youlittleperson/intelFPGA_lite/20.1/nios2eds/bin/gnu/H-x86_64-pc-linux-gnu/bin/../lib/gcc/nios2-elf/9.2.1/../../../../../H-x86_64-pc-linux-gnu/nios2-elf/lib/mno-hw-mul/libsmallc.a(lib_a-malloc.o)
 .data          0x00000000000112fc        0x0 /home/youlittleperson/intelFPGA_lite/20.1/nios2eds/bin/gnu/H-x86_64-pc-linux-gnu/bin/../lib/gcc/nios2-elf/9.2.1/../../../../../H-x86_64-pc-linux-gnu/nios2-elf/lib/mno-hw-mul/libsmallc.a(lib_a-memcpy.o)
 .data          0x00000000000112fc        0x0 /home/youlittleperson/intelFPGA_lite/20.1/nios2eds/bin/gnu/H-x86_64-pc-linux-gnu/bin/../lib/gcc/nios2-elf/9.2.1/../../../../../H-x86_64-pc-linux-gnu/nios2-elf/lib/mno-hw-mul/libsmallc.a(lib_a-nano-callocr.o)
 .data          0x00000000000112fc        0x0 /home/youlittleperson/intelFPGA_lite/20.1/nios2eds/bin/gnu/H-x86_64-pc-linux-gnu/bin/../lib/gcc/nios2-elf/9.2.1/../../../../../H-x86_64-pc-linux-gnu/nios2-elf/lib/mno-hw-mul/libsmallc.a(lib_a-nano-freer.o)
 .data          0x00000000000112fc        0x0 /home/youlittleperson/intelFPGA_lite/20.1/nios2eds/bin/gnu/H-x86_64-pc-linux-gnu/bin/../lib/gcc/nios2-elf/9.2.1/../../../../../H-x86_64-pc-linux-gnu/nios2-elf/lib/mno-hw-mul/libsmallc.a(lib_a-nano-mallocr.o)
 .data          0x00000000000112fc        0x0 /home/youlittleperson/intelFPGA_lite/20.1/nios2eds/bin/gnu/H-x86_64-pc-linux-gnu/bin/../lib/gcc/nios2-elf/9.2.1/../../../../../H-x86_64-pc-linux-gnu/nios2-elf/lib/mno-hw-mul/libsmallc.a(lib_a-sbrkr.o)
 .data          0x00000000000112fc        0x0 /home/youlittleperson/intelFPGA_lite/20.1/nios2eds/bin/gnu/H-x86_64-pc-linux-gnu/bin/../lib/gcc/nios2-elf/9.2.1/../../../../../H-x86_64-pc-linux-gnu/nios2-elf/lib/mno-hw-mul/libsmallc.a(lib_a-int_errno.o)
 .data          0x00000000000112fc        0x0 /home/youlittleperson/intelFPGA_lite/20.1/nios2eds/bin/gnu/H-x86_64-pc-linux-gnu/bin/../lib/gcc/nios2-elf/9.2.1/../../../../../H-x86_64-pc-linux-gnu/nios2-elf/lib/mno-hw-mul/libsmallc.a(lib_a-memset.o)
 .data          0x00000000000112fc        0x0 ../SPI_bsp//libhal_bsp.a(alt_irq_register.o)
 .data          0x00000000000112fc        0x0 ../SPI_bsp//libhal_bsp.a(alt_irq_vars.o)
 .data          0x00000000000112fc        0x0 ../SPI_bsp//libhal_bsp.a(alt_load.o)
 .data          0x00000000000112fc        0x0 ../SPI_bsp//libhal_bsp.a(alt_main.o)
 .data          0x00000000000112fc        0x0 ../SPI_bsp//libhal_bsp.a(alt_malloc_lock.o)
 .data          0x00000000000112fc        0x0 ../SPI_bsp//libhal_bsp.a(alt_sbrk.o)
 .data          0x00000000000112fc        0x0 ../SPI_bsp//libhal_bsp.a(alt_usleep.o)
 .data          0x00000000000112fc       0x2c ../SPI_bsp//libhal_bsp.a(alt_sys_init.o)
 .data          0x0000000000011328        0x0 ../SPI_bsp//libhal_bsp.a(altera_up_avalon_accelerometer_spi.o)
 .data          0x0000000000011328        0x0 ../SPI_bsp//libhal_bsp.a(alt_busy_sleep.o)
 .data          0x0000000000011328        0x0 ../SPI_bsp//libhal_bsp.a(alt_dcache_flush_all.o)
 .data          0x0000000000011328       0x58 ../SPI_bsp//libhal_bsp.a(alt_dev.o)
                0x0000000000011328                alt_fd_list
                0x0000000000011358                alt_dev_null
 .data          0x0000000000011380        0x0 ../SPI_bsp//libhal_bsp.a(alt_dev_llist_insert.o)
 .data          0x0000000000011380        0x0 ../SPI_bsp//libhal_bsp.a(alt_errno.o)
 .data          0x0000000000011380        0x0 ../SPI_bsp//libhal_bsp.a(alt_find_dev.o)
 .data          0x0000000000011380        0x0 ../SPI_bsp//libhal_bsp.a(alt_icache_flush_all.o)
 .data          0x0000000000011380        0x0 ../SPI_bsp//libhal_bsp.a(alt_irq_entry.o)
 .data          0x0000000000011380        0x0 ../SPI_bsp//libhal_bsp.a(alt_irq_handler.o)
 .data          0x0000000000011380        0x0 ../SPI_bsp//libhal_bsp.a(altera_nios2_gen2_irq.o)
 .data          0x0000000000011380        0x0 ../SPI_bsp//libhal_bsp.a(alt_exception_entry.o)
 .data          0x0000000000011380        0x0 ../SPI_bsp//libhal_bsp.a(alt_instruction_exception_entry.o)
 .data          0x0000000000011380        0x0 /home/youlittleperson/intelFPGA_lite/20.1/nios2eds/bin/gnu/H-x86_64-pc-linux-gnu/bin/../lib/gcc/nios2-elf/9.2.1/../../../../../H-x86_64-pc-linux-gnu/nios2-elf/lib/mno-hw-mul/libsmallc.a(lib_a-memcmp.o)
 .data          0x0000000000011380        0x0 /home/youlittleperson/intelFPGA_lite/20.1/nios2eds/bin/gnu/H-x86_64-pc-linux-gnu/bin/../lib/gcc/nios2-elf/9.2.1/../../../../../H-x86_64-pc-linux-gnu/nios2-elf/lib/mno-hw-mul/libsmallc.a(lib_a-strlen.o)
                0x0000000000019380                _gp = ABSOLUTE ((. + 0x8000))
                [!provide]                        PROVIDE (gp = _gp)
 *(.rwdata .rwdata.*)
 *(.sdata .sdata.* .gnu.linkonce.s.*)
 .sdata._global_impure_ptr
                0x0000000000011380        0x4 /home/youlittleperson/intelFPGA_lite/20.1/nios2eds/bin/gnu/H-x86_64-pc-linux-gnu/bin/../lib/gcc/nios2-elf/9.2.1/../../../../../H-x86_64-pc-linux-gnu/nios2-elf/lib/mno-hw-mul/libsmallc.a(lib_a-impure.o)
                0x0000000000011380                _global_impure_ptr
 .sdata._impure_ptr
                0x0000000000011384        0x4 /home/youlittleperson/intelFPGA_lite/20.1/nios2eds/bin/gnu/H-x86_64-pc-linux-gnu/bin/../lib/gcc/nios2-elf/9.2.1/../../../../../H-x86_64-pc-linux-gnu/nios2-elf/lib/mno-hw-mul/libsmallc.a(lib_a-impure.o)
                0x0000000000011384                _impure_ptr
 .sdata         0x0000000000011388        0x4 ../SPI_bsp//libhal_bsp.a(alt_irq_vars.o)
                0x0000000000011388                alt_priority_mask
 .sdata         0x000000000001138c        0x4 ../SPI_bsp//libhal_bsp.a(alt_sbrk.o)
 .sdata         0x0000000000011390        0x4 ../SPI_bsp//libhal_bsp.a(alt_sys_init.o)
                0x0000000000011390                jtag_uart
 .sdata         0x0000000000011394       0x14 ../SPI_bsp//libhal_bsp.a(alt_dev.o)
                0x0000000000011394                alt_max_fd
                0x0000000000011398                alt_dev_list
                0x00000000000113a0                alt_fs_list
 .sdata         0x00000000000113a8        0x4 ../SPI_bsp//libhal_bsp.a(alt_errno.o)
                0x00000000000113a8                alt_errno
 *(.sdata2 .sdata2.* .gnu.linkonce.s2.*)
                0x00000000000113ac                . = ALIGN (0x4)
                0x00000000000113ac                _edata = ABSOLUTE (.)
                [!provide]                        PROVIDE (edata = ABSOLUTE (.))
                0x00000000000113ac                PROVIDE (__ram_rwdata_end = ABSOLUTE (.))
                0x00000000000113ac                PROVIDE (__flash_rwdata_start = LOADADDR (.rwdata))

.bss            0x0000000000011540      0x13c
                0x0000000000011540                __bss_start = ABSOLUTE (.)
                [!provide]                        PROVIDE (__sbss_start = ABSOLUTE (.))
                [!provide]                        PROVIDE (___sbss_start = ABSOLUTE (.))
 *(.dynsbss)
 *(.sbss .sbss.* .gnu.linkonce.sb.*)
 .sbss          0x0000000000011540        0x5 obj/default/main.o
                0x0000000000011540                prev_time
                0x0000000000011544                newTapData
 *fill*         0x0000000000011545        0x3 
 .sbss          0x0000000000011548        0x8 obj/default/main.o
                0x0000000000011548                send_spi
                0x000000000001154c                acc_dev
 .sbss.__malloc_sbrk_start
                0x0000000000011550        0x4 /home/youlittleperson/intelFPGA_lite/20.1/nios2eds/bin/gnu/H-x86_64-pc-linux-gnu/bin/../lib/gcc/nios2-elf/9.2.1/../../../../../H-x86_64-pc-linux-gnu/nios2-elf/lib/mno-hw-mul/libsmallc.a(lib_a-nano-mallocr.o)
                0x0000000000011550                __malloc_sbrk_start
 .sbss.__malloc_free_list
                0x0000000000011554        0x4 /home/youlittleperson/intelFPGA_lite/20.1/nios2eds/bin/gnu/H-x86_64-pc-linux-gnu/bin/../lib/gcc/nios2-elf/9.2.1/../../../../../H-x86_64-pc-linux-gnu/nios2-elf/lib/mno-hw-mul/libsmallc.a(lib_a-nano-mallocr.o)
                0x0000000000011554                __malloc_free_list
 .sbss          0x0000000000011558        0x4 /home/youlittleperson/intelFPGA_lite/20.1/nios2eds/bin/gnu/H-x86_64-pc-linux-gnu/bin/../lib/gcc/nios2-elf/9.2.1/../../../../../H-x86_64-pc-linux-gnu/nios2-elf/lib/mno-hw-mul/libsmallc.a(lib_a-int_errno.o)
                0x0000000000011558                errno
 .sbss          0x000000000001155c        0x4 ../SPI_bsp//libhal_bsp.a(alt_irq_vars.o)
                0x000000000001155c                alt_irq_active
 .sbss          0x0000000000011560        0xc ../SPI_bsp//libhal_bsp.a(alt_main.o)
                0x0000000000011560                alt_envp
                0x0000000000011564                alt_argv
                0x0000000000011568                alt_argc
 .sbss          0x000000000001156c        0x4 ../SPI_bsp//libhal_bsp.a(alt_instruction_exception_entry.o)
                0x000000000001156c                alt_instruction_exception_handler
 *(.sbss2 .sbss2.* .gnu.linkonce.sb2.*)
 *(.scommon)
                [!provide]                        PROVIDE (__sbss_end = ABSOLUTE (.))
                [!provide]                        PROVIDE (___sbss_end = ABSOLUTE (.))
 *(.dynbss)
 *(.bss .bss.* .gnu.linkonce.b.*)
 .bss           0x0000000000011570        0x0 ../SPI_bsp//obj/HAL/src/crt0.o
 .bss           0x0000000000011570        0x0 obj/default/main.o
 .bss           0x0000000000011570        0x0 /home/youlittleperson/intelFPGA_lite/20.1/nios2eds/bin/gnu/H-x86_64-pc-linux-gnu/bin/../lib/gcc/nios2-elf/9.2.1/mno-hw-mul/libgcc.a(lib2-divmod.o)
 .bss           0x0000000000011570        0x0 /home/youlittleperson/intelFPGA_lite/20.1/nios2eds/bin/gnu/H-x86_64-pc-linux-gnu/bin/../lib/gcc/nios2-elf/9.2.1/mno-hw-mul/libgcc.a(lib2-mul.o)
 .bss           0x0000000000011570        0x0 /home/youlittleperson/intelFPGA_lite/20.1/nios2eds/bin/gnu/H-x86_64-pc-linux-gnu/bin/../lib/gcc/nios2-elf/9.2.1/../../../../../H-x86_64-pc-linux-gnu/nios2-elf/lib/mno-hw-mul/libsmallc.a(lib_a-calloc.o)
 .bss           0x0000000000011570        0x0 /home/youlittleperson/intelFPGA_lite/20.1/nios2eds/bin/gnu/H-x86_64-pc-linux-gnu/bin/../lib/gcc/nios2-elf/9.2.1/../../../../../H-x86_64-pc-linux-gnu/nios2-elf/lib/mno-hw-mul/libsmallc.a(lib_a-impure.o)
 .bss           0x0000000000011570        0x0 /home/youlittleperson/intelFPGA_lite/20.1/nios2eds/bin/gnu/H-x86_64-pc-linux-gnu/bin/../lib/gcc/nios2-elf/9.2.1/../../../../../H-x86_64-pc-linux-gnu/nios2-elf/lib/mno-hw-mul/libsmallc.a(lib_a-malloc.o)
 .bss           0x0000000000011570        0x0 /home/youlittleperson/intelFPGA_lite/20.1/nios2eds/bin/gnu/H-x86_64-pc-linux-gnu/bin/../lib/gcc/nios2-elf/9.2.1/../../../../../H-x86_64-pc-linux-gnu/nios2-elf/lib/mno-hw-mul/libsmallc.a(lib_a-memcpy.o)
 .bss           0x0000000000011570        0x0 /home/youlittleperson/intelFPGA_lite/20.1/nios2eds/bin/gnu/H-x86_64-pc-linux-gnu/bin/../lib/gcc/nios2-elf/9.2.1/../../../../../H-x86_64-pc-linux-gnu/nios2-elf/lib/mno-hw-mul/libsmallc.a(lib_a-nano-callocr.o)
 .bss           0x0000000000011570        0x0 /home/youlittleperson/intelFPGA_lite/20.1/nios2eds/bin/gnu/H-x86_64-pc-linux-gnu/bin/../lib/gcc/nios2-elf/9.2.1/../../../../../H-x86_64-pc-linux-gnu/nios2-elf/lib/mno-hw-mul/libsmallc.a(lib_a-nano-freer.o)
 .bss           0x0000000000011570        0x0 /home/youlittleperson/intelFPGA_lite/20.1/nios2eds/bin/gnu/H-x86_64-pc-linux-gnu/bin/../lib/gcc/nios2-elf/9.2.1/../../../../../H-x86_64-pc-linux-gnu/nios2-elf/lib/mno-hw-mul/libsmallc.a(lib_a-nano-mallocr.o)
 .bss           0x0000000000011570        0x0 /home/youlittleperson/intelFPGA_lite/20.1/nios2eds/bin/gnu/H-x86_64-pc-linux-gnu/bin/../lib/gcc/nios2-elf/9.2.1/../../../../../H-x86_64-pc-linux-gnu/nios2-elf/lib/mno-hw-mul/libsmallc.a(lib_a-sbrkr.o)
 .bss           0x0000000000011570        0x0 /home/youlittleperson/intelFPGA_lite/20.1/nios2eds/bin/gnu/H-x86_64-pc-linux-gnu/bin/../lib/gcc/nios2-elf/9.2.1/../../../../../H-x86_64-pc-linux-gnu/nios2-elf/lib/mno-hw-mul/libsmallc.a(lib_a-int_errno.o)
 .bss           0x0000000000011570        0x0 /home/youlittleperson/intelFPGA_lite/20.1/nios2eds/bin/gnu/H-x86_64-pc-linux-gnu/bin/../lib/gcc/nios2-elf/9.2.1/../../../../../H-x86_64-pc-linux-gnu/nios2-elf/lib/mno-hw-mul/libsmallc.a(lib_a-memset.o)
 .bss           0x0000000000011570        0x0 ../SPI_bsp//libhal_bsp.a(alt_irq_register.o)
 .bss           0x0000000000011570        0x0 ../SPI_bsp//libhal_bsp.a(alt_irq_vars.o)
 .bss           0x0000000000011570        0x0 ../SPI_bsp//libhal_bsp.a(alt_load.o)
 .bss           0x0000000000011570        0x0 ../SPI_bsp//libhal_bsp.a(alt_main.o)
 .bss           0x0000000000011570        0x0 ../SPI_bsp//libhal_bsp.a(alt_malloc_lock.o)
 .bss           0x0000000000011570        0x0 ../SPI_bsp//libhal_bsp.a(alt_sbrk.o)
 .bss           0x0000000000011570        0x0 ../SPI_bsp//libhal_bsp.a(alt_usleep.o)
 .bss           0x0000000000011570        0x0 ../SPI_bsp//libhal_bsp.a(alt_sys_init.o)
 .bss           0x0000000000011570        0x0 ../SPI_bsp//libhal_bsp.a(altera_up_avalon_accelerometer_spi.o)
 .bss           0x0000000000011570        0x0 ../SPI_bsp//libhal_bsp.a(alt_busy_sleep.o)
 .bss           0x0000000000011570        0x0 ../SPI_bsp//libhal_bsp.a(alt_dcache_flush_all.o)
 .bss           0x0000000000011570        0x0 ../SPI_bsp//libhal_bsp.a(alt_dev.o)
 .bss           0x0000000000011570        0x0 ../SPI_bsp//libhal_bsp.a(alt_dev_llist_insert.o)
 .bss           0x0000000000011570        0x0 ../SPI_bsp//libhal_bsp.a(alt_errno.o)
 .bss           0x0000000000011570        0x0 ../SPI_bsp//libhal_bsp.a(alt_find_dev.o)
 .bss           0x0000000000011570        0x0 ../SPI_bsp//libhal_bsp.a(alt_icache_flush_all.o)
 .bss           0x0000000000011570        0x0 ../SPI_bsp//libhal_bsp.a(alt_irq_entry.o)
 .bss           0x0000000000011570        0x0 ../SPI_bsp//libhal_bsp.a(alt_irq_handler.o)
 .bss           0x0000000000011570        0x0 ../SPI_bsp//libhal_bsp.a(altera_nios2_gen2_irq.o)
 .bss           0x0000000000011570        0x0 ../SPI_bsp//libhal_bsp.a(alt_exception_entry.o)
 .bss           0x0000000000011570        0x0 ../SPI_bsp//libhal_bsp.a(alt_instruction_exception_entry.o)
 .bss           0x0000000000011570        0x0 /home/youlittleperson/intelFPGA_lite/20.1/nios2eds/bin/gnu/H-x86_64-pc-linux-gnu/bin/../lib/gcc/nios2-elf/9.2.1/../../../../../H-x86_64-pc-linux-gnu/nios2-elf/lib/mno-hw-mul/libsmallc.a(lib_a-memcmp.o)
 .bss           0x0000000000011570        0x0 /home/youlittleperson/intelFPGA_lite/20.1/nios2eds/bin/gnu/H-x86_64-pc-linux-gnu/bin/../lib/gcc/nios2-elf/9.2.1/../../../../../H-x86_64-pc-linux-gnu/nios2-elf/lib/mno-hw-mul/libsmallc.a(lib_a-strlen.o)
 *(COMMON)
 COMMON         0x0000000000011570        0xc obj/default/main.o
                0x0000000000011570                currMsg
 COMMON         0x000000000001157c      0x100 ../SPI_bsp//libhal_bsp.a(alt_irq_handler.o)
                0x000000000001157c                alt_irq
                0x000000000001167c                . = ALIGN (0x4)
                0x000000000001167c                __bss_end = ABSOLUTE (.)

.onchip_memory  0x000000000001167c        0x0
                [!provide]                        PROVIDE (_alt_partition_onchip_memory_start = ABSOLUTE (.))
 *(.onchip_memory .onchip_memory. onchip_memory.*)
                0x000000000001167c                . = ALIGN (0x4)
                [!provide]                        PROVIDE (_alt_partition_onchip_memory_end = ABSOLUTE (.))
                0x000000000001167c                _end = ABSOLUTE (.)
                0x000000000001167c                end = ABSOLUTE (.)
                0x000000000001167c                __alt_stack_base = ABSOLUTE (.)
                [!provide]                        PROVIDE (_alt_partition_onchip_memory_load_addr = LOADADDR (.onchip_memory))

.stab
 *(.stab)

.stabstr
 *(.stabstr)

.stab.excl
 *(.stab.excl)

.stab.exclstr
 *(.stab.exclstr)

.stab.index
 *(.stab.index)

.stab.indexstr
 *(.stab.indexstr)

.comment        0x0000000000000000       0x2c
 *(.comment)
 .comment       0x0000000000000000       0x2c obj/default/main.o
                                         0x2d (size before relaxing)
 .comment       0x000000000000002c       0x2d /home/youlittleperson/intelFPGA_lite/20.1/nios2eds/bin/gnu/H-x86_64-pc-linux-gnu/bin/../lib/gcc/nios2-elf/9.2.1/mno-hw-mul/libgcc.a(lib2-divmod.o)
 .comment       0x000000000000002c       0x2d /home/youlittleperson/intelFPGA_lite/20.1/nios2eds/bin/gnu/H-x86_64-pc-linux-gnu/bin/../lib/gcc/nios2-elf/9.2.1/mno-hw-mul/libgcc.a(lib2-mul.o)
 .comment       0x000000000000002c       0x2d /home/youlittleperson/intelFPGA_lite/20.1/nios2eds/bin/gnu/H-x86_64-pc-linux-gnu/bin/../lib/gcc/nios2-elf/9.2.1/../../../../../H-x86_64-pc-linux-gnu/nios2-elf/lib/mno-hw-mul/libsmallc.a(lib_a-calloc.o)
 .comment       0x000000000000002c       0x2d /home/youlittleperson/intelFPGA_lite/20.1/nios2eds/bin/gnu/H-x86_64-pc-linux-gnu/bin/../lib/gcc/nios2-elf/9.2.1/../../../../../H-x86_64-pc-linux-gnu/nios2-elf/lib/mno-hw-mul/libsmallc.a(lib_a-impure.o)
 .comment       0x000000000000002c       0x2d /home/youlittleperson/intelFPGA_lite/20.1/nios2eds/bin/gnu/H-x86_64-pc-linux-gnu/bin/../lib/gcc/nios2-elf/9.2.1/../../../../../H-x86_64-pc-linux-gnu/nios2-elf/lib/mno-hw-mul/libsmallc.a(lib_a-malloc.o)
 .comment       0x000000000000002c       0x2d /home/youlittleperson/intelFPGA_lite/20.1/nios2eds/bin/gnu/H-x86_64-pc-linux-gnu/bin/../lib/gcc/nios2-elf/9.2.1/../../../../../H-x86_64-pc-linux-gnu/nios2-elf/lib/mno-hw-mul/libsmallc.a(lib_a-memcpy.o)
 .comment       0x000000000000002c       0x2d /home/youlittleperson/intelFPGA_lite/20.1/nios2eds/bin/gnu/H-x86_64-pc-linux-gnu/bin/../lib/gcc/nios2-elf/9.2.1/../../../../../H-x86_64-pc-linux-gnu/nios2-elf/lib/mno-hw-mul/libsmallc.a(lib_a-nano-callocr.o)
 .comment       0x000000000000002c       0x2d /home/youlittleperson/intelFPGA_lite/20.1/nios2eds/bin/gnu/H-x86_64-pc-linux-gnu/bin/../lib/gcc/nios2-elf/9.2.1/../../../../../H-x86_64-pc-linux-gnu/nios2-elf/lib/mno-hw-mul/libsmallc.a(lib_a-nano-freer.o)
 .comment       0x000000000000002c       0x2d /home/youlittleperson/intelFPGA_lite/20.1/nios2eds/bin/gnu/H-x86_64-pc-linux-gnu/bin/../lib/gcc/nios2-elf/9.2.1/../../../../../H-x86_64-pc-linux-gnu/nios2-elf/lib/mno-hw-mul/libsmallc.a(lib_a-nano-mallocr.o)
 .comment       0x000000000000002c       0x2d /home/youlittleperson/intelFPGA_lite/20.1/nios2eds/bin/gnu/H-x86_64-pc-linux-gnu/bin/../lib/gcc/nios2-elf/9.2.1/../../../../../H-x86_64-pc-linux-gnu/nios2-elf/lib/mno-hw-mul/libsmallc.a(lib_a-sbrkr.o)
 .comment       0x000000000000002c       0x2d /home/youlittleperson/intelFPGA_lite/20.1/nios2eds/bin/gnu/H-x86_64-pc-linux-gnu/bin/../lib/gcc/nios2-elf/9.2.1/../../../../../H-x86_64-pc-linux-gnu/nios2-elf/lib/mno-hw-mul/libsmallc.a(lib_a-int_errno.o)
 .comment       0x000000000000002c       0x2d /home/youlittleperson/intelFPGA_lite/20.1/nios2eds/bin/gnu/H-x86_64-pc-linux-gnu/bin/../lib/gcc/nios2-elf/9.2.1/../../../../../H-x86_64-pc-linux-gnu/nios2-elf/lib/mno-hw-mul/libsmallc.a(lib_a-memset.o)
 .comment       0x000000000000002c       0x2d ../SPI_bsp//libhal_bsp.a(alt_irq_register.o)
 .comment       0x000000000000002c       0x2d ../SPI_bsp//libhal_bsp.a(alt_irq_vars.o)
 .comment       0x000000000000002c       0x2d ../SPI_bsp//libhal_bsp.a(alt_load.o)
 .comment       0x000000000000002c       0x2d ../SPI_bsp//libhal_bsp.a(alt_main.o)
 .comment       0x000000000000002c       0x2d ../SPI_bsp//libhal_bsp.a(alt_malloc_lock.o)
 .comment       0x000000000000002c       0x2d ../SPI_bsp//libhal_bsp.a(alt_sbrk.o)
 .comment       0x000000000000002c       0x2d ../SPI_bsp//libhal_bsp.a(alt_usleep.o)
 .comment       0x000000000000002c       0x2d ../SPI_bsp//libhal_bsp.a(alt_sys_init.o)
 .comment       0x000000000000002c       0x2d ../SPI_bsp//libhal_bsp.a(altera_up_avalon_accelerometer_spi.o)
 .comment       0x000000000000002c       0x2d ../SPI_bsp//libhal_bsp.a(alt_busy_sleep.o)
 .comment       0x000000000000002c       0x2d ../SPI_bsp//libhal_bsp.a(alt_dcache_flush_all.o)
 .comment       0x000000000000002c       0x2d ../SPI_bsp//libhal_bsp.a(alt_dev.o)
 .comment       0x000000000000002c       0x2d ../SPI_bsp//libhal_bsp.a(alt_dev_llist_insert.o)
 .comment       0x000000000000002c       0x2d ../SPI_bsp//libhal_bsp.a(alt_errno.o)
 .comment       0x000000000000002c       0x2d ../SPI_bsp//libhal_bsp.a(alt_find_dev.o)
 .comment       0x000000000000002c       0x2d ../SPI_bsp//libhal_bsp.a(alt_icache_flush_all.o)
 .comment       0x000000000000002c       0x2d ../SPI_bsp//libhal_bsp.a(alt_irq_handler.o)
 .comment       0x000000000000002c       0x2d ../SPI_bsp//libhal_bsp.a(altera_nios2_gen2_irq.o)
 .comment       0x000000000000002c       0x2d ../SPI_bsp//libhal_bsp.a(alt_instruction_exception_entry.o)
 .comment       0x000000000000002c       0x2d /home/youlittleperson/intelFPGA_lite/20.1/nios2eds/bin/gnu/H-x86_64-pc-linux-gnu/bin/../lib/gcc/nios2-elf/9.2.1/../../../../../H-x86_64-pc-linux-gnu/nios2-elf/lib/mno-hw-mul/libsmallc.a(lib_a-memcmp.o)
 .comment       0x000000000000002c       0x2d /home/youlittleperson/intelFPGA_lite/20.1/nios2eds/bin/gnu/H-x86_64-pc-linux-gnu/bin/../lib/gcc/nios2-elf/9.2.1/../../../../../H-x86_64-pc-linux-gnu/nios2-elf/lib/mno-hw-mul/libsmallc.a(lib_a-strlen.o)

.debug
 *(.debug)

.line
 *(.line)

.debug_srcinfo
 *(.debug_srcinfo)

.debug_sfnames
 *(.debug_sfnames)

.debug_aranges  0x0000000000000000      0x4c8
 *(.debug_aranges)
 .debug_aranges
                0x0000000000000000       0x28 ../SPI_bsp//obj/HAL/src/crt0.o
 .debug_aranges
                0x0000000000000028       0x28 obj/default/main.o
 .debug_aranges
                0x0000000000000050       0x20 /home/youlittleperson/intelFPGA_lite/20.1/nios2eds/bin/gnu/H-x86_64-pc-linux-gnu/bin/../lib/gcc/nios2-elf/9.2.1/mno-hw-mul/libgcc.a(lib2-divmod.o)
 .debug_aranges
                0x0000000000000070       0x20 /home/youlittleperson/intelFPGA_lite/20.1/nios2eds/bin/gnu/H-x86_64-pc-linux-gnu/bin/../lib/gcc/nios2-elf/9.2.1/mno-hw-mul/libgcc.a(lib2-mul.o)
 .debug_aranges
                0x0000000000000090       0x20 /home/youlittleperson/intelFPGA_lite/20.1/nios2eds/bin/gnu/H-x86_64-pc-linux-gnu/bin/../lib/gcc/nios2-elf/9.2.1/../../../../../H-x86_64-pc-linux-gnu/nios2-elf/lib/mno-hw-mul/libsmallc.a(lib_a-calloc.o)
 .debug_aranges
                0x00000000000000b0       0x18 /home/youlittleperson/intelFPGA_lite/20.1/nios2eds/bin/gnu/H-x86_64-pc-linux-gnu/bin/../lib/gcc/nios2-elf/9.2.1/../../../../../H-x86_64-pc-linux-gnu/nios2-elf/lib/mno-hw-mul/libsmallc.a(lib_a-impure.o)
 .debug_aranges
                0x00000000000000c8       0x28 /home/youlittleperson/intelFPGA_lite/20.1/nios2eds/bin/gnu/H-x86_64-pc-linux-gnu/bin/../lib/gcc/nios2-elf/9.2.1/../../../../../H-x86_64-pc-linux-gnu/nios2-elf/lib/mno-hw-mul/libsmallc.a(lib_a-malloc.o)
 .debug_aranges
                0x00000000000000f0       0x20 /home/youlittleperson/intelFPGA_lite/20.1/nios2eds/bin/gnu/H-x86_64-pc-linux-gnu/bin/../lib/gcc/nios2-elf/9.2.1/../../../../../H-x86_64-pc-linux-gnu/nios2-elf/lib/mno-hw-mul/libsmallc.a(lib_a-memcpy.o)
 .debug_aranges
                0x0000000000000110       0x20 /home/youlittleperson/intelFPGA_lite/20.1/nios2eds/bin/gnu/H-x86_64-pc-linux-gnu/bin/../lib/gcc/nios2-elf/9.2.1/../../../../../H-x86_64-pc-linux-gnu/nios2-elf/lib/mno-hw-mul/libsmallc.a(lib_a-nano-callocr.o)
 .debug_aranges
                0x0000000000000130       0x20 /home/youlittleperson/intelFPGA_lite/20.1/nios2eds/bin/gnu/H-x86_64-pc-linux-gnu/bin/../lib/gcc/nios2-elf/9.2.1/../../../../../H-x86_64-pc-linux-gnu/nios2-elf/lib/mno-hw-mul/libsmallc.a(lib_a-nano-freer.o)
 .debug_aranges
                0x0000000000000150       0x20 /home/youlittleperson/intelFPGA_lite/20.1/nios2eds/bin/gnu/H-x86_64-pc-linux-gnu/bin/../lib/gcc/nios2-elf/9.2.1/../../../../../H-x86_64-pc-linux-gnu/nios2-elf/lib/mno-hw-mul/libsmallc.a(lib_a-nano-mallocr.o)
 .debug_aranges
                0x0000000000000170       0x20 /home/youlittleperson/intelFPGA_lite/20.1/nios2eds/bin/gnu/H-x86_64-pc-linux-gnu/bin/../lib/gcc/nios2-elf/9.2.1/../../../../../H-x86_64-pc-linux-gnu/nios2-elf/lib/mno-hw-mul/libsmallc.a(lib_a-sbrkr.o)
 .debug_aranges
                0x0000000000000190       0x18 /home/youlittleperson/intelFPGA_lite/20.1/nios2eds/bin/gnu/H-x86_64-pc-linux-gnu/bin/../lib/gcc/nios2-elf/9.2.1/../../../../../H-x86_64-pc-linux-gnu/nios2-elf/lib/mno-hw-mul/libsmallc.a(lib_a-int_errno.o)
 .debug_aranges
                0x00000000000001a8       0x20 /home/youlittleperson/intelFPGA_lite/20.1/nios2eds/bin/gnu/H-x86_64-pc-linux-gnu/bin/../lib/gcc/nios2-elf/9.2.1/../../../../../H-x86_64-pc-linux-gnu/nios2-elf/lib/mno-hw-mul/libsmallc.a(lib_a-memset.o)
 .debug_aranges
                0x00000000000001c8       0x20 ../SPI_bsp//libhal_bsp.a(alt_irq_register.o)
 .debug_aranges
                0x00000000000001e8       0x18 ../SPI_bsp//libhal_bsp.a(alt_irq_vars.o)
 .debug_aranges
                0x0000000000000200       0x20 ../SPI_bsp//libhal_bsp.a(alt_load.o)
 .debug_aranges
                0x0000000000000220       0x20 ../SPI_bsp//libhal_bsp.a(alt_main.o)
 .debug_aranges
                0x0000000000000240       0x20 ../SPI_bsp//libhal_bsp.a(alt_malloc_lock.o)
 .debug_aranges
                0x0000000000000260       0x20 ../SPI_bsp//libhal_bsp.a(alt_sbrk.o)
 .debug_aranges
                0x0000000000000280       0x20 ../SPI_bsp//libhal_bsp.a(alt_usleep.o)
 .debug_aranges
                0x00000000000002a0       0x20 ../SPI_bsp//libhal_bsp.a(alt_sys_init.o)
 .debug_aranges
                0x00000000000002c0       0x20 ../SPI_bsp//libhal_bsp.a(altera_up_avalon_accelerometer_spi.o)
 .debug_aranges
                0x00000000000002e0       0x20 ../SPI_bsp//libhal_bsp.a(alt_busy_sleep.o)
 .debug_aranges
                0x0000000000000300       0x20 ../SPI_bsp//libhal_bsp.a(alt_dcache_flush_all.o)
 .debug_aranges
                0x0000000000000320       0x20 ../SPI_bsp//libhal_bsp.a(alt_dev.o)
 .debug_aranges
                0x0000000000000340       0x20 ../SPI_bsp//libhal_bsp.a(alt_dev_llist_insert.o)
 .debug_aranges
                0x0000000000000360       0x18 ../SPI_bsp//libhal_bsp.a(alt_errno.o)
 .debug_aranges
                0x0000000000000378       0x20 ../SPI_bsp//libhal_bsp.a(alt_find_dev.o)
 .debug_aranges
                0x0000000000000398       0x20 ../SPI_bsp//libhal_bsp.a(alt_icache_flush_all.o)
 .debug_aranges
                0x00000000000003b8       0x30 ../SPI_bsp//libhal_bsp.a(alt_irq_entry.o)
 .debug_aranges
                0x00000000000003e8       0x20 ../SPI_bsp//libhal_bsp.a(alt_irq_handler.o)
 .debug_aranges
                0x0000000000000408       0x20 ../SPI_bsp//libhal_bsp.a(altera_nios2_gen2_irq.o)
 .debug_aranges
                0x0000000000000428       0x38 ../SPI_bsp//libhal_bsp.a(alt_exception_entry.o)
 .debug_aranges
                0x0000000000000460       0x28 ../SPI_bsp//libhal_bsp.a(alt_instruction_exception_entry.o)
 .debug_aranges
                0x0000000000000488       0x20 /home/youlittleperson/intelFPGA_lite/20.1/nios2eds/bin/gnu/H-x86_64-pc-linux-gnu/bin/../lib/gcc/nios2-elf/9.2.1/../../../../../H-x86_64-pc-linux-gnu/nios2-elf/lib/mno-hw-mul/libsmallc.a(lib_a-memcmp.o)
 .debug_aranges
                0x00000000000004a8       0x20 /home/youlittleperson/intelFPGA_lite/20.1/nios2eds/bin/gnu/H-x86_64-pc-linux-gnu/bin/../lib/gcc/nios2-elf/9.2.1/../../../../../H-x86_64-pc-linux-gnu/nios2-elf/lib/mno-hw-mul/libsmallc.a(lib_a-strlen.o)

.debug_pubnames
 *(.debug_pubnames)

.debug_info     0x0000000000000000    0x12b8a
 *(.debug_info .gnu.linkonce.wi.*)
 .debug_info    0x0000000000000000       0x22 ../SPI_bsp//obj/HAL/src/crt0.o
 .debug_info    0x0000000000000022     0x1171 obj/default/main.o
 .debug_info    0x0000000000001193      0x368 /home/youlittleperson/intelFPGA_lite/20.1/nios2eds/bin/gnu/H-x86_64-pc-linux-gnu/bin/../lib/gcc/nios2-elf/9.2.1/mno-hw-mul/libgcc.a(lib2-divmod.o)
 .debug_info    0x00000000000014fb       0xcb /home/youlittleperson/intelFPGA_lite/20.1/nios2eds/bin/gnu/H-x86_64-pc-linux-gnu/bin/../lib/gcc/nios2-elf/9.2.1/mno-hw-mul/libgcc.a(lib2-mul.o)
 .debug_info    0x00000000000015c6      0x67c /home/youlittleperson/intelFPGA_lite/20.1/nios2eds/bin/gnu/H-x86_64-pc-linux-gnu/bin/../lib/gcc/nios2-elf/9.2.1/../../../../../H-x86_64-pc-linux-gnu/nios2-elf/lib/mno-hw-mul/libsmallc.a(lib_a-calloc.o)
 .debug_info    0x0000000000001c42      0x6e8 /home/youlittleperson/intelFPGA_lite/20.1/nios2eds/bin/gnu/H-x86_64-pc-linux-gnu/bin/../lib/gcc/nios2-elf/9.2.1/../../../../../H-x86_64-pc-linux-gnu/nios2-elf/lib/mno-hw-mul/libsmallc.a(lib_a-impure.o)
 .debug_info    0x000000000000232a      0x6aa /home/youlittleperson/intelFPGA_lite/20.1/nios2eds/bin/gnu/H-x86_64-pc-linux-gnu/bin/../lib/gcc/nios2-elf/9.2.1/../../../../../H-x86_64-pc-linux-gnu/nios2-elf/lib/mno-hw-mul/libsmallc.a(lib_a-malloc.o)
 .debug_info    0x00000000000029d4      0xc00 /home/youlittleperson/intelFPGA_lite/20.1/nios2eds/bin/gnu/H-x86_64-pc-linux-gnu/bin/../lib/gcc/nios2-elf/9.2.1/../../../../../H-x86_64-pc-linux-gnu/nios2-elf/lib/mno-hw-mul/libsmallc.a(lib_a-memcpy.o)
 .debug_info    0x00000000000035d4      0x7ea /home/youlittleperson/intelFPGA_lite/20.1/nios2eds/bin/gnu/H-x86_64-pc-linux-gnu/bin/../lib/gcc/nios2-elf/9.2.1/../../../../../H-x86_64-pc-linux-gnu/nios2-elf/lib/mno-hw-mul/libsmallc.a(lib_a-nano-callocr.o)
 .debug_info    0x0000000000003dbe      0x848 /home/youlittleperson/intelFPGA_lite/20.1/nios2eds/bin/gnu/H-x86_64-pc-linux-gnu/bin/../lib/gcc/nios2-elf/9.2.1/../../../../../H-x86_64-pc-linux-gnu/nios2-elf/lib/mno-hw-mul/libsmallc.a(lib_a-nano-freer.o)
 .debug_info    0x0000000000004606      0x946 /home/youlittleperson/intelFPGA_lite/20.1/nios2eds/bin/gnu/H-x86_64-pc-linux-gnu/bin/../lib/gcc/nios2-elf/9.2.1/../../../../../H-x86_64-pc-linux-gnu/nios2-elf/lib/mno-hw-mul/libsmallc.a(lib_a-nano-mallocr.o)
 .debug_info    0x0000000000004f4c      0x6ee /home/youlittleperson/intelFPGA_lite/20.1/nios2eds/bin/gnu/H-x86_64-pc-linux-gnu/bin/../lib/gcc/nios2-elf/9.2.1/../../../../../H-x86_64-pc-linux-gnu/nios2-elf/lib/mno-hw-mul/libsmallc.a(lib_a-sbrkr.o)
 .debug_info    0x000000000000563a      0x614 /home/youlittleperson/intelFPGA_lite/20.1/nios2eds/bin/gnu/H-x86_64-pc-linux-gnu/bin/../lib/gcc/nios2-elf/9.2.1/../../../../../H-x86_64-pc-linux-gnu/nios2-elf/lib/mno-hw-mul/libsmallc.a(lib_a-int_errno.o)
 .debug_info    0x0000000000005c4e      0xbbf /home/youlittleperson/intelFPGA_lite/20.1/nios2eds/bin/gnu/H-x86_64-pc-linux-gnu/bin/../lib/gcc/nios2-elf/9.2.1/../../../../../H-x86_64-pc-linux-gnu/nios2-elf/lib/mno-hw-mul/libsmallc.a(lib_a-memset.o)
 .debug_info    0x000000000000680d      0xbfc ../SPI_bsp//libhal_bsp.a(alt_irq_register.o)
 .debug_info    0x0000000000007409       0x8b ../SPI_bsp//libhal_bsp.a(alt_irq_vars.o)
 .debug_info    0x0000000000007494      0xaed ../SPI_bsp//libhal_bsp.a(alt_load.o)
 .debug_info    0x0000000000007f81      0xeb0 ../SPI_bsp//libhal_bsp.a(alt_main.o)
 .debug_info    0x0000000000008e31      0x95e ../SPI_bsp//libhal_bsp.a(alt_malloc_lock.o)
 .debug_info    0x000000000000978f      0xa98 ../SPI_bsp//libhal_bsp.a(alt_sbrk.o)
 .debug_info    0x000000000000a227      0x131 ../SPI_bsp//libhal_bsp.a(alt_usleep.o)
 .debug_info    0x000000000000a358      0xd3b ../SPI_bsp//libhal_bsp.a(alt_sys_init.o)
 .debug_info    0x000000000000b093      0xd96 ../SPI_bsp//libhal_bsp.a(altera_up_avalon_accelerometer_spi.o)
 .debug_info    0x000000000000be29      0x97f ../SPI_bsp//libhal_bsp.a(alt_busy_sleep.o)
 .debug_info    0x000000000000c7a8      0x934 ../SPI_bsp//libhal_bsp.a(alt_dcache_flush_all.o)
 .debug_info    0x000000000000d0dc      0xe92 ../SPI_bsp//libhal_bsp.a(alt_dev.o)
 .debug_info    0x000000000000df6e      0xa8f ../SPI_bsp//libhal_bsp.a(alt_dev_llist_insert.o)
 .debug_info    0x000000000000e9fd      0x972 ../SPI_bsp//libhal_bsp.a(alt_errno.o)
 .debug_info    0x000000000000f36f      0xc0c ../SPI_bsp//libhal_bsp.a(alt_find_dev.o)
 .debug_info    0x000000000000ff7b      0x934 ../SPI_bsp//libhal_bsp.a(alt_icache_flush_all.o)
 .debug_info    0x00000000000108af       0x22 ../SPI_bsp//libhal_bsp.a(alt_irq_entry.o)
 .debug_info    0x00000000000108d1      0xa66 ../SPI_bsp//libhal_bsp.a(alt_irq_handler.o)
 .debug_info    0x0000000000011337      0x955 ../SPI_bsp//libhal_bsp.a(altera_nios2_gen2_irq.o)
 .debug_info    0x0000000000011c8c       0x22 ../SPI_bsp//libhal_bsp.a(alt_exception_entry.o)
 .debug_info    0x0000000000011cae      0x20f ../SPI_bsp//libhal_bsp.a(alt_instruction_exception_entry.o)
 .debug_info    0x0000000000011ebd      0x684 /home/youlittleperson/intelFPGA_lite/20.1/nios2eds/bin/gnu/H-x86_64-pc-linux-gnu/bin/../lib/gcc/nios2-elf/9.2.1/../../../../../H-x86_64-pc-linux-gnu/nios2-elf/lib/mno-hw-mul/libsmallc.a(lib_a-memcmp.o)
 .debug_info    0x0000000000012541      0x649 /home/youlittleperson/intelFPGA_lite/20.1/nios2eds/bin/gnu/H-x86_64-pc-linux-gnu/bin/../lib/gcc/nios2-elf/9.2.1/../../../../../H-x86_64-pc-linux-gnu/nios2-elf/lib/mno-hw-mul/libsmallc.a(lib_a-strlen.o)

.debug_abbrev   0x0000000000000000     0x4381
 *(.debug_abbrev)
 .debug_abbrev  0x0000000000000000       0x12 ../SPI_bsp//obj/HAL/src/crt0.o
 .debug_abbrev  0x0000000000000012      0x36c obj/default/main.o
 .debug_abbrev  0x000000000000037e      0x103 /home/youlittleperson/intelFPGA_lite/20.1/nios2eds/bin/gnu/H-x86_64-pc-linux-gnu/bin/../lib/gcc/nios2-elf/9.2.1/mno-hw-mul/libgcc.a(lib2-divmod.o)
 .debug_abbrev  0x0000000000000481       0x7d /home/youlittleperson/intelFPGA_lite/20.1/nios2eds/bin/gnu/H-x86_64-pc-linux-gnu/bin/../lib/gcc/nios2-elf/9.2.1/mno-hw-mul/libgcc.a(lib2-mul.o)
 .debug_abbrev  0x00000000000004fe      0x1ea /home/youlittleperson/intelFPGA_lite/20.1/nios2eds/bin/gnu/H-x86_64-pc-linux-gnu/bin/../lib/gcc/nios2-elf/9.2.1/../../../../../H-x86_64-pc-linux-gnu/nios2-elf/lib/mno-hw-mul/libsmallc.a(lib_a-calloc.o)
 .debug_abbrev  0x00000000000006e8      0x18d /home/youlittleperson/intelFPGA_lite/20.1/nios2eds/bin/gnu/H-x86_64-pc-linux-gnu/bin/../lib/gcc/nios2-elf/9.2.1/../../../../../H-x86_64-pc-linux-gnu/nios2-elf/lib/mno-hw-mul/libsmallc.a(lib_a-impure.o)
 .debug_abbrev  0x0000000000000875      0x1f2 /home/youlittleperson/intelFPGA_lite/20.1/nios2eds/bin/gnu/H-x86_64-pc-linux-gnu/bin/../lib/gcc/nios2-elf/9.2.1/../../../../../H-x86_64-pc-linux-gnu/nios2-elf/lib/mno-hw-mul/libsmallc.a(lib_a-malloc.o)
 .debug_abbrev  0x0000000000000a67      0x1e3 /home/youlittleperson/intelFPGA_lite/20.1/nios2eds/bin/gnu/H-x86_64-pc-linux-gnu/bin/../lib/gcc/nios2-elf/9.2.1/../../../../../H-x86_64-pc-linux-gnu/nios2-elf/lib/mno-hw-mul/libsmallc.a(lib_a-memcpy.o)
 .debug_abbrev  0x0000000000000c4a      0x21e /home/youlittleperson/intelFPGA_lite/20.1/nios2eds/bin/gnu/H-x86_64-pc-linux-gnu/bin/../lib/gcc/nios2-elf/9.2.1/../../../../../H-x86_64-pc-linux-gnu/nios2-elf/lib/mno-hw-mul/libsmallc.a(lib_a-nano-callocr.o)
 .debug_abbrev  0x0000000000000e68      0x276 /home/youlittleperson/intelFPGA_lite/20.1/nios2eds/bin/gnu/H-x86_64-pc-linux-gnu/bin/../lib/gcc/nios2-elf/9.2.1/../../../../../H-x86_64-pc-linux-gnu/nios2-elf/lib/mno-hw-mul/libsmallc.a(lib_a-nano-freer.o)
 .debug_abbrev  0x00000000000010de      0x2d8 /home/youlittleperson/intelFPGA_lite/20.1/nios2eds/bin/gnu/H-x86_64-pc-linux-gnu/bin/../lib/gcc/nios2-elf/9.2.1/../../../../../H-x86_64-pc-linux-gnu/nios2-elf/lib/mno-hw-mul/libsmallc.a(lib_a-nano-mallocr.o)
 .debug_abbrev  0x00000000000013b6      0x212 /home/youlittleperson/intelFPGA_lite/20.1/nios2eds/bin/gnu/H-x86_64-pc-linux-gnu/bin/../lib/gcc/nios2-elf/9.2.1/../../../../../H-x86_64-pc-linux-gnu/nios2-elf/lib/mno-hw-mul/libsmallc.a(lib_a-sbrkr.o)
 .debug_abbrev  0x00000000000015c8      0x186 /home/youlittleperson/intelFPGA_lite/20.1/nios2eds/bin/gnu/H-x86_64-pc-linux-gnu/bin/../lib/gcc/nios2-elf/9.2.1/../../../../../H-x86_64-pc-linux-gnu/nios2-elf/lib/mno-hw-mul/libsmallc.a(lib_a-int_errno.o)
 .debug_abbrev  0x000000000000174e      0x1c3 /home/youlittleperson/intelFPGA_lite/20.1/nios2eds/bin/gnu/H-x86_64-pc-linux-gnu/bin/../lib/gcc/nios2-elf/9.2.1/../../../../../H-x86_64-pc-linux-gnu/nios2-elf/lib/mno-hw-mul/libsmallc.a(lib_a-memset.o)
 .debug_abbrev  0x0000000000001911      0x325 ../SPI_bsp//libhal_bsp.a(alt_irq_register.o)
 .debug_abbrev  0x0000000000001c36       0x44 ../SPI_bsp//libhal_bsp.a(alt_irq_vars.o)
 .debug_abbrev  0x0000000000001c7a      0x277 ../SPI_bsp//libhal_bsp.a(alt_load.o)
 .debug_abbrev  0x0000000000001ef1      0x252 ../SPI_bsp//libhal_bsp.a(alt_main.o)
 .debug_abbrev  0x0000000000002143      0x203 ../SPI_bsp//libhal_bsp.a(alt_malloc_lock.o)
 .debug_abbrev  0x0000000000002346      0x2ac ../SPI_bsp//libhal_bsp.a(alt_sbrk.o)
 .debug_abbrev  0x00000000000025f2       0xb4 ../SPI_bsp//libhal_bsp.a(alt_usleep.o)
 .debug_abbrev  0x00000000000026a6      0x2db ../SPI_bsp//libhal_bsp.a(alt_sys_init.o)
 .debug_abbrev  0x0000000000002981      0x24a ../SPI_bsp//libhal_bsp.a(altera_up_avalon_accelerometer_spi.o)
 .debug_abbrev  0x0000000000002bcb      0x21c ../SPI_bsp//libhal_bsp.a(alt_busy_sleep.o)
 .debug_abbrev  0x0000000000002de7      0x1e0 ../SPI_bsp//libhal_bsp.a(alt_dcache_flush_all.o)
 .debug_abbrev  0x0000000000002fc7      0x212 ../SPI_bsp//libhal_bsp.a(alt_dev.o)
 .debug_abbrev  0x00000000000031d9      0x283 ../SPI_bsp//libhal_bsp.a(alt_dev_llist_insert.o)
 .debug_abbrev  0x000000000000345c      0x1df ../SPI_bsp//libhal_bsp.a(alt_errno.o)
 .debug_abbrev  0x000000000000363b      0x25c ../SPI_bsp//libhal_bsp.a(alt_find_dev.o)
 .debug_abbrev  0x0000000000003897      0x1e0 ../SPI_bsp//libhal_bsp.a(alt_icache_flush_all.o)
 .debug_abbrev  0x0000000000003a77       0x12 ../SPI_bsp//libhal_bsp.a(alt_irq_entry.o)
 .debug_abbrev  0x0000000000003a89      0x283 ../SPI_bsp//libhal_bsp.a(alt_irq_handler.o)
 .debug_abbrev  0x0000000000003d0c      0x1e5 ../SPI_bsp//libhal_bsp.a(altera_nios2_gen2_irq.o)
 .debug_abbrev  0x0000000000003ef1       0x12 ../SPI_bsp//libhal_bsp.a(alt_exception_entry.o)
 .debug_abbrev  0x0000000000003f03      0x116 ../SPI_bsp//libhal_bsp.a(alt_instruction_exception_entry.o)
 .debug_abbrev  0x0000000000004019      0x1c0 /home/youlittleperson/intelFPGA_lite/20.1/nios2eds/bin/gnu/H-x86_64-pc-linux-gnu/bin/../lib/gcc/nios2-elf/9.2.1/../../../../../H-x86_64-pc-linux-gnu/nios2-elf/lib/mno-hw-mul/libsmallc.a(lib_a-memcmp.o)
 .debug_abbrev  0x00000000000041d9      0x1a8 /home/youlittleperson/intelFPGA_lite/20.1/nios2eds/bin/gnu/H-x86_64-pc-linux-gnu/bin/../lib/gcc/nios2-elf/9.2.1/../../../../../H-x86_64-pc-linux-gnu/nios2-elf/lib/mno-hw-mul/libsmallc.a(lib_a-strlen.o)

.debug_line     0x0000000000000000     0x4d58
 *(.debug_line)
 .debug_line    0x0000000000000000       0x66 ../SPI_bsp//obj/HAL/src/crt0.o
 .debug_line    0x0000000000000066      0x689 obj/default/main.o
 .debug_line    0x00000000000006ef      0x2f9 /home/youlittleperson/intelFPGA_lite/20.1/nios2eds/bin/gnu/H-x86_64-pc-linux-gnu/bin/../lib/gcc/nios2-elf/9.2.1/mno-hw-mul/libgcc.a(lib2-divmod.o)
 .debug_line    0x00000000000009e8       0xb6 /home/youlittleperson/intelFPGA_lite/20.1/nios2eds/bin/gnu/H-x86_64-pc-linux-gnu/bin/../lib/gcc/nios2-elf/9.2.1/mno-hw-mul/libgcc.a(lib2-mul.o)
 .debug_line    0x0000000000000a9e      0x1ec /home/youlittleperson/intelFPGA_lite/20.1/nios2eds/bin/gnu/H-x86_64-pc-linux-gnu/bin/../lib/gcc/nios2-elf/9.2.1/../../../../../H-x86_64-pc-linux-gnu/nios2-elf/lib/mno-hw-mul/libsmallc.a(lib_a-calloc.o)
 .debug_line    0x0000000000000c8a      0x15c /home/youlittleperson/intelFPGA_lite/20.1/nios2eds/bin/gnu/H-x86_64-pc-linux-gnu/bin/../lib/gcc/nios2-elf/9.2.1/../../../../../H-x86_64-pc-linux-gnu/nios2-elf/lib/mno-hw-mul/libsmallc.a(lib_a-impure.o)
 .debug_line    0x0000000000000de6      0x215 /home/youlittleperson/intelFPGA_lite/20.1/nios2eds/bin/gnu/H-x86_64-pc-linux-gnu/bin/../lib/gcc/nios2-elf/9.2.1/../../../../../H-x86_64-pc-linux-gnu/nios2-elf/lib/mno-hw-mul/libsmallc.a(lib_a-malloc.o)
 .debug_line    0x0000000000000ffb      0x280 /home/youlittleperson/intelFPGA_lite/20.1/nios2eds/bin/gnu/H-x86_64-pc-linux-gnu/bin/../lib/gcc/nios2-elf/9.2.1/../../../../../H-x86_64-pc-linux-gnu/nios2-elf/lib/mno-hw-mul/libsmallc.a(lib_a-memcpy.o)
 .debug_line    0x000000000000127b      0x22e /home/youlittleperson/intelFPGA_lite/20.1/nios2eds/bin/gnu/H-x86_64-pc-linux-gnu/bin/../lib/gcc/nios2-elf/9.2.1/../../../../../H-x86_64-pc-linux-gnu/nios2-elf/lib/mno-hw-mul/libsmallc.a(lib_a-nano-callocr.o)
 .debug_line    0x00000000000014a9      0x339 /home/youlittleperson/intelFPGA_lite/20.1/nios2eds/bin/gnu/H-x86_64-pc-linux-gnu/bin/../lib/gcc/nios2-elf/9.2.1/../../../../../H-x86_64-pc-linux-gnu/nios2-elf/lib/mno-hw-mul/libsmallc.a(lib_a-nano-freer.o)
 .debug_line    0x00000000000017e2      0x37b /home/youlittleperson/intelFPGA_lite/20.1/nios2eds/bin/gnu/H-x86_64-pc-linux-gnu/bin/../lib/gcc/nios2-elf/9.2.1/../../../../../H-x86_64-pc-linux-gnu/nios2-elf/lib/mno-hw-mul/libsmallc.a(lib_a-nano-mallocr.o)
 .debug_line    0x0000000000001b5d      0x223 /home/youlittleperson/intelFPGA_lite/20.1/nios2eds/bin/gnu/H-x86_64-pc-linux-gnu/bin/../lib/gcc/nios2-elf/9.2.1/../../../../../H-x86_64-pc-linux-gnu/nios2-elf/lib/mno-hw-mul/libsmallc.a(lib_a-sbrkr.o)
 .debug_line    0x0000000000001d80      0x1ce /home/youlittleperson/intelFPGA_lite/20.1/nios2eds/bin/gnu/H-x86_64-pc-linux-gnu/bin/../lib/gcc/nios2-elf/9.2.1/../../../../../H-x86_64-pc-linux-gnu/nios2-elf/lib/mno-hw-mul/libsmallc.a(lib_a-int_errno.o)
 .debug_line    0x0000000000001f4e      0x27b /home/youlittleperson/intelFPGA_lite/20.1/nios2eds/bin/gnu/H-x86_64-pc-linux-gnu/bin/../lib/gcc/nios2-elf/9.2.1/../../../../../H-x86_64-pc-linux-gnu/nios2-elf/lib/mno-hw-mul/libsmallc.a(lib_a-memset.o)
 .debug_line    0x00000000000021c9      0x2b9 ../SPI_bsp//libhal_bsp.a(alt_irq_register.o)
 .debug_line    0x0000000000002482       0x50 ../SPI_bsp//libhal_bsp.a(alt_irq_vars.o)
 .debug_line    0x00000000000024d2      0x2a3 ../SPI_bsp//libhal_bsp.a(alt_load.o)
 .debug_line    0x0000000000002775      0x369 ../SPI_bsp//libhal_bsp.a(alt_main.o)
 .debug_line    0x0000000000002ade      0x151 ../SPI_bsp//libhal_bsp.a(alt_malloc_lock.o)
 .debug_line    0x0000000000002c2f      0x216 ../SPI_bsp//libhal_bsp.a(alt_sbrk.o)
 .debug_line    0x0000000000002e45       0xfe ../SPI_bsp//libhal_bsp.a(alt_usleep.o)
 .debug_line    0x0000000000002f43      0x2af ../SPI_bsp//libhal_bsp.a(alt_sys_init.o)
 .debug_line    0x00000000000031f2      0x332 ../SPI_bsp//libhal_bsp.a(altera_up_avalon_accelerometer_spi.o)
 .debug_line    0x0000000000003524      0x20b ../SPI_bsp//libhal_bsp.a(alt_busy_sleep.o)
 .debug_line    0x000000000000372f      0x1c7 ../SPI_bsp//libhal_bsp.a(alt_dcache_flush_all.o)
 .debug_line    0x00000000000038f6      0x2e6 ../SPI_bsp//libhal_bsp.a(alt_dev.o)
 .debug_line    0x0000000000003bdc      0x249 ../SPI_bsp//libhal_bsp.a(alt_dev_llist_insert.o)
 .debug_line    0x0000000000003e25      0x161 ../SPI_bsp//libhal_bsp.a(alt_errno.o)
 .debug_line    0x0000000000003f86      0x25f ../SPI_bsp//libhal_bsp.a(alt_find_dev.o)
 .debug_line    0x00000000000041e5      0x1c5 ../SPI_bsp//libhal_bsp.a(alt_icache_flush_all.o)
 .debug_line    0x00000000000043aa       0x6b ../SPI_bsp//libhal_bsp.a(alt_irq_entry.o)
 .debug_line    0x0000000000004415      0x232 ../SPI_bsp//libhal_bsp.a(alt_irq_handler.o)
 .debug_line    0x0000000000004647      0x16a ../SPI_bsp//libhal_bsp.a(altera_nios2_gen2_irq.o)
 .debug_line    0x00000000000047b1       0xb3 ../SPI_bsp//libhal_bsp.a(alt_exception_entry.o)
 .debug_line    0x0000000000004864       0xee ../SPI_bsp//libhal_bsp.a(alt_instruction_exception_entry.o)
 .debug_line    0x0000000000004952      0x20c /home/youlittleperson/intelFPGA_lite/20.1/nios2eds/bin/gnu/H-x86_64-pc-linux-gnu/bin/../lib/gcc/nios2-elf/9.2.1/../../../../../H-x86_64-pc-linux-gnu/nios2-elf/lib/mno-hw-mul/libsmallc.a(lib_a-memcmp.o)
 .debug_line    0x0000000000004b5e      0x1fa /home/youlittleperson/intelFPGA_lite/20.1/nios2eds/bin/gnu/H-x86_64-pc-linux-gnu/bin/../lib/gcc/nios2-elf/9.2.1/../../../../../H-x86_64-pc-linux-gnu/nios2-elf/lib/mno-hw-mul/libsmallc.a(lib_a-strlen.o)

.debug_frame    0x0000000000000000      0x63c
 *(.debug_frame)
 .debug_frame   0x0000000000000000       0xf8 obj/default/main.o
 .debug_frame   0x00000000000000f8       0x50 /home/youlittleperson/intelFPGA_lite/20.1/nios2eds/bin/gnu/H-x86_64-pc-linux-gnu/bin/../lib/gcc/nios2-elf/9.2.1/mno-hw-mul/libgcc.a(lib2-divmod.o)
 .debug_frame   0x0000000000000148       0x20 /home/youlittleperson/intelFPGA_lite/20.1/nios2eds/bin/gnu/H-x86_64-pc-linux-gnu/bin/../lib/gcc/nios2-elf/9.2.1/mno-hw-mul/libgcc.a(lib2-mul.o)
 .debug_frame   0x0000000000000168       0x20 /home/youlittleperson/intelFPGA_lite/20.1/nios2eds/bin/gnu/H-x86_64-pc-linux-gnu/bin/../lib/gcc/nios2-elf/9.2.1/../../../../../H-x86_64-pc-linux-gnu/nios2-elf/lib/mno-hw-mul/libsmallc.a(lib_a-calloc.o)
 .debug_frame   0x0000000000000188       0x30 /home/youlittleperson/intelFPGA_lite/20.1/nios2eds/bin/gnu/H-x86_64-pc-linux-gnu/bin/../lib/gcc/nios2-elf/9.2.1/../../../../../H-x86_64-pc-linux-gnu/nios2-elf/lib/mno-hw-mul/libsmallc.a(lib_a-malloc.o)
 .debug_frame   0x00000000000001b8       0x20 /home/youlittleperson/intelFPGA_lite/20.1/nios2eds/bin/gnu/H-x86_64-pc-linux-gnu/bin/../lib/gcc/nios2-elf/9.2.1/../../../../../H-x86_64-pc-linux-gnu/nios2-elf/lib/mno-hw-mul/libsmallc.a(lib_a-memcpy.o)
 .debug_frame   0x00000000000001d8       0x34 /home/youlittleperson/intelFPGA_lite/20.1/nios2eds/bin/gnu/H-x86_64-pc-linux-gnu/bin/../lib/gcc/nios2-elf/9.2.1/../../../../../H-x86_64-pc-linux-gnu/nios2-elf/lib/mno-hw-mul/libsmallc.a(lib_a-nano-callocr.o)
 .debug_frame   0x000000000000020c       0x38 /home/youlittleperson/intelFPGA_lite/20.1/nios2eds/bin/gnu/H-x86_64-pc-linux-gnu/bin/../lib/gcc/nios2-elf/9.2.1/../../../../../H-x86_64-pc-linux-gnu/nios2-elf/lib/mno-hw-mul/libsmallc.a(lib_a-nano-freer.o)
 .debug_frame   0x0000000000000244       0x3c /home/youlittleperson/intelFPGA_lite/20.1/nios2eds/bin/gnu/H-x86_64-pc-linux-gnu/bin/../lib/gcc/nios2-elf/9.2.1/../../../../../H-x86_64-pc-linux-gnu/nios2-elf/lib/mno-hw-mul/libsmallc.a(lib_a-nano-mallocr.o)
 .debug_frame   0x0000000000000280       0x30 /home/youlittleperson/intelFPGA_lite/20.1/nios2eds/bin/gnu/H-x86_64-pc-linux-gnu/bin/../lib/gcc/nios2-elf/9.2.1/../../../../../H-x86_64-pc-linux-gnu/nios2-elf/lib/mno-hw-mul/libsmallc.a(lib_a-sbrkr.o)
 .debug_frame   0x00000000000002b0       0x20 /home/youlittleperson/intelFPGA_lite/20.1/nios2eds/bin/gnu/H-x86_64-pc-linux-gnu/bin/../lib/gcc/nios2-elf/9.2.1/../../../../../H-x86_64-pc-linux-gnu/nios2-elf/lib/mno-hw-mul/libsmallc.a(lib_a-memset.o)
 .debug_frame   0x00000000000002d0       0x20 ../SPI_bsp//libhal_bsp.a(alt_irq_register.o)
 .debug_frame   0x00000000000002f0       0x30 ../SPI_bsp//libhal_bsp.a(alt_load.o)
 .debug_frame   0x0000000000000320       0x2c ../SPI_bsp//libhal_bsp.a(alt_main.o)
 .debug_frame   0x000000000000034c       0x30 ../SPI_bsp//libhal_bsp.a(alt_malloc_lock.o)
 .debug_frame   0x000000000000037c       0x20 ../SPI_bsp//libhal_bsp.a(alt_sbrk.o)
 .debug_frame   0x000000000000039c       0x20 ../SPI_bsp//libhal_bsp.a(alt_usleep.o)
 .debug_frame   0x00000000000003bc       0x3c ../SPI_bsp//libhal_bsp.a(alt_sys_init.o)
 .debug_frame   0x00000000000003f8       0x80 ../SPI_bsp//libhal_bsp.a(altera_up_avalon_accelerometer_spi.o)
 .debug_frame   0x0000000000000478       0x34 ../SPI_bsp//libhal_bsp.a(alt_busy_sleep.o)
 .debug_frame   0x00000000000004ac       0x20 ../SPI_bsp//libhal_bsp.a(alt_dcache_flush_all.o)
 .debug_frame   0x00000000000004cc       0x20 ../SPI_bsp//libhal_bsp.a(alt_dev.o)
 .debug_frame   0x00000000000004ec       0x2c ../SPI_bsp//libhal_bsp.a(alt_dev_llist_insert.o)
 .debug_frame   0x0000000000000518       0x40 ../SPI_bsp//libhal_bsp.a(alt_find_dev.o)
 .debug_frame   0x0000000000000558       0x20 ../SPI_bsp//libhal_bsp.a(alt_icache_flush_all.o)
 .debug_frame   0x0000000000000578       0x34 ../SPI_bsp//libhal_bsp.a(alt_irq_handler.o)
 .debug_frame   0x00000000000005ac       0x20 ../SPI_bsp//libhal_bsp.a(altera_nios2_gen2_irq.o)
 .debug_frame   0x00000000000005cc       0x30 ../SPI_bsp//libhal_bsp.a(alt_instruction_exception_entry.o)
 .debug_frame   0x00000000000005fc       0x20 /home/youlittleperson/intelFPGA_lite/20.1/nios2eds/bin/gnu/H-x86_64-pc-linux-gnu/bin/../lib/gcc/nios2-elf/9.2.1/../../../../../H-x86_64-pc-linux-gnu/nios2-elf/lib/mno-hw-mul/libsmallc.a(lib_a-memcmp.o)
 .debug_frame   0x000000000000061c       0x20 /home/youlittleperson/intelFPGA_lite/20.1/nios2eds/bin/gnu/H-x86_64-pc-linux-gnu/bin/../lib/gcc/nios2-elf/9.2.1/../../../../../H-x86_64-pc-linux-gnu/nios2-elf/lib/mno-hw-mul/libsmallc.a(lib_a-strlen.o)

.debug_str      0x0000000000000000     0x1ecc
 *(.debug_str)
 .debug_str     0x0000000000000000       0x6c ../SPI_bsp//obj/HAL/src/crt0.o
 .debug_str     0x000000000000006c      0x6fb obj/default/main.o
                                        0x817 (size before relaxing)
 .debug_str     0x0000000000000767      0x194 /home/youlittleperson/intelFPGA_lite/20.1/nios2eds/bin/gnu/H-x86_64-pc-linux-gnu/bin/../lib/gcc/nios2-elf/9.2.1/mno-hw-mul/libgcc.a(lib2-divmod.o)
                                        0x1df (size before relaxing)
 .debug_str     0x00000000000008fb       0x42 /home/youlittleperson/intelFPGA_lite/20.1/nios2eds/bin/gnu/H-x86_64-pc-linux-gnu/bin/../lib/gcc/nios2-elf/9.2.1/mno-hw-mul/libgcc.a(lib2-mul.o)
                                        0x1a0 (size before relaxing)
 .debug_str     0x000000000000093d      0x18f /home/youlittleperson/intelFPGA_lite/20.1/nios2eds/bin/gnu/H-x86_64-pc-linux-gnu/bin/../lib/gcc/nios2-elf/9.2.1/../../../../../H-x86_64-pc-linux-gnu/nios2-elf/lib/mno-hw-mul/libsmallc.a(lib_a-calloc.o)
                                        0x4e5 (size before relaxing)
 .debug_str     0x0000000000000acc      0x11f /home/youlittleperson/intelFPGA_lite/20.1/nios2eds/bin/gnu/H-x86_64-pc-linux-gnu/bin/../lib/gcc/nios2-elf/9.2.1/../../../../../H-x86_64-pc-linux-gnu/nios2-elf/lib/mno-hw-mul/libsmallc.a(lib_a-impure.o)
                                        0x529 (size before relaxing)
 .debug_str     0x0000000000000beb       0x5d /home/youlittleperson/intelFPGA_lite/20.1/nios2eds/bin/gnu/H-x86_64-pc-linux-gnu/bin/../lib/gcc/nios2-elf/9.2.1/../../../../../H-x86_64-pc-linux-gnu/nios2-elf/lib/mno-hw-mul/libsmallc.a(lib_a-malloc.o)
                                        0x4f9 (size before relaxing)
 .debug_str     0x0000000000000c48      0x355 /home/youlittleperson/intelFPGA_lite/20.1/nios2eds/bin/gnu/H-x86_64-pc-linux-gnu/bin/../lib/gcc/nios2-elf/9.2.1/../../../../../H-x86_64-pc-linux-gnu/nios2-elf/lib/mno-hw-mul/libsmallc.a(lib_a-memcpy.o)
                                        0x7f5 (size before relaxing)
 .debug_str     0x0000000000000f9d       0xff /home/youlittleperson/intelFPGA_lite/20.1/nios2eds/bin/gnu/H-x86_64-pc-linux-gnu/bin/../lib/gcc/nios2-elf/9.2.1/../../../../../H-x86_64-pc-linux-gnu/nios2-elf/lib/mno-hw-mul/libsmallc.a(lib_a-nano-callocr.o)
                                        0x5df (size before relaxing)
 .debug_str     0x000000000000109c       0x42 /home/youlittleperson/intelFPGA_lite/20.1/nios2eds/bin/gnu/H-x86_64-pc-linux-gnu/bin/../lib/gcc/nios2-elf/9.2.1/../../../../../H-x86_64-pc-linux-gnu/nios2-elf/lib/mno-hw-mul/libsmallc.a(lib_a-nano-freer.o)
                                        0x5f8 (size before relaxing)
 .debug_str     0x00000000000010de       0x32 /home/youlittleperson/intelFPGA_lite/20.1/nios2eds/bin/gnu/H-x86_64-pc-linux-gnu/bin/../lib/gcc/nios2-elf/9.2.1/../../../../../H-x86_64-pc-linux-gnu/nios2-elf/lib/mno-hw-mul/libsmallc.a(lib_a-nano-mallocr.o)
                                        0x60f (size before relaxing)
 .debug_str     0x0000000000001110       0x51 /home/youlittleperson/intelFPGA_lite/20.1/nios2eds/bin/gnu/H-x86_64-pc-linux-gnu/bin/../lib/gcc/nios2-elf/9.2.1/../../../../../H-x86_64-pc-linux-gnu/nios2-elf/lib/mno-hw-mul/libsmallc.a(lib_a-sbrkr.o)
                                        0x50a (size before relaxing)
 .debug_str     0x0000000000001161       0x41 /home/youlittleperson/intelFPGA_lite/20.1/nios2eds/bin/gnu/H-x86_64-pc-linux-gnu/bin/../lib/gcc/nios2-elf/9.2.1/../../../../../H-x86_64-pc-linux-gnu/nios2-elf/lib/mno-hw-mul/libsmallc.a(lib_a-int_errno.o)
                                        0x4cf (size before relaxing)
 .debug_str     0x00000000000011a2       0x3f /home/youlittleperson/intelFPGA_lite/20.1/nios2eds/bin/gnu/H-x86_64-pc-linux-gnu/bin/../lib/gcc/nios2-elf/9.2.1/../../../../../H-x86_64-pc-linux-gnu/nios2-elf/lib/mno-hw-mul/libsmallc.a(lib_a-memset.o)
                                        0x7e1 (size before relaxing)
 .debug_str     0x00000000000011e1       0xac ../SPI_bsp//libhal_bsp.a(alt_irq_register.o)
                                        0x600 (size before relaxing)
 .debug_str     0x000000000000128d       0x29 ../SPI_bsp//libhal_bsp.a(alt_irq_vars.o)
                                        0x157 (size before relaxing)
 .debug_str     0x00000000000012b6      0x113 ../SPI_bsp//libhal_bsp.a(alt_load.o)
                                        0x639 (size before relaxing)
 .debug_str     0x00000000000013c9      0x1aa ../SPI_bsp//libhal_bsp.a(alt_main.o)
                                        0x7eb (size before relaxing)
 .debug_str     0x0000000000001573       0x1a ../SPI_bsp//libhal_bsp.a(alt_malloc_lock.o)
                                        0x54c (size before relaxing)
 .debug_str     0x000000000000158d       0x61 ../SPI_bsp//libhal_bsp.a(alt_sbrk.o)
                                        0x5de (size before relaxing)
 .debug_str     0x00000000000015ee       0x31 ../SPI_bsp//libhal_bsp.a(alt_usleep.o)
                                        0x1a5 (size before relaxing)
 .debug_str     0x000000000000161f      0x10a ../SPI_bsp//libhal_bsp.a(alt_sys_init.o)
                                        0x751 (size before relaxing)
 .debug_str     0x0000000000001729       0xe6 ../SPI_bsp//libhal_bsp.a(altera_up_avalon_accelerometer_spi.o)
                                        0x77b (size before relaxing)
 .debug_str     0x000000000000180f       0x33 ../SPI_bsp//libhal_bsp.a(alt_busy_sleep.o)
                                        0x55e (size before relaxing)
 .debug_str     0x0000000000001842       0x1f ../SPI_bsp//libhal_bsp.a(alt_dcache_flush_all.o)
                                        0x552 (size before relaxing)
 .debug_str     0x0000000000001861       0x32 ../SPI_bsp//libhal_bsp.a(alt_dev.o)
                                        0x7b0 (size before relaxing)
 .debug_str     0x0000000000001893       0x48 ../SPI_bsp//libhal_bsp.a(alt_dev_llist_insert.o)
                                        0x5d6 (size before relaxing)
 .debug_str     0x00000000000018db       0x14 ../SPI_bsp//libhal_bsp.a(alt_errno.o)
                                        0x54f (size before relaxing)
 .debug_str     0x00000000000018ef       0x25 ../SPI_bsp//libhal_bsp.a(alt_find_dev.o)
                                        0x610 (size before relaxing)
 .debug_str     0x0000000000001914       0x1f ../SPI_bsp//libhal_bsp.a(alt_icache_flush_all.o)
                                        0x552 (size before relaxing)
 .debug_str     0x0000000000001933       0x18 ../SPI_bsp//libhal_bsp.a(alt_irq_entry.o)
                                         0x75 (size before relaxing)
 .debug_str     0x000000000000194b       0x3a ../SPI_bsp//libhal_bsp.a(alt_irq_handler.o)
                                        0x5a1 (size before relaxing)
 .debug_str     0x0000000000001985       0x20 ../SPI_bsp//libhal_bsp.a(altera_nios2_gen2_irq.o)
                                        0x566 (size before relaxing)
 .debug_str     0x00000000000019a5       0x1e ../SPI_bsp//libhal_bsp.a(alt_exception_entry.o)
                                         0x7b (size before relaxing)
 .debug_str     0x00000000000019c3      0x48b ../SPI_bsp//libhal_bsp.a(alt_instruction_exception_entry.o)
                                        0x5bd (size before relaxing)
 .debug_str     0x0000000000001e4e       0x3f /home/youlittleperson/intelFPGA_lite/20.1/nios2eds/bin/gnu/H-x86_64-pc-linux-gnu/bin/../lib/gcc/nios2-elf/9.2.1/../../../../../H-x86_64-pc-linux-gnu/nios2-elf/lib/mno-hw-mul/libsmallc.a(lib_a-memcmp.o)
                                        0x4cc (size before relaxing)
 .debug_str     0x0000000000001e8d       0x3f /home/youlittleperson/intelFPGA_lite/20.1/nios2eds/bin/gnu/H-x86_64-pc-linux-gnu/bin/../lib/gcc/nios2-elf/9.2.1/../../../../../H-x86_64-pc-linux-gnu/nios2-elf/lib/mno-hw-mul/libsmallc.a(lib_a-strlen.o)
                                        0x4d2 (size before relaxing)

.debug_loc      0x0000000000000000     0x16de
 *(.debug_loc)
 .debug_loc     0x0000000000000000      0x131 obj/default/main.o
 .debug_loc     0x0000000000000131      0x5d0 /home/youlittleperson/intelFPGA_lite/20.1/nios2eds/bin/gnu/H-x86_64-pc-linux-gnu/bin/../lib/gcc/nios2-elf/9.2.1/mno-hw-mul/libgcc.a(lib2-divmod.o)
 .debug_loc     0x0000000000000701       0xa7 /home/youlittleperson/intelFPGA_lite/20.1/nios2eds/bin/gnu/H-x86_64-pc-linux-gnu/bin/../lib/gcc/nios2-elf/9.2.1/mno-hw-mul/libgcc.a(lib2-mul.o)
 .debug_loc     0x00000000000007a8       0x64 /home/youlittleperson/intelFPGA_lite/20.1/nios2eds/bin/gnu/H-x86_64-pc-linux-gnu/bin/../lib/gcc/nios2-elf/9.2.1/../../../../../H-x86_64-pc-linux-gnu/nios2-elf/lib/mno-hw-mul/libsmallc.a(lib_a-calloc.o)
 .debug_loc     0x000000000000080c       0x64 /home/youlittleperson/intelFPGA_lite/20.1/nios2eds/bin/gnu/H-x86_64-pc-linux-gnu/bin/../lib/gcc/nios2-elf/9.2.1/../../../../../H-x86_64-pc-linux-gnu/nios2-elf/lib/mno-hw-mul/libsmallc.a(lib_a-malloc.o)
 .debug_loc     0x0000000000000870      0x12a /home/youlittleperson/intelFPGA_lite/20.1/nios2eds/bin/gnu/H-x86_64-pc-linux-gnu/bin/../lib/gcc/nios2-elf/9.2.1/../../../../../H-x86_64-pc-linux-gnu/nios2-elf/lib/mno-hw-mul/libsmallc.a(lib_a-memcpy.o)
 .debug_loc     0x000000000000099a       0x9e /home/youlittleperson/intelFPGA_lite/20.1/nios2eds/bin/gnu/H-x86_64-pc-linux-gnu/bin/../lib/gcc/nios2-elf/9.2.1/../../../../../H-x86_64-pc-linux-gnu/nios2-elf/lib/mno-hw-mul/libsmallc.a(lib_a-nano-callocr.o)
 .debug_loc     0x0000000000000a38      0x145 /home/youlittleperson/intelFPGA_lite/20.1/nios2eds/bin/gnu/H-x86_64-pc-linux-gnu/bin/../lib/gcc/nios2-elf/9.2.1/../../../../../H-x86_64-pc-linux-gnu/nios2-elf/lib/mno-hw-mul/libsmallc.a(lib_a-nano-freer.o)
 .debug_loc     0x0000000000000b7d      0x291 /home/youlittleperson/intelFPGA_lite/20.1/nios2eds/bin/gnu/H-x86_64-pc-linux-gnu/bin/../lib/gcc/nios2-elf/9.2.1/../../../../../H-x86_64-pc-linux-gnu/nios2-elf/lib/mno-hw-mul/libsmallc.a(lib_a-nano-mallocr.o)
 .debug_loc     0x0000000000000e0e       0x6c /home/youlittleperson/intelFPGA_lite/20.1/nios2eds/bin/gnu/H-x86_64-pc-linux-gnu/bin/../lib/gcc/nios2-elf/9.2.1/../../../../../H-x86_64-pc-linux-gnu/nios2-elf/lib/mno-hw-mul/libsmallc.a(lib_a-sbrkr.o)
 .debug_loc     0x0000000000000e7a       0xac /home/youlittleperson/intelFPGA_lite/20.1/nios2eds/bin/gnu/H-x86_64-pc-linux-gnu/bin/../lib/gcc/nios2-elf/9.2.1/../../../../../H-x86_64-pc-linux-gnu/nios2-elf/lib/mno-hw-mul/libsmallc.a(lib_a-memset.o)
 .debug_loc     0x0000000000000f26      0x13e ../SPI_bsp//libhal_bsp.a(alt_irq_register.o)
 .debug_loc     0x0000000000001064       0x66 ../SPI_bsp//libhal_bsp.a(alt_load.o)
 .debug_loc     0x00000000000010ca       0x8e ../SPI_bsp//libhal_bsp.a(alt_sbrk.o)
 .debug_loc     0x0000000000001158       0x25 ../SPI_bsp//libhal_bsp.a(alt_usleep.o)
 .debug_loc     0x000000000000117d       0x25 ../SPI_bsp//libhal_bsp.a(alt_sys_init.o)
 .debug_loc     0x00000000000011a2       0x6f ../SPI_bsp//libhal_bsp.a(altera_up_avalon_accelerometer_spi.o)
 .debug_loc     0x0000000000001211      0x158 ../SPI_bsp//libhal_bsp.a(alt_busy_sleep.o)
 .debug_loc     0x0000000000001369       0x8e ../SPI_bsp//libhal_bsp.a(alt_dev_llist_insert.o)
 .debug_loc     0x00000000000013f7       0xc2 ../SPI_bsp//libhal_bsp.a(alt_find_dev.o)
 .debug_loc     0x00000000000014b9       0xac ../SPI_bsp//libhal_bsp.a(alt_irq_handler.o)
 .debug_loc     0x0000000000001565       0x73 ../SPI_bsp//libhal_bsp.a(alt_instruction_exception_entry.o)
 .debug_loc     0x00000000000015d8       0xc2 /home/youlittleperson/intelFPGA_lite/20.1/nios2eds/bin/gnu/H-x86_64-pc-linux-gnu/bin/../lib/gcc/nios2-elf/9.2.1/../../../../../H-x86_64-pc-linux-gnu/nios2-elf/lib/mno-hw-mul/libsmallc.a(lib_a-memcmp.o)
 .debug_loc     0x000000000000169a       0x44 /home/youlittleperson/intelFPGA_lite/20.1/nios2eds/bin/gnu/H-x86_64-pc-linux-gnu/bin/../lib/gcc/nios2-elf/9.2.1/../../../../../H-x86_64-pc-linux-gnu/nios2-elf/lib/mno-hw-mul/libsmallc.a(lib_a-strlen.o)

.debug_macinfo
 *(.debug_macinfo)

.debug_weaknames
 *(.debug_weaknames)

.debug_funcnames
 *(.debug_funcnames)

.debug_typenames
 *(.debug_typenames)

.debug_varnames
 *(.debug_varnames)

.debug_alt_sim_info
                0x0000000000000000       0x40
 *(.debug_alt_sim_info)
 .debug_alt_sim_info
                0x0000000000000000       0x10 ../SPI_bsp//obj/HAL/src/crt0.o
 .debug_alt_sim_info
                0x0000000000000010       0x30 ../SPI_bsp//libhal_bsp.a(alt_busy_sleep.o)
                0x0000000000020000                __alt_data_end = 0x20000
                0x0000000000020000                PROVIDE (__alt_stack_pointer = __alt_data_end)
                [!provide]                        PROVIDE (__alt_stack_limit = __alt_stack_base)
                0x000000000001167c                PROVIDE (__alt_heap_start = end)
                0x0000000000020000                PROVIDE (__alt_heap_limit = 0x20000)
OUTPUT(SPI.elf elf32-littlenios2)

.debug_ranges   0x0000000000000000      0x3d0
 .debug_ranges  0x0000000000000000       0x20 ../SPI_bsp//obj/HAL/src/crt0.o
 .debug_ranges  0x0000000000000020       0xa8 obj/default/main.o
 .debug_ranges  0x00000000000000c8       0x70 /home/youlittleperson/intelFPGA_lite/20.1/nios2eds/bin/gnu/H-x86_64-pc-linux-gnu/bin/../lib/gcc/nios2-elf/9.2.1/mno-hw-mul/libgcc.a(lib2-divmod.o)
 .debug_ranges  0x0000000000000138       0x10 /home/youlittleperson/intelFPGA_lite/20.1/nios2eds/bin/gnu/H-x86_64-pc-linux-gnu/bin/../lib/gcc/nios2-elf/9.2.1/../../../../../H-x86_64-pc-linux-gnu/nios2-elf/lib/mno-hw-mul/libsmallc.a(lib_a-calloc.o)
 .debug_ranges  0x0000000000000148       0x18 /home/youlittleperson/intelFPGA_lite/20.1/nios2eds/bin/gnu/H-x86_64-pc-linux-gnu/bin/../lib/gcc/nios2-elf/9.2.1/../../../../../H-x86_64-pc-linux-gnu/nios2-elf/lib/mno-hw-mul/libsmallc.a(lib_a-malloc.o)
 .debug_ranges  0x0000000000000160       0x10 /home/youlittleperson/intelFPGA_lite/20.1/nios2eds/bin/gnu/H-x86_64-pc-linux-gnu/bin/../lib/gcc/nios2-elf/9.2.1/../../../../../H-x86_64-pc-linux-gnu/nios2-elf/lib/mno-hw-mul/libsmallc.a(lib_a-memcpy.o)
 .debug_ranges  0x0000000000000170       0x10 /home/youlittleperson/intelFPGA_lite/20.1/nios2eds/bin/gnu/H-x86_64-pc-linux-gnu/bin/../lib/gcc/nios2-elf/9.2.1/../../../../../H-x86_64-pc-linux-gnu/nios2-elf/lib/mno-hw-mul/libsmallc.a(lib_a-nano-callocr.o)
 .debug_ranges  0x0000000000000180       0x28 /home/youlittleperson/intelFPGA_lite/20.1/nios2eds/bin/gnu/H-x86_64-pc-linux-gnu/bin/../lib/gcc/nios2-elf/9.2.1/../../../../../H-x86_64-pc-linux-gnu/nios2-elf/lib/mno-hw-mul/libsmallc.a(lib_a-nano-freer.o)
 .debug_ranges  0x00000000000001a8       0x48 /home/youlittleperson/intelFPGA_lite/20.1/nios2eds/bin/gnu/H-x86_64-pc-linux-gnu/bin/../lib/gcc/nios2-elf/9.2.1/../../../../../H-x86_64-pc-linux-gnu/nios2-elf/lib/mno-hw-mul/libsmallc.a(lib_a-nano-mallocr.o)
 .debug_ranges  0x00000000000001f0       0x10 /home/youlittleperson/intelFPGA_lite/20.1/nios2eds/bin/gnu/H-x86_64-pc-linux-gnu/bin/../lib/gcc/nios2-elf/9.2.1/../../../../../H-x86_64-pc-linux-gnu/nios2-elf/lib/mno-hw-mul/libsmallc.a(lib_a-sbrkr.o)
 .debug_ranges  0x0000000000000200       0x10 /home/youlittleperson/intelFPGA_lite/20.1/nios2eds/bin/gnu/H-x86_64-pc-linux-gnu/bin/../lib/gcc/nios2-elf/9.2.1/../../../../../H-x86_64-pc-linux-gnu/nios2-elf/lib/mno-hw-mul/libsmallc.a(lib_a-memset.o)
 .debug_ranges  0x0000000000000210       0x30 ../SPI_bsp//libhal_bsp.a(alt_irq_register.o)
 .debug_ranges  0x0000000000000240       0xa0 ../SPI_bsp//libhal_bsp.a(alt_load.o)
 .debug_ranges  0x00000000000002e0       0x18 ../SPI_bsp//libhal_bsp.a(alt_sys_init.o)
 .debug_ranges  0x00000000000002f8       0x20 ../SPI_bsp//libhal_bsp.a(alt_dev_llist_insert.o)
 .debug_ranges  0x0000000000000318       0x28 ../SPI_bsp//libhal_bsp.a(alt_irq_entry.o)
 .debug_ranges  0x0000000000000340       0x28 ../SPI_bsp//libhal_bsp.a(alt_irq_handler.o)
 .debug_ranges  0x0000000000000368       0x30 ../SPI_bsp//libhal_bsp.a(alt_exception_entry.o)
 .debug_ranges  0x0000000000000398       0x18 ../SPI_bsp//libhal_bsp.a(alt_instruction_exception_entry.o)
 .debug_ranges  0x00000000000003b0       0x10 /home/youlittleperson/intelFPGA_lite/20.1/nios2eds/bin/gnu/H-x86_64-pc-linux-gnu/bin/../lib/gcc/nios2-elf/9.2.1/../../../../../H-x86_64-pc-linux-gnu/nios2-elf/lib/mno-hw-mul/libsmallc.a(lib_a-memcmp.o)
 .debug_ranges  0x00000000000003c0       0x10 /home/youlittleperson/intelFPGA_lite/20.1/nios2eds/bin/gnu/H-x86_64-pc-linux-gnu/bin/../lib/gcc/nios2-elf/9.2.1/../../../../../H-x86_64-pc-linux-gnu/nios2-elf/lib/mno-hw-mul/libsmallc.a(lib_a-strlen.o)
