Archive member included to satisfy reference by file (symbol)

/home/youlittleperson/intelFPGA_lite/20.1/nios2eds/bin/gnu/H-x86_64-pc-linux-gnu/bin/../lib/gcc/nios2-elf/9.2.1/mno-hw-mul/libgcc.a(lib2-divmod.o)
                              obj/default/main.o (__divsi3)
/home/youlittleperson/intelFPGA_lite/20.1/nios2eds/bin/gnu/H-x86_64-pc-linux-gnu/bin/../lib/gcc/nios2-elf/9.2.1/mno-hw-mul/libgcc.a(lib2-mul.o)
                              obj/default/main.o (__mulsi3)
/home/youlittleperson/intelFPGA_lite/20.1/nios2eds/bin/gnu/H-x86_64-pc-linux-gnu/bin/../lib/gcc/nios2-elf/9.2.1/../../../../../H-x86_64-pc-linux-gnu/nios2-elf/lib/mno-hw-mul/libsmallc.a(lib_a-calloc.o)
                              obj/default/main.o (calloc)
/home/youlittleperson/intelFPGA_lite/20.1/nios2eds/bin/gnu/H-x86_64-pc-linux-gnu/bin/../lib/gcc/nios2-elf/9.2.1/../../../../../H-x86_64-pc-linux-gnu/nios2-elf/lib/mno-hw-mul/libsmallc.a(lib_a-impure.o)
                              /home/youlittleperson/intelFPGA_lite/20.1/nios2eds/bin/gnu/H-x86_64-pc-linux-gnu/bin/../lib/gcc/nios2-elf/9.2.1/../../../../../H-x86_64-pc-linux-gnu/nios2-elf/lib/mno-hw-mul/libsmallc.a(lib_a-calloc.o) (_impure_ptr)
/home/youlittleperson/intelFPGA_lite/20.1/nios2eds/bin/gnu/H-x86_64-pc-linux-gnu/bin/../lib/gcc/nios2-elf/9.2.1/../../../../../H-x86_64-pc-linux-gnu/nios2-elf/lib/mno-hw-mul/libsmallc.a(lib_a-malloc.o)
                              obj/default/main.o (malloc)
/home/youlittleperson/intelFPGA_lite/20.1/nios2eds/bin/gnu/H-x86_64-pc-linux-gnu/bin/../lib/gcc/nios2-elf/9.2.1/../../../../../H-x86_64-pc-linux-gnu/nios2-elf/lib/mno-hw-mul/libsmallc.a(lib_a-memcpy.o)
                              obj/default/main.o (memcpy)
/home/youlittleperson/intelFPGA_lite/20.1/nios2eds/bin/gnu/H-x86_64-pc-linux-gnu/bin/../lib/gcc/nios2-elf/9.2.1/../../../../../H-x86_64-pc-linux-gnu/nios2-elf/lib/mno-hw-mul/libsmallc.a(lib_a-memset.o)
                              obj/default/main.o (memset)
/home/youlittleperson/intelFPGA_lite/20.1/nios2eds/bin/gnu/H-x86_64-pc-linux-gnu/bin/../lib/gcc/nios2-elf/9.2.1/../../../../../H-x86_64-pc-linux-gnu/nios2-elf/lib/mno-hw-mul/libsmallc.a(lib_a-nano-callocr.o)
                              /home/youlittleperson/intelFPGA_lite/20.1/nios2eds/bin/gnu/H-x86_64-pc-linux-gnu/bin/../lib/gcc/nios2-elf/9.2.1/../../../../../H-x86_64-pc-linux-gnu/nios2-elf/lib/mno-hw-mul/libsmallc.a(lib_a-calloc.o) (_calloc_r)
/home/youlittleperson/intelFPGA_lite/20.1/nios2eds/bin/gnu/H-x86_64-pc-linux-gnu/bin/../lib/gcc/nios2-elf/9.2.1/../../../../../H-x86_64-pc-linux-gnu/nios2-elf/lib/mno-hw-mul/libsmallc.a(lib_a-nano-freer.o)
                              /home/youlittleperson/intelFPGA_lite/20.1/nios2eds/bin/gnu/H-x86_64-pc-linux-gnu/bin/../lib/gcc/nios2-elf/9.2.1/../../../../../H-x86_64-pc-linux-gnu/nios2-elf/lib/mno-hw-mul/libsmallc.a(lib_a-malloc.o) (_free_r)
/home/youlittleperson/intelFPGA_lite/20.1/nios2eds/bin/gnu/H-x86_64-pc-linux-gnu/bin/../lib/gcc/nios2-elf/9.2.1/../../../../../H-x86_64-pc-linux-gnu/nios2-elf/lib/mno-hw-mul/libsmallc.a(lib_a-nano-mallocr.o)
                              /home/youlittleperson/intelFPGA_lite/20.1/nios2eds/bin/gnu/H-x86_64-pc-linux-gnu/bin/../lib/gcc/nios2-elf/9.2.1/../../../../../H-x86_64-pc-linux-gnu/nios2-elf/lib/mno-hw-mul/libsmallc.a(lib_a-malloc.o) (_malloc_r)
/home/youlittleperson/intelFPGA_lite/20.1/nios2eds/bin/gnu/H-x86_64-pc-linux-gnu/bin/../lib/gcc/nios2-elf/9.2.1/../../../../../H-x86_64-pc-linux-gnu/nios2-elf/lib/mno-hw-mul/libsmallc.a(lib_a-printf.o)
                              obj/default/main.o (printf)
/home/youlittleperson/intelFPGA_lite/20.1/nios2eds/bin/gnu/H-x86_64-pc-linux-gnu/bin/../lib/gcc/nios2-elf/9.2.1/../../../../../H-x86_64-pc-linux-gnu/nios2-elf/lib/mno-hw-mul/libsmallc.a(lib_a-putchar.o)
                              obj/default/main.o (putchar)
/home/youlittleperson/intelFPGA_lite/20.1/nios2eds/bin/gnu/H-x86_64-pc-linux-gnu/bin/../lib/gcc/nios2-elf/9.2.1/../../../../../H-x86_64-pc-linux-gnu/nios2-elf/lib/mno-hw-mul/libsmallc.a(lib_a-sbrkr.o)
                              /home/youlittleperson/intelFPGA_lite/20.1/nios2eds/bin/gnu/H-x86_64-pc-linux-gnu/bin/../lib/gcc/nios2-elf/9.2.1/../../../../../H-x86_64-pc-linux-gnu/nios2-elf/lib/mno-hw-mul/libsmallc.a(lib_a-nano-mallocr.o) (_sbrk_r)
/home/youlittleperson/intelFPGA_lite/20.1/nios2eds/bin/gnu/H-x86_64-pc-linux-gnu/bin/../lib/gcc/nios2-elf/9.2.1/../../../../../H-x86_64-pc-linux-gnu/nios2-elf/lib/mno-hw-mul/libsmallc.a(lib_a-vfprintf.o)
                              /home/youlittleperson/intelFPGA_lite/20.1/nios2eds/bin/gnu/H-x86_64-pc-linux-gnu/bin/../lib/gcc/nios2-elf/9.2.1/../../../../../H-x86_64-pc-linux-gnu/nios2-elf/lib/mno-hw-mul/libsmallc.a(lib_a-printf.o) (___vfprintf_internal_r)
/home/youlittleperson/intelFPGA_lite/20.1/nios2eds/bin/gnu/H-x86_64-pc-linux-gnu/bin/../lib/gcc/nios2-elf/9.2.1/../../../../../H-x86_64-pc-linux-gnu/nios2-elf/lib/mno-hw-mul/libsmallc.a(lib_a-fvwrite_small_dev.o)
[...]
Memory Configuration

Name             Origin             Length             Attributes
reset            0x0000000000010000 0x0000000000000020
onchip_memory    0x0000000000010020 0x000000000000ffe0
*default*        0x0000000000000000 0xffffffffffffffff

Linker script and memory map

LOAD ../SPI_bsp//obj/HAL/src/crt0.o
LOAD obj/default/main.o
LOAD /home/youlittleperson/intelFPGA_lite/20.1/nios2eds/bin/gnu/H-x86_64-pc-linux-gnu/bin/../lib/gcc/nios2-elf/9.2.1/../../../../../H-x86_64-pc-linux-gnu/nios2-elf/lib/mno-hw-mul/libstdc++.a
LOAD /home/youlittleperson/intelFPGA_lite/20.1/nios2eds/bin/gnu/H-x86_64-pc-linux-gnu/bin/../lib/gcc/nios2-elf/9.2.1/../../../../../H-x86_64-pc-linux-gnu/nios2-elf/lib/mno-hw-mul/libm.a
LOAD /home/youlittleperson/intelFPGA_lite/20.1/nios2eds/bin/gnu/H-x86_64-pc-linux-gnu/bin/../lib/gcc/nios2-elf/9.2.1/mno-hw-mul/libgcc.a
START GROUP
LOAD /home/youlittleperson/intelFPGA_lite/20.1/nios2eds/bin/gnu/H-x86_64-pc-linux-gnu/bin/../lib/gcc/nios2-elf/9.2.1/../../../../../H-x86_64-pc-linux-gnu/nios2-elf/lib/mno-hw-mul/libsmallc.a
LOAD /home/youlittleperson/intelFPGA_lite/20.1/nios2eds/bin/gnu/H-x86_64-pc-linux-gnu/bin/../lib/gcc/nios2-elf/9.2.1/mno-hw-mul/libgcc.a
LOAD ../SPI_bsp//libhal_bsp.a
LOAD /home/youlittleperson/intelFPGA_lite/20.1/nios2eds/bin/gnu/H-x86_64-pc-linux-gnu/bin/../lib/gcc/nios2-elf/9.2.1/../../../../../H-x86_64-pc-linux-gnu/nios2-elf/lib/mno-hw-mul/libm.a
END GROUP
LOAD /home/youlittleperson/intelFPGA_lite/20.1/nios2eds/bin/gnu/H-x86_64-pc-linux-gnu/bin/../lib/gcc/nios2-elf/9.2.1/mno-hw-mul/libgcc.a
                0x0000000000010000                __alt_mem_onchip_memory = 0x10000

.entry          0x0000000000010000       0x20
 *(.entry)
 .entry         0x0000000000010000       0x20 ../SPI_bsp//obj/HAL/src/crt0.o
                0x0000000000010000                __reset
                0x000000000001000c                _exit

.exceptions     0x0000000000010020      0x160
                0x0000000000010020                PROVIDE (__ram_exceptions_start = ABSOLUTE (.))
                0x0000000000010020                . = ALIGN (0x20)
 *(.irq)
 *(.exceptions.entry.label)
 .exceptions.entry.label
                0x0000000000010020        0x0 ../SPI_bsp//libhal_bsp.a(alt_irq_entry.o)
                0x0000000000010020                alt_irq_entry
 .exceptions.entry.label
                0x0000000000010020        0x0 ../SPI_bsp//libhal_bsp.a(alt_exception_entry.o)
                0x0000000000010020                alt_exception
 *(.exceptions.entry.user)
 *(.exceptions.entry.ecc_fatal)
 *(.exceptions.entry)
 .exceptions.entry
                0x0000000000010020       0x54 ../SPI_bsp//libhal_bsp.a(alt_exception_entry.o)
 *(.exceptions.irqtest.user)
 *(.exceptions.irqtest)
 .exceptions.irqtest
                0x0000000000010074       0x10 ../SPI_bsp//libhal_bsp.a(alt_irq_entry.o)
 *(.exceptions.irqhandler.user)
 *(.exceptions.irqhandler)
 .exceptions.irqhandler
                0x0000000000010084        0x4 ../SPI_bsp//libhal_bsp.a(alt_irq_entry.o)
 *(.exceptions.irqreturn.user)
 *(.exceptions.irqreturn)
 .exceptions.irqreturn
                0x0000000000010088        0x4 ../SPI_bsp//libhal_bsp.a(alt_irq_entry.o)
 *(.exceptions.notirq.label)
 .exceptions.notirq.label
                0x000000000001008c        0x0 ../SPI_bsp//libhal_bsp.a(alt_irq_entry.o)
 *(.exceptions.notirq.user)
 *(.exceptions.notirq)
 .exceptions.notirq
                0x000000000001008c        0x8 ../SPI_bsp//libhal_bsp.a(alt_exception_entry.o)
 *(.exceptions.soft.user)
 *(.exceptions.soft)
 *(.exceptions.unknown.user)
 *(.exceptions.unknown)
 .exceptions.unknown
                0x0000000000010094       0x14 ../SPI_bsp//libhal_bsp.a(alt_exception_entry.o)
 *(.exceptions.exit.label)
 .exceptions.exit.label
                0x00000000000100a8        0x0 ../SPI_bsp//libhal_bsp.a(alt_irq_entry.o)
 .exceptions.exit.label
                0x00000000000100a8        0x0 ../SPI_bsp//libhal_bsp.a(alt_exception_entry.o)
 *(.exceptions.exit.user)
 *(.exceptions.exit)
 .exceptions.exit
                0x00000000000100a8       0x54 ../SPI_bsp//libhal_bsp.a(alt_exception_entry.o)
 *(.exceptions)
 .exceptions    0x00000000000100fc       0x60 ../SPI_bsp//libhal_bsp.a(alt_irq_handler.o)
                0x00000000000100fc                alt_irq_handler
 .exceptions    0x000000000001015c       0x24 ../SPI_bsp//libhal_bsp.a(alt_instruction_exception_entry.o)
                0x000000000001015c                alt_instruction_exception_entry
                0x0000000000010180                PROVIDE (__ram_exceptions_end = ABSOLUTE (.))
                0x0000000000010020                PROVIDE (__flash_exceptions_start = LOADADDR (.exceptions))

.text           0x0000000000010180     0x1be0
                [!provide]                        PROVIDE (stext = ABSOLUTE (.))
 *(.interp)
 *(.hash)
 *(.dynsym)
 *(.dynstr)
 *(.gnu.version)
 *(.gnu.version_d)
 *(.gnu.version_r)
 *(.rel.init)
 *(.rela.init)
 *(.rel.text .rel.text.* .rel.gnu.linkonce.t.*)
 *(.rela.text .rela.text.* .rela.gnu.linkonce.t.*)
 *(.rel.fini)
 *(.rela.fini)
 *(.rel.rodata .rel.rodata.* .rel.gnu.linkonce.r.*)
 *(.rela.rodata .rela.rodata.* .rela.gnu.linkonce.r.*)
 *(.rel.data .rel.data.* .rel.gnu.linkonce.d.*)
 *(.rela.data .rela.data.* .rela.gnu.linkonce.d.*)
 *(.rel.tdata .rel.tdata.* .rel.gnu.linkonce.td.*)
 *(.rela.tdata .rela.tdata.* .rela.gnu.linkonce.td.*)
 *(.rel.tbss .rel.tbss.* .rel.gnu.linkonce.tb.*)
 *(.rela.tbss .rela.tbss.* .rela.gnu.linkonce.tb.*)
 *(.rel.ctors)
 *(.rela.ctors)
 *(.rel.dtors)
 *(.rela.dtors)
 *(.rel.got)
 *(.rela.got)
 *(.rel.sdata .rel.sdata.* .rel.gnu.linkonce.s.*)
 *(.rela.sdata .rela.sdata.* .rela.gnu.linkonce.s.*)
 *(.rel.sbss .rel.sbss.* .rel.gnu.linkonce.sb.*)
 *(.rela.sbss .rela.sbss.* .rela.gnu.linkonce.sb.*)
 *(.rel.sdata2 .rel.sdata2.* .rel.gnu.linkonce.s2.*)
 *(.rela.sdata2 .rela.sdata2.* .rela.gnu.linkonce.s2.*)
 *(.rel.sbss2 .rel.sbss2.* .rel.gnu.linkonce.sb2.*)
 *(.rela.sbss2 .rela.sbss2.* .rela.gnu.linkonce.sb2.*)
 *(.rel.bss .rel.bss.* .rel.gnu.linkonce.b.*)
 *(.rela.bss .rela.bss.* .rela.gnu.linkonce.b.*)
 *(.rel.plt)
 *(.rela.plt)
 *(.rel.dyn)
 *(.init)
 *(.plt)
 *(.text .stub .text.* .gnu.linkonce.t.*)
 .text          0x0000000000010180       0x3c ../SPI_bsp//obj/HAL/src/crt0.o
                0x0000000000010180                _start
 .text          0x00000000000101bc      0x4b8 obj/default/main.o
                0x00000000000101bc                accelerometer_isr
                0x00000000000102bc                timer_0_init
                0x00000000000102ec                timer_1_init
                0x0000000000010340                compare_strings
                0x0000000000010378                readText
                0x000000000001049c                print7seg
                0x00000000000104d4                getBin
                0x00000000000104fc                updateTextISR
 .text.startup  0x0000000000010674       0xcc obj/default/main.o
                0x0000000000010674                main
 .text          0x0000000000010740      0x1b4 /home/youlittleperson/intelFPGA_lite/20.1/nios2eds/bin/gnu/H-x86_64-pc-linux-gnu/bin/../lib/gcc/nios2-elf/9.2.1/mno-hw-mul/libgcc.a(lib2-divmod.o)
                0x0000000000010740                __divsi3
                0x00000000000107c0                __modsi3
                0x0000000000010834                __udivsi3
                0x0000000000010898                __umodsi3
 .text          0x00000000000108f4       0x28 /home/youlittleperson/intelFPGA_lite/20.1/nios2eds/bin/gnu/H-x86_64-pc-linux-gnu/bin/../lib/gcc/nios2-elf/9.2.1/mno-hw-mul/libgcc.a(lib2-mul.o)
                0x00000000000108f4                __mulsi3
 .text          0x000000000001091c        0x0 /home/youlittleperson/intelFPGA_lite/20.1/nios2eds/bin/gnu/H-x86_64-pc-linux-gnu/bin/../lib/gcc/nios2-elf/9.2.1/../../../../../H-x86_64-pc-linux-gnu/nios2-elf/lib/mno-hw-mul/libsmallc.a(lib_a-calloc.o)
 .text.calloc   0x000000000001091c       0x14 /home/youlittleperson/intelFPGA_lite/20.1/nios2eds/bin/gnu/H-x86_64-pc-linux-gnu/bin/../lib/gcc/nios2-elf/9.2.1/../../../../../H-x86_64-pc-linux-gnu/nios2-elf/lib/mno-hw-mul/libsmallc.a(lib_a-calloc.o)
                0x000000000001091c                calloc
 .text          0x0000000000010930        0x0 /home/youlittleperson/intelFPGA_lite/20.1/nios2eds/bin/gnu/H-x86_64-pc-linux-gnu/bin/../lib/gcc/nios2-elf/9.2.1/../../../../../H-x86_64-pc-linux-gnu/nios2-elf/lib/mno-hw-mul/libsmallc.a(lib_a-impure.o)
 .text          0x0000000000010930        0x0 /home/youlittleperson/intelFPGA_lite/20.1/nios2eds/bin/gnu/H-x86_64-pc-linux-gnu/bin/../lib/gcc/nios2-elf/9.2.1/../../../../../H-x86_64-pc-linux-gnu/nios2-elf/lib/mno-hw-mul/libsmallc.a(lib_a-malloc.o)
 .text.malloc   0x0000000000010930       0x10 /home/youlittleperson/intelFPGA_lite/20.1/nios2eds/bin/gnu/H-x86_64-pc-linux-gnu/bin/../lib/gcc/nios2-elf/9.2.1/../../../../../H-x86_64-pc-linux-gnu/nios2-elf/lib/mno-hw-mul/libsmallc.a(lib_a-malloc.o)
                0x0000000000010930                malloc
 .text.free     0x0000000000010940       0x10 /home/youlittleperson/intelFPGA_lite/20.1/nios2eds/bin/gnu/H-x86_64-pc-linux-gnu/bin/../lib/gcc/nios2-elf/9.2.1/../../../../../H-x86_64-pc-linux-gnu/nios2-elf/lib/mno-hw-mul/libsmallc.a(lib_a-malloc.o)
                0x0000000000010940                free
 .text          0x0000000000010950        0x0 /home/youlittleperson/intelFPGA_lite/20.1/nios2eds/bin/gnu/H-x86_64-pc-linux-gnu/bin/../lib/gcc/nios2-elf/9.2.1/../../../../../H-x86_64-pc-linux-gnu/nios2-elf/lib/mno-hw-mul/libsmallc.a(lib_a-memcpy.o)
 .text.memcpy   0x0000000000010950       0x28 /home/youlittleperson/intelFPGA_lite/20.1/nios2eds/bin/gnu/H-x86_64-pc-linux-gnu/bin/../lib/gcc/nios2-elf/9.2.1/../../../../../H-x86_64-pc-linux-gnu/nios2-elf/lib/mno-hw-mul/libsmallc.a(lib_a-memcpy.o)
                0x0000000000010950                memcpy
 .text          0x0000000000010978        0x0 /home/youlittleperson/intelFPGA_lite/20.1/nios2eds/bin/gnu/H-x86_64-pc-linux-gnu/bin/../lib/gcc/nios2-elf/9.2.1/../../../../../H-x86_64-pc-linux-gnu/nios2-elf/lib/mno-hw-mul/libsmallc.a(lib_a-memset.o)
 .text.memset   0x0000000000010978       0x20 /home/youlittleperson/intelFPGA_lite/20.1/nios2eds/bin/gnu/H-x86_64-pc-linux-gnu/bin/../lib/gcc/nios2-elf/9.2.1/../../../../../H-x86_64-pc-linux-gnu/nios2-elf/lib/mno-hw-mul/libsmallc.a(lib_a-memset.o)
                0x0000000000010978                memset
 .text          0x0000000000010998        0x0 /home/youlittleperson/intelFPGA_lite/20.1/nios2eds/bin/gnu/H-x86_64-pc-linux-gnu/bin/../lib/gcc/nios2-elf/9.2.1/../../../../../H-x86_64-pc-linux-gnu/nios2-elf/lib/mno-hw-mul/libsmallc.a(lib_a-nano-callocr.o)
 .text._calloc_r
                0x0000000000010998       0x60 /home/youlittleperson/intelFPGA_lite/20.1/nios2eds/bin/gnu/H-x86_64-pc-linux-gnu/bin/../lib/gcc/nios2-elf/9.2.1/../../../../../H-x86_64-pc-linux-gnu/nios2-elf/lib/mno-hw-mul/libsmallc.a(lib_a-nano-callocr.o)
                0x0000000000010998                _calloc_r
 .text          0x00000000000109f8        0x0 /home/youlittleperson/intelFPGA_lite/20.1/nios2eds/bin/gnu/H-x86_64-pc-linux-gnu/bin/../lib/gcc/nios2-elf/9.2.1/../../../../../H-x86_64-pc-linux-gnu/nios2-elf/lib/mno-hw-mul/libsmallc.a(lib_a-nano-freer.o)
 .text._free_r  0x00000000000109f8      0x100 /home/youlittleperson/intelFPGA_lite/20.1/nios2eds/bin/gnu/H-x86_64-pc-linux-gnu/bin/../lib/gcc/nios2-elf/9.2.1/../../../../../H-x86_64-pc-linux-gnu/nios2-elf/lib/mno-hw-mul/libsmallc.a(lib_a-nano-freer.o)
                0x00000000000109f8                _free_r
 .text          0x0000000000010af8        0x0 /home/youlittleperson/intelFPGA_lite/20.1/nios2eds/bin/gnu/H-x86_64-pc-linux-gnu/bin/../lib/gcc/nios2-elf/9.2.1/../../../../../H-x86_64-pc-linux-gnu/nios2-elf/lib/mno-hw-mul/libsmallc.a(lib_a-nano-mallocr.o)
 .text._malloc_r
                0x0000000000010af8      0x164 /home/youlittleperson/intelFPGA_lite/20.1/nios2eds/bin/gnu/H-x86_64-pc-linux-gnu/bin/../lib/gcc/nios2-elf/9.2.1/../../../../../H-x86_64-pc-linux-gnu/nios2-elf/lib/mno-hw-mul/libsmallc.a(lib_a-nano-mallocr.o)
                0x0000000000010af8                _malloc_r
 .text          0x0000000000010c5c        0x0 /home/youlittleperson/intelFPGA_lite/20.1/nios2eds/bin/gnu/H-x86_64-pc-linux-gnu/bin/../lib/gcc/nios2-elf/9.2.1/../../../../../H-x86_64-pc-linux-gnu/nios2-elf/lib/mno-hw-mul/libsmallc.a(lib_a-printf.o)
 .text._printf_r
                0x0000000000010c5c       0x3c /home/youlittleperson/intelFPGA_lite/20.1/nios2eds/bin/gnu/H-x86_64-pc-linux-gnu/bin/../lib/gcc/nios2-elf/9.2.1/../../../../../H-x86_64-pc-linux-gnu/nios2-elf/lib/mno-hw-mul/libsmallc.a(lib_a-printf.o)
                0x0000000000010c5c                _printf_r
 .text.printf   0x0000000000010c98       0x48 /home/youlittleperson/intelFPGA_lite/20.1/nios2eds/bin/gnu/H-x86_64-pc-linux-gnu/bin/../lib/gcc/nios2-elf/9.2.1/../../../../../H-x86_64-pc-linux-gnu/nios2-elf/lib/mno-hw-mul/libsmallc.a(lib_a-printf.o)
                0x0000000000010c98                printf
 .text          0x0000000000010ce0        0x0 /home/youlittleperson/intelFPGA_lite/20.1/nios2eds/bin/gnu/H-x86_64-pc-linux-gnu/bin/../lib/gcc/nios2-elf/9.2.1/../../../../../H-x86_64-pc-linux-gnu/nios2-elf/lib/mno-hw-mul/libsmallc.a(lib_a-putchar.o)
 .text._putchar_r
                0x0000000000010ce0        0x8 /home/youlittleperson/intelFPGA_lite/20.1/nios2eds/bin/gnu/H-x86_64-pc-linux-gnu/bin/../lib/gcc/nios2-elf/9.2.1/../../../../../H-x86_64-pc-linux-gnu/nios2-elf/lib/mno-hw-mul/libsmallc.a(lib_a-putchar.o)
                0x0000000000010ce0                _putchar_r
 .text.putchar  0x0000000000010ce8       0x1c /home/youlittleperson/intelFPGA_lite/20.1/nios2eds/bin/gnu/H-x86_64-pc-linux-gnu/bin/../lib/gcc/nios2-elf/9.2.1/../../../../../H-x86_64-pc-linux-gnu/nios2-elf/lib/mno-hw-mul/libsmallc.a(lib_a-putchar.o)
                0x0000000000010ce8                putchar
 .text          0x0000000000010d04        0x0 /home/youlittleperson/intelFPGA_lite/20.1/nios2eds/bin/gnu/H-x86_64-pc-linux-gnu/bin/../lib/gcc/nios2-elf/9.2.1/../../../../../H-x86_64-pc-linux-gnu/nios2-elf/lib/mno-hw-mul/libsmallc.a(lib_a-sbrkr.o)
 .text._sbrk_r  0x0000000000010d04       0x48 /home/youlittleperson/intelFPGA_lite/20.1/nios2eds/bin/gnu/H-x86_64-pc-linux-gnu/bin/../lib/gcc/nios2-elf/9.2.1/../../../../../H-x86_64-pc-linux-gnu/nios2-elf/lib/mno-hw-mul/libsmallc.a(lib_a-sbrkr.o)
                0x0000000000010d04                _sbrk_r
 .text          0x0000000000010d4c        0x0 /home/youlittleperson/intelFPGA_lite/20.1/nios2eds/bin/gnu/H-x86_64-pc-linux-gnu/bin/../lib/gcc/nios2-elf/9.2.1/../../../../../H-x86_64-pc-linux-gnu/nios2-elf/lib/mno-hw-mul/libsmallc.a(lib_a-vfprintf.o)
 .text.print_repeat
                0x0000000000010d4c       0x6c /home/youlittleperson/intelFPGA_lite/20.1/nios2eds/bin/gnu/H-x86_64-pc-linux-gnu/bin/../lib/gcc/nios2-elf/9.2.1/../../../../../H-x86_64-pc-linux-gnu/nios2-elf/lib/mno-hw-mul/libsmallc.a(lib_a-vfprintf.o)
 .text.___vfprintf_internal_r
                0x0000000000010db8      0x528 /home/youlittleperson/intelFPGA_lite/20.1/nios2eds/bin/gnu/H-x86_64-pc-linux-gnu/bin/../lib/gcc/nios2-elf/9.2.1/../../../../../H-x86_64-pc-linux-gnu/nios2-elf/lib/mno-hw-mul/libsmallc.a(lib_a-vfprintf.o)
                0x0000000000010db8                ___vfprintf_internal_r
 .text.__vfprintf_internal
                0x00000000000112e0       0x18 /home/youlittleperson/intelFPGA_lite/20.1/nios2eds/bin/gnu/H-x86_64-pc-linux-gnu/bin/../lib/gcc/nios2-elf/9.2.1/../../../../../H-x86_64-pc-linux-gnu/nios2-elf/lib/mno-hw-mul/libsmallc.a(lib_a-vfprintf.o)
                0x00000000000112e0                __vfprintf_internal
 .text          0x00000000000112f8        0x0 /home/youlittleperson/intelFPGA_lite/20.1/nios2eds/bin/gnu/H-x86_64-pc-linux-gnu/bin/../lib/gcc/nios2-elf/9.2.1/../../../../../H-x86_64-pc-linux-gnu/nios2-elf/lib/mno-hw-mul/libsmallc.a(lib_a-fvwrite_small_dev.o)
 .text.__sfvwrite_small_dev
                0x00000000000112f8       0xa8 /home/youlittleperson/intelFPGA_lite/20.1/nios2eds/bin/gnu/H-x86_64-pc-linux-gnu/bin/../lib/gcc/nios2-elf/9.2.1/../../../../../H-x86_64-pc-linux-gnu/nios2-elf/lib/mno-hw-mul/libsmallc.a(lib_a-fvwrite_small_dev.o)
                0x00000000000112f8                __sfvwrite_small_dev
 .text          0x00000000000113a0        0x0 /home/youlittleperson/intelFPGA_lite/20.1/nios2eds/bin/gnu/H-x86_64-pc-linux-gnu/bin/../lib/gcc/nios2-elf/9.2.1/../../../../../H-x86_64-pc-linux-gnu/nios2-elf/lib/mno-hw-mul/libsmallc.a(lib_a-int_errno.o)
 .text          0x00000000000113a0        0x0 /home/youlittleperson/intelFPGA_lite/20.1/nios2eds/bin/gnu/H-x86_64-pc-linux-gnu/bin/../lib/gcc/nios2-elf/9.2.1/../../../../../H-x86_64-pc-linux-gnu/nios2-elf/lib/mno-hw-mul/libsmallc.a(lib_a-putc.o)
 .text.putc     0x00000000000113a0       0x50 /home/youlittleperson/intelFPGA_lite/20.1/nios2eds/bin/gnu/H-x86_64-pc-linux-gnu/bin/../lib/gcc/nios2-elf/9.2.1/../../../../../H-x86_64-pc-linux-gnu/nios2-elf/lib/mno-hw-mul/libsmallc.a(lib_a-putc.o)
                0x00000000000113a0                putc
 .text._putc_r  0x00000000000113f0       0x54 /home/youlittleperson/intelFPGA_lite/20.1/nios2eds/bin/gnu/H-x86_64-pc-linux-gnu/bin/../lib/gcc/nios2-elf/9.2.1/../../../../../H-x86_64-pc-linux-gnu/nios2-elf/lib/mno-hw-mul/libsmallc.a(lib_a-putc.o)
                0x00000000000113f0                _putc_r
 .text          0x0000000000011444        0x0 /home/youlittleperson/intelFPGA_lite/20.1/nios2eds/bin/gnu/H-x86_64-pc-linux-gnu/bin/../lib/gcc/nios2-elf/9.2.1/../../../../../H-x86_64-pc-linux-gnu/nios2-elf/lib/mno-hw-mul/libsmallc.a(lib_a-strlen.o)
 .text.strlen   0x0000000000011444       0x1c /home/youlittleperson/intelFPGA_lite/20.1/nios2eds/bin/gnu/H-x86_64-pc-linux-gnu/bin/../lib/gcc/nios2-elf/9.2.1/../../../../../H-x86_64-pc-linux-gnu/nios2-elf/lib/mno-hw-mul/libsmallc.a(lib_a-strlen.o)
                0x0000000000011444                strlen
 .text          0x0000000000011460        0x0 /home/youlittleperson/intelFPGA_lite/20.1/nios2eds/bin/gnu/H-x86_64-pc-linux-gnu/bin/../lib/gcc/nios2-elf/9.2.1/../../../../../H-x86_64-pc-linux-gnu/nios2-elf/lib/mno-hw-mul/libsmallc.a(lib_a-writer.o)
 .text._write_r
                0x0000000000011460       0x50 /home/youlittleperson/intelFPGA_lite/20.1/nios2eds/bin/gnu/H-x86_64-pc-linux-gnu/bin/../lib/gcc/nios2-elf/9.2.1/../../../../../H-x86_64-pc-linux-gnu/nios2-elf/lib/mno-hw-mul/libsmallc.a(lib_a-writer.o)
                0x0000000000011460                _write_r
 .text          0x00000000000114b0       0x40 ../SPI_bsp//libhal_bsp.a(alt_getchar.o)
                0x00000000000114b0                alt_getchar
 .text          0x00000000000114f0       0x90 ../SPI_bsp//libhal_bsp.a(alt_irq_register.o)
                0x00000000000114f0                alt_irq_register
 .text          0x0000000000011580        0x0 ../SPI_bsp//libhal_bsp.a(alt_irq_vars.o)
 .text          0x0000000000011580       0xb4 ../SPI_bsp//libhal_bsp.a(alt_load.o)
                0x0000000000011580                alt_load
 .text          0x0000000000011634       0x2c ../SPI_bsp//libhal_bsp.a(alt_main.o)
                0x0000000000011634                alt_main
 .text          0x0000000000011660        0x8 ../SPI_bsp//libhal_bsp.a(alt_malloc_lock.o)
                0x0000000000011660                __malloc_lock
                0x0000000000011664                __malloc_unlock
 .text          0x0000000000011668      0x140 ../SPI_bsp//libhal_bsp.a(alt_printf.o)
                0x0000000000011668                alt_printf
 .text          0x00000000000117a8       0x4c ../SPI_bsp//libhal_bsp.a(alt_putchar.o)
                0x00000000000117a8                alt_putchar
 .text          0x00000000000117f4       0x38 ../SPI_bsp//libhal_bsp.a(alt_putstr.o)
                0x00000000000117f4                alt_putstr
 .text          0x000000000001182c       0x4c ../SPI_bsp//libhal_bsp.a(alt_sbrk.o)
                0x000000000001182c                sbrk
 .text          0x0000000000011878       0x5c ../SPI_bsp//libhal_bsp.a(alt_write.o)
                0x0000000000011878                write
 .text          0x00000000000118d4       0x30 ../SPI_bsp//libhal_bsp.a(alt_sys_init.o)
                0x00000000000118d4                alt_irq_init
                0x00000000000118f4                alt_sys_init
 .text          0x0000000000011904       0x58 ../SPI_bsp//libhal_bsp.a(altera_avalon_jtag_uart_read.o)
                0x0000000000011904                altera_avalon_jtag_uart_read
 .text          0x000000000001195c       0x30 ../SPI_bsp//libhal_bsp.a(altera_avalon_jtag_uart_write.o)
                0x000000000001195c                altera_avalon_jtag_uart_write
 .text          0x000000000001198c       0xd4 ../SPI_bsp//libhal_bsp.a(altera_avalon_spi.o)
                0x000000000001198c                alt_avalon_spi_command
 .text          0x0000000000011a60      0x16c ../SPI_bsp//libhal_bsp.a(altera_up_avalon_accelerometer_spi.o)
                0x0000000000011a60                alt_up_accelerometer_spi_open_dev
                0x0000000000011a68                alt_up_accelerometer_spi_read_address_register
                0x0000000000011a7c                alt_up_accelerometer_spi_read
                0x0000000000011a9c                alt_up_accelerometer_spi_write
                0x0000000000011ab8                alt_up_accelerometer_spi_read_x_axis
                0x0000000000011b14                alt_up_accelerometer_spi_read_y_axis
                0x0000000000011b70                alt_up_accelerometer_spi_read_z_axis
 .text          0x0000000000011bcc        0x4 ../SPI_bsp//libhal_bsp.a(alt_dcache_flush_all.o)
                0x0000000000011bcc                alt_dcache_flush_all
 .text          0x0000000000011bd0        0x8 ../SPI_bsp//libhal_bsp.a(alt_dev.o)
 .text          0x0000000000011bd8       0x6c ../SPI_bsp//libhal_bsp.a(alt_dev_llist_insert.o)
                0x0000000000011bd8                alt_dev_llist_insert
 .text          0x0000000000011c44        0x0 ../SPI_bsp//libhal_bsp.a(alt_errno.o)
 .text          0x0000000000011c44       0x70 ../SPI_bsp//libhal_bsp.a(alt_find_dev.o)
                0x0000000000011c44                alt_find_dev
 .text          0x0000000000011cb4        0x4 ../SPI_bsp//libhal_bsp.a(alt_icache_flush_all.o)
                0x0000000000011cb4                alt_icache_flush_all
 .text          0x0000000000011cb8        0x0 ../SPI_bsp//libhal_bsp.a(alt_irq_entry.o)
 .text          0x0000000000011cb8        0x0 ../SPI_bsp//libhal_bsp.a(alt_irq_handler.o)
 .text          0x0000000000011cb8        0x8 ../SPI_bsp//libhal_bsp.a(altera_nios2_gen2_irq.o)
                0x0000000000011cb8                altera_nios2_gen2_irq_init
 .text          0x0000000000011cc0        0x0 ../SPI_bsp//libhal_bsp.a(alt_exception_entry.o)
 .text          0x0000000000011cc0       0x70 ../SPI_bsp//libhal_bsp.a(alt_instruction_exception_entry.o)
                0x0000000000011cc0                alt_exception_cause_generated_bad_addr
 .text          0x0000000000011d30        0x0 /home/youlittleperson/intelFPGA_lite/20.1/nios2eds/bin/gnu/H-x86_64-pc-linux-gnu/bin/../lib/gcc/nios2-elf/9.2.1/../../../../../H-x86_64-pc-linux-gnu/nios2-elf/lib/mno-hw-mul/libsmallc.a(lib_a-memcmp.o)
 .text.memcmp   0x0000000000011d30       0x30 /home/youlittleperson/intelFPGA_lite/20.1/nios2eds/bin/gnu/H-x86_64-pc-linux-gnu/bin/../lib/gcc/nios2-elf/9.2.1/../../../../../H-x86_64-pc-linux-gnu/nios2-elf/lib/mno-hw-mul/libsmallc.a(lib_a-memcmp.o)
                0x0000000000011d30                memcmp
 *(.gnu.warning.*)
 *(.fini)
                [!provide]                        PROVIDE (__etext = ABSOLUTE (.))
                [!provide]                        PROVIDE (_etext = ABSOLUTE (.))
                [!provide]                        PROVIDE (etext = ABSOLUTE (.))
 *(.eh_frame_hdr)
                0x0000000000011d60                . = ALIGN (0x4)
                [!provide]                        PROVIDE (__preinit_array_start = ABSOLUTE (.))
 *(.preinit_array)
                [!provide]                        PROVIDE (__preinit_array_end = ABSOLUTE (.))
                [!provide]                        PROVIDE (__init_array_start = ABSOLUTE (.))
 *(.init_array)
                [!provide]                        PROVIDE (__init_array_end = ABSOLUTE (.))
                [!provide]                        PROVIDE (__fini_array_start = ABSOLUTE (.))
 *(.fini_array)
                [!provide]                        PROVIDE (__fini_array_end = ABSOLUTE (.))
 *(.eh_frame)
 *(.gcc_except_table .gcc_except_table.*)
 *(.dynamic)
                [!provide]                        PROVIDE (__CTOR_LIST__ = ABSOLUTE (.))
 *(.ctors)
 *(SORT_BY_NAME(.ctors.*))
                [!provide]                        PROVIDE (__CTOR_END__ = ABSOLUTE (.))
                [!provide]                        PROVIDE (__DTOR_LIST__ = ABSOLUTE (.))
 *(.dtors)
 *(SORT_BY_NAME(.dtors.*))
                [!provide]                        PROVIDE (__DTOR_END__ = ABSOLUTE (.))
 *(.jcr)
                0x0000000000011d60                . = ALIGN (0x4)

.rodata         0x0000000000011d60       0x78
                0x0000000000011d60                PROVIDE (__ram_rodata_start = ABSOLUTE (.))
                0x0000000000011d60                . = ALIGN (0x4)
 *(.rodata .rodata.* .gnu.linkonce.r.*)
 .rodata.str1.4
                0x0000000000011d60       0x3f obj/default/main.o
 .rodata        0x0000000000011d9f       0x2b obj/default/main.o
 .rodata.str1.4
                0x0000000000011dca       0x17 ../SPI_bsp//libhal_bsp.a(alt_sys_init.o)
 *fill*         0x0000000000011dca        0x2 
 .rodata.str1.4
                0x0000000000011dcc        0xc ../SPI_bsp//libhal_bsp.a(alt_dev.o)
                                          0xa (size before relaxing)
 *(.rodata1)
                0x0000000000011dd8                . = ALIGN (0x4)
                0x0000000000011dd8                PROVIDE (__ram_rodata_end = ABSOLUTE (.))
                0x0000000000011d60                PROVIDE (__flash_rodata_start = LOADADDR (.rodata))

.rwdata         0x0000000000011dd8      0x194 load address 0x0000000000011f6c
                0x0000000000011dd8                PROVIDE (__ram_rwdata_start = ABSOLUTE (.))
                0x0000000000011dd8                . = ALIGN (0x4)
 *(.got.plt)
 *(.got)
 *(.data1)
 *(.data .data.* .gnu.linkonce.d.*)
 .data          0x0000000000011dd8        0x0 ../SPI_bsp//obj/HAL/src/crt0.o
 .data          0x0000000000011dd8        0x0 obj/default/main.o
 .data          0x0000000000011dd8        0x0 /home/youlittleperson/intelFPGA_lite/20.1/nios2eds/bin/gnu/H-x86_64-pc-linux-gnu/bin/../lib/gcc/nios2-elf/9.2.1/mno-hw-mul/libgcc.a(lib2-divmod.o)
 .data          0x0000000000011dd8        0x0 /home/youlittleperson/intelFPGA_lite/20.1/nios2eds/bin/gnu/H-x86_64-pc-linux-gnu/bin/../lib/gcc/nios2-elf/9.2.1/mno-hw-mul/libgcc.a(lib2-mul.o)
 .data          0x0000000000011dd8        0x0 /home/youlittleperson/intelFPGA_lite/20.1/nios2eds/bin/gnu/H-x86_64-pc-linux-gnu/bin/../lib/gcc/nios2-elf/9.2.1/../../../../../H-x86_64-pc-linux-gnu/nios2-elf/lib/mno-hw-mul/libsmallc.a(lib_a-calloc.o)
 .data          0x0000000000011dd8        0x0 /home/youlittleperson/intelFPGA_lite/20.1/nios2eds/bin/gnu/H-x86_64-pc-linux-gnu/bin/../lib/gcc/nios2-elf/9.2.1/../../../../../H-x86_64-pc-linux-gnu/nios2-elf/lib/mno-hw-mul/libsmallc.a(lib_a-impure.o)
 .data.impure_data
                0x0000000000011dd8       0xe4 /home/youlittleperson/intelFPGA_lite/20.1/nios2eds/bin/gnu/H-x86_64-pc-linux-gnu/bin/../lib/gcc/nios2-elf/9.2.1/../../../../../H-x86_64-pc-linux-gnu/nios2-elf/lib/mno-hw-mul/libsmallc.a(lib_a-impure.o)
 .data          0x0000000000011ebc        0x0 /home/youlittleperson/intelFPGA_lite/20.1/nios2eds/bin/gnu/H-x86_64-pc-linux-gnu/bin/../lib/gcc/nios2-elf/9.2.1/../../../../../H-x86_64-pc-linux-gnu/nios2-elf/lib/mno-hw-mul/libsmallc.a(lib_a-malloc.o)
 .data          0x0000000000011ebc        0x0 /home/youlittleperson/intelFPGA_lite/20.1/nios2eds/bin/gnu/H-x86_64-pc-linux-gnu/bin/../lib/gcc/nios2-elf/9.2.1/../../../../../H-x86_64-pc-linux-gnu/nios2-elf/lib/mno-hw-mul/libsmallc.a(lib_a-memcpy.o)
 .data          0x0000000000011ebc        0x0 /home/youlittleperson/intelFPGA_lite/20.1/nios2eds/bin/gnu/H-x86_64-pc-linux-gnu/bin/../lib/gcc/nios2-elf/9.2.1/../../../../../H-x86_64-pc-linux-gnu/nios2-elf/lib/mno-hw-mul/libsmallc.a(lib_a-memset.o)
 .data          0x0000000000011ebc        0x0 /home/youlittleperson/intelFPGA_lite/20.1/nios2eds/bin/gnu/H-x86_64-pc-linux-gnu/bin/../lib/gcc/nios2-elf/9.2.1/../../../../../H-x86_64-pc-linux-gnu/nios2-elf/lib/mno-hw-mul/libsmallc.a(lib_a-nano-callocr.o)
 .data          0x0000000000011ebc        0x0 /home/youlittleperson/intelFPGA_lite/20.1/nios2eds/bin/gnu/H-x86_64-pc-linux-gnu/bin/../lib/gcc/nios2-elf/9.2.1/../../../../../H-x86_64-pc-linux-gnu/nios2-elf/lib/mno-hw-mul/libsmallc.a(lib_a-nano-freer.o)
 .data          0x0000000000011ebc        0x0 /home/youlittleperson/intelFPGA_lite/20.1/nios2eds/bin/gnu/H-x86_64-pc-linux-gnu/bin/../lib/gcc/nios2-elf/9.2.1/../../../../../H-x86_64-pc-linux-gnu/nios2-elf/lib/mno-hw-mul/libsmallc.a(lib_a-nano-mallocr.o)
 .data          0x0000000000011ebc        0x0 /home/youlittleperson/intelFPGA_lite/20.1/nios2eds/bin/gnu/H-x86_64-pc-linux-gnu/bin/../lib/gcc/nios2-elf/9.2.1/../../../../../H-x86_64-pc-linux-gnu/nios2-elf/lib/mno-hw-mul/libsmallc.a(lib_a-printf.o)
 .data          0x0000000000011ebc        0x0 /home/youlittleperson/intelFPGA_lite/20.1/nios2eds/bin/gnu/H-x86_64-pc-linux-gnu/bin/../lib/gcc/nios2-elf/9.2.1/../../../../../H-x86_64-pc-linux-gnu/nios2-elf/lib/mno-hw-mul/libsmallc.a(lib_a-putchar.o)
 .data          0x0000000000011ebc        0x0 /home/youlittleperson/intelFPGA_lite/20.1/nios2eds/bin/gnu/H-x86_64-pc-linux-gnu/bin/../lib/gcc/nios2-elf/9.2.1/../../../../../H-x86_64-pc-linux-gnu/nios2-elf/lib/mno-hw-mul/libsmallc.a(lib_a-sbrkr.o)
 .data          0x0000000000011ebc        0x0 /home/youlittleperson/intelFPGA_lite/20.1/nios2eds/bin/gnu/H-x86_64-pc-linux-gnu/bin/../lib/gcc/nios2-elf/9.2.1/../../../../../H-x86_64-pc-linux-gnu/nios2-elf/lib/mno-hw-mul/libsmallc.a(lib_a-vfprintf.o)
 .data          0x0000000000011ebc        0x0 /home/youlittleperson/intelFPGA_lite/20.1/nios2eds/bin/gnu/H-x86_64-pc-linux-gnu/bin/../lib/gcc/nios2-elf/9.2.1/../../../../../H-x86_64-pc-linux-gnu/nios2-elf/lib/mno-hw-mul/libsmallc.a(lib_a-fvwrite_small_dev.o)
 .data          0x0000000000011ebc        0x0 /home/youlittleperson/intelFPGA_lite/20.1/nios2eds/bin/gnu/H-x86_64-pc-linux-gnu/bin/../lib/gcc/nios2-elf/9.2.1/../../../../../H-x86_64-pc-linux-gnu/nios2-elf/lib/mno-hw-mul/libsmallc.a(lib_a-int_errno.o)
 .data          0x0000000000011ebc        0x0 /home/youlittleperson/intelFPGA_lite/20.1/nios2eds/bin/gnu/H-x86_64-pc-linux-gnu/bin/../lib/gcc/nios2-elf/9.2.1/../../../../../H-x86_64-pc-linux-gnu/nios2-elf/lib/mno-hw-mul/libsmallc.a(lib_a-putc.o)
 .data          0x0000000000011ebc        0x0 /home/youlittleperson/intelFPGA_lite/20.1/nios2eds/bin/gnu/H-x86_64-pc-linux-gnu/bin/../lib/gcc/nios2-elf/9.2.1/../../../../../H-x86_64-pc-linux-gnu/nios2-elf/lib/mno-hw-mul/libsmallc.a(lib_a-strlen.o)
 .data          0x0000000000011ebc        0x0 /home/youlittleperson/intelFPGA_lite/20.1/nios2eds/bin/gnu/H-x86_64-pc-linux-gnu/bin/../lib/gcc/nios2-elf/9.2.1/../../../../../H-x86_64-pc-linux-gnu/nios2-elf/lib/mno-hw-mul/libsmallc.a(lib_a-writer.o)
 .data          0x0000000000011ebc        0x0 ../SPI_bsp//libhal_bsp.a(alt_getchar.o)
 .data          0x0000000000011ebc        0x0 ../SPI_bsp//libhal_bsp.a(alt_irq_register.o)
 .data          0x0000000000011ebc        0x0 ../SPI_bsp//libhal_bsp.a(alt_irq_vars.o)
 .data          0x0000000000011ebc        0x0 ../SPI_bsp//libhal_bsp.a(alt_load.o)
 .data          0x0000000000011ebc        0x0 ../SPI_bsp//libhal_bsp.a(alt_main.o)
 .data          0x0000000000011ebc        0x0 ../SPI_bsp//libhal_bsp.a(alt_malloc_lock.o)
 .data          0x0000000000011ebc        0x0 ../SPI_bsp//libhal_bsp.a(alt_printf.o)
 .data          0x0000000000011ebc        0x0 ../SPI_bsp//libhal_bsp.a(alt_putchar.o)
 .data          0x0000000000011ebc        0x0 ../SPI_bsp//libhal_bsp.a(alt_putstr.o)
 .data          0x0000000000011ebc        0x0 ../SPI_bsp//libhal_bsp.a(alt_sbrk.o)
 .data          0x0000000000011ebc        0x0 ../SPI_bsp//libhal_bsp.a(alt_write.o)
 .data          0x0000000000011ebc       0x2c ../SPI_bsp//libhal_bsp.a(alt_sys_init.o)
 .data          0x0000000000011ee8        0x0 ../SPI_bsp//libhal_bsp.a(altera_avalon_jtag_uart_read.o)
 .data          0x0000000000011ee8        0x0 ../SPI_bsp//libhal_bsp.a(altera_avalon_jtag_uart_write.o)
 .data          0x0000000000011ee8        0x0 ../SPI_bsp//libhal_bsp.a(altera_avalon_spi.o)
 .data          0x0000000000011ee8        0x0 ../SPI_bsp//libhal_bsp.a(altera_up_avalon_accelerometer_spi.o)
 .data          0x0000000000011ee8        0x0 ../SPI_bsp//libhal_bsp.a(alt_dcache_flush_all.o)
 .data          0x0000000000011ee8       0x58 ../SPI_bsp//libhal_bsp.a(alt_dev.o)
                0x0000000000011ee8                alt_fd_list
                0x0000000000011f18                alt_dev_null
 .data          0x0000000000011f40        0x0 ../SPI_bsp//libhal_bsp.a(alt_dev_llist_insert.o)
 .data          0x0000000000011f40        0x0 ../SPI_bsp//libhal_bsp.a(alt_errno.o)
 .data          0x0000000000011f40        0x0 ../SPI_bsp//libhal_bsp.a(alt_find_dev.o)
 .data          0x0000000000011f40        0x0 ../SPI_bsp//libhal_bsp.a(alt_icache_flush_all.o)
 .data          0x0000000000011f40        0x0 ../SPI_bsp//libhal_bsp.a(alt_irq_entry.o)
 .data          0x0000000000011f40        0x0 ../SPI_bsp//libhal_bsp.a(alt_irq_handler.o)
 .data          0x0000000000011f40        0x0 ../SPI_bsp//libhal_bsp.a(altera_nios2_gen2_irq.o)
 .data          0x0000000000011f40        0x0 ../SPI_bsp//libhal_bsp.a(alt_exception_entry.o)
 .data          0x0000000000011f40        0x0 ../SPI_bsp//libhal_bsp.a(alt_instruction_exception_entry.o)
 .data          0x0000000000011f40        0x0 /home/youlittleperson/intelFPGA_lite/20.1/nios2eds/bin/gnu/H-x86_64-pc-linux-gnu/bin/../lib/gcc/nios2-elf/9.2.1/../../../../../H-x86_64-pc-linux-gnu/nios2-elf/lib/mno-hw-mul/libsmallc.a(lib_a-memcmp.o)
                0x0000000000019f40                _gp = ABSOLUTE ((. + 0x8000))
                [!provide]                        PROVIDE (gp = _gp)
 *(.rwdata .rwdata.*)
 *(.sdata .sdata.* .gnu.linkonce.s.*)
 .sdata._global_impure_ptr
                0x0000000000011f40        0x4 /home/youlittleperson/intelFPGA_lite/20.1/nios2eds/bin/gnu/H-x86_64-pc-linux-gnu/bin/../lib/gcc/nios2-elf/9.2.1/../../../../../H-x86_64-pc-linux-gnu/nios2-elf/lib/mno-hw-mul/libsmallc.a(lib_a-impure.o)
                0x0000000000011f40                _global_impure_ptr
 .sdata._impure_ptr
                0x0000000000011f44        0x4 /home/youlittleperson/intelFPGA_lite/20.1/nios2eds/bin/gnu/H-x86_64-pc-linux-gnu/bin/../lib/gcc/nios2-elf/9.2.1/../../../../../H-x86_64-pc-linux-gnu/nios2-elf/lib/mno-hw-mul/libsmallc.a(lib_a-impure.o)
                0x0000000000011f44                _impure_ptr
 .sdata         0x0000000000011f48        0x4 ../SPI_bsp//libhal_bsp.a(alt_irq_vars.o)
                0x0000000000011f48                alt_priority_mask
 .sdata         0x0000000000011f4c        0x4 ../SPI_bsp//libhal_bsp.a(alt_sbrk.o)
 .sdata         0x0000000000011f50        0x4 ../SPI_bsp//libhal_bsp.a(alt_sys_init.o)
                0x0000000000011f50                jtag_uart
 .sdata         0x0000000000011f54       0x14 ../SPI_bsp//libhal_bsp.a(alt_dev.o)
                0x0000000000011f54                alt_max_fd
                0x0000000000011f58                alt_dev_list
                0x0000000000011f60                alt_fs_list
 .sdata         0x0000000000011f68        0x4 ../SPI_bsp//libhal_bsp.a(alt_errno.o)
                0x0000000000011f68                alt_errno
 *(.sdata2 .sdata2.* .gnu.linkonce.s2.*)
                0x0000000000011f6c                . = ALIGN (0x4)
                0x0000000000011f6c                _edata = ABSOLUTE (.)
                [!provide]                        PROVIDE (edata = ABSOLUTE (.))
                0x0000000000011f6c                PROVIDE (__ram_rwdata_end = ABSOLUTE (.))
                0x0000000000011f6c                PROVIDE (__flash_rwdata_start = LOADADDR (.rwdata))

.bss            0x0000000000012100      0x13c
                0x0000000000012100                __bss_start = ABSOLUTE (.)
                [!provide]                        PROVIDE (__sbss_start = ABSOLUTE (.))
                [!provide]                        PROVIDE (___sbss_start = ABSOLUTE (.))
 *(.dynsbss)
 *(.sbss .sbss.* .gnu.linkonce.sb.*)
 .sbss          0x0000000000012100        0x4 obj/default/main.o
                0x0000000000012100                prev_time
 .sbss          0x0000000000012104        0xc obj/default/main.o
                0x0000000000012104                tap_data
                0x0000000000012108                rx_spi_data
                0x000000000001210c                acc_dev
 .sbss.__malloc_sbrk_start
                0x0000000000012110        0x4 /home/youlittleperson/intelFPGA_lite/20.1/nios2eds/bin/gnu/H-x86_64-pc-linux-gnu/bin/../lib/gcc/nios2-elf/9.2.1/../../../../../H-x86_64-pc-linux-gnu/nios2-elf/lib/mno-hw-mul/libsmallc.a(lib_a-nano-mallocr.o)
                0x0000000000012110                __malloc_sbrk_start
 .sbss.__malloc_free_list
                0x0000000000012114        0x4 /home/youlittleperson/intelFPGA_lite/20.1/nios2eds/bin/gnu/H-x86_64-pc-linux-gnu/bin/../lib/gcc/nios2-elf/9.2.1/../../../../../H-x86_64-pc-linux-gnu/nios2-elf/lib/mno-hw-mul/libsmallc.a(lib_a-nano-mallocr.o)
                0x0000000000012114                __malloc_free_list
 .sbss          0x0000000000012118        0x4 /home/youlittleperson/intelFPGA_lite/20.1/nios2eds/bin/gnu/H-x86_64-pc-linux-gnu/bin/../lib/gcc/nios2-elf/9.2.1/../../../../../H-x86_64-pc-linux-gnu/nios2-elf/lib/mno-hw-mul/libsmallc.a(lib_a-int_errno.o)
                0x0000000000012118                errno
 .sbss          0x000000000001211c        0x4 ../SPI_bsp//libhal_bsp.a(alt_irq_vars.o)
                0x000000000001211c                alt_irq_active
 .sbss          0x0000000000012120        0xc ../SPI_bsp//libhal_bsp.a(alt_main.o)
                0x0000000000012120                alt_envp
                0x0000000000012124                alt_argv
                0x0000000000012128                alt_argc
 .sbss          0x000000000001212c        0x4 ../SPI_bsp//libhal_bsp.a(alt_instruction_exception_entry.o)
                0x000000000001212c                alt_instruction_exception_handler
 *(.sbss2 .sbss2.* .gnu.linkonce.sb2.*)
 *(.scommon)
                [!provide]                        PROVIDE (__sbss_end = ABSOLUTE (.))
                [!provide]                        PROVIDE (___sbss_end = ABSOLUTE (.))
 *(.dynbss)
 *(.bss .bss.* .gnu.linkonce.b.*)
 .bss           0x0000000000012130        0x0 ../SPI_bsp//obj/HAL/src/crt0.o
 .bss           0x0000000000012130        0x0 obj/default/main.o
 .bss           0x0000000000012130        0x0 /home/youlittleperson/intelFPGA_lite/20.1/nios2eds/bin/gnu/H-x86_64-pc-linux-gnu/bin/../lib/gcc/nios2-elf/9.2.1/mno-hw-mul/libgcc.a(lib2-divmod.o)
 .bss           0x0000000000012130        0x0 /home/youlittleperson/intelFPGA_lite/20.1/nios2eds/bin/gnu/H-x86_64-pc-linux-gnu/bin/../lib/gcc/nios2-elf/9.2.1/mno-hw-mul/libgcc.a(lib2-mul.o)
 .bss           0x0000000000012130        0x0 /home/youlittleperson/intelFPGA_lite/20.1/nios2eds/bin/gnu/H-x86_64-pc-linux-gnu/bin/../lib/gcc/nios2-elf/9.2.1/../../../../../H-x86_64-pc-linux-gnu/nios2-elf/lib/mno-hw-mul/libsmallc.a(lib_a-calloc.o)
 .bss           0x0000000000012130        0x0 /home/youlittleperson/intelFPGA_lite/20.1/nios2eds/bin/gnu/H-x86_64-pc-linux-gnu/bin/../lib/gcc/nios2-elf/9.2.1/../../../../../H-x86_64-pc-linux-gnu/nios2-elf/lib/mno-hw-mul/libsmallc.a(lib_a-impure.o)
 .bss           0x0000000000012130        0x0 /home/youlittleperson/intelFPGA_lite/20.1/nios2eds/bin/gnu/H-x86_64-pc-linux-gnu/bin/../lib/gcc/nios2-elf/9.2.1/../../../../../H-x86_64-pc-linux-gnu/nios2-elf/lib/mno-hw-mul/libsmallc.a(lib_a-malloc.o)
 .bss           0x0000000000012130        0x0 /home/youlittleperson/intelFPGA_lite/20.1/nios2eds/bin/gnu/H-x86_64-pc-linux-gnu/bin/../lib/gcc/nios2-elf/9.2.1/../../../../../H-x86_64-pc-linux-gnu/nios2-elf/lib/mno-hw-mul/libsmallc.a(lib_a-memcpy.o)
 .bss           0x0000000000012130        0x0 /home/youlittleperson/intelFPGA_lite/20.1/nios2eds/bin/gnu/H-x86_64-pc-linux-gnu/bin/../lib/gcc/nios2-elf/9.2.1/../../../../../H-x86_64-pc-linux-gnu/nios2-elf/lib/mno-hw-mul/libsmallc.a(lib_a-memset.o)
 .bss           0x0000000000012130        0x0 /home/youlittleperson/intelFPGA_lite/20.1/nios2eds/bin/gnu/H-x86_64-pc-linux-gnu/bin/../lib/gcc/nios2-elf/9.2.1/../../../../../H-x86_64-pc-linux-gnu/nios2-elf/lib/mno-hw-mul/libsmallc.a(lib_a-nano-callocr.o)
 .bss           0x0000000000012130        0x0 /home/youlittleperson/intelFPGA_lite/20.1/nios2eds/bin/gnu/H-x86_64-pc-linux-gnu/bin/../lib/gcc/nios2-elf/9.2.1/../../../../../H-x86_64-pc-linux-gnu/nios2-elf/lib/mno-hw-mul/libsmallc.a(lib_a-nano-freer.o)
 .bss           0x0000000000012130        0x0 /home/youlittleperson/intelFPGA_lite/20.1/nios2eds/bin/gnu/H-x86_64-pc-linux-gnu/bin/../lib/gcc/nios2-elf/9.2.1/../../../../../H-x86_64-pc-linux-gnu/nios2-elf/lib/mno-hw-mul/libsmallc.a(lib_a-nano-mallocr.o)
 .bss           0x0000000000012130        0x0 /home/youlittleperson/intelFPGA_lite/20.1/nios2eds/bin/gnu/H-x86_64-pc-linux-gnu/bin/../lib/gcc/nios2-elf/9.2.1/../../../../../H-x86_64-pc-linux-gnu/nios2-elf/lib/mno-hw-mul/libsmallc.a(lib_a-printf.o)
 .bss           0x0000000000012130        0x0 /home/youlittleperson/intelFPGA_lite/20.1/nios2eds/bin/gnu/H-x86_64-pc-linux-gnu/bin/../lib/gcc/nios2-elf/9.2.1/../../../../../H-x86_64-pc-linux-gnu/nios2-elf/lib/mno-hw-mul/libsmallc.a(lib_a-putchar.o)
 .bss           0x0000000000012130        0x0 /home/youlittleperson/intelFPGA_lite/20.1/nios2eds/bin/gnu/H-x86_64-pc-linux-gnu/bin/../lib/gcc/nios2-elf/9.2.1/../../../../../H-x86_64-pc-linux-gnu/nios2-elf/lib/mno-hw-mul/libsmallc.a(lib_a-sbrkr.o)
 .bss           0x0000000000012130        0x0 /home/youlittleperson/intelFPGA_lite/20.1/nios2eds/bin/gnu/H-x86_64-pc-linux-gnu/bin/../lib/gcc/nios2-elf/9.2.1/../../../../../H-x86_64-pc-linux-gnu/nios2-elf/lib/mno-hw-mul/libsmallc.a(lib_a-vfprintf.o)
 .bss           0x0000000000012130        0x0 /home/youlittleperson/intelFPGA_lite/20.1/nios2eds/bin/gnu/H-x86_64-pc-linux-gnu/bin/../lib/gcc/nios2-elf/9.2.1/../../../../../H-x86_64-pc-linux-gnu/nios2-elf/lib/mno-hw-mul/libsmallc.a(lib_a-fvwrite_small_dev.o)
 .bss           0x0000000000012130        0x0 /home/youlittleperson/intelFPGA_lite/20.1/nios2eds/bin/gnu/H-x86_64-pc-linux-gnu/bin/../lib/gcc/nios2-elf/9.2.1/../../../../../H-x86_64-pc-linux-gnu/nios2-elf/lib/mno-hw-mul/libsmallc.a(lib_a-int_errno.o)
 .bss           0x0000000000012130        0x0 /home/youlittleperson/intelFPGA_lite/20.1/nios2eds/bin/gnu/H-x86_64-pc-linux-gnu/bin/../lib/gcc/nios2-elf/9.2.1/../../../../../H-x86_64-pc-linux-gnu/nios2-elf/lib/mno-hw-mul/libsmallc.a(lib_a-putc.o)
 .bss           0x0000000000012130        0x0 /home/youlittleperson/intelFPGA_lite/20.1/nios2eds/bin/gnu/H-x86_64-pc-linux-gnu/bin/../lib/gcc/nios2-elf/9.2.1/../../../../../H-x86_64-pc-linux-gnu/nios2-elf/lib/mno-hw-mul/libsmallc.a(lib_a-strlen.o)
 .bss           0x0000000000012130        0x0 /home/youlittleperson/intelFPGA_lite/20.1/nios2eds/bin/gnu/H-x86_64-pc-linux-gnu/bin/../lib/gcc/nios2-elf/9.2.1/../../../../../H-x86_64-pc-linux-gnu/nios2-elf/lib/mno-hw-mul/libsmallc.a(lib_a-writer.o)
 .bss           0x0000000000012130        0x0 ../SPI_bsp//libhal_bsp.a(alt_getchar.o)
 .bss           0x0000000000012130        0x0 ../SPI_bsp//libhal_bsp.a(alt_irq_register.o)
 .bss           0x0000000000012130        0x0 ../SPI_bsp//libhal_bsp.a(alt_irq_vars.o)
 .bss           0x0000000000012130        0x0 ../SPI_bsp//libhal_bsp.a(alt_load.o)
 .bss           0x0000000000012130        0x0 ../SPI_bsp//libhal_bsp.a(alt_main.o)
 .bss           0x0000000000012130        0x0 ../SPI_bsp//libhal_bsp.a(alt_malloc_lock.o)
 .bss           0x0000000000012130        0x0 ../SPI_bsp//libhal_bsp.a(alt_printf.o)
 .bss           0x0000000000012130        0x0 ../SPI_bsp//libhal_bsp.a(alt_putchar.o)
 .bss           0x0000000000012130        0x0 ../SPI_bsp//libhal_bsp.a(alt_putstr.o)
 .bss           0x0000000000012130        0x0 ../SPI_bsp//libhal_bsp.a(alt_sbrk.o)
 .bss           0x0000000000012130        0x0 ../SPI_bsp//libhal_bsp.a(alt_write.o)
 .bss           0x0000000000012130        0x0 ../SPI_bsp//libhal_bsp.a(alt_sys_init.o)
 .bss           0x0000000000012130        0x0 ../SPI_bsp//libhal_bsp.a(altera_avalon_jtag_uart_read.o)
 .bss           0x0000000000012130        0x0 ../SPI_bsp//libhal_bsp.a(altera_avalon_jtag_uart_write.o)
 .bss           0x0000000000012130        0x0 ../SPI_bsp//libhal_bsp.a(altera_avalon_spi.o)
 .bss           0x0000000000012130        0x0 ../SPI_bsp//libhal_bsp.a(altera_up_avalon_accelerometer_spi.o)
 .bss           0x0000000000012130        0x0 ../SPI_bsp//libhal_bsp.a(alt_dcache_flush_all.o)
 .bss           0x0000000000012130        0x0 ../SPI_bsp//libhal_bsp.a(alt_dev.o)
 .bss           0x0000000000012130        0x0 ../SPI_bsp//libhal_bsp.a(alt_dev_llist_insert.o)
 .bss           0x0000000000012130        0x0 ../SPI_bsp//libhal_bsp.a(alt_errno.o)
 .bss           0x0000000000012130        0x0 ../SPI_bsp//libhal_bsp.a(alt_find_dev.o)
 .bss           0x0000000000012130        0x0 ../SPI_bsp//libhal_bsp.a(alt_icache_flush_all.o)
 .bss           0x0000000000012130        0x0 ../SPI_bsp//libhal_bsp.a(alt_irq_entry.o)
 .bss           0x0000000000012130        0x0 ../SPI_bsp//libhal_bsp.a(alt_irq_handler.o)
 .bss           0x0000000000012130        0x0 ../SPI_bsp//libhal_bsp.a(altera_nios2_gen2_irq.o)
 .bss           0x0000000000012130        0x0 ../SPI_bsp//libhal_bsp.a(alt_exception_entry.o)
 .bss           0x0000000000012130        0x0 ../SPI_bsp//libhal_bsp.a(alt_instruction_exception_entry.o)
 .bss           0x0000000000012130        0x0 /home/youlittleperson/intelFPGA_lite/20.1/nios2eds/bin/gnu/H-x86_64-pc-linux-gnu/bin/../lib/gcc/nios2-elf/9.2.1/../../../../../H-x86_64-pc-linux-gnu/nios2-elf/lib/mno-hw-mul/libsmallc.a(lib_a-memcmp.o)
 *(COMMON)
 COMMON         0x0000000000012130        0xc obj/default/main.o
                0x0000000000012130                currMsg
 COMMON         0x000000000001213c      0x100 ../SPI_bsp//libhal_bsp.a(alt_irq_handler.o)
                0x000000000001213c                alt_irq
                0x000000000001223c                . = ALIGN (0x4)
                0x000000000001223c                __bss_end = ABSOLUTE (.)

.onchip_memory  0x000000000001223c        0x0
                [!provide]                        PROVIDE (_alt_partition_onchip_memory_start = ABSOLUTE (.))
 *(.onchip_memory .onchip_memory. onchip_memory.*)
                0x000000000001223c                . = ALIGN (0x4)
                [!provide]                        PROVIDE (_alt_partition_onchip_memory_end = ABSOLUTE (.))
                0x000000000001223c                _end = ABSOLUTE (.)
                0x000000000001223c                end = ABSOLUTE (.)
                0x000000000001223c                __alt_stack_base = ABSOLUTE (.)
                [!provide]                        PROVIDE (_alt_partition_onchip_memory_load_addr = LOADADDR (.onchip_memory))

.stab
 *(.stab)

.stabstr
 *(.stabstr)

.stab.excl
 *(.stab.excl)

.stab.exclstr
 *(.stab.exclstr)

.stab.index
 *(.stab.index)

.stab.indexstr
 *(.stab.indexstr)

.comment        0x0000000000000000       0x2c
 *(.comment)
 .comment       0x0000000000000000       0x2c obj/default/main.o
                                         0x2d (size before relaxing)
 .comment       0x000000000000002c       0x2d /home/youlittleperson/intelFPGA_lite/20.1/nios2eds/bin/gnu/H-x86_64-pc-linux-gnu/bin/../lib/gcc/nios2-elf/9.2.1/mno-hw-mul/libgcc.a(lib2-divmod.o)
 .comment       0x000000000000002c       0x2d /home/youlittleperson/intelFPGA_lite/20.1/nios2eds/bin/gnu/H-x86_64-pc-linux-gnu/bin/../lib/gcc/nios2-elf/9.2.1/mno-hw-mul/libgcc.a(lib2-mul.o)
 .comment       0x000000000000002c       0x2d /home/youlittleperson/intelFPGA_lite/20.1/nios2eds/bin/gnu/H-x86_64-pc-linux-gnu/bin/../lib/gcc/nios2-elf/9.2.1/../../../../../H-x86_64-pc-linux-gnu/nios2-elf/lib/mno-hw-mul/libsmallc.a(lib_a-calloc.o)
 .comment       0x000000000000002c       0x2d /home/youlittleperson/intelFPGA_lite/20.1/nios2eds/bin/gnu/H-x86_64-pc-linux-gnu/bin/../lib/gcc/nios2-elf/9.2.1/../../../../../H-x86_64-pc-linux-gnu/nios2-elf/lib/mno-hw-mul/libsmallc.a(lib_a-impure.o)
 .comment       0x000000000000002c       0x2d /home/youlittleperson/intelFPGA_lite/20.1/nios2eds/bin/gnu/H-x86_64-pc-linux-gnu/bin/../lib/gcc/nios2-elf/9.2.1/../../../../../H-x86_64-pc-linux-gnu/nios2-elf/lib/mno-hw-mul/libsmallc.a(lib_a-malloc.o)
 .comment       0x000000000000002c       0x2d /home/youlittleperson/intelFPGA_lite/20.1/nios2eds/bin/gnu/H-x86_64-pc-linux-gnu/bin/../lib/gcc/nios2-elf/9.2.1/../../../../../H-x86_64-pc-linux-gnu/nios2-elf/lib/mno-hw-mul/libsmallc.a(lib_a-memcpy.o)
 .comment       0x000000000000002c       0x2d /home/youlittleperson/intelFPGA_lite/20.1/nios2eds/bin/gnu/H-x86_64-pc-linux-gnu/bin/../lib/gcc/nios2-elf/9.2.1/../../../../../H-x86_64-pc-linux-gnu/nios2-elf/lib/mno-hw-mul/libsmallc.a(lib_a-memset.o)
 .comment       0x000000000000002c       0x2d /home/youlittleperson/intelFPGA_lite/20.1/nios2eds/bin/gnu/H-x86_64-pc-linux-gnu/bin/../lib/gcc/nios2-elf/9.2.1/../../../../../H-x86_64-pc-linux-gnu/nios2-elf/lib/mno-hw-mul/libsmallc.a(lib_a-nano-callocr.o)
 .comment       0x000000000000002c       0x2d /home/youlittleperson/intelFPGA_lite/20.1/nios2eds/bin/gnu/H-x86_64-pc-linux-gnu/bin/../lib/gcc/nios2-elf/9.2.1/../../../../../H-x86_64-pc-linux-gnu/nios2-elf/lib/mno-hw-mul/libsmallc.a(lib_a-nano-freer.o)
 .comment       0x000000000000002c       0x2d /home/youlittleperson/intelFPGA_lite/20.1/nios2eds/bin/gnu/H-x86_64-pc-linux-gnu/bin/../lib/gcc/nios2-elf/9.2.1/../../../../../H-x86_64-pc-linux-gnu/nios2-elf/lib/mno-hw-mul/libsmallc.a(lib_a-nano-mallocr.o)
 .comment       0x000000000000002c       0x2d /home/youlittleperson/intelFPGA_lite/20.1/nios2eds/bin/gnu/H-x86_64-pc-linux-gnu/bin/../lib/gcc/nios2-elf/9.2.1/../../../../../H-x86_64-pc-linux-gnu/nios2-elf/lib/mno-hw-mul/libsmallc.a(lib_a-printf.o)
 .comment       0x000000000000002c       0x2d /home/youlittleperson/intelFPGA_lite/20.1/nios2eds/bin/gnu/H-x86_64-pc-linux-gnu/bin/../lib/gcc/nios2-elf/9.2.1/../../../../../H-x86_64-pc-linux-gnu/nios2-elf/lib/mno-hw-mul/libsmallc.a(lib_a-putchar.o)
 .comment       0x000000000000002c       0x2d /home/youlittleperson/intelFPGA_lite/20.1/nios2eds/bin/gnu/H-x86_64-pc-linux-gnu/bin/../lib/gcc/nios2-elf/9.2.1/../../../../../H-x86_64-pc-linux-gnu/nios2-elf/lib/mno-hw-mul/libsmallc.a(lib_a-sbrkr.o)
 .comment       0x000000000000002c       0x2d /home/youlittleperson/intelFPGA_lite/20.1/nios2eds/bin/gnu/H-x86_64-pc-linux-gnu/bin/../lib/gcc/nios2-elf/9.2.1/../../../../../H-x86_64-pc-linux-gnu/nios2-elf/lib/mno-hw-mul/libsmallc.a(lib_a-vfprintf.o)
 .comment       0x000000000000002c       0x2d /home/youlittleperson/intelFPGA_lite/20.1/nios2eds/bin/gnu/H-x86_64-pc-linux-gnu/bin/../lib/gcc/nios2-elf/9.2.1/../../../../../H-x86_64-pc-linux-gnu/nios2-elf/lib/mno-hw-mul/libsmallc.a(lib_a-fvwrite_small_dev.o)
 .comment       0x000000000000002c       0x2d /home/youlittleperson/intelFPGA_lite/20.1/nios2eds/bin/gnu/H-x86_64-pc-linux-gnu/bin/../lib/gcc/nios2-elf/9.2.1/../../../../../H-x86_64-pc-linux-gnu/nios2-elf/lib/mno-hw-mul/libsmallc.a(lib_a-int_errno.o)
 .comment       0x000000000000002c       0x2d /home/youlittleperson/intelFPGA_lite/20.1/nios2eds/bin/gnu/H-x86_64-pc-linux-gnu/bin/../lib/gcc/nios2-elf/9.2.1/../../../../../H-x86_64-pc-linux-gnu/nios2-elf/lib/mno-hw-mul/libsmallc.a(lib_a-putc.o)
 .comment       0x000000000000002c       0x2d /home/youlittleperson/intelFPGA_lite/20.1/nios2eds/bin/gnu/H-x86_64-pc-linux-gnu/bin/../lib/gcc/nios2-elf/9.2.1/../../../../../H-x86_64-pc-linux-gnu/nios2-elf/lib/mno-hw-mul/libsmallc.a(lib_a-strlen.o)
 .comment       0x000000000000002c       0x2d /home/youlittleperson/intelFPGA_lite/20.1/nios2eds/bin/gnu/H-x86_64-pc-linux-gnu/bin/../lib/gcc/nios2-elf/9.2.1/../../../../../H-x86_64-pc-linux-gnu/nios2-elf/lib/mno-hw-mul/libsmallc.a(lib_a-writer.o)
 .comment       0x000000000000002c       0x2d ../SPI_bsp//libhal_bsp.a(alt_getchar.o)
 .comment       0x000000000000002c       0x2d ../SPI_bsp//libhal_bsp.a(alt_irq_register.o)
 .comment       0x000000000000002c       0x2d ../SPI_bsp//libhal_bsp.a(alt_irq_vars.o)
 .comment       0x000000000000002c       0x2d ../SPI_bsp//libhal_bsp.a(alt_load.o)
 .comment       0x000000000000002c       0x2d ../SPI_bsp//libhal_bsp.a(alt_main.o)
 .comment       0x000000000000002c       0x2d ../SPI_bsp//libhal_bsp.a(alt_malloc_lock.o)
 .comment       0x000000000000002c       0x2d ../SPI_bsp//libhal_bsp.a(alt_printf.o)
 .comment       0x000000000000002c       0x2d ../SPI_bsp//libhal_bsp.a(alt_putchar.o)
 .comment       0x000000000000002c       0x2d ../SPI_bsp//libhal_bsp.a(alt_putstr.o)
 .comment       0x000000000000002c       0x2d ../SPI_bsp//libhal_bsp.a(alt_sbrk.o)
 .comment       0x000000000000002c       0x2d ../SPI_bsp//libhal_bsp.a(alt_write.o)
 .comment       0x000000000000002c       0x2d ../SPI_bsp//libhal_bsp.a(alt_sys_init.o)
 .comment       0x000000000000002c       0x2d ../SPI_bsp//libhal_bsp.a(altera_avalon_jtag_uart_read.o)
 .comment       0x000000000000002c       0x2d ../SPI_bsp//libhal_bsp.a(altera_avalon_jtag_uart_write.o)
 .comment       0x000000000000002c       0x2d ../SPI_bsp//libhal_bsp.a(altera_avalon_spi.o)
 .comment       0x000000000000002c       0x2d ../SPI_bsp//libhal_bsp.a(altera_up_avalon_accelerometer_spi.o)
 .comment       0x000000000000002c       0x2d ../SPI_bsp//libhal_bsp.a(alt_dcache_flush_all.o)
 .comment       0x000000000000002c       0x2d ../SPI_bsp//libhal_bsp.a(alt_dev.o)
 .comment       0x000000000000002c       0x2d ../SPI_bsp//libhal_bsp.a(alt_dev_llist_insert.o)
 .comment       0x000000000000002c       0x2d ../SPI_bsp//libhal_bsp.a(alt_errno.o)
 .comment       0x000000000000002c       0x2d ../SPI_bsp//libhal_bsp.a(alt_find_dev.o)
 .comment       0x000000000000002c       0x2d ../SPI_bsp//libhal_bsp.a(alt_icache_flush_all.o)
 .comment       0x000000000000002c       0x2d ../SPI_bsp//libhal_bsp.a(alt_irq_handler.o)
 .comment       0x000000000000002c       0x2d ../SPI_bsp//libhal_bsp.a(altera_nios2_gen2_irq.o)
 .comment       0x000000000000002c       0x2d ../SPI_bsp//libhal_bsp.a(alt_instruction_exception_entry.o)
 .comment       0x000000000000002c       0x2d /home/youlittleperson/intelFPGA_lite/20.1/nios2eds/bin/gnu/H-x86_64-pc-linux-gnu/bin/../lib/gcc/nios2-elf/9.2.1/../../../../../H-x86_64-pc-linux-gnu/nios2-elf/lib/mno-hw-mul/libsmallc.a(lib_a-memcmp.o)

.debug
 *(.debug)

.line
 *(.line)

.debug_srcinfo
 *(.debug_srcinfo)

.debug_sfnames
 *(.debug_sfnames)

.debug_aranges  0x0000000000000000      0x670
 *(.debug_aranges)
 .debug_aranges
                0x0000000000000000       0x28 ../SPI_bsp//obj/HAL/src/crt0.o
 .debug_aranges
                0x0000000000000028       0x28 obj/default/main.o
 .debug_aranges
                0x0000000000000050       0x20 /home/youlittleperson/intelFPGA_lite/20.1/nios2eds/bin/gnu/H-x86_64-pc-linux-gnu/bin/../lib/gcc/nios2-elf/9.2.1/mno-hw-mul/libgcc.a(lib2-divmod.o)
 .debug_aranges
                0x0000000000000070       0x20 /home/youlittleperson/intelFPGA_lite/20.1/nios2eds/bin/gnu/H-x86_64-pc-linux-gnu/bin/../lib/gcc/nios2-elf/9.2.1/mno-hw-mul/libgcc.a(lib2-mul.o)
 .debug_aranges
                0x0000000000000090       0x20 /home/youlittleperson/intelFPGA_lite/20.1/nios2eds/bin/gnu/H-x86_64-pc-linux-gnu/bin/../lib/gcc/nios2-elf/9.2.1/../../../../../H-x86_64-pc-linux-gnu/nios2-elf/lib/mno-hw-mul/libsmallc.a(lib_a-calloc.o)
 .debug_aranges
                0x00000000000000b0       0x18 /home/youlittleperson/intelFPGA_lite/20.1/nios2eds/bin/gnu/H-x86_64-pc-linux-gnu/bin/../lib/gcc/nios2-elf/9.2.1/../../../../../H-x86_64-pc-linux-gnu/nios2-elf/lib/mno-hw-mul/libsmallc.a(lib_a-impure.o)
 .debug_aranges
                0x00000000000000c8       0x28 /home/youlittleperson/intelFPGA_lite/20.1/nios2eds/bin/gnu/H-x86_64-pc-linux-gnu/bin/../lib/gcc/nios2-elf/9.2.1/../../../../../H-x86_64-pc-linux-gnu/nios2-elf/lib/mno-hw-mul/libsmallc.a(lib_a-malloc.o)
 .debug_aranges
                0x00000000000000f0       0x20 /home/youlittleperson/intelFPGA_lite/20.1/nios2eds/bin/gnu/H-x86_64-pc-linux-gnu/bin/../lib/gcc/nios2-elf/9.2.1/../../../../../H-x86_64-pc-linux-gnu/nios2-elf/lib/mno-hw-mul/libsmallc.a(lib_a-memcpy.o)
 .debug_aranges
                0x0000000000000110       0x20 /home/youlittleperson/intelFPGA_lite/20.1/nios2eds/bin/gnu/H-x86_64-pc-linux-gnu/bin/../lib/gcc/nios2-elf/9.2.1/../../../../../H-x86_64-pc-linux-gnu/nios2-elf/lib/mno-hw-mul/libsmallc.a(lib_a-memset.o)
 .debug_aranges
                0x0000000000000130       0x20 /home/youlittleperson/intelFPGA_lite/20.1/nios2eds/bin/gnu/H-x86_64-pc-linux-gnu/bin/../lib/gcc/nios2-elf/9.2.1/../../../../../H-x86_64-pc-linux-gnu/nios2-elf/lib/mno-hw-mul/libsmallc.a(lib_a-nano-callocr.o)
 .debug_aranges
                0x0000000000000150       0x20 /home/youlittleperson/intelFPGA_lite/20.1/nios2eds/bin/gnu/H-x86_64-pc-linux-gnu/bin/../lib/gcc/nios2-elf/9.2.1/../../../../../H-x86_64-pc-linux-gnu/nios2-elf/lib/mno-hw-mul/libsmallc.a(lib_a-nano-freer.o)
 .debug_aranges
                0x0000000000000170       0x20 /home/youlittleperson/intelFPGA_lite/20.1/nios2eds/bin/gnu/H-x86_64-pc-linux-gnu/bin/../lib/gcc/nios2-elf/9.2.1/../../../../../H-x86_64-pc-linux-gnu/nios2-elf/lib/mno-hw-mul/libsmallc.a(lib_a-nano-mallocr.o)
 .debug_aranges
                0x0000000000000190       0x28 /home/youlittleperson/intelFPGA_lite/20.1/nios2eds/bin/gnu/H-x86_64-pc-linux-gnu/bin/../lib/gcc/nios2-elf/9.2.1/../../../../../H-x86_64-pc-linux-gnu/nios2-elf/lib/mno-hw-mul/libsmallc.a(lib_a-printf.o)
 .debug_aranges
                0x00000000000001b8       0x28 /home/youlittleperson/intelFPGA_lite/20.1/nios2eds/bin/gnu/H-x86_64-pc-linux-gnu/bin/../lib/gcc/nios2-elf/9.2.1/../../../../../H-x86_64-pc-linux-gnu/nios2-elf/lib/mno-hw-mul/libsmallc.a(lib_a-putchar.o)
 .debug_aranges
                0x00000000000001e0       0x20 /home/youlittleperson/intelFPGA_lite/20.1/nios2eds/bin/gnu/H-x86_64-pc-linux-gnu/bin/../lib/gcc/nios2-elf/9.2.1/../../../../../H-x86_64-pc-linux-gnu/nios2-elf/lib/mno-hw-mul/libsmallc.a(lib_a-sbrkr.o)
 .debug_aranges
                0x0000000000000200       0x30 /home/youlittleperson/intelFPGA_lite/20.1/nios2eds/bin/gnu/H-x86_64-pc-linux-gnu/bin/../lib/gcc/nios2-elf/9.2.1/../../../../../H-x86_64-pc-linux-gnu/nios2-elf/lib/mno-hw-mul/libsmallc.a(lib_a-vfprintf.o)
 .debug_aranges
                0x0000000000000230       0x20 /home/youlittleperson/intelFPGA_lite/20.1/nios2eds/bin/gnu/H-x86_64-pc-linux-gnu/bin/../lib/gcc/nios2-elf/9.2.1/../../../../../H-x86_64-pc-linux-gnu/nios2-elf/lib/mno-hw-mul/libsmallc.a(lib_a-fvwrite_small_dev.o)
 .debug_aranges
                0x0000000000000250       0x18 /home/youlittleperson/intelFPGA_lite/20.1/nios2eds/bin/gnu/H-x86_64-pc-linux-gnu/bin/../lib/gcc/nios2-elf/9.2.1/../../../../../H-x86_64-pc-linux-gnu/nios2-elf/lib/mno-hw-mul/libsmallc.a(lib_a-int_errno.o)
 .debug_aranges
                0x0000000000000268       0x28 /home/youlittleperson/intelFPGA_lite/20.1/nios2eds/bin/gnu/H-x86_64-pc-linux-gnu/bin/../lib/gcc/nios2-elf/9.2.1/../../../../../H-x86_64-pc-linux-gnu/nios2-elf/lib/mno-hw-mul/libsmallc.a(lib_a-putc.o)
 .debug_aranges
                0x0000000000000290       0x20 /home/youlittleperson/intelFPGA_lite/20.1/nios2eds/bin/gnu/H-x86_64-pc-linux-gnu/bin/../lib/gcc/nios2-elf/9.2.1/../../../../../H-x86_64-pc-linux-gnu/nios2-elf/lib/mno-hw-mul/libsmallc.a(lib_a-strlen.o)
 .debug_aranges
                0x00000000000002b0       0x20 /home/youlittleperson/intelFPGA_lite/20.1/nios2eds/bin/gnu/H-x86_64-pc-linux-gnu/bin/../lib/gcc/nios2-elf/9.2.1/../../../../../H-x86_64-pc-linux-gnu/nios2-elf/lib/mno-hw-mul/libsmallc.a(lib_a-writer.o)
 .debug_aranges
                0x00000000000002d0       0x20 ../SPI_bsp//libhal_bsp.a(alt_getchar.o)
 .debug_aranges
                0x00000000000002f0       0x20 ../SPI_bsp//libhal_bsp.a(alt_irq_register.o)
 .debug_aranges
                0x0000000000000310       0x18 ../SPI_bsp//libhal_bsp.a(alt_irq_vars.o)
 .debug_aranges
                0x0000000000000328       0x20 ../SPI_bsp//libhal_bsp.a(alt_load.o)
 .debug_aranges
                0x0000000000000348       0x20 ../SPI_bsp//libhal_bsp.a(alt_main.o)
 .debug_aranges
                0x0000000000000368       0x20 ../SPI_bsp//libhal_bsp.a(alt_malloc_lock.o)
 .debug_aranges
                0x0000000000000388       0x20 ../SPI_bsp//libhal_bsp.a(alt_printf.o)
 .debug_aranges
                0x00000000000003a8       0x20 ../SPI_bsp//libhal_bsp.a(alt_putchar.o)
 .debug_aranges
                0x00000000000003c8       0x20 ../SPI_bsp//libhal_bsp.a(alt_putstr.o)
 .debug_aranges
                0x00000000000003e8       0x20 ../SPI_bsp//libhal_bsp.a(alt_sbrk.o)
 .debug_aranges
                0x0000000000000408       0x20 ../SPI_bsp//libhal_bsp.a(alt_write.o)
 .debug_aranges
                0x0000000000000428       0x20 ../SPI_bsp//libhal_bsp.a(alt_sys_init.o)
 .debug_aranges
                0x0000000000000448       0x20 ../SPI_bsp//libhal_bsp.a(altera_avalon_jtag_uart_read.o)
 .debug_aranges
                0x0000000000000468       0x20 ../SPI_bsp//libhal_bsp.a(altera_avalon_jtag_uart_write.o)
 .debug_aranges
                0x0000000000000488       0x20 ../SPI_bsp//libhal_bsp.a(altera_avalon_spi.o)
 .debug_aranges
                0x00000000000004a8       0x20 ../SPI_bsp//libhal_bsp.a(altera_up_avalon_accelerometer_spi.o)
 .debug_aranges
                0x00000000000004c8       0x20 ../SPI_bsp//libhal_bsp.a(alt_dcache_flush_all.o)
 .debug_aranges
                0x00000000000004e8       0x20 ../SPI_bsp//libhal_bsp.a(alt_dev.o)
 .debug_aranges
                0x0000000000000508       0x20 ../SPI_bsp//libhal_bsp.a(alt_dev_llist_insert.o)
 .debug_aranges
                0x0000000000000528       0x18 ../SPI_bsp//libhal_bsp.a(alt_errno.o)
 .debug_aranges
                0x0000000000000540       0x20 ../SPI_bsp//libhal_bsp.a(alt_find_dev.o)
 .debug_aranges
                0x0000000000000560       0x20 ../SPI_bsp//libhal_bsp.a(alt_icache_flush_all.o)
 .debug_aranges
                0x0000000000000580       0x30 ../SPI_bsp//libhal_bsp.a(alt_irq_entry.o)
 .debug_aranges
                0x00000000000005b0       0x20 ../SPI_bsp//libhal_bsp.a(alt_irq_handler.o)
 .debug_aranges
                0x00000000000005d0       0x20 ../SPI_bsp//libhal_bsp.a(altera_nios2_gen2_irq.o)
 .debug_aranges
                0x00000000000005f0       0x38 ../SPI_bsp//libhal_bsp.a(alt_exception_entry.o)
 .debug_aranges
                0x0000000000000628       0x28 ../SPI_bsp//libhal_bsp.a(alt_instruction_exception_entry.o)
 .debug_aranges
                0x0000000000000650       0x20 /home/youlittleperson/intelFPGA_lite/20.1/nios2eds/bin/gnu/H-x86_64-pc-linux-gnu/bin/../lib/gcc/nios2-elf/9.2.1/../../../../../H-x86_64-pc-linux-gnu/nios2-elf/lib/mno-hw-mul/libsmallc.a(lib_a-memcmp.o)

.debug_pubnames
 *(.debug_pubnames)

.debug_info     0x0000000000000000    0x1a849
 *(.debug_info .gnu.linkonce.wi.*)
 .debug_info    0x0000000000000000       0x22 ../SPI_bsp//obj/HAL/src/crt0.o
 .debug_info    0x0000000000000022     0x128e obj/default/main.o
 .debug_info    0x00000000000012b0      0x368 /home/youlittleperson/intelFPGA_lite/20.1/nios2eds/bin/gnu/H-x86_64-pc-linux-gnu/bin/../lib/gcc/nios2-elf/9.2.1/mno-hw-mul/libgcc.a(lib2-divmod.o)
 .debug_info    0x0000000000001618       0xcb /home/youlittleperson/intelFPGA_lite/20.1/nios2eds/bin/gnu/H-x86_64-pc-linux-gnu/bin/../lib/gcc/nios2-elf/9.2.1/mno-hw-mul/libgcc.a(lib2-mul.o)
 .debug_info    0x00000000000016e3      0x67c /home/youlittleperson/intelFPGA_lite/20.1/nios2eds/bin/gnu/H-x86_64-pc-linux-gnu/bin/../lib/gcc/nios2-elf/9.2.1/../../../../../H-x86_64-pc-linux-gnu/nios2-elf/lib/mno-hw-mul/libsmallc.a(lib_a-calloc.o)
 .debug_info    0x0000000000001d5f      0x6e8 /home/youlittleperson/intelFPGA_lite/20.1/nios2eds/bin/gnu/H-x86_64-pc-linux-gnu/bin/../lib/gcc/nios2-elf/9.2.1/../../../../../H-x86_64-pc-linux-gnu/nios2-elf/lib/mno-hw-mul/libsmallc.a(lib_a-impure.o)
 .debug_info    0x0000000000002447      0x6aa /home/youlittleperson/intelFPGA_lite/20.1/nios2eds/bin/gnu/H-x86_64-pc-linux-gnu/bin/../lib/gcc/nios2-elf/9.2.1/../../../../../H-x86_64-pc-linux-gnu/nios2-elf/lib/mno-hw-mul/libsmallc.a(lib_a-malloc.o)
 .debug_info    0x0000000000002af1      0xc00 /home/youlittleperson/intelFPGA_lite/20.1/nios2eds/bin/gnu/H-x86_64-pc-linux-gnu/bin/../lib/gcc/nios2-elf/9.2.1/../../../../../H-x86_64-pc-linux-gnu/nios2-elf/lib/mno-hw-mul/libsmallc.a(lib_a-memcpy.o)
 .debug_info    0x00000000000036f1      0xbbf /home/youlittleperson/intelFPGA_lite/20.1/nios2eds/bin/gnu/H-x86_64-pc-linux-gnu/bin/../lib/gcc/nios2-elf/9.2.1/../../../../../H-x86_64-pc-linux-gnu/nios2-elf/lib/mno-hw-mul/libsmallc.a(lib_a-memset.o)
 .debug_info    0x00000000000042b0      0x7ea /home/youlittleperson/intelFPGA_lite/20.1/nios2eds/bin/gnu/H-x86_64-pc-linux-gnu/bin/../lib/gcc/nios2-elf/9.2.1/../../../../../H-x86_64-pc-linux-gnu/nios2-elf/lib/mno-hw-mul/libsmallc.a(lib_a-nano-callocr.o)
 .debug_info    0x0000000000004a9a      0x848 /home/youlittleperson/intelFPGA_lite/20.1/nios2eds/bin/gnu/H-x86_64-pc-linux-gnu/bin/../lib/gcc/nios2-elf/9.2.1/../../../../../H-x86_64-pc-linux-gnu/nios2-elf/lib/mno-hw-mul/libsmallc.a(lib_a-nano-freer.o)
 .debug_info    0x00000000000052e2      0x946 /home/youlittleperson/intelFPGA_lite/20.1/nios2eds/bin/gnu/H-x86_64-pc-linux-gnu/bin/../lib/gcc/nios2-elf/9.2.1/../../../../../H-x86_64-pc-linux-gnu/nios2-elf/lib/mno-hw-mul/libsmallc.a(lib_a-nano-mallocr.o)
 .debug_info    0x0000000000005c28      0x92f /home/youlittleperson/intelFPGA_lite/20.1/nios2eds/bin/gnu/H-x86_64-pc-linux-gnu/bin/../lib/gcc/nios2-elf/9.2.1/../../../../../H-x86_64-pc-linux-gnu/nios2-elf/lib/mno-hw-mul/libsmallc.a(lib_a-printf.o)
 .debug_info    0x0000000000006557      0x8aa /home/youlittleperson/intelFPGA_lite/20.1/nios2eds/bin/gnu/H-x86_64-pc-linux-gnu/bin/../lib/gcc/nios2-elf/9.2.1/../../../../../H-x86_64-pc-linux-gnu/nios2-elf/lib/mno-hw-mul/libsmallc.a(lib_a-putchar.o)
 .debug_info    0x0000000000006e01      0x6ee /home/youlittleperson/intelFPGA_lite/20.1/nios2eds/bin/gnu/H-x86_64-pc-linux-gnu/bin/../lib/gcc/nios2-elf/9.2.1/../../../../../H-x86_64-pc-linux-gnu/nios2-elf/lib/mno-hw-mul/libsmallc.a(lib_a-sbrkr.o)
 .debug_info    0x00000000000074ef     0x1412 /home/youlittleperson/intelFPGA_lite/20.1/nios2eds/bin/gnu/H-x86_64-pc-linux-gnu/bin/../lib/gcc/nios2-elf/9.2.1/../../../../../H-x86_64-pc-linux-gnu/nios2-elf/lib/mno-hw-mul/libsmallc.a(lib_a-vfprintf.o)
 .debug_info    0x0000000000008901      0x8c4 /home/youlittleperson/intelFPGA_lite/20.1/nios2eds/bin/gnu/H-x86_64-pc-linux-gnu/bin/../lib/gcc/nios2-elf/9.2.1/../../../../../H-x86_64-pc-linux-gnu/nios2-elf/lib/mno-hw-mul/libsmallc.a(lib_a-fvwrite_small_dev.o)
 .debug_info    0x00000000000091c5      0x614 /home/youlittleperson/intelFPGA_lite/20.1/nios2eds/bin/gnu/H-x86_64-pc-linux-gnu/bin/../lib/gcc/nios2-elf/9.2.1/../../../../../H-x86_64-pc-linux-gnu/nios2-elf/lib/mno-hw-mul/libsmallc.a(lib_a-int_errno.o)
 .debug_info    0x00000000000097d9      0x8fa /home/youlittleperson/intelFPGA_lite/20.1/nios2eds/bin/gnu/H-x86_64-pc-linux-gnu/bin/../lib/gcc/nios2-elf/9.2.1/../../../../../H-x86_64-pc-linux-gnu/nios2-elf/lib/mno-hw-mul/libsmallc.a(lib_a-putc.o)
 .debug_info    0x000000000000a0d3      0x649 /home/youlittleperson/intelFPGA_lite/20.1/nios2eds/bin/gnu/H-x86_64-pc-linux-gnu/bin/../lib/gcc/nios2-elf/9.2.1/../../../../../H-x86_64-pc-linux-gnu/nios2-elf/lib/mno-hw-mul/libsmallc.a(lib_a-strlen.o)
 .debug_info    0x000000000000a71c      0x720 /home/youlittleperson/intelFPGA_lite/20.1/nios2eds/bin/gnu/H-x86_64-pc-linux-gnu/bin/../lib/gcc/nios2-elf/9.2.1/../../../../../H-x86_64-pc-linux-gnu/nios2-elf/lib/mno-hw-mul/libsmallc.a(lib_a-writer.o)
 .debug_info    0x000000000000ae3c      0xc32 ../SPI_bsp//libhal_bsp.a(alt_getchar.o)
 .debug_info    0x000000000000ba6e      0xbfc ../SPI_bsp//libhal_bsp.a(alt_irq_register.o)
 .debug_info    0x000000000000c66a       0x8b ../SPI_bsp//libhal_bsp.a(alt_irq_vars.o)
 .debug_info    0x000000000000c6f5      0xaed ../SPI_bsp//libhal_bsp.a(alt_load.o)
 .debug_info    0x000000000000d1e2      0xeb0 ../SPI_bsp//libhal_bsp.a(alt_main.o)
 .debug_info    0x000000000000e092      0x95e ../SPI_bsp//libhal_bsp.a(alt_malloc_lock.o)
 .debug_info    0x000000000000e9f0      0x170 ../SPI_bsp//libhal_bsp.a(alt_printf.o)
 .debug_info    0x000000000000eb60      0x9b3 ../SPI_bsp//libhal_bsp.a(alt_putchar.o)
 .debug_info    0x000000000000f513      0x9c3 ../SPI_bsp//libhal_bsp.a(alt_putstr.o)
 .debug_info    0x000000000000fed6      0xa98 ../SPI_bsp//libhal_bsp.a(alt_sbrk.o)
 .debug_info    0x000000000001096e      0xf17 ../SPI_bsp//libhal_bsp.a(alt_write.o)
 .debug_info    0x0000000000011885      0xd3b ../SPI_bsp//libhal_bsp.a(alt_sys_init.o)
 .debug_info    0x00000000000125c0      0xad9 ../SPI_bsp//libhal_bsp.a(altera_avalon_jtag_uart_read.o)
 .debug_info    0x0000000000013099      0xaab ../SPI_bsp//libhal_bsp.a(altera_avalon_jtag_uart_write.o)
 .debug_info    0x0000000000013b44      0x1d6 ../SPI_bsp//libhal_bsp.a(altera_avalon_spi.o)
 .debug_info    0x0000000000013d1a      0xd96 ../SPI_bsp//libhal_bsp.a(altera_up_avalon_accelerometer_spi.o)
 .debug_info    0x0000000000014ab0      0x934 ../SPI_bsp//libhal_bsp.a(alt_dcache_flush_all.o)
 .debug_info    0x00000000000153e4      0xe92 ../SPI_bsp//libhal_bsp.a(alt_dev.o)
 .debug_info    0x0000000000016276      0xa8f ../SPI_bsp//libhal_bsp.a(alt_dev_llist_insert.o)
 .debug_info    0x0000000000016d05      0x972 ../SPI_bsp//libhal_bsp.a(alt_errno.o)
 .debug_info    0x0000000000017677      0xc0c ../SPI_bsp//libhal_bsp.a(alt_find_dev.o)
 .debug_info    0x0000000000018283      0x934 ../SPI_bsp//libhal_bsp.a(alt_icache_flush_all.o)
 .debug_info    0x0000000000018bb7       0x22 ../SPI_bsp//libhal_bsp.a(alt_irq_entry.o)
 .debug_info    0x0000000000018bd9      0xa66 ../SPI_bsp//libhal_bsp.a(alt_irq_handler.o)
 .debug_info    0x000000000001963f      0x955 ../SPI_bsp//libhal_bsp.a(altera_nios2_gen2_irq.o)
 .debug_info    0x0000000000019f94       0x22 ../SPI_bsp//libhal_bsp.a(alt_exception_entry.o)
 .debug_info    0x0000000000019fb6      0x20f ../SPI_bsp//libhal_bsp.a(alt_instruction_exception_entry.o)
 .debug_info    0x000000000001a1c5      0x684 /home/youlittleperson/intelFPGA_lite/20.1/nios2eds/bin/gnu/H-x86_64-pc-linux-gnu/bin/../lib/gcc/nios2-elf/9.2.1/../../../../../H-x86_64-pc-linux-gnu/nios2-elf/lib/mno-hw-mul/libsmallc.a(lib_a-memcmp.o)

.debug_abbrev   0x0000000000000000     0x5e5e
 *(.debug_abbrev)
 .debug_abbrev  0x0000000000000000       0x12 ../SPI_bsp//obj/HAL/src/crt0.o
 .debug_abbrev  0x0000000000000012      0x38e obj/default/main.o
 .debug_abbrev  0x00000000000003a0      0x103 /home/youlittleperson/intelFPGA_lite/20.1/nios2eds/bin/gnu/H-x86_64-pc-linux-gnu/bin/../lib/gcc/nios2-elf/9.2.1/mno-hw-mul/libgcc.a(lib2-divmod.o)
 .debug_abbrev  0x00000000000004a3       0x7d /home/youlittleperson/intelFPGA_lite/20.1/nios2eds/bin/gnu/H-x86_64-pc-linux-gnu/bin/../lib/gcc/nios2-elf/9.2.1/mno-hw-mul/libgcc.a(lib2-mul.o)
 .debug_abbrev  0x0000000000000520      0x1ea /home/youlittleperson/intelFPGA_lite/20.1/nios2eds/bin/gnu/H-x86_64-pc-linux-gnu/bin/../lib/gcc/nios2-elf/9.2.1/../../../../../H-x86_64-pc-linux-gnu/nios2-elf/lib/mno-hw-mul/libsmallc.a(lib_a-calloc.o)
 .debug_abbrev  0x000000000000070a      0x18d /home/youlittleperson/intelFPGA_lite/20.1/nios2eds/bin/gnu/H-x86_64-pc-linux-gnu/bin/../lib/gcc/nios2-elf/9.2.1/../../../../../H-x86_64-pc-linux-gnu/nios2-elf/lib/mno-hw-mul/libsmallc.a(lib_a-impure.o)
 .debug_abbrev  0x0000000000000897      0x1f2 /home/youlittleperson/intelFPGA_lite/20.1/nios2eds/bin/gnu/H-x86_64-pc-linux-gnu/bin/../lib/gcc/nios2-elf/9.2.1/../../../../../H-x86_64-pc-linux-gnu/nios2-elf/lib/mno-hw-mul/libsmallc.a(lib_a-malloc.o)
 .debug_abbrev  0x0000000000000a89      0x1e3 /home/youlittleperson/intelFPGA_lite/20.1/nios2eds/bin/gnu/H-x86_64-pc-linux-gnu/bin/../lib/gcc/nios2-elf/9.2.1/../../../../../H-x86_64-pc-linux-gnu/nios2-elf/lib/mno-hw-mul/libsmallc.a(lib_a-memcpy.o)
 .debug_abbrev  0x0000000000000c6c      0x1c3 /home/youlittleperson/intelFPGA_lite/20.1/nios2eds/bin/gnu/H-x86_64-pc-linux-gnu/bin/../lib/gcc/nios2-elf/9.2.1/../../../../../H-x86_64-pc-linux-gnu/nios2-elf/lib/mno-hw-mul/libsmallc.a(lib_a-memset.o)
 .debug_abbrev  0x0000000000000e2f      0x21e /home/youlittleperson/intelFPGA_lite/20.1/nios2eds/bin/gnu/H-x86_64-pc-linux-gnu/bin/../lib/gcc/nios2-elf/9.2.1/../../../../../H-x86_64-pc-linux-gnu/nios2-elf/lib/mno-hw-mul/libsmallc.a(lib_a-nano-callocr.o)
 .debug_abbrev  0x000000000000104d      0x276 /home/youlittleperson/intelFPGA_lite/20.1/nios2eds/bin/gnu/H-x86_64-pc-linux-gnu/bin/../lib/gcc/nios2-elf/9.2.1/../../../../../H-x86_64-pc-linux-gnu/nios2-elf/lib/mno-hw-mul/libsmallc.a(lib_a-nano-freer.o)
 .debug_abbrev  0x00000000000012c3      0x2d8 /home/youlittleperson/intelFPGA_lite/20.1/nios2eds/bin/gnu/H-x86_64-pc-linux-gnu/bin/../lib/gcc/nios2-elf/9.2.1/../../../../../H-x86_64-pc-linux-gnu/nios2-elf/lib/mno-hw-mul/libsmallc.a(lib_a-nano-mallocr.o)
 .debug_abbrev  0x000000000000159b      0x24e /home/youlittleperson/intelFPGA_lite/20.1/nios2eds/bin/gnu/H-x86_64-pc-linux-gnu/bin/../lib/gcc/nios2-elf/9.2.1/../../../../../H-x86_64-pc-linux-gnu/nios2-elf/lib/mno-hw-mul/libsmallc.a(lib_a-printf.o)
 .debug_abbrev  0x00000000000017e9      0x20f /home/youlittleperson/intelFPGA_lite/20.1/nios2eds/bin/gnu/H-x86_64-pc-linux-gnu/bin/../lib/gcc/nios2-elf/9.2.1/../../../../../H-x86_64-pc-linux-gnu/nios2-elf/lib/mno-hw-mul/libsmallc.a(lib_a-putchar.o)
 .debug_abbrev  0x00000000000019f8      0x212 /home/youlittleperson/intelFPGA_lite/20.1/nios2eds/bin/gnu/H-x86_64-pc-linux-gnu/bin/../lib/gcc/nios2-elf/9.2.1/../../../../../H-x86_64-pc-linux-gnu/nios2-elf/lib/mno-hw-mul/libsmallc.a(lib_a-sbrkr.o)
 .debug_abbrev  0x0000000000001c0a      0x34f /home/youlittleperson/intelFPGA_lite/20.1/nios2eds/bin/gnu/H-x86_64-pc-linux-gnu/bin/../lib/gcc/nios2-elf/9.2.1/../../../../../H-x86_64-pc-linux-gnu/nios2-elf/lib/mno-hw-mul/libsmallc.a(lib_a-vfprintf.o)
 .debug_abbrev  0x0000000000001f59      0x238 /home/youlittleperson/intelFPGA_lite/20.1/nios2eds/bin/gnu/H-x86_64-pc-linux-gnu/bin/../lib/gcc/nios2-elf/9.2.1/../../../../../H-x86_64-pc-linux-gnu/nios2-elf/lib/mno-hw-mul/libsmallc.a(lib_a-fvwrite_small_dev.o)
 .debug_abbrev  0x0000000000002191      0x186 /home/youlittleperson/intelFPGA_lite/20.1/nios2eds/bin/gnu/H-x86_64-pc-linux-gnu/bin/../lib/gcc/nios2-elf/9.2.1/../../../../../H-x86_64-pc-linux-gnu/nios2-elf/lib/mno-hw-mul/libsmallc.a(lib_a-int_errno.o)
 .debug_abbrev  0x0000000000002317      0x209 /home/youlittleperson/intelFPGA_lite/20.1/nios2eds/bin/gnu/H-x86_64-pc-linux-gnu/bin/../lib/gcc/nios2-elf/9.2.1/../../../../../H-x86_64-pc-linux-gnu/nios2-elf/lib/mno-hw-mul/libsmallc.a(lib_a-putc.o)
 .debug_abbrev  0x0000000000002520      0x1a8 /home/youlittleperson/intelFPGA_lite/20.1/nios2eds/bin/gnu/H-x86_64-pc-linux-gnu/bin/../lib/gcc/nios2-elf/9.2.1/../../../../../H-x86_64-pc-linux-gnu/nios2-elf/lib/mno-hw-mul/libsmallc.a(lib_a-strlen.o)
 .debug_abbrev  0x00000000000026c8      0x1ec /home/youlittleperson/intelFPGA_lite/20.1/nios2eds/bin/gnu/H-x86_64-pc-linux-gnu/bin/../lib/gcc/nios2-elf/9.2.1/../../../../../H-x86_64-pc-linux-gnu/nios2-elf/lib/mno-hw-mul/libsmallc.a(lib_a-writer.o)
 .debug_abbrev  0x00000000000028b4      0x23b ../SPI_bsp//libhal_bsp.a(alt_getchar.o)
 .debug_abbrev  0x0000000000002aef      0x325 ../SPI_bsp//libhal_bsp.a(alt_irq_register.o)
 .debug_abbrev  0x0000000000002e14       0x44 ../SPI_bsp//libhal_bsp.a(alt_irq_vars.o)
 .debug_abbrev  0x0000000000002e58      0x277 ../SPI_bsp//libhal_bsp.a(alt_load.o)
 .debug_abbrev  0x00000000000030cf      0x252 ../SPI_bsp//libhal_bsp.a(alt_main.o)
 .debug_abbrev  0x0000000000003321      0x203 ../SPI_bsp//libhal_bsp.a(alt_malloc_lock.o)
 .debug_abbrev  0x0000000000003524      0x10a ../SPI_bsp//libhal_bsp.a(alt_printf.o)
 .debug_abbrev  0x000000000000362e      0x24a ../SPI_bsp//libhal_bsp.a(alt_putchar.o)
 .debug_abbrev  0x0000000000003878      0x249 ../SPI_bsp//libhal_bsp.a(alt_putstr.o)
 .debug_abbrev  0x0000000000003ac1      0x2ac ../SPI_bsp//libhal_bsp.a(alt_sbrk.o)
 .debug_abbrev  0x0000000000003d6d      0x28a ../SPI_bsp//libhal_bsp.a(alt_write.o)
 .debug_abbrev  0x0000000000003ff7      0x2db ../SPI_bsp//libhal_bsp.a(alt_sys_init.o)
 .debug_abbrev  0x00000000000042d2      0x258 ../SPI_bsp//libhal_bsp.a(altera_avalon_jtag_uart_read.o)
 .debug_abbrev  0x000000000000452a      0x251 ../SPI_bsp//libhal_bsp.a(altera_avalon_jtag_uart_write.o)
 .debug_abbrev  0x000000000000477b       0xa7 ../SPI_bsp//libhal_bsp.a(altera_avalon_spi.o)
 .debug_abbrev  0x0000000000004822      0x24a ../SPI_bsp//libhal_bsp.a(altera_up_avalon_accelerometer_spi.o)
 .debug_abbrev  0x0000000000004a6c      0x1e0 ../SPI_bsp//libhal_bsp.a(alt_dcache_flush_all.o)
 .debug_abbrev  0x0000000000004c4c      0x212 ../SPI_bsp//libhal_bsp.a(alt_dev.o)
 .debug_abbrev  0x0000000000004e5e      0x283 ../SPI_bsp//libhal_bsp.a(alt_dev_llist_insert.o)
 .debug_abbrev  0x00000000000050e1      0x1df ../SPI_bsp//libhal_bsp.a(alt_errno.o)
 .debug_abbrev  0x00000000000052c0      0x25c ../SPI_bsp//libhal_bsp.a(alt_find_dev.o)
 .debug_abbrev  0x000000000000551c      0x1e0 ../SPI_bsp//libhal_bsp.a(alt_icache_flush_all.o)
 .debug_abbrev  0x00000000000056fc       0x12 ../SPI_bsp//libhal_bsp.a(alt_irq_entry.o)
 .debug_abbrev  0x000000000000570e      0x283 ../SPI_bsp//libhal_bsp.a(alt_irq_handler.o)
 .debug_abbrev  0x0000000000005991      0x1e5 ../SPI_bsp//libhal_bsp.a(altera_nios2_gen2_irq.o)
 .debug_abbrev  0x0000000000005b76       0x12 ../SPI_bsp//libhal_bsp.a(alt_exception_entry.o)
 .debug_abbrev  0x0000000000005b88      0x116 ../SPI_bsp//libhal_bsp.a(alt_instruction_exception_entry.o)
 .debug_abbrev  0x0000000000005c9e      0x1c0 /home/youlittleperson/intelFPGA_lite/20.1/nios2eds/bin/gnu/H-x86_64-pc-linux-gnu/bin/../lib/gcc/nios2-elf/9.2.1/../../../../../H-x86_64-pc-linux-gnu/nios2-elf/lib/mno-hw-mul/libsmallc.a(lib_a-memcmp.o)

.debug_line     0x0000000000000000     0x6f59
 *(.debug_line)
 .debug_line    0x0000000000000000       0x66 ../SPI_bsp//obj/HAL/src/crt0.o
 .debug_line    0x0000000000000066      0x684 obj/default/main.o
 .debug_line    0x00000000000006ea      0x2f9 /home/youlittleperson/intelFPGA_lite/20.1/nios2eds/bin/gnu/H-x86_64-pc-linux-gnu/bin/../lib/gcc/nios2-elf/9.2.1/mno-hw-mul/libgcc.a(lib2-divmod.o)
 .debug_line    0x00000000000009e3       0xb6 /home/youlittleperson/intelFPGA_lite/20.1/nios2eds/bin/gnu/H-x86_64-pc-linux-gnu/bin/../lib/gcc/nios2-elf/9.2.1/mno-hw-mul/libgcc.a(lib2-mul.o)
 .debug_line    0x0000000000000a99      0x1ec /home/youlittleperson/intelFPGA_lite/20.1/nios2eds/bin/gnu/H-x86_64-pc-linux-gnu/bin/../lib/gcc/nios2-elf/9.2.1/../../../../../H-x86_64-pc-linux-gnu/nios2-elf/lib/mno-hw-mul/libsmallc.a(lib_a-calloc.o)
 .debug_line    0x0000000000000c85      0x15c /home/youlittleperson/intelFPGA_lite/20.1/nios2eds/bin/gnu/H-x86_64-pc-linux-gnu/bin/../lib/gcc/nios2-elf/9.2.1/../../../../../H-x86_64-pc-linux-gnu/nios2-elf/lib/mno-hw-mul/libsmallc.a(lib_a-impure.o)
 .debug_line    0x0000000000000de1      0x215 /home/youlittleperson/intelFPGA_lite/20.1/nios2eds/bin/gnu/H-x86_64-pc-linux-gnu/bin/../lib/gcc/nios2-elf/9.2.1/../../../../../H-x86_64-pc-linux-gnu/nios2-elf/lib/mno-hw-mul/libsmallc.a(lib_a-malloc.o)
 .debug_line    0x0000000000000ff6      0x280 /home/youlittleperson/intelFPGA_lite/20.1/nios2eds/bin/gnu/H-x86_64-pc-linux-gnu/bin/../lib/gcc/nios2-elf/9.2.1/../../../../../H-x86_64-pc-linux-gnu/nios2-elf/lib/mno-hw-mul/libsmallc.a(lib_a-memcpy.o)
 .debug_line    0x0000000000001276      0x27b /home/youlittleperson/intelFPGA_lite/20.1/nios2eds/bin/gnu/H-x86_64-pc-linux-gnu/bin/../lib/gcc/nios2-elf/9.2.1/../../../../../H-x86_64-pc-linux-gnu/nios2-elf/lib/mno-hw-mul/libsmallc.a(lib_a-memset.o)
 .debug_line    0x00000000000014f1      0x22e /home/youlittleperson/intelFPGA_lite/20.1/nios2eds/bin/gnu/H-x86_64-pc-linux-gnu/bin/../lib/gcc/nios2-elf/9.2.1/../../../../../H-x86_64-pc-linux-gnu/nios2-elf/lib/mno-hw-mul/libsmallc.a(lib_a-nano-callocr.o)
 .debug_line    0x000000000000171f      0x339 /home/youlittleperson/intelFPGA_lite/20.1/nios2eds/bin/gnu/H-x86_64-pc-linux-gnu/bin/../lib/gcc/nios2-elf/9.2.1/../../../../../H-x86_64-pc-linux-gnu/nios2-elf/lib/mno-hw-mul/libsmallc.a(lib_a-nano-freer.o)
 .debug_line    0x0000000000001a58      0x37b /home/youlittleperson/intelFPGA_lite/20.1/nios2eds/bin/gnu/H-x86_64-pc-linux-gnu/bin/../lib/gcc/nios2-elf/9.2.1/../../../../../H-x86_64-pc-linux-gnu/nios2-elf/lib/mno-hw-mul/libsmallc.a(lib_a-nano-mallocr.o)
 .debug_line    0x0000000000001dd3      0x264 /home/youlittleperson/intelFPGA_lite/20.1/nios2eds/bin/gnu/H-x86_64-pc-linux-gnu/bin/../lib/gcc/nios2-elf/9.2.1/../../../../../H-x86_64-pc-linux-gnu/nios2-elf/lib/mno-hw-mul/libsmallc.a(lib_a-printf.o)
 .debug_line    0x0000000000002037      0x23d /home/youlittleperson/intelFPGA_lite/20.1/nios2eds/bin/gnu/H-x86_64-pc-linux-gnu/bin/../lib/gcc/nios2-elf/9.2.1/../../../../../H-x86_64-pc-linux-gnu/nios2-elf/lib/mno-hw-mul/libsmallc.a(lib_a-putchar.o)
 .debug_line    0x0000000000002274      0x223 /home/youlittleperson/intelFPGA_lite/20.1/nios2eds/bin/gnu/H-x86_64-pc-linux-gnu/bin/../lib/gcc/nios2-elf/9.2.1/../../../../../H-x86_64-pc-linux-gnu/nios2-elf/lib/mno-hw-mul/libsmallc.a(lib_a-sbrkr.o)
 .debug_line    0x0000000000002497      0x7bd /home/youlittleperson/intelFPGA_lite/20.1/nios2eds/bin/gnu/H-x86_64-pc-linux-gnu/bin/../lib/gcc/nios2-elf/9.2.1/../../../../../H-x86_64-pc-linux-gnu/nios2-elf/lib/mno-hw-mul/libsmallc.a(lib_a-vfprintf.o)
 .debug_line    0x0000000000002c54      0x275 /home/youlittleperson/intelFPGA_lite/20.1/nios2eds/bin/gnu/H-x86_64-pc-linux-gnu/bin/../lib/gcc/nios2-elf/9.2.1/../../../../../H-x86_64-pc-linux-gnu/nios2-elf/lib/mno-hw-mul/libsmallc.a(lib_a-fvwrite_small_dev.o)
 .debug_line    0x0000000000002ec9      0x1ce /home/youlittleperson/intelFPGA_lite/20.1/nios2eds/bin/gnu/H-x86_64-pc-linux-gnu/bin/../lib/gcc/nios2-elf/9.2.1/../../../../../H-x86_64-pc-linux-gnu/nios2-elf/lib/mno-hw-mul/libsmallc.a(lib_a-int_errno.o)
 .debug_line    0x0000000000003097      0x27e /home/youlittleperson/intelFPGA_lite/20.1/nios2eds/bin/gnu/H-x86_64-pc-linux-gnu/bin/../lib/gcc/nios2-elf/9.2.1/../../../../../H-x86_64-pc-linux-gnu/nios2-elf/lib/mno-hw-mul/libsmallc.a(lib_a-putc.o)
 .debug_line    0x0000000000003315      0x1fa /home/youlittleperson/intelFPGA_lite/20.1/nios2eds/bin/gnu/H-x86_64-pc-linux-gnu/bin/../lib/gcc/nios2-elf/9.2.1/../../../../../H-x86_64-pc-linux-gnu/nios2-elf/lib/mno-hw-mul/libsmallc.a(lib_a-strlen.o)
 .debug_line    0x000000000000350f      0x225 /home/youlittleperson/intelFPGA_lite/20.1/nios2eds/bin/gnu/H-x86_64-pc-linux-gnu/bin/../lib/gcc/nios2-elf/9.2.1/../../../../../H-x86_64-pc-linux-gnu/nios2-elf/lib/mno-hw-mul/libsmallc.a(lib_a-writer.o)
 .debug_line    0x0000000000003734      0x1ee ../SPI_bsp//libhal_bsp.a(alt_getchar.o)
 .debug_line    0x0000000000003922      0x2b9 ../SPI_bsp//libhal_bsp.a(alt_irq_register.o)
 .debug_line    0x0000000000003bdb       0x50 ../SPI_bsp//libhal_bsp.a(alt_irq_vars.o)
 .debug_line    0x0000000000003c2b      0x2a3 ../SPI_bsp//libhal_bsp.a(alt_load.o)
 .debug_line    0x0000000000003ece      0x369 ../SPI_bsp//libhal_bsp.a(alt_main.o)
 .debug_line    0x0000000000004237      0x151 ../SPI_bsp//libhal_bsp.a(alt_malloc_lock.o)
 .debug_line    0x0000000000004388      0x1fd ../SPI_bsp//libhal_bsp.a(alt_printf.o)
 .debug_line    0x0000000000004585      0x182 ../SPI_bsp//libhal_bsp.a(alt_putchar.o)
 .debug_line    0x0000000000004707      0x1d8 ../SPI_bsp//libhal_bsp.a(alt_putstr.o)
 .debug_line    0x00000000000048df      0x216 ../SPI_bsp//libhal_bsp.a(alt_sbrk.o)
 .debug_line    0x0000000000004af5      0x34d ../SPI_bsp//libhal_bsp.a(alt_write.o)
 .debug_line    0x0000000000004e42      0x2af ../SPI_bsp//libhal_bsp.a(alt_sys_init.o)
 .debug_line    0x00000000000050f1      0x2d5 ../SPI_bsp//libhal_bsp.a(altera_avalon_jtag_uart_read.o)
 .debug_line    0x00000000000053c6      0x28b ../SPI_bsp//libhal_bsp.a(altera_avalon_jtag_uart_write.o)
 .debug_line    0x0000000000005651      0x1a7 ../SPI_bsp//libhal_bsp.a(altera_avalon_spi.o)
 .debug_line    0x00000000000057f8      0x332 ../SPI_bsp//libhal_bsp.a(altera_up_avalon_accelerometer_spi.o)
 .debug_line    0x0000000000005b2a      0x1c7 ../SPI_bsp//libhal_bsp.a(alt_dcache_flush_all.o)
 .debug_line    0x0000000000005cf1      0x2e6 ../SPI_bsp//libhal_bsp.a(alt_dev.o)
 .debug_line    0x0000000000005fd7      0x249 ../SPI_bsp//libhal_bsp.a(alt_dev_llist_insert.o)
 .debug_line    0x0000000000006220      0x161 ../SPI_bsp//libhal_bsp.a(alt_errno.o)
 .debug_line    0x0000000000006381      0x25f ../SPI_bsp//libhal_bsp.a(alt_find_dev.o)
 .debug_line    0x00000000000065e0      0x1c5 ../SPI_bsp//libhal_bsp.a(alt_icache_flush_all.o)
 .debug_line    0x00000000000067a5       0x6b ../SPI_bsp//libhal_bsp.a(alt_irq_entry.o)
 .debug_line    0x0000000000006810      0x232 ../SPI_bsp//libhal_bsp.a(alt_irq_handler.o)
 .debug_line    0x0000000000006a42      0x16a ../SPI_bsp//libhal_bsp.a(altera_nios2_gen2_irq.o)
 .debug_line    0x0000000000006bac       0xb3 ../SPI_bsp//libhal_bsp.a(alt_exception_entry.o)
 .debug_line    0x0000000000006c5f       0xee ../SPI_bsp//libhal_bsp.a(alt_instruction_exception_entry.o)
 .debug_line    0x0000000000006d4d      0x20c /home/youlittleperson/intelFPGA_lite/20.1/nios2eds/bin/gnu/H-x86_64-pc-linux-gnu/bin/../lib/gcc/nios2-elf/9.2.1/../../../../../H-x86_64-pc-linux-gnu/nios2-elf/lib/mno-hw-mul/libsmallc.a(lib_a-memcmp.o)

.debug_frame    0x0000000000000000      0x92c
 *(.debug_frame)
 .debug_frame   0x0000000000000000      0x118 obj/default/main.o
 .debug_frame   0x0000000000000118       0x50 /home/youlittleperson/intelFPGA_lite/20.1/nios2eds/bin/gnu/H-x86_64-pc-linux-gnu/bin/../lib/gcc/nios2-elf/9.2.1/mno-hw-mul/libgcc.a(lib2-divmod.o)
 .debug_frame   0x0000000000000168       0x20 /home/youlittleperson/intelFPGA_lite/20.1/nios2eds/bin/gnu/H-x86_64-pc-linux-gnu/bin/../lib/gcc/nios2-elf/9.2.1/mno-hw-mul/libgcc.a(lib2-mul.o)
 .debug_frame   0x0000000000000188       0x20 /home/youlittleperson/intelFPGA_lite/20.1/nios2eds/bin/gnu/H-x86_64-pc-linux-gnu/bin/../lib/gcc/nios2-elf/9.2.1/../../../../../H-x86_64-pc-linux-gnu/nios2-elf/lib/mno-hw-mul/libsmallc.a(lib_a-calloc.o)
 .debug_frame   0x00000000000001a8       0x30 /home/youlittleperson/intelFPGA_lite/20.1/nios2eds/bin/gnu/H-x86_64-pc-linux-gnu/bin/../lib/gcc/nios2-elf/9.2.1/../../../../../H-x86_64-pc-linux-gnu/nios2-elf/lib/mno-hw-mul/libsmallc.a(lib_a-malloc.o)
 .debug_frame   0x00000000000001d8       0x20 /home/youlittleperson/intelFPGA_lite/20.1/nios2eds/bin/gnu/H-x86_64-pc-linux-gnu/bin/../lib/gcc/nios2-elf/9.2.1/../../../../../H-x86_64-pc-linux-gnu/nios2-elf/lib/mno-hw-mul/libsmallc.a(lib_a-memcpy.o)
 .debug_frame   0x00000000000001f8       0x20 /home/youlittleperson/intelFPGA_lite/20.1/nios2eds/bin/gnu/H-x86_64-pc-linux-gnu/bin/../lib/gcc/nios2-elf/9.2.1/../../../../../H-x86_64-pc-linux-gnu/nios2-elf/lib/mno-hw-mul/libsmallc.a(lib_a-memset.o)
 .debug_frame   0x0000000000000218       0x34 /home/youlittleperson/intelFPGA_lite/20.1/nios2eds/bin/gnu/H-x86_64-pc-linux-gnu/bin/../lib/gcc/nios2-elf/9.2.1/../../../../../H-x86_64-pc-linux-gnu/nios2-elf/lib/mno-hw-mul/libsmallc.a(lib_a-nano-callocr.o)
 .debug_frame   0x000000000000024c       0x38 /home/youlittleperson/intelFPGA_lite/20.1/nios2eds/bin/gnu/H-x86_64-pc-linux-gnu/bin/../lib/gcc/nios2-elf/9.2.1/../../../../../H-x86_64-pc-linux-gnu/nios2-elf/lib/mno-hw-mul/libsmallc.a(lib_a-nano-freer.o)
 .debug_frame   0x0000000000000284       0x3c /home/youlittleperson/intelFPGA_lite/20.1/nios2eds/bin/gnu/H-x86_64-pc-linux-gnu/bin/../lib/gcc/nios2-elf/9.2.1/../../../../../H-x86_64-pc-linux-gnu/nios2-elf/lib/mno-hw-mul/libsmallc.a(lib_a-nano-mallocr.o)
 .debug_frame   0x00000000000002c0       0x48 /home/youlittleperson/intelFPGA_lite/20.1/nios2eds/bin/gnu/H-x86_64-pc-linux-gnu/bin/../lib/gcc/nios2-elf/9.2.1/../../../../../H-x86_64-pc-linux-gnu/nios2-elf/lib/mno-hw-mul/libsmallc.a(lib_a-printf.o)
 .debug_frame   0x0000000000000308       0x30 /home/youlittleperson/intelFPGA_lite/20.1/nios2eds/bin/gnu/H-x86_64-pc-linux-gnu/bin/../lib/gcc/nios2-elf/9.2.1/../../../../../H-x86_64-pc-linux-gnu/nios2-elf/lib/mno-hw-mul/libsmallc.a(lib_a-putchar.o)
 .debug_frame   0x0000000000000338       0x30 /home/youlittleperson/intelFPGA_lite/20.1/nios2eds/bin/gnu/H-x86_64-pc-linux-gnu/bin/../lib/gcc/nios2-elf/9.2.1/../../../../../H-x86_64-pc-linux-gnu/nios2-elf/lib/mno-hw-mul/libsmallc.a(lib_a-sbrkr.o)
 .debug_frame   0x0000000000000368       0x90 /home/youlittleperson/intelFPGA_lite/20.1/nios2eds/bin/gnu/H-x86_64-pc-linux-gnu/bin/../lib/gcc/nios2-elf/9.2.1/../../../../../H-x86_64-pc-linux-gnu/nios2-elf/lib/mno-hw-mul/libsmallc.a(lib_a-vfprintf.o)
 .debug_frame   0x00000000000003f8       0x3c /home/youlittleperson/intelFPGA_lite/20.1/nios2eds/bin/gnu/H-x86_64-pc-linux-gnu/bin/../lib/gcc/nios2-elf/9.2.1/../../../../../H-x86_64-pc-linux-gnu/nios2-elf/lib/mno-hw-mul/libsmallc.a(lib_a-fvwrite_small_dev.o)
 .debug_frame   0x0000000000000434       0x50 /home/youlittleperson/intelFPGA_lite/20.1/nios2eds/bin/gnu/H-x86_64-pc-linux-gnu/bin/../lib/gcc/nios2-elf/9.2.1/../../../../../H-x86_64-pc-linux-gnu/nios2-elf/lib/mno-hw-mul/libsmallc.a(lib_a-putc.o)
 .debug_frame   0x0000000000000484       0x20 /home/youlittleperson/intelFPGA_lite/20.1/nios2eds/bin/gnu/H-x86_64-pc-linux-gnu/bin/../lib/gcc/nios2-elf/9.2.1/../../../../../H-x86_64-pc-linux-gnu/nios2-elf/lib/mno-hw-mul/libsmallc.a(lib_a-strlen.o)
 .debug_frame   0x00000000000004a4       0x30 /home/youlittleperson/intelFPGA_lite/20.1/nios2eds/bin/gnu/H-x86_64-pc-linux-gnu/bin/../lib/gcc/nios2-elf/9.2.1/../../../../../H-x86_64-pc-linux-gnu/nios2-elf/lib/mno-hw-mul/libsmallc.a(lib_a-writer.o)
 .debug_frame   0x00000000000004d4       0x30 ../SPI_bsp//libhal_bsp.a(alt_getchar.o)
 .debug_frame   0x0000000000000504       0x20 ../SPI_bsp//libhal_bsp.a(alt_irq_register.o)
 .debug_frame   0x0000000000000524       0x30 ../SPI_bsp//libhal_bsp.a(alt_load.o)
 .debug_frame   0x0000000000000554       0x2c ../SPI_bsp//libhal_bsp.a(alt_main.o)
 .debug_frame   0x0000000000000580       0x30 ../SPI_bsp//libhal_bsp.a(alt_malloc_lock.o)
 .debug_frame   0x00000000000005b0       0x44 ../SPI_bsp//libhal_bsp.a(alt_printf.o)
 .debug_frame   0x00000000000005f4       0x30 ../SPI_bsp//libhal_bsp.a(alt_putchar.o)
 .debug_frame   0x0000000000000624       0x30 ../SPI_bsp//libhal_bsp.a(alt_putstr.o)
 .debug_frame   0x0000000000000654       0x20 ../SPI_bsp//libhal_bsp.a(alt_sbrk.o)
 .debug_frame   0x0000000000000674       0x2c ../SPI_bsp//libhal_bsp.a(alt_write.o)
 .debug_frame   0x00000000000006a0       0x3c ../SPI_bsp//libhal_bsp.a(alt_sys_init.o)
 .debug_frame   0x00000000000006dc       0x20 ../SPI_bsp//libhal_bsp.a(altera_avalon_jtag_uart_read.o)
 .debug_frame   0x00000000000006fc       0x20 ../SPI_bsp//libhal_bsp.a(altera_avalon_jtag_uart_write.o)
 .debug_frame   0x000000000000071c       0x20 ../SPI_bsp//libhal_bsp.a(altera_avalon_spi.o)
 .debug_frame   0x000000000000073c       0x80 ../SPI_bsp//libhal_bsp.a(altera_up_avalon_accelerometer_spi.o)
 .debug_frame   0x00000000000007bc       0x20 ../SPI_bsp//libhal_bsp.a(alt_dcache_flush_all.o)
 .debug_frame   0x00000000000007dc       0x20 ../SPI_bsp//libhal_bsp.a(alt_dev.o)
 .debug_frame   0x00000000000007fc       0x2c ../SPI_bsp//libhal_bsp.a(alt_dev_llist_insert.o)
 .debug_frame   0x0000000000000828       0x40 ../SPI_bsp//libhal_bsp.a(alt_find_dev.o)
 .debug_frame   0x0000000000000868       0x20 ../SPI_bsp//libhal_bsp.a(alt_icache_flush_all.o)
 .debug_frame   0x0000000000000888       0x34 ../SPI_bsp//libhal_bsp.a(alt_irq_handler.o)
 .debug_frame   0x00000000000008bc       0x20 ../SPI_bsp//libhal_bsp.a(altera_nios2_gen2_irq.o)
 .debug_frame   0x00000000000008dc       0x30 ../SPI_bsp//libhal_bsp.a(alt_instruction_exception_entry.o)
 .debug_frame   0x000000000000090c       0x20 /home/youlittleperson/intelFPGA_lite/20.1/nios2eds/bin/gnu/H-x86_64-pc-linux-gnu/bin/../lib/gcc/nios2-elf/9.2.1/../../../../../H-x86_64-pc-linux-gnu/nios2-elf/lib/mno-hw-mul/libsmallc.a(lib_a-memcmp.o)

.debug_str      0x0000000000000000     0x25aa
 *(.debug_str)
 .debug_str     0x0000000000000000       0x6c ../SPI_bsp//obj/HAL/src/crt0.o
 .debug_str     0x000000000000006c      0x72b obj/default/main.o
                                        0x85f (size before relaxing)
 .debug_str     0x0000000000000797      0x194 /home/youlittleperson/intelFPGA_lite/20.1/nios2eds/bin/gnu/H-x86_64-pc-linux-gnu/bin/../lib/gcc/nios2-elf/9.2.1/mno-hw-mul/libgcc.a(lib2-divmod.o)
                                        0x1df (size before relaxing)
 .debug_str     0x000000000000092b       0x42 /home/youlittleperson/intelFPGA_lite/20.1/nios2eds/bin/gnu/H-x86_64-pc-linux-gnu/bin/../lib/gcc/nios2-elf/9.2.1/mno-hw-mul/libgcc.a(lib2-mul.o)
                                        0x1a0 (size before relaxing)
 .debug_str     0x000000000000096d      0x18f /home/youlittleperson/intelFPGA_lite/20.1/nios2eds/bin/gnu/H-x86_64-pc-linux-gnu/bin/../lib/gcc/nios2-elf/9.2.1/../../../../../H-x86_64-pc-linux-gnu/nios2-elf/lib/mno-hw-mul/libsmallc.a(lib_a-calloc.o)
                                        0x4e5 (size before relaxing)
 .debug_str     0x0000000000000afc      0x11f /home/youlittleperson/intelFPGA_lite/20.1/nios2eds/bin/gnu/H-x86_64-pc-linux-gnu/bin/../lib/gcc/nios2-elf/9.2.1/../../../../../H-x86_64-pc-linux-gnu/nios2-elf/lib/mno-hw-mul/libsmallc.a(lib_a-impure.o)
                                        0x529 (size before relaxing)
 .debug_str     0x0000000000000c1b       0x5d /home/youlittleperson/intelFPGA_lite/20.1/nios2eds/bin/gnu/H-x86_64-pc-linux-gnu/bin/../lib/gcc/nios2-elf/9.2.1/../../../../../H-x86_64-pc-linux-gnu/nios2-elf/lib/mno-hw-mul/libsmallc.a(lib_a-malloc.o)
                                        0x4f9 (size before relaxing)
 .debug_str     0x0000000000000c78      0x355 /home/youlittleperson/intelFPGA_lite/20.1/nios2eds/bin/gnu/H-x86_64-pc-linux-gnu/bin/../lib/gcc/nios2-elf/9.2.1/../../../../../H-x86_64-pc-linux-gnu/nios2-elf/lib/mno-hw-mul/libsmallc.a(lib_a-memcpy.o)
                                        0x7f5 (size before relaxing)