Archive member included to satisfy reference by file (symbol)

/home/youlittleperson/intelFPGA_lite/20.1/nios2eds/bin/gnu/H-x86_64-pc-linux-gnu/bin/../lib/gcc/nios2-elf/9.2.1/mno-hw-mul/libgcc.a(lib2-divmod.o)
                              obj/default/main.o (__divsi3)
/home/youlittleperson/intelFPGA_lite/20.1/nios2eds/bin/gnu/H-x86_64-pc-linux-gnu/bin/../lib/gcc/nios2-elf/9.2.1/mno-hw-mul/libgcc.a(lib2-mul.o)
                              obj/default/main.o (__mulsi3)
/home/youlittleperson/intelFPGA_lite/20.1/nios2eds/bin/gnu/H-x86_64-pc-linux-gnu/bin/../lib/gcc/nios2-elf/9.2.1/../../../../../H-x86_64-pc-linux-gnu/nios2-elf/lib/mno-hw-mul/libsmallc.a(lib_a-calloc.o)
                              obj/default/main.o (calloc)
/home/youlittleperson/intelFPGA_lite/20.1/nios2eds/bin/gnu/H-x86_64-pc-linux-gnu/bin/../lib/gcc/nios2-elf/9.2.1/../../../../../H-x86_64-pc-linux-gnu/nios2-elf/lib/mno-hw-mul/libsmallc.a(lib_a-impure.o)
                              /home/youlittleperson/intelFPGA_lite/20.1/nios2eds/bin/gnu/H-x86_64-pc-linux-gnu/bin/../lib/gcc/nios2-elf/9.2.1/../../../../../H-x86_64-pc-linux-gnu/nios2-elf/lib/mno-hw-mul/libsmallc.a(lib_a-calloc.o) (_impure_ptr)
/home/youlittleperson/intelFPGA_lite/20.1/nios2eds/bin/gnu/H-x86_64-pc-linux-gnu/bin/../lib/gcc/nios2-elf/9.2.1/../../../../../H-x86_64-pc-linux-gnu/nios2-elf/lib/mno-hw-mul/libsmallc.a(lib_a-malloc.o)
                              obj/default/main.o (free)
/home/youlittleperson/intelFPGA_lite/20.1/nios2eds/bin/gnu/H-x86_64-pc-linux-gnu/bin/../lib/gcc/nios2-elf/9.2.1/../../../../../H-x86_64-pc-linux-gnu/nios2-elf/lib/mno-hw-mul/libsmallc.a(lib_a-memcpy.o)
                              obj/default/main.o (memcpy)
/home/youlittleperson/intelFPGA_lite/20.1/nios2eds/bin/gnu/H-x86_64-pc-linux-gnu/bin/../lib/gcc/nios2-elf/9.2.1/../../../../../H-x86_64-pc-linux-gnu/nios2-elf/lib/mno-hw-mul/libsmallc.a(lib_a-nano-callocr.o)
                              /home/youlittleperson/intelFPGA_lite/20.1/nios2eds/bin/gnu/H-x86_64-pc-linux-gnu/bin/../lib/gcc/nios2-elf/9.2.1/../../../../../H-x86_64-pc-linux-gnu/nios2-elf/lib/mno-hw-mul/libsmallc.a(lib_a-calloc.o) (_calloc_r)
/home/youlittleperson/intelFPGA_lite/20.1/nios2eds/bin/gnu/H-x86_64-pc-linux-gnu/bin/../lib/gcc/nios2-elf/9.2.1/../../../../../H-x86_64-pc-linux-gnu/nios2-elf/lib/mno-hw-mul/libsmallc.a(lib_a-nano-freer.o)
                              /home/youlittleperson/intelFPGA_lite/20.1/nios2eds/bin/gnu/H-x86_64-pc-linux-gnu/bin/../lib/gcc/nios2-elf/9.2.1/../../../../../H-x86_64-pc-linux-gnu/nios2-elf/lib/mno-hw-mul/libsmallc.a(lib_a-malloc.o) (_free_r)
/home/youlittleperson/intelFPGA_lite/20.1/nios2eds/bin/gnu/H-x86_64-pc-linux-gnu/bin/../lib/gcc/nios2-elf/9.2.1/../../../../../H-x86_64-pc-linux-gnu/nios2-elf/lib/mno-hw-mul/libsmallc.a(lib_a-nano-mallocr.o)
                              /home/youlittleperson/intelFPGA_lite/20.1/nios2eds/bin/gnu/H-x86_64-pc-linux-gnu/bin/../lib/gcc/nios2-elf/9.2.1/../../../../../H-x86_64-pc-linux-gnu/nios2-elf/lib/mno-hw-mul/libsmallc.a(lib_a-malloc.o) (_malloc_r)
/home/youlittleperson/intelFPGA_lite/20.1/nios2eds/bin/gnu/H-x86_64-pc-linux-gnu/bin/../lib/gcc/nios2-elf/9.2.1/../../../../../H-x86_64-pc-linux-gnu/nios2-elf/lib/mno-hw-mul/libsmallc.a(lib_a-printf.o)
                              obj/default/main.o (printf)
/home/youlittleperson/intelFPGA_lite/20.1/nios2eds/bin/gnu/H-x86_64-pc-linux-gnu/bin/../lib/gcc/nios2-elf/9.2.1/../../../../../H-x86_64-pc-linux-gnu/nios2-elf/lib/mno-hw-mul/libsmallc.a(lib_a-putchar.o)
                              obj/default/main.o (putchar)
/home/youlittleperson/intelFPGA_lite/20.1/nios2eds/bin/gnu/H-x86_64-pc-linux-gnu/bin/../lib/gcc/nios2-elf/9.2.1/../../../../../H-x86_64-pc-linux-gnu/nios2-elf/lib/mno-hw-mul/libsmallc.a(lib_a-puts.o)
                              obj/default/main.o (puts)
/home/youlittleperson/intelFPGA_lite/20.1/nios2eds/bin/gnu/H-x86_64-pc-linux-gnu/bin/../lib/gcc/nios2-elf/9.2.1/../../../../../H-x86_64-pc-linux-gnu/nios2-elf/lib/mno-hw-mul/libsmallc.a(lib_a-sbrkr.o)
                              /home/youlittleperson/intelFPGA_lite/20.1/nios2eds/bin/gnu/H-x86_64-pc-linux-gnu/bin/../lib/gcc/nios2-elf/9.2.1/../../../../../H-x86_64-pc-linux-gnu/nios2-elf/lib/mno-hw-mul/libsmallc.a(lib_a-nano-mallocr.o) (_sbrk_r)
/home/youlittleperson/intelFPGA_lite/20.1/nios2eds/bin/gnu/H-x86_64-pc-linux-gnu/bin/../lib/gcc/nios2-elf/9.2.1/../../../../../H-x86_64-pc-linux-gnu/nios2-elf/lib/mno-hw-mul/libsmallc.a(lib_a-strlen.o)
                              /home/youlittleperson/intelFPGA_lite/20.1/nios2eds/bin/gnu/H-x86_64-pc-linux-gnu/bin/../lib/gcc/nios2-elf/9.2.1/../../../../../H-x86_64-pc-linux-gnu/nios2-elf/lib/mno-hw-mul/libsmallc.a(lib_a-puts.o) (strlen)
/home/youlittleperson/intelFPGA_lite/20.1/nios2eds/bin/gnu/H-x86_64-pc-linux-gnu/bin/../lib/gcc/nios2-elf/9.2.1/../../../../../H-x86_64-pc-linux-gnu/nios2-elf/lib/mno-hw-mul/libsmallc.a(lib_a-vfprintf.o)
[...]
Memory Configuration

Name             Origin             Length             Attributes
reset            0x0000000000010000 0x0000000000000020
onchip_memory    0x0000000000010020 0x000000000000ffe0
*default*        0x0000000000000000 0xffffffffffffffff

Linker script and memory map

LOAD ../SPI_bsp//obj/HAL/src/crt0.o
LOAD obj/default/main.o
LOAD /home/youlittleperson/intelFPGA_lite/20.1/nios2eds/bin/gnu/H-x86_64-pc-linux-gnu/bin/../lib/gcc/nios2-elf/9.2.1/../../../../../H-x86_64-pc-linux-gnu/nios2-elf/lib/mno-hw-mul/libstdc++.a
LOAD /home/youlittleperson/intelFPGA_lite/20.1/nios2eds/bin/gnu/H-x86_64-pc-linux-gnu/bin/../lib/gcc/nios2-elf/9.2.1/../../../../../H-x86_64-pc-linux-gnu/nios2-elf/lib/mno-hw-mul/libm.a
LOAD /home/youlittleperson/intelFPGA_lite/20.1/nios2eds/bin/gnu/H-x86_64-pc-linux-gnu/bin/../lib/gcc/nios2-elf/9.2.1/mno-hw-mul/libgcc.a
START GROUP
LOAD /home/youlittleperson/intelFPGA_lite/20.1/nios2eds/bin/gnu/H-x86_64-pc-linux-gnu/bin/../lib/gcc/nios2-elf/9.2.1/../../../../../H-x86_64-pc-linux-gnu/nios2-elf/lib/mno-hw-mul/libsmallc.a
LOAD /home/youlittleperson/intelFPGA_lite/20.1/nios2eds/bin/gnu/H-x86_64-pc-linux-gnu/bin/../lib/gcc/nios2-elf/9.2.1/mno-hw-mul/libgcc.a
LOAD ../SPI_bsp//libhal_bsp.a
LOAD /home/youlittleperson/intelFPGA_lite/20.1/nios2eds/bin/gnu/H-x86_64-pc-linux-gnu/bin/../lib/gcc/nios2-elf/9.2.1/../../../../../H-x86_64-pc-linux-gnu/nios2-elf/lib/mno-hw-mul/libm.a
END GROUP
LOAD /home/youlittleperson/intelFPGA_lite/20.1/nios2eds/bin/gnu/H-x86_64-pc-linux-gnu/bin/../lib/gcc/nios2-elf/9.2.1/mno-hw-mul/libgcc.a
                0x0000000000010000                __alt_mem_onchip_memory = 0x10000

.entry          0x0000000000010000       0x20
 *(.entry)
 .entry         0x0000000000010000       0x20 ../SPI_bsp//obj/HAL/src/crt0.o
                0x0000000000010000                __reset
                0x000000000001000c                _exit

.exceptions     0x0000000000010020      0x160
                0x0000000000010020                PROVIDE (__ram_exceptions_start = ABSOLUTE (.))
                0x0000000000010020                . = ALIGN (0x20)
 *(.irq)
 *(.exceptions.entry.label)
 .exceptions.entry.label
                0x0000000000010020        0x0 ../SPI_bsp//libhal_bsp.a(alt_irq_entry.o)
                0x0000000000010020                alt_irq_entry
 .exceptions.entry.label
                0x0000000000010020        0x0 ../SPI_bsp//libhal_bsp.a(alt_exception_entry.o)
                0x0000000000010020                alt_exception
 *(.exceptions.entry.user)
 *(.exceptions.entry.ecc_fatal)
 *(.exceptions.entry)
 .exceptions.entry
                0x0000000000010020       0x54 ../SPI_bsp//libhal_bsp.a(alt_exception_entry.o)
 *(.exceptions.irqtest.user)
 *(.exceptions.irqtest)
 .exceptions.irqtest
                0x0000000000010074       0x10 ../SPI_bsp//libhal_bsp.a(alt_irq_entry.o)
 *(.exceptions.irqhandler.user)
 *(.exceptions.irqhandler)
 .exceptions.irqhandler
                0x0000000000010084        0x4 ../SPI_bsp//libhal_bsp.a(alt_irq_entry.o)
 *(.exceptions.irqreturn.user)
 *(.exceptions.irqreturn)
 .exceptions.irqreturn
                0x0000000000010088        0x4 ../SPI_bsp//libhal_bsp.a(alt_irq_entry.o)
 *(.exceptions.notirq.label)
 .exceptions.notirq.label
                0x000000000001008c        0x0 ../SPI_bsp//libhal_bsp.a(alt_irq_entry.o)
 *(.exceptions.notirq.user)
 *(.exceptions.notirq)
 .exceptions.notirq
                0x000000000001008c        0x8 ../SPI_bsp//libhal_bsp.a(alt_exception_entry.o)
 *(.exceptions.soft.user)
 *(.exceptions.soft)
 *(.exceptions.unknown.user)
 *(.exceptions.unknown)
 .exceptions.unknown
                0x0000000000010094       0x14 ../SPI_bsp//libhal_bsp.a(alt_exception_entry.o)
 *(.exceptions.exit.label)
 .exceptions.exit.label
                0x00000000000100a8        0x0 ../SPI_bsp//libhal_bsp.a(alt_irq_entry.o)
 .exceptions.exit.label
                0x00000000000100a8        0x0 ../SPI_bsp//libhal_bsp.a(alt_exception_entry.o)
 *(.exceptions.exit.user)
 *(.exceptions.exit)
 .exceptions.exit
                0x00000000000100a8       0x54 ../SPI_bsp//libhal_bsp.a(alt_exception_entry.o)
 *(.exceptions)
 .exceptions    0x00000000000100fc       0x60 ../SPI_bsp//libhal_bsp.a(alt_irq_handler.o)
                0x00000000000100fc                alt_irq_handler
 .exceptions    0x000000000001015c       0x24 ../SPI_bsp//libhal_bsp.a(alt_instruction_exception_entry.o)
                0x000000000001015c                alt_instruction_exception_entry
                0x0000000000010180                PROVIDE (__ram_exceptions_end = ABSOLUTE (.))
                0x0000000000010020                PROVIDE (__flash_exceptions_start = LOADADDR (.exceptions))

.text           0x0000000000010180     0x19e0
                [!provide]                        PROVIDE (stext = ABSOLUTE (.))
 *(.interp)
 *(.hash)
 *(.dynsym)
 *(.dynstr)
 *(.gnu.version)
 *(.gnu.version_d)
 *(.gnu.version_r)
 *(.rel.init)
 *(.rela.init)
 *(.rel.text .rel.text.* .rel.gnu.linkonce.t.*)
 *(.rela.text .rela.text.* .rela.gnu.linkonce.t.*)
 *(.rel.fini)
 *(.rela.fini)
 *(.rel.rodata .rel.rodata.* .rel.gnu.linkonce.r.*)
 *(.rela.rodata .rela.rodata.* .rela.gnu.linkonce.r.*)
 *(.rel.data .rel.data.* .rel.gnu.linkonce.d.*)
 *(.rela.data .rela.data.* .rela.gnu.linkonce.d.*)
 *(.rel.tdata .rel.tdata.* .rel.gnu.linkonce.td.*)
 *(.rela.tdata .rela.tdata.* .rela.gnu.linkonce.td.*)
 *(.rel.tbss .rel.tbss.* .rel.gnu.linkonce.tb.*)
 *(.rela.tbss .rela.tbss.* .rela.gnu.linkonce.tb.*)
 *(.rel.ctors)
 *(.rela.ctors)
 *(.rel.dtors)
 *(.rela.dtors)
 *(.rel.got)
 *(.rela.got)
 *(.rel.sdata .rel.sdata.* .rel.gnu.linkonce.s.*)
 *(.rela.sdata .rela.sdata.* .rela.gnu.linkonce.s.*)
 *(.rel.sbss .rel.sbss.* .rel.gnu.linkonce.sb.*)
 *(.rela.sbss .rela.sbss.* .rela.gnu.linkonce.sb.*)
 *(.rel.sdata2 .rel.sdata2.* .rel.gnu.linkonce.s2.*)
 *(.rela.sdata2 .rela.sdata2.* .rela.gnu.linkonce.s2.*)
 *(.rel.sbss2 .rel.sbss2.* .rel.gnu.linkonce.sb2.*)
 *(.rela.sbss2 .rela.sbss2.* .rela.gnu.linkonce.sb2.*)
 *(.rel.bss .rel.bss.* .rel.gnu.linkonce.b.*)
 *(.rela.bss .rela.bss.* .rela.gnu.linkonce.b.*)
 *(.rel.plt)
 *(.rela.plt)
 *(.rel.dyn)
 *(.init)
 *(.plt)
 *(.text .stub .text.* .gnu.linkonce.t.*)
 .text          0x0000000000010180       0x3c ../SPI_bsp//obj/HAL/src/crt0.o
                0x0000000000010180                _start
 .text          0x00000000000101bc      0x30c obj/default/main.o
                0x00000000000101bc                accelerometer_isr
                0x000000000001026c                timer_0_init
                0x000000000001029c                timer_1_init
                0x00000000000102f0                print7seg
                0x0000000000010328                getBin
                0x0000000000010350                updateTextISR
 .text.startup  0x00000000000104c8      0x22c obj/default/main.o
                0x00000000000104c8                main
 .text          0x00000000000106f4      0x1b4 /home/youlittleperson/intelFPGA_lite/20.1/nios2eds/bin/gnu/H-x86_64-pc-linux-gnu/bin/../lib/gcc/nios2-elf/9.2.1/mno-hw-mul/libgcc.a(lib2-divmod.o)
                0x00000000000106f4                __divsi3
                0x0000000000010774                __modsi3
                0x00000000000107e8                __udivsi3
                0x000000000001084c                __umodsi3
 .text          0x00000000000108a8       0x28 /home/youlittleperson/intelFPGA_lite/20.1/nios2eds/bin/gnu/H-x86_64-pc-linux-gnu/bin/../lib/gcc/nios2-elf/9.2.1/mno-hw-mul/libgcc.a(lib2-mul.o)
                0x00000000000108a8                __mulsi3
 .text          0x00000000000108d0        0x0 /home/youlittleperson/intelFPGA_lite/20.1/nios2eds/bin/gnu/H-x86_64-pc-linux-gnu/bin/../lib/gcc/nios2-elf/9.2.1/../../../../../H-x86_64-pc-linux-gnu/nios2-elf/lib/mno-hw-mul/libsmallc.a(lib_a-calloc.o)
 .text.calloc   0x00000000000108d0       0x14 /home/youlittleperson/intelFPGA_lite/20.1/nios2eds/bin/gnu/H-x86_64-pc-linux-gnu/bin/../lib/gcc/nios2-elf/9.2.1/../../../../../H-x86_64-pc-linux-gnu/nios2-elf/lib/mno-hw-mul/libsmallc.a(lib_a-calloc.o)
                0x00000000000108d0                calloc
 .text          0x00000000000108e4        0x0 /home/youlittleperson/intelFPGA_lite/20.1/nios2eds/bin/gnu/H-x86_64-pc-linux-gnu/bin/../lib/gcc/nios2-elf/9.2.1/../../../../../H-x86_64-pc-linux-gnu/nios2-elf/lib/mno-hw-mul/libsmallc.a(lib_a-impure.o)
 .text          0x00000000000108e4        0x0 /home/youlittleperson/intelFPGA_lite/20.1/nios2eds/bin/gnu/H-x86_64-pc-linux-gnu/bin/../lib/gcc/nios2-elf/9.2.1/../../../../../H-x86_64-pc-linux-gnu/nios2-elf/lib/mno-hw-mul/libsmallc.a(lib_a-malloc.o)
 .text.malloc   0x00000000000108e4       0x10 /home/youlittleperson/intelFPGA_lite/20.1/nios2eds/bin/gnu/H-x86_64-pc-linux-gnu/bin/../lib/gcc/nios2-elf/9.2.1/../../../../../H-x86_64-pc-linux-gnu/nios2-elf/lib/mno-hw-mul/libsmallc.a(lib_a-malloc.o)
                0x00000000000108e4                malloc
 .text.free     0x00000000000108f4       0x10 /home/youlittleperson/intelFPGA_lite/20.1/nios2eds/bin/gnu/H-x86_64-pc-linux-gnu/bin/../lib/gcc/nios2-elf/9.2.1/../../../../../H-x86_64-pc-linux-gnu/nios2-elf/lib/mno-hw-mul/libsmallc.a(lib_a-malloc.o)
                0x00000000000108f4                free
 .text          0x0000000000010904        0x0 /home/youlittleperson/intelFPGA_lite/20.1/nios2eds/bin/gnu/H-x86_64-pc-linux-gnu/bin/../lib/gcc/nios2-elf/9.2.1/../../../../../H-x86_64-pc-linux-gnu/nios2-elf/lib/mno-hw-mul/libsmallc.a(lib_a-memcpy.o)
 .text.memcpy   0x0000000000010904       0x28 /home/youlittleperson/intelFPGA_lite/20.1/nios2eds/bin/gnu/H-x86_64-pc-linux-gnu/bin/../lib/gcc/nios2-elf/9.2.1/../../../../../H-x86_64-pc-linux-gnu/nios2-elf/lib/mno-hw-mul/libsmallc.a(lib_a-memcpy.o)
                0x0000000000010904                memcpy
 .text          0x000000000001092c        0x0 /home/youlittleperson/intelFPGA_lite/20.1/nios2eds/bin/gnu/H-x86_64-pc-linux-gnu/bin/../lib/gcc/nios2-elf/9.2.1/../../../../../H-x86_64-pc-linux-gnu/nios2-elf/lib/mno-hw-mul/libsmallc.a(lib_a-nano-callocr.o)
 .text._calloc_r
                0x000000000001092c       0x60 /home/youlittleperson/intelFPGA_lite/20.1/nios2eds/bin/gnu/H-x86_64-pc-linux-gnu/bin/../lib/gcc/nios2-elf/9.2.1/../../../../../H-x86_64-pc-linux-gnu/nios2-elf/lib/mno-hw-mul/libsmallc.a(lib_a-nano-callocr.o)
                0x000000000001092c                _calloc_r
 .text          0x000000000001098c        0x0 /home/youlittleperson/intelFPGA_lite/20.1/nios2eds/bin/gnu/H-x86_64-pc-linux-gnu/bin/../lib/gcc/nios2-elf/9.2.1/../../../../../H-x86_64-pc-linux-gnu/nios2-elf/lib/mno-hw-mul/libsmallc.a(lib_a-nano-freer.o)
 .text._free_r  0x000000000001098c      0x100 /home/youlittleperson/intelFPGA_lite/20.1/nios2eds/bin/gnu/H-x86_64-pc-linux-gnu/bin/../lib/gcc/nios2-elf/9.2.1/../../../../../H-x86_64-pc-linux-gnu/nios2-elf/lib/mno-hw-mul/libsmallc.a(lib_a-nano-freer.o)
                0x000000000001098c                _free_r
 .text          0x0000000000010a8c        0x0 /home/youlittleperson/intelFPGA_lite/20.1/nios2eds/bin/gnu/H-x86_64-pc-linux-gnu/bin/../lib/gcc/nios2-elf/9.2.1/../../../../../H-x86_64-pc-linux-gnu/nios2-elf/lib/mno-hw-mul/libsmallc.a(lib_a-nano-mallocr.o)
 .text._malloc_r
                0x0000000000010a8c      0x164 /home/youlittleperson/intelFPGA_lite/20.1/nios2eds/bin/gnu/H-x86_64-pc-linux-gnu/bin/../lib/gcc/nios2-elf/9.2.1/../../../../../H-x86_64-pc-linux-gnu/nios2-elf/lib/mno-hw-mul/libsmallc.a(lib_a-nano-mallocr.o)
                0x0000000000010a8c                _malloc_r
 .text          0x0000000000010bf0        0x0 /home/youlittleperson/intelFPGA_lite/20.1/nios2eds/bin/gnu/H-x86_64-pc-linux-gnu/bin/../lib/gcc/nios2-elf/9.2.1/../../../../../H-x86_64-pc-linux-gnu/nios2-elf/lib/mno-hw-mul/libsmallc.a(lib_a-printf.o)
 .text._printf_r
                0x0000000000010bf0       0x3c /home/youlittleperson/intelFPGA_lite/20.1/nios2eds/bin/gnu/H-x86_64-pc-linux-gnu/bin/../lib/gcc/nios2-elf/9.2.1/../../../../../H-x86_64-pc-linux-gnu/nios2-elf/lib/mno-hw-mul/libsmallc.a(lib_a-printf.o)
                0x0000000000010bf0                _printf_r
 .text.printf   0x0000000000010c2c       0x48 /home/youlittleperson/intelFPGA_lite/20.1/nios2eds/bin/gnu/H-x86_64-pc-linux-gnu/bin/../lib/gcc/nios2-elf/9.2.1/../../../../../H-x86_64-pc-linux-gnu/nios2-elf/lib/mno-hw-mul/libsmallc.a(lib_a-printf.o)
                0x0000000000010c2c                printf
 .text          0x0000000000010c74        0x0 /home/youlittleperson/intelFPGA_lite/20.1/nios2eds/bin/gnu/H-x86_64-pc-linux-gnu/bin/../lib/gcc/nios2-elf/9.2.1/../../../../../H-x86_64-pc-linux-gnu/nios2-elf/lib/mno-hw-mul/libsmallc.a(lib_a-putchar.o)
 .text._putchar_r
                0x0000000000010c74        0x8 /home/youlittleperson/intelFPGA_lite/20.1/nios2eds/bin/gnu/H-x86_64-pc-linux-gnu/bin/../lib/gcc/nios2-elf/9.2.1/../../../../../H-x86_64-pc-linux-gnu/nios2-elf/lib/mno-hw-mul/libsmallc.a(lib_a-putchar.o)
                0x0000000000010c74                _putchar_r
 .text.putchar  0x0000000000010c7c       0x1c /home/youlittleperson/intelFPGA_lite/20.1/nios2eds/bin/gnu/H-x86_64-pc-linux-gnu/bin/../lib/gcc/nios2-elf/9.2.1/../../../../../H-x86_64-pc-linux-gnu/nios2-elf/lib/mno-hw-mul/libsmallc.a(lib_a-putchar.o)
                0x0000000000010c7c                putchar
 .text          0x0000000000010c98        0x0 /home/youlittleperson/intelFPGA_lite/20.1/nios2eds/bin/gnu/H-x86_64-pc-linux-gnu/bin/../lib/gcc/nios2-elf/9.2.1/../../../../../H-x86_64-pc-linux-gnu/nios2-elf/lib/mno-hw-mul/libsmallc.a(lib_a-puts.o)
 .text._puts_r  0x0000000000010c98       0x84 /home/youlittleperson/intelFPGA_lite/20.1/nios2eds/bin/gnu/H-x86_64-pc-linux-gnu/bin/../lib/gcc/nios2-elf/9.2.1/../../../../../H-x86_64-pc-linux-gnu/nios2-elf/lib/mno-hw-mul/libsmallc.a(lib_a-puts.o)
                0x0000000000010c98                _puts_r
 .text.puts     0x0000000000010d1c       0x10 /home/youlittleperson/intelFPGA_lite/20.1/nios2eds/bin/gnu/H-x86_64-pc-linux-gnu/bin/../lib/gcc/nios2-elf/9.2.1/../../../../../H-x86_64-pc-linux-gnu/nios2-elf/lib/mno-hw-mul/libsmallc.a(lib_a-puts.o)
                0x0000000000010d1c                puts
 .text          0x0000000000010d2c        0x0 /home/youlittleperson/intelFPGA_lite/20.1/nios2eds/bin/gnu/H-x86_64-pc-linux-gnu/bin/../lib/gcc/nios2-elf/9.2.1/../../../../../H-x86_64-pc-linux-gnu/nios2-elf/lib/mno-hw-mul/libsmallc.a(lib_a-sbrkr.o)
 .text._sbrk_r  0x0000000000010d2c       0x48 /home/youlittleperson/intelFPGA_lite/20.1/nios2eds/bin/gnu/H-x86_64-pc-linux-gnu/bin/../lib/gcc/nios2-elf/9.2.1/../../../../../H-x86_64-pc-linux-gnu/nios2-elf/lib/mno-hw-mul/libsmallc.a(lib_a-sbrkr.o)
                0x0000000000010d2c                _sbrk_r
 .text          0x0000000000010d74        0x0 /home/youlittleperson/intelFPGA_lite/20.1/nios2eds/bin/gnu/H-x86_64-pc-linux-gnu/bin/../lib/gcc/nios2-elf/9.2.1/../../../../../H-x86_64-pc-linux-gnu/nios2-elf/lib/mno-hw-mul/libsmallc.a(lib_a-strlen.o)
 .text.strlen   0x0000000000010d74       0x1c /home/youlittleperson/intelFPGA_lite/20.1/nios2eds/bin/gnu/H-x86_64-pc-linux-gnu/bin/../lib/gcc/nios2-elf/9.2.1/../../../../../H-x86_64-pc-linux-gnu/nios2-elf/lib/mno-hw-mul/libsmallc.a(lib_a-strlen.o)
                0x0000000000010d74                strlen
 .text          0x0000000000010d90        0x0 /home/youlittleperson/intelFPGA_lite/20.1/nios2eds/bin/gnu/H-x86_64-pc-linux-gnu/bin/../lib/gcc/nios2-elf/9.2.1/../../../../../H-x86_64-pc-linux-gnu/nios2-elf/lib/mno-hw-mul/libsmallc.a(lib_a-vfprintf.o)
 .text.print_repeat
                0x0000000000010d90       0x6c /home/youlittleperson/intelFPGA_lite/20.1/nios2eds/bin/gnu/H-x86_64-pc-linux-gnu/bin/../lib/gcc/nios2-elf/9.2.1/../../../../../H-x86_64-pc-linux-gnu/nios2-elf/lib/mno-hw-mul/libsmallc.a(lib_a-vfprintf.o)
 .text.___vfprintf_internal_r
                0x0000000000010dfc      0x528 /home/youlittleperson/intelFPGA_lite/20.1/nios2eds/bin/gnu/H-x86_64-pc-linux-gnu/bin/../lib/gcc/nios2-elf/9.2.1/../../../../../H-x86_64-pc-linux-gnu/nios2-elf/lib/mno-hw-mul/libsmallc.a(lib_a-vfprintf.o)
                0x0000000000010dfc                ___vfprintf_internal_r
 .text.__vfprintf_internal
                0x0000000000011324       0x18 /home/youlittleperson/intelFPGA_lite/20.1/nios2eds/bin/gnu/H-x86_64-pc-linux-gnu/bin/../lib/gcc/nios2-elf/9.2.1/../../../../../H-x86_64-pc-linux-gnu/nios2-elf/lib/mno-hw-mul/libsmallc.a(lib_a-vfprintf.o)
                0x0000000000011324                __vfprintf_internal
 .text          0x000000000001133c        0x0 /home/youlittleperson/intelFPGA_lite/20.1/nios2eds/bin/gnu/H-x86_64-pc-linux-gnu/bin/../lib/gcc/nios2-elf/9.2.1/../../../../../H-x86_64-pc-linux-gnu/nios2-elf/lib/mno-hw-mul/libsmallc.a(lib_a-fvwrite_small_dev.o)
 .text.__sfvwrite_small_dev
                0x000000000001133c       0xa8 /home/youlittleperson/intelFPGA_lite/20.1/nios2eds/bin/gnu/H-x86_64-pc-linux-gnu/bin/../lib/gcc/nios2-elf/9.2.1/../../../../../H-x86_64-pc-linux-gnu/nios2-elf/lib/mno-hw-mul/libsmallc.a(lib_a-fvwrite_small_dev.o)
                0x000000000001133c                __sfvwrite_small_dev
 .text          0x00000000000113e4        0x0 /home/youlittleperson/intelFPGA_lite/20.1/nios2eds/bin/gnu/H-x86_64-pc-linux-gnu/bin/../lib/gcc/nios2-elf/9.2.1/../../../../../H-x86_64-pc-linux-gnu/nios2-elf/lib/mno-hw-mul/libsmallc.a(lib_a-int_errno.o)
 .text          0x00000000000113e4        0x0 /home/youlittleperson/intelFPGA_lite/20.1/nios2eds/bin/gnu/H-x86_64-pc-linux-gnu/bin/../lib/gcc/nios2-elf/9.2.1/../../../../../H-x86_64-pc-linux-gnu/nios2-elf/lib/mno-hw-mul/libsmallc.a(lib_a-memset.o)
 .text.memset   0x00000000000113e4       0x20 /home/youlittleperson/intelFPGA_lite/20.1/nios2eds/bin/gnu/H-x86_64-pc-linux-gnu/bin/../lib/gcc/nios2-elf/9.2.1/../../../../../H-x86_64-pc-linux-gnu/nios2-elf/lib/mno-hw-mul/libsmallc.a(lib_a-memset.o)
                0x00000000000113e4                memset
 .text          0x0000000000011404        0x0 /home/youlittleperson/intelFPGA_lite/20.1/nios2eds/bin/gnu/H-x86_64-pc-linux-gnu/bin/../lib/gcc/nios2-elf/9.2.1/../../../../../H-x86_64-pc-linux-gnu/nios2-elf/lib/mno-hw-mul/libsmallc.a(lib_a-putc.o)
 .text.putc     0x0000000000011404       0x50 /home/youlittleperson/intelFPGA_lite/20.1/nios2eds/bin/gnu/H-x86_64-pc-linux-gnu/bin/../lib/gcc/nios2-elf/9.2.1/../../../../../H-x86_64-pc-linux-gnu/nios2-elf/lib/mno-hw-mul/libsmallc.a(lib_a-putc.o)
                0x0000000000011404                putc
 .text._putc_r  0x0000000000011454       0x54 /home/youlittleperson/intelFPGA_lite/20.1/nios2eds/bin/gnu/H-x86_64-pc-linux-gnu/bin/../lib/gcc/nios2-elf/9.2.1/../../../../../H-x86_64-pc-linux-gnu/nios2-elf/lib/mno-hw-mul/libsmallc.a(lib_a-putc.o)
                0x0000000000011454                _putc_r
 .text          0x00000000000114a8        0x0 /home/youlittleperson/intelFPGA_lite/20.1/nios2eds/bin/gnu/H-x86_64-pc-linux-gnu/bin/../lib/gcc/nios2-elf/9.2.1/../../../../../H-x86_64-pc-linux-gnu/nios2-elf/lib/mno-hw-mul/libsmallc.a(lib_a-writer.o)
 .text._write_r
                0x00000000000114a8       0x50 /home/youlittleperson/intelFPGA_lite/20.1/nios2eds/bin/gnu/H-x86_64-pc-linux-gnu/bin/../lib/gcc/nios2-elf/9.2.1/../../../../../H-x86_64-pc-linux-gnu/nios2-elf/lib/mno-hw-mul/libsmallc.a(lib_a-writer.o)
                0x00000000000114a8                _write_r
 .text          0x00000000000114f8       0x90 ../SPI_bsp//libhal_bsp.a(alt_irq_register.o)
                0x00000000000114f8                alt_irq_register
 .text          0x0000000000011588        0x0 ../SPI_bsp//libhal_bsp.a(alt_irq_vars.o)
 .text          0x0000000000011588       0xb4 ../SPI_bsp//libhal_bsp.a(alt_load.o)
                0x0000000000011588                alt_load
 .text          0x000000000001163c       0x2c ../SPI_bsp//libhal_bsp.a(alt_main.o)
                0x000000000001163c                alt_main
 .text          0x0000000000011668        0x8 ../SPI_bsp//libhal_bsp.a(alt_malloc_lock.o)
                0x0000000000011668                __malloc_lock
                0x000000000001166c                __malloc_unlock
 .text          0x0000000000011670       0x38 ../SPI_bsp//libhal_bsp.a(alt_putstr.o)
                0x0000000000011670                alt_putstr
 .text          0x00000000000116a8       0x4c ../SPI_bsp//libhal_bsp.a(alt_sbrk.o)
                0x00000000000116a8                sbrk
 .text          0x00000000000116f4        0x4 ../SPI_bsp//libhal_bsp.a(alt_usleep.o)
                0x00000000000116f4                usleep
 .text          0x00000000000116f8       0x5c ../SPI_bsp//libhal_bsp.a(alt_write.o)
                0x00000000000116f8                write
 .text          0x0000000000011754       0x30 ../SPI_bsp//libhal_bsp.a(alt_sys_init.o)
                0x0000000000011754                alt_irq_init
                0x0000000000011774                alt_sys_init
 .text          0x0000000000011784       0x30 ../SPI_bsp//libhal_bsp.a(altera_avalon_jtag_uart_write.o)
                0x0000000000011784                altera_avalon_jtag_uart_write
 .text          0x00000000000117b4      0x16c ../SPI_bsp//libhal_bsp.a(altera_up_avalon_accelerometer_spi.o)
                0x00000000000117b4                alt_up_accelerometer_spi_open_dev
                0x00000000000117bc                alt_up_accelerometer_spi_read_address_register
                0x00000000000117d0                alt_up_accelerometer_spi_read
                0x00000000000117f0                alt_up_accelerometer_spi_write
                0x000000000001180c                alt_up_accelerometer_spi_read_x_axis
                0x0000000000011868                alt_up_accelerometer_spi_read_y_axis
                0x00000000000118c4                alt_up_accelerometer_spi_read_z_axis
 .text          0x0000000000011920       0xac ../SPI_bsp//libhal_bsp.a(alt_busy_sleep.o)
                0x0000000000011920                alt_busy_sleep
 .text          0x00000000000119cc        0x4 ../SPI_bsp//libhal_bsp.a(alt_dcache_flush_all.o)
                0x00000000000119cc                alt_dcache_flush_all
 .text          0x00000000000119d0        0x8 ../SPI_bsp//libhal_bsp.a(alt_dev.o)
 .text          0x00000000000119d8       0x6c ../SPI_bsp//libhal_bsp.a(alt_dev_llist_insert.o)
                0x00000000000119d8                alt_dev_llist_insert
 .text          0x0000000000011a44        0x0 ../SPI_bsp//libhal_bsp.a(alt_errno.o)
 .text          0x0000000000011a44       0x70 ../SPI_bsp//libhal_bsp.a(alt_find_dev.o)
                0x0000000000011a44                alt_find_dev
 .text          0x0000000000011ab4        0x4 ../SPI_bsp//libhal_bsp.a(alt_icache_flush_all.o)
                0x0000000000011ab4                alt_icache_flush_all
 .text          0x0000000000011ab8        0x0 ../SPI_bsp//libhal_bsp.a(alt_irq_entry.o)
 .text          0x0000000000011ab8        0x0 ../SPI_bsp//libhal_bsp.a(alt_irq_handler.o)
 .text          0x0000000000011ab8        0x8 ../SPI_bsp//libhal_bsp.a(altera_nios2_gen2_irq.o)
                0x0000000000011ab8                altera_nios2_gen2_irq_init
 .text          0x0000000000011ac0        0x0 ../SPI_bsp//libhal_bsp.a(alt_exception_entry.o)
 .text          0x0000000000011ac0       0x70 ../SPI_bsp//libhal_bsp.a(alt_instruction_exception_entry.o)
                0x0000000000011ac0                alt_exception_cause_generated_bad_addr
 .text          0x0000000000011b30        0x0 /home/youlittleperson/intelFPGA_lite/20.1/nios2eds/bin/gnu/H-x86_64-pc-linux-gnu/bin/../lib/gcc/nios2-elf/9.2.1/../../../../../H-x86_64-pc-linux-gnu/nios2-elf/lib/mno-hw-mul/libsmallc.a(lib_a-memcmp.o)
 .text.memcmp   0x0000000000011b30       0x30 /home/youlittleperson/intelFPGA_lite/20.1/nios2eds/bin/gnu/H-x86_64-pc-linux-gnu/bin/../lib/gcc/nios2-elf/9.2.1/../../../../../H-x86_64-pc-linux-gnu/nios2-elf/lib/mno-hw-mul/libsmallc.a(lib_a-memcmp.o)
                0x0000000000011b30                memcmp
 *(.gnu.warning.*)
 *(.fini)
                [!provide]                        PROVIDE (__etext = ABSOLUTE (.))
                [!provide]                        PROVIDE (_etext = ABSOLUTE (.))
                [!provide]                        PROVIDE (etext = ABSOLUTE (.))
 *(.eh_frame_hdr)
                0x0000000000011b60                . = ALIGN (0x4)
                [!provide]                        PROVIDE (__preinit_array_start = ABSOLUTE (.))
 *(.preinit_array)
                [!provide]                        PROVIDE (__preinit_array_end = ABSOLUTE (.))
                [!provide]                        PROVIDE (__init_array_start = ABSOLUTE (.))
 *(.init_array)
                [!provide]                        PROVIDE (__init_array_end = ABSOLUTE (.))
                [!provide]                        PROVIDE (__fini_array_start = ABSOLUTE (.))
 *(.fini_array)
                [!provide]                        PROVIDE (__fini_array_end = ABSOLUTE (.))
 *(.eh_frame)
 *(.gcc_except_table .gcc_except_table.*)
 *(.dynamic)
                [!provide]                        PROVIDE (__CTOR_LIST__ = ABSOLUTE (.))
 *(.ctors)
 *(SORT_BY_NAME(.ctors.*))
                [!provide]                        PROVIDE (__CTOR_END__ = ABSOLUTE (.))
                [!provide]                        PROVIDE (__DTOR_LIST__ = ABSOLUTE (.))
 *(.dtors)
 *(SORT_BY_NAME(.dtors.*))
                [!provide]                        PROVIDE (__DTOR_END__ = ABSOLUTE (.))
 *(.jcr)
                0x0000000000011b60                . = ALIGN (0x4)

.rodata         0x0000000000011b60       0x78
                0x0000000000011b60                PROVIDE (__ram_rodata_start = ABSOLUTE (.))
                0x0000000000011b60                . = ALIGN (0x4)
 *(.rodata .rodata.* .gnu.linkonce.r.*)
 .rodata.str1.4
                0x0000000000011b60       0x3b obj/default/main.o
 .rodata        0x0000000000011b9b       0x2b obj/default/main.o
 *fill*         0x0000000000011bc6        0x2 
 .rodata._puts_r.str1.4
                0x0000000000011bc8        0x2 /home/youlittleperson/intelFPGA_lite/20.1/nios2eds/bin/gnu/H-x86_64-pc-linux-gnu/bin/../lib/gcc/nios2-elf/9.2.1/../../../../../H-x86_64-pc-linux-gnu/nios2-elf/lib/mno-hw-mul/libsmallc.a(lib_a-puts.o)
 .rodata.str1.4
                0x0000000000011bca       0x17 ../SPI_bsp//libhal_bsp.a(alt_sys_init.o)
 *fill*         0x0000000000011bca        0x2 
 .rodata.str1.4
                0x0000000000011bcc        0xc ../SPI_bsp//libhal_bsp.a(alt_dev.o)
                                          0xa (size before relaxing)
 *(.rodata1)
                0x0000000000011bd8                . = ALIGN (0x4)
                0x0000000000011bd8                PROVIDE (__ram_rodata_end = ABSOLUTE (.))
                0x0000000000011b60                PROVIDE (__flash_rodata_start = LOADADDR (.rodata))

.rwdata         0x0000000000011bd8      0x194 load address 0x0000000000011d6c
                0x0000000000011bd8                PROVIDE (__ram_rwdata_start = ABSOLUTE (.))
                0x0000000000011bd8                . = ALIGN (0x4)
 *(.got.plt)
 *(.got)
 *(.data1)
 *(.data .data.* .gnu.linkonce.d.*)
 .data          0x0000000000011bd8        0x0 ../SPI_bsp//obj/HAL/src/crt0.o
 .data          0x0000000000011bd8        0x0 obj/default/main.o
 .data          0x0000000000011bd8        0x0 /home/youlittleperson/intelFPGA_lite/20.1/nios2eds/bin/gnu/H-x86_64-pc-linux-gnu/bin/../lib/gcc/nios2-elf/9.2.1/mno-hw-mul/libgcc.a(lib2-divmod.o)
 .data          0x0000000000011bd8        0x0 /home/youlittleperson/intelFPGA_lite/20.1/nios2eds/bin/gnu/H-x86_64-pc-linux-gnu/bin/../lib/gcc/nios2-elf/9.2.1/mno-hw-mul/libgcc.a(lib2-mul.o)
 .data          0x0000000000011bd8        0x0 /home/youlittleperson/intelFPGA_lite/20.1/nios2eds/bin/gnu/H-x86_64-pc-linux-gnu/bin/../lib/gcc/nios2-elf/9.2.1/../../../../../H-x86_64-pc-linux-gnu/nios2-elf/lib/mno-hw-mul/libsmallc.a(lib_a-calloc.o)
 .data          0x0000000000011bd8        0x0 /home/youlittleperson/intelFPGA_lite/20.1/nios2eds/bin/gnu/H-x86_64-pc-linux-gnu/bin/../lib/gcc/nios2-elf/9.2.1/../../../../../H-x86_64-pc-linux-gnu/nios2-elf/lib/mno-hw-mul/libsmallc.a(lib_a-impure.o)
 .data.impure_data
                0x0000000000011bd8       0xe4 /home/youlittleperson/intelFPGA_lite/20.1/nios2eds/bin/gnu/H-x86_64-pc-linux-gnu/bin/../lib/gcc/nios2-elf/9.2.1/../../../../../H-x86_64-pc-linux-gnu/nios2-elf/lib/mno-hw-mul/libsmallc.a(lib_a-impure.o)
 .data          0x0000000000011cbc        0x0 /home/youlittleperson/intelFPGA_lite/20.1/nios2eds/bin/gnu/H-x86_64-pc-linux-gnu/bin/../lib/gcc/nios2-elf/9.2.1/../../../../../H-x86_64-pc-linux-gnu/nios2-elf/lib/mno-hw-mul/libsmallc.a(lib_a-malloc.o)
 .data          0x0000000000011cbc        0x0 /home/youlittleperson/intelFPGA_lite/20.1/nios2eds/bin/gnu/H-x86_64-pc-linux-gnu/bin/../lib/gcc/nios2-elf/9.2.1/../../../../../H-x86_64-pc-linux-gnu/nios2-elf/lib/mno-hw-mul/libsmallc.a(lib_a-memcpy.o)
 .data          0x0000000000011cbc        0x0 /home/youlittleperson/intelFPGA_lite/20.1/nios2eds/bin/gnu/H-x86_64-pc-linux-gnu/bin/../lib/gcc/nios2-elf/9.2.1/../../../../../H-x86_64-pc-linux-gnu/nios2-elf/lib/mno-hw-mul/libsmallc.a(lib_a-nano-callocr.o)
 .data          0x0000000000011cbc        0x0 /home/youlittleperson/intelFPGA_lite/20.1/nios2eds/bin/gnu/H-x86_64-pc-linux-gnu/bin/../lib/gcc/nios2-elf/9.2.1/../../../../../H-x86_64-pc-linux-gnu/nios2-elf/lib/mno-hw-mul/libsmallc.a(lib_a-nano-freer.o)
 .data          0x0000000000011cbc        0x0 /home/youlittleperson/intelFPGA_lite/20.1/nios2eds/bin/gnu/H-x86_64-pc-linux-gnu/bin/../lib/gcc/nios2-elf/9.2.1/../../../../../H-x86_64-pc-linux-gnu/nios2-elf/lib/mno-hw-mul/libsmallc.a(lib_a-nano-mallocr.o)
 .data          0x0000000000011cbc        0x0 /home/youlittleperson/intelFPGA_lite/20.1/nios2eds/bin/gnu/H-x86_64-pc-linux-gnu/bin/../lib/gcc/nios2-elf/9.2.1/../../../../../H-x86_64-pc-linux-gnu/nios2-elf/lib/mno-hw-mul/libsmallc.a(lib_a-printf.o)
 .data          0x0000000000011cbc        0x0 /home/youlittleperson/intelFPGA_lite/20.1/nios2eds/bin/gnu/H-x86_64-pc-linux-gnu/bin/../lib/gcc/nios2-elf/9.2.1/../../../../../H-x86_64-pc-linux-gnu/nios2-elf/lib/mno-hw-mul/libsmallc.a(lib_a-putchar.o)
 .data          0x0000000000011cbc        0x0 /home/youlittleperson/intelFPGA_lite/20.1/nios2eds/bin/gnu/H-x86_64-pc-linux-gnu/bin/../lib/gcc/nios2-elf/9.2.1/../../../../../H-x86_64-pc-linux-gnu/nios2-elf/lib/mno-hw-mul/libsmallc.a(lib_a-puts.o)
 .data          0x0000000000011cbc        0x0 /home/youlittleperson/intelFPGA_lite/20.1/nios2eds/bin/gnu/H-x86_64-pc-linux-gnu/bin/../lib/gcc/nios2-elf/9.2.1/../../../../../H-x86_64-pc-linux-gnu/nios2-elf/lib/mno-hw-mul/libsmallc.a(lib_a-sbrkr.o)
 .data          0x0000000000011cbc        0x0 /home/youlittleperson/intelFPGA_lite/20.1/nios2eds/bin/gnu/H-x86_64-pc-linux-gnu/bin/../lib/gcc/nios2-elf/9.2.1/../../../../../H-x86_64-pc-linux-gnu/nios2-elf/lib/mno-hw-mul/libsmallc.a(lib_a-strlen.o)
 .data          0x0000000000011cbc        0x0 /home/youlittleperson/intelFPGA_lite/20.1/nios2eds/bin/gnu/H-x86_64-pc-linux-gnu/bin/../lib/gcc/nios2-elf/9.2.1/../../../../../H-x86_64-pc-linux-gnu/nios2-elf/lib/mno-hw-mul/libsmallc.a(lib_a-vfprintf.o)
 .data          0x0000000000011cbc        0x0 /home/youlittleperson/intelFPGA_lite/20.1/nios2eds/bin/gnu/H-x86_64-pc-linux-gnu/bin/../lib/gcc/nios2-elf/9.2.1/../../../../../H-x86_64-pc-linux-gnu/nios2-elf/lib/mno-hw-mul/libsmallc.a(lib_a-fvwrite_small_dev.o)
 .data          0x0000000000011cbc        0x0 /home/youlittleperson/intelFPGA_lite/20.1/nios2eds/bin/gnu/H-x86_64-pc-linux-gnu/bin/../lib/gcc/nios2-elf/9.2.1/../../../../../H-x86_64-pc-linux-gnu/nios2-elf/lib/mno-hw-mul/libsmallc.a(lib_a-int_errno.o)
 .data          0x0000000000011cbc        0x0 /home/youlittleperson/intelFPGA_lite/20.1/nios2eds/bin/gnu/H-x86_64-pc-linux-gnu/bin/../lib/gcc/nios2-elf/9.2.1/../../../../../H-x86_64-pc-linux-gnu/nios2-elf/lib/mno-hw-mul/libsmallc.a(lib_a-memset.o)
 .data          0x0000000000011cbc        0x0 /home/youlittleperson/intelFPGA_lite/20.1/nios2eds/bin/gnu/H-x86_64-pc-linux-gnu/bin/../lib/gcc/nios2-elf/9.2.1/../../../../../H-x86_64-pc-linux-gnu/nios2-elf/lib/mno-hw-mul/libsmallc.a(lib_a-putc.o)
 .data          0x0000000000011cbc        0x0 /home/youlittleperson/intelFPGA_lite/20.1/nios2eds/bin/gnu/H-x86_64-pc-linux-gnu/bin/../lib/gcc/nios2-elf/9.2.1/../../../../../H-x86_64-pc-linux-gnu/nios2-elf/lib/mno-hw-mul/libsmallc.a(lib_a-writer.o)
 .data          0x0000000000011cbc        0x0 ../SPI_bsp//libhal_bsp.a(alt_irq_register.o)
 .data          0x0000000000011cbc        0x0 ../SPI_bsp//libhal_bsp.a(alt_irq_vars.o)
 .data          0x0000000000011cbc        0x0 ../SPI_bsp//libhal_bsp.a(alt_load.o)
 .data          0x0000000000011cbc        0x0 ../SPI_bsp//libhal_bsp.a(alt_main.o)
 .data          0x0000000000011cbc        0x0 ../SPI_bsp//libhal_bsp.a(alt_malloc_lock.o)
 .data          0x0000000000011cbc        0x0 ../SPI_bsp//libhal_bsp.a(alt_putstr.o)
 .data          0x0000000000011cbc        0x0 ../SPI_bsp//libhal_bsp.a(alt_sbrk.o)
 .data          0x0000000000011cbc        0x0 ../SPI_bsp//libhal_bsp.a(alt_usleep.o)
 .data          0x0000000000011cbc        0x0 ../SPI_bsp//libhal_bsp.a(alt_write.o)
 .data          0x0000000000011cbc       0x2c ../SPI_bsp//libhal_bsp.a(alt_sys_init.o)
 .data          0x0000000000011ce8        0x0 ../SPI_bsp//libhal_bsp.a(altera_avalon_jtag_uart_write.o)
 .data          0x0000000000011ce8        0x0 ../SPI_bsp//libhal_bsp.a(altera_up_avalon_accelerometer_spi.o)
 .data          0x0000000000011ce8        0x0 ../SPI_bsp//libhal_bsp.a(alt_busy_sleep.o)
 .data          0x0000000000011ce8        0x0 ../SPI_bsp//libhal_bsp.a(alt_dcache_flush_all.o)
 .data          0x0000000000011ce8       0x58 ../SPI_bsp//libhal_bsp.a(alt_dev.o)
                0x0000000000011ce8                alt_fd_list
                0x0000000000011d18                alt_dev_null
 .data          0x0000000000011d40        0x0 ../SPI_bsp//libhal_bsp.a(alt_dev_llist_insert.o)
 .data          0x0000000000011d40        0x0 ../SPI_bsp//libhal_bsp.a(alt_errno.o)
 .data          0x0000000000011d40        0x0 ../SPI_bsp//libhal_bsp.a(alt_find_dev.o)
 .data          0x0000000000011d40        0x0 ../SPI_bsp//libhal_bsp.a(alt_icache_flush_all.o)
 .data          0x0000000000011d40        0x0 ../SPI_bsp//libhal_bsp.a(alt_irq_entry.o)
 .data          0x0000000000011d40        0x0 ../SPI_bsp//libhal_bsp.a(alt_irq_handler.o)
 .data          0x0000000000011d40        0x0 ../SPI_bsp//libhal_bsp.a(altera_nios2_gen2_irq.o)
 .data          0x0000000000011d40        0x0 ../SPI_bsp//libhal_bsp.a(alt_exception_entry.o)
 .data          0x0000000000011d40        0x0 ../SPI_bsp//libhal_bsp.a(alt_instruction_exception_entry.o)
 .data          0x0000000000011d40        0x0 /home/youlittleperson/intelFPGA_lite/20.1/nios2eds/bin/gnu/H-x86_64-pc-linux-gnu/bin/../lib/gcc/nios2-elf/9.2.1/../../../../../H-x86_64-pc-linux-gnu/nios2-elf/lib/mno-hw-mul/libsmallc.a(lib_a-memcmp.o)
                0x0000000000019d40                _gp = ABSOLUTE ((. + 0x8000))
                [!provide]                        PROVIDE (gp = _gp)
 *(.rwdata .rwdata.*)
 *(.sdata .sdata.* .gnu.linkonce.s.*)
 .sdata._global_impure_ptr
                0x0000000000011d40        0x4 /home/youlittleperson/intelFPGA_lite/20.1/nios2eds/bin/gnu/H-x86_64-pc-linux-gnu/bin/../lib/gcc/nios2-elf/9.2.1/../../../../../H-x86_64-pc-linux-gnu/nios2-elf/lib/mno-hw-mul/libsmallc.a(lib_a-impure.o)
                0x0000000000011d40                _global_impure_ptr
 .sdata._impure_ptr
                0x0000000000011d44        0x4 /home/youlittleperson/intelFPGA_lite/20.1/nios2eds/bin/gnu/H-x86_64-pc-linux-gnu/bin/../lib/gcc/nios2-elf/9.2.1/../../../../../H-x86_64-pc-linux-gnu/nios2-elf/lib/mno-hw-mul/libsmallc.a(lib_a-impure.o)
                0x0000000000011d44                _impure_ptr
 .sdata         0x0000000000011d48        0x4 ../SPI_bsp//libhal_bsp.a(alt_irq_vars.o)
                0x0000000000011d48                alt_priority_mask
 .sdata         0x0000000000011d4c        0x4 ../SPI_bsp//libhal_bsp.a(alt_sbrk.o)
 .sdata         0x0000000000011d50        0x4 ../SPI_bsp//libhal_bsp.a(alt_sys_init.o)
                0x0000000000011d50                jtag_uart
 .sdata         0x0000000000011d54       0x14 ../SPI_bsp//libhal_bsp.a(alt_dev.o)
                0x0000000000011d54                alt_max_fd
                0x0000000000011d58                alt_dev_list
                0x0000000000011d60                alt_fs_list
 .sdata         0x0000000000011d68        0x4 ../SPI_bsp//libhal_bsp.a(alt_errno.o)
                0x0000000000011d68                alt_errno
 *(.sdata2 .sdata2.* .gnu.linkonce.s2.*)
                0x0000000000011d6c                . = ALIGN (0x4)
                0x0000000000011d6c                _edata = ABSOLUTE (.)
                [!provide]                        PROVIDE (edata = ABSOLUTE (.))
                0x0000000000011d6c                PROVIDE (__ram_rwdata_end = ABSOLUTE (.))
                0x0000000000011d6c                PROVIDE (__flash_rwdata_start = LOADADDR (.rwdata))

.bss            0x0000000000011f00      0x13c
                0x0000000000011f00                __bss_start = ABSOLUTE (.)
                [!provide]                        PROVIDE (__sbss_start = ABSOLUTE (.))
                [!provide]                        PROVIDE (___sbss_start = ABSOLUTE (.))
 *(.dynsbss)
 *(.sbss .sbss.* .gnu.linkonce.sb.*)
 .sbss          0x0000000000011f00        0x5 obj/default/main.o
                0x0000000000011f00                prev_time
                0x0000000000011f04                newTapData
 *fill*         0x0000000000011f05        0x3 
 .sbss          0x0000000000011f08        0x8 obj/default/main.o
                0x0000000000011f08                send_spi
                0x0000000000011f0c                acc_dev
 .sbss.__malloc_sbrk_start
                0x0000000000011f10        0x4 /home/youlittleperson/intelFPGA_lite/20.1/nios2eds/bin/gnu/H-x86_64-pc-linux-gnu/bin/../lib/gcc/nios2-elf/9.2.1/../../../../../H-x86_64-pc-linux-gnu/nios2-elf/lib/mno-hw-mul/libsmallc.a(lib_a-nano-mallocr.o)
                0x0000000000011f10                __malloc_sbrk_start
 .sbss.__malloc_free_list
                0x0000000000011f14        0x4 /home/youlittleperson/intelFPGA_lite/20.1/nios2eds/bin/gnu/H-x86_64-pc-linux-gnu/bin/../lib/gcc/nios2-elf/9.2.1/../../../../../H-x86_64-pc-linux-gnu/nios2-elf/lib/mno-hw-mul/libsmallc.a(lib_a-nano-mallocr.o)
                0x0000000000011f14                __malloc_free_list
 .sbss          0x0000000000011f18        0x4 /home/youlittleperson/intelFPGA_lite/20.1/nios2eds/bin/gnu/H-x86_64-pc-linux-gnu/bin/../lib/gcc/nios2-elf/9.2.1/../../../../../H-x86_64-pc-linux-gnu/nios2-elf/lib/mno-hw-mul/libsmallc.a(lib_a-int_errno.o)
                0x0000000000011f18                errno
 .sbss          0x0000000000011f1c        0x4 ../SPI_bsp//libhal_bsp.a(alt_irq_vars.o)
                0x0000000000011f1c                alt_irq_active
 .sbss          0x0000000000011f20        0xc ../SPI_bsp//libhal_bsp.a(alt_main.o)
                0x0000000000011f20                alt_envp
                0x0000000000011f24                alt_argv
                0x0000000000011f28                alt_argc
 .sbss          0x0000000000011f2c        0x4 ../SPI_bsp//libhal_bsp.a(alt_instruction_exception_entry.o)
                0x0000000000011f2c                alt_instruction_exception_handler
 *(.sbss2 .sbss2.* .gnu.linkonce.sb2.*)
 *(.scommon)
                [!provide]                        PROVIDE (__sbss_end = ABSOLUTE (.))
                [!provide]                        PROVIDE (___sbss_end = ABSOLUTE (.))
 *(.dynbss)
 *(.bss .bss.* .gnu.linkonce.b.*)
 .bss           0x0000000000011f30        0x0 ../SPI_bsp//obj/HAL/src/crt0.o
 .bss           0x0000000000011f30        0x0 obj/default/main.o
 .bss           0x0000000000011f30        0x0 /home/youlittleperson/intelFPGA_lite/20.1/nios2eds/bin/gnu/H-x86_64-pc-linux-gnu/bin/../lib/gcc/nios2-elf/9.2.1/mno-hw-mul/libgcc.a(lib2-divmod.o)
 .bss           0x0000000000011f30        0x0 /home/youlittleperson/intelFPGA_lite/20.1/nios2eds/bin/gnu/H-x86_64-pc-linux-gnu/bin/../lib/gcc/nios2-elf/9.2.1/mno-hw-mul/libgcc.a(lib2-mul.o)
 .bss           0x0000000000011f30        0x0 /home/youlittleperson/intelFPGA_lite/20.1/nios2eds/bin/gnu/H-x86_64-pc-linux-gnu/bin/../lib/gcc/nios2-elf/9.2.1/../../../../../H-x86_64-pc-linux-gnu/nios2-elf/lib/mno-hw-mul/libsmallc.a(lib_a-calloc.o)
 .bss           0x0000000000011f30        0x0 /home/youlittleperson/intelFPGA_lite/20.1/nios2eds/bin/gnu/H-x86_64-pc-linux-gnu/bin/../lib/gcc/nios2-elf/9.2.1/../../../../../H-x86_64-pc-linux-gnu/nios2-elf/lib/mno-hw-mul/libsmallc.a(lib_a-impure.o)
 .bss           0x0000000000011f30        0x0 /home/youlittleperson/intelFPGA_lite/20.1/nios2eds/bin/gnu/H-x86_64-pc-linux-gnu/bin/../lib/gcc/nios2-elf/9.2.1/../../../../../H-x86_64-pc-linux-gnu/nios2-elf/lib/mno-hw-mul/libsmallc.a(lib_a-malloc.o)
 .bss           0x0000000000011f30        0x0 /home/youlittleperson/intelFPGA_lite/20.1/nios2eds/bin/gnu/H-x86_64-pc-linux-gnu/bin/../lib/gcc/nios2-elf/9.2.1/../../../../../H-x86_64-pc-linux-gnu/nios2-elf/lib/mno-hw-mul/libsmallc.a(lib_a-memcpy.o)
 .bss           0x0000000000011f30        0x0 /home/youlittleperson/intelFPGA_lite/20.1/nios2eds/bin/gnu/H-x86_64-pc-linux-gnu/bin/../lib/gcc/nios2-elf/9.2.1/../../../../../H-x86_64-pc-linux-gnu/nios2-elf/lib/mno-hw-mul/libsmallc.a(lib_a-nano-callocr.o)
 .bss           0x0000000000011f30        0x0 /home/youlittleperson/intelFPGA_lite/20.1/nios2eds/bin/gnu/H-x86_64-pc-linux-gnu/bin/../lib/gcc/nios2-elf/9.2.1/../../../../../H-x86_64-pc-linux-gnu/nios2-elf/lib/mno-hw-mul/libsmallc.a(lib_a-nano-freer.o)
 .bss           0x0000000000011f30        0x0 /home/youlittleperson/intelFPGA_lite/20.1/nios2eds/bin/gnu/H-x86_64-pc-linux-gnu/bin/../lib/gcc/nios2-elf/9.2.1/../../../../../H-x86_64-pc-linux-gnu/nios2-elf/lib/mno-hw-mul/libsmallc.a(lib_a-nano-mallocr.o)
 .bss           0x0000000000011f30        0x0 /home/youlittleperson/intelFPGA_lite/20.1/nios2eds/bin/gnu/H-x86_64-pc-linux-gnu/bin/../lib/gcc/nios2-elf/9.2.1/../../../../../H-x86_64-pc-linux-gnu/nios2-elf/lib/mno-hw-mul/libsmallc.a(lib_a-printf.o)
 .bss           0x0000000000011f30        0x0 /home/youlittleperson/intelFPGA_lite/20.1/nios2eds/bin/gnu/H-x86_64-pc-linux-gnu/bin/../lib/gcc/nios2-elf/9.2.1/../../../../../H-x86_64-pc-linux-gnu/nios2-elf/lib/mno-hw-mul/libsmallc.a(lib_a-putchar.o)
 .bss           0x0000000000011f30        0x0 /home/youlittleperson/intelFPGA_lite/20.1/nios2eds/bin/gnu/H-x86_64-pc-linux-gnu/bin/../lib/gcc/nios2-elf/9.2.1/../../../../../H-x86_64-pc-linux-gnu/nios2-elf/lib/mno-hw-mul/libsmallc.a(lib_a-puts.o)
 .bss           0x0000000000011f30        0x0 /home/youlittleperson/intelFPGA_lite/20.1/nios2eds/bin/gnu/H-x86_64-pc-linux-gnu/bin/../lib/gcc/nios2-elf/9.2.1/../../../../../H-x86_64-pc-linux-gnu/nios2-elf/lib/mno-hw-mul/libsmallc.a(lib_a-sbrkr.o)
 .bss           0x0000000000011f30        0x0 /home/youlittleperson/intelFPGA_lite/20.1/nios2eds/bin/gnu/H-x86_64-pc-linux-gnu/bin/../lib/gcc/nios2-elf/9.2.1/../../../../../H-x86_64-pc-linux-gnu/nios2-elf/lib/mno-hw-mul/libsmallc.a(lib_a-strlen.o)
 .bss           0x0000000000011f30        0x0 /home/youlittleperson/intelFPGA_lite/20.1/nios2eds/bin/gnu/H-x86_64-pc-linux-gnu/bin/../lib/gcc/nios2-elf/9.2.1/../../../../../H-x86_64-pc-linux-gnu/nios2-elf/lib/mno-hw-mul/libsmallc.a(lib_a-vfprintf.o)
 .bss           0x0000000000011f30        0x0 /home/youlittleperson/intelFPGA_lite/20.1/nios2eds/bin/gnu/H-x86_64-pc-linux-gnu/bin/../lib/gcc/nios2-elf/9.2.1/../../../../../H-x86_64-pc-linux-gnu/nios2-elf/lib/mno-hw-mul/libsmallc.a(lib_a-fvwrite_small_dev.o)
 .bss           0x0000000000011f30        0x0 /home/youlittleperson/intelFPGA_lite/20.1/nios2eds/bin/gnu/H-x86_64-pc-linux-gnu/bin/../lib/gcc/nios2-elf/9.2.1/../../../../../H-x86_64-pc-linux-gnu/nios2-elf/lib/mno-hw-mul/libsmallc.a(lib_a-int_errno.o)
 .bss           0x0000000000011f30        0x0 /home/youlittleperson/intelFPGA_lite/20.1/nios2eds/bin/gnu/H-x86_64-pc-linux-gnu/bin/../lib/gcc/nios2-elf/9.2.1/../../../../../H-x86_64-pc-linux-gnu/nios2-elf/lib/mno-hw-mul/libsmallc.a(lib_a-memset.o)
 .bss           0x0000000000011f30        0x0 /home/youlittleperson/intelFPGA_lite/20.1/nios2eds/bin/gnu/H-x86_64-pc-linux-gnu/bin/../lib/gcc/nios2-elf/9.2.1/../../../../../H-x86_64-pc-linux-gnu/nios2-elf/lib/mno-hw-mul/libsmallc.a(lib_a-putc.o)
 .bss           0x0000000000011f30        0x0 /home/youlittleperson/intelFPGA_lite/20.1/nios2eds/bin/gnu/H-x86_64-pc-linux-gnu/bin/../lib/gcc/nios2-elf/9.2.1/../../../../../H-x86_64-pc-linux-gnu/nios2-elf/lib/mno-hw-mul/libsmallc.a(lib_a-writer.o)
 .bss           0x0000000000011f30        0x0 ../SPI_bsp//libhal_bsp.a(alt_irq_register.o)
 .bss           0x0000000000011f30        0x0 ../SPI_bsp//libhal_bsp.a(alt_irq_vars.o)
 .bss           0x0000000000011f30        0x0 ../SPI_bsp//libhal_bsp.a(alt_load.o)
 .bss           0x0000000000011f30        0x0 ../SPI_bsp//libhal_bsp.a(alt_main.o)
 .bss           0x0000000000011f30        0x0 ../SPI_bsp//libhal_bsp.a(alt_malloc_lock.o)
 .bss           0x0000000000011f30        0x0 ../SPI_bsp//libhal_bsp.a(alt_putstr.o)
 .bss           0x0000000000011f30        0x0 ../SPI_bsp//libhal_bsp.a(alt_sbrk.o)
 .bss           0x0000000000011f30        0x0 ../SPI_bsp//libhal_bsp.a(alt_usleep.o)
 .bss           0x0000000000011f30        0x0 ../SPI_bsp//libhal_bsp.a(alt_write.o)
 .bss           0x0000000000011f30        0x0 ../SPI_bsp//libhal_bsp.a(alt_sys_init.o)
 .bss           0x0000000000011f30        0x0 ../SPI_bsp//libhal_bsp.a(altera_avalon_jtag_uart_write.o)
 .bss           0x0000000000011f30        0x0 ../SPI_bsp//libhal_bsp.a(altera_up_avalon_accelerometer_spi.o)
 .bss           0x0000000000011f30        0x0 ../SPI_bsp//libhal_bsp.a(alt_busy_sleep.o)
 .bss           0x0000000000011f30        0x0 ../SPI_bsp//libhal_bsp.a(alt_dcache_flush_all.o)
 .bss           0x0000000000011f30        0x0 ../SPI_bsp//libhal_bsp.a(alt_dev.o)
 .bss           0x0000000000011f30        0x0 ../SPI_bsp//libhal_bsp.a(alt_dev_llist_insert.o)
 .bss           0x0000000000011f30        0x0 ../SPI_bsp//libhal_bsp.a(alt_errno.o)
 .bss           0x0000000000011f30        0x0 ../SPI_bsp//libhal_bsp.a(alt_find_dev.o)
 .bss           0x0000000000011f30        0x0 ../SPI_bsp//libhal_bsp.a(alt_icache_flush_all.o)
 .bss           0x0000000000011f30        0x0 ../SPI_bsp//libhal_bsp.a(alt_irq_entry.o)
 .bss           0x0000000000011f30        0x0 ../SPI_bsp//libhal_bsp.a(alt_irq_handler.o)
 .bss           0x0000000000011f30        0x0 ../SPI_bsp//libhal_bsp.a(altera_nios2_gen2_irq.o)
 .bss           0x0000000000011f30        0x0 ../SPI_bsp//libhal_bsp.a(alt_exception_entry.o)
 .bss           0x0000000000011f30        0x0 ../SPI_bsp//libhal_bsp.a(alt_instruction_exception_entry.o)
 .bss           0x0000000000011f30        0x0 /home/youlittleperson/intelFPGA_lite/20.1/nios2eds/bin/gnu/H-x86_64-pc-linux-gnu/bin/../lib/gcc/nios2-elf/9.2.1/../../../../../H-x86_64-pc-linux-gnu/nios2-elf/lib/mno-hw-mul/libsmallc.a(lib_a-memcmp.o)
 *(COMMON)
 COMMON         0x0000000000011f30        0xc obj/default/main.o
                0x0000000000011f30                currMsg
 COMMON         0x0000000000011f3c      0x100 ../SPI_bsp//libhal_bsp.a(alt_irq_handler.o)
                0x0000000000011f3c                alt_irq
                0x000000000001203c                . = ALIGN (0x4)
                0x000000000001203c                __bss_end = ABSOLUTE (.)

.onchip_memory  0x000000000001203c        0x0
                [!provide]                        PROVIDE (_alt_partition_onchip_memory_start = ABSOLUTE (.))
 *(.onchip_memory .onchip_memory. onchip_memory.*)
                0x000000000001203c                . = ALIGN (0x4)
                [!provide]                        PROVIDE (_alt_partition_onchip_memory_end = ABSOLUTE (.))
                0x000000000001203c                _end = ABSOLUTE (.)
                0x000000000001203c                end = ABSOLUTE (.)
                0x000000000001203c                __alt_stack_base = ABSOLUTE (.)
                [!provide]                        PROVIDE (_alt_partition_onchip_memory_load_addr = LOADADDR (.onchip_memory))

.stab
 *(.stab)

.stabstr
 *(.stabstr)

.stab.excl
 *(.stab.excl)

.stab.exclstr
 *(.stab.exclstr)

.stab.index
 *(.stab.index)

.stab.indexstr
 *(.stab.indexstr)

.comment        0x0000000000000000       0x2c
 *(.comment)
 .comment       0x0000000000000000       0x2c obj/default/main.o
                                         0x2d (size before relaxing)
 .comment       0x000000000000002c       0x2d /home/youlittleperson/intelFPGA_lite/20.1/nios2eds/bin/gnu/H-x86_64-pc-linux-gnu/bin/../lib/gcc/nios2-elf/9.2.1/mno-hw-mul/libgcc.a(lib2-divmod.o)
 .comment       0x000000000000002c       0x2d /home/youlittleperson/intelFPGA_lite/20.1/nios2eds/bin/gnu/H-x86_64-pc-linux-gnu/bin/../lib/gcc/nios2-elf/9.2.1/mno-hw-mul/libgcc.a(lib2-mul.o)
 .comment       0x000000000000002c       0x2d /home/youlittleperson/intelFPGA_lite/20.1/nios2eds/bin/gnu/H-x86_64-pc-linux-gnu/bin/../lib/gcc/nios2-elf/9.2.1/../../../../../H-x86_64-pc-linux-gnu/nios2-elf/lib/mno-hw-mul/libsmallc.a(lib_a-calloc.o)
 .comment       0x000000000000002c       0x2d /home/youlittleperson/intelFPGA_lite/20.1/nios2eds/bin/gnu/H-x86_64-pc-linux-gnu/bin/../lib/gcc/nios2-elf/9.2.1/../../../../../H-x86_64-pc-linux-gnu/nios2-elf/lib/mno-hw-mul/libsmallc.a(lib_a-impure.o)
 .comment       0x000000000000002c       0x2d /home/youlittleperson/intelFPGA_lite/20.1/nios2eds/bin/gnu/H-x86_64-pc-linux-gnu/bin/../lib/gcc/nios2-elf/9.2.1/../../../../../H-x86_64-pc-linux-gnu/nios2-elf/lib/mno-hw-mul/libsmallc.a(lib_a-malloc.o)
 .comment       0x000000000000002c       0x2d /home/youlittleperson/intelFPGA_lite/20.1/nios2eds/bin/gnu/H-x86_64-pc-linux-gnu/bin/../lib/gcc/nios2-elf/9.2.1/../../../../../H-x86_64-pc-linux-gnu/nios2-elf/lib/mno-hw-mul/libsmallc.a(lib_a-memcpy.o)
 .comment       0x000000000000002c       0x2d /home/youlittleperson/intelFPGA_lite/20.1/nios2eds/bin/gnu/H-x86_64-pc-linux-gnu/bin/../lib/gcc/nios2-elf/9.2.1/../../../../../H-x86_64-pc-linux-gnu/nios2-elf/lib/mno-hw-mul/libsmallc.a(lib_a-nano-callocr.o)
 .comment       0x000000000000002c       0x2d /home/youlittleperson/intelFPGA_lite/20.1/nios2eds/bin/gnu/H-x86_64-pc-linux-gnu/bin/../lib/gcc/nios2-elf/9.2.1/../../../../../H-x86_64-pc-linux-gnu/nios2-elf/lib/mno-hw-mul/libsmallc.a(lib_a-nano-freer.o)
 .comment       0x000000000000002c       0x2d /home/youlittleperson/intelFPGA_lite/20.1/nios2eds/bin/gnu/H-x86_64-pc-linux-gnu/bin/../lib/gcc/nios2-elf/9.2.1/../../../../../H-x86_64-pc-linux-gnu/nios2-elf/lib/mno-hw-mul/libsmallc.a(lib_a-nano-mallocr.o)
 .comment       0x000000000000002c       0x2d /home/youlittleperson/intelFPGA_lite/20.1/nios2eds/bin/gnu/H-x86_64-pc-linux-gnu/bin/../lib/gcc/nios2-elf/9.2.1/../../../../../H-x86_64-pc-linux-gnu/nios2-elf/lib/mno-hw-mul/libsmallc.a(lib_a-printf.o)
 .comment       0x000000000000002c       0x2d /home/youlittleperson/intelFPGA_lite/20.1/nios2eds/bin/gnu/H-x86_64-pc-linux-gnu/bin/../lib/gcc/nios2-elf/9.2.1/../../../../../H-x86_64-pc-linux-gnu/nios2-elf/lib/mno-hw-mul/libsmallc.a(lib_a-putchar.o)
 .comment       0x000000000000002c       0x2d /home/youlittleperson/intelFPGA_lite/20.1/nios2eds/bin/gnu/H-x86_64-pc-linux-gnu/bin/../lib/gcc/nios2-elf/9.2.1/../../../../../H-x86_64-pc-linux-gnu/nios2-elf/lib/mno-hw-mul/libsmallc.a(lib_a-puts.o)
 .comment       0x000000000000002c       0x2d /home/youlittleperson/intelFPGA_lite/20.1/nios2eds/bin/gnu/H-x86_64-pc-linux-gnu/bin/../lib/gcc/nios2-elf/9.2.1/../../../../../H-x86_64-pc-linux-gnu/nios2-elf/lib/mno-hw-mul/libsmallc.a(lib_a-sbrkr.o)
 .comment       0x000000000000002c       0x2d /home/youlittleperson/intelFPGA_lite/20.1/nios2eds/bin/gnu/H-x86_64-pc-linux-gnu/bin/../lib/gcc/nios2-elf/9.2.1/../../../../../H-x86_64-pc-linux-gnu/nios2-elf/lib/mno-hw-mul/libsmallc.a(lib_a-strlen.o)
 .comment       0x000000000000002c       0x2d /home/youlittleperson/intelFPGA_lite/20.1/nios2eds/bin/gnu/H-x86_64-pc-linux-gnu/bin/../lib/gcc/nios2-elf/9.2.1/../../../../../H-x86_64-pc-linux-gnu/nios2-elf/lib/mno-hw-mul/libsmallc.a(lib_a-vfprintf.o)
 .comment       0x000000000000002c       0x2d /home/youlittleperson/intelFPGA_lite/20.1/nios2eds/bin/gnu/H-x86_64-pc-linux-gnu/bin/../lib/gcc/nios2-elf/9.2.1/../../../../../H-x86_64-pc-linux-gnu/nios2-elf/lib/mno-hw-mul/libsmallc.a(lib_a-fvwrite_small_dev.o)
 .comment       0x000000000000002c       0x2d /home/youlittleperson/intelFPGA_lite/20.1/nios2eds/bin/gnu/H-x86_64-pc-linux-gnu/bin/../lib/gcc/nios2-elf/9.2.1/../../../../../H-x86_64-pc-linux-gnu/nios2-elf/lib/mno-hw-mul/libsmallc.a(lib_a-int_errno.o)
 .comment       0x000000000000002c       0x2d /home/youlittleperson/intelFPGA_lite/20.1/nios2eds/bin/gnu/H-x86_64-pc-linux-gnu/bin/../lib/gcc/nios2-elf/9.2.1/../../../../../H-x86_64-pc-linux-gnu/nios2-elf/lib/mno-hw-mul/libsmallc.a(lib_a-memset.o)
 .comment       0x000000000000002c       0x2d /home/youlittleperson/intelFPGA_lite/20.1/nios2eds/bin/gnu/H-x86_64-pc-linux-gnu/bin/../lib/gcc/nios2-elf/9.2.1/../../../../../H-x86_64-pc-linux-gnu/nios2-elf/lib/mno-hw-mul/libsmallc.a(lib_a-putc.o)
 .comment       0x000000000000002c       0x2d /home/youlittleperson/intelFPGA_lite/20.1/nios2eds/bin/gnu/H-x86_64-pc-linux-gnu/bin/../lib/gcc/nios2-elf/9.2.1/../../../../../H-x86_64-pc-linux-gnu/nios2-elf/lib/mno-hw-mul/libsmallc.a(lib_a-writer.o)
 .comment       0x000000000000002c       0x2d ../SPI_bsp//libhal_bsp.a(alt_irq_register.o)
 .comment       0x000000000000002c       0x2d ../SPI_bsp//libhal_bsp.a(alt_irq_vars.o)
 .comment       0x000000000000002c       0x2d ../SPI_bsp//libhal_bsp.a(alt_load.o)
 .comment       0x000000000000002c       0x2d ../SPI_bsp//libhal_bsp.a(alt_main.o)
 .comment       0x000000000000002c       0x2d ../SPI_bsp//libhal_bsp.a(alt_malloc_lock.o)
 .comment       0x000000000000002c       0x2d ../SPI_bsp//libhal_bsp.a(alt_putstr.o)
 .comment       0x000000000000002c       0x2d ../SPI_bsp//libhal_bsp.a(alt_sbrk.o)
 .comment       0x000000000000002c       0x2d ../SPI_bsp//libhal_bsp.a(alt_usleep.o)
 .comment       0x000000000000002c       0x2d ../SPI_bsp//libhal_bsp.a(alt_write.o)
 .comment       0x000000000000002c       0x2d ../SPI_bsp//libhal_bsp.a(alt_sys_init.o)
 .comment       0x000000000000002c       0x2d ../SPI_bsp//libhal_bsp.a(altera_avalon_jtag_uart_write.o)
 .comment       0x000000000000002c       0x2d ../SPI_bsp//libhal_bsp.a(altera_up_avalon_accelerometer_spi.o)
 .comment       0x000000000000002c       0x2d ../SPI_bsp//libhal_bsp.a(alt_busy_sleep.o)
 .comment       0x000000000000002c       0x2d ../SPI_bsp//libhal_bsp.a(alt_dcache_flush_all.o)
 .comment       0x000000000000002c       0x2d ../SPI_bsp//libhal_bsp.a(alt_dev.o)
 .comment       0x000000000000002c       0x2d ../SPI_bsp//libhal_bsp.a(alt_dev_llist_insert.o)
 .comment       0x000000000000002c       0x2d ../SPI_bsp//libhal_bsp.a(alt_errno.o)
 .comment       0x000000000000002c       0x2d ../SPI_bsp//libhal_bsp.a(alt_find_dev.o)
 .comment       0x000000000000002c       0x2d ../SPI_bsp//libhal_bsp.a(alt_icache_flush_all.o)
 .comment       0x000000000000002c       0x2d ../SPI_bsp//libhal_bsp.a(alt_irq_handler.o)
 .comment       0x000000000000002c       0x2d ../SPI_bsp//libhal_bsp.a(altera_nios2_gen2_irq.o)
 .comment       0x000000000000002c       0x2d ../SPI_bsp//libhal_bsp.a(alt_instruction_exception_entry.o)
 .comment       0x000000000000002c       0x2d /home/youlittleperson/intelFPGA_lite/20.1/nios2eds/bin/gnu/H-x86_64-pc-linux-gnu/bin/../lib/gcc/nios2-elf/9.2.1/../../../../../H-x86_64-pc-linux-gnu/nios2-elf/lib/mno-hw-mul/libsmallc.a(lib_a-memcmp.o)

.debug
 *(.debug)

.line
 *(.line)

.debug_srcinfo
 *(.debug_srcinfo)

.debug_sfnames
 *(.debug_sfnames)

.debug_aranges  0x0000000000000000      0x638
 *(.debug_aranges)
 .debug_aranges
                0x0000000000000000       0x28 ../SPI_bsp//obj/HAL/src/crt0.o
 .debug_aranges
                0x0000000000000028       0x28 obj/default/main.o
 .debug_aranges
                0x0000000000000050       0x20 /home/youlittleperson/intelFPGA_lite/20.1/nios2eds/bin/gnu/H-x86_64-pc-linux-gnu/bin/../lib/gcc/nios2-elf/9.2.1/mno-hw-mul/libgcc.a(lib2-divmod.o)
 .debug_aranges
                0x0000000000000070       0x20 /home/youlittleperson/intelFPGA_lite/20.1/nios2eds/bin/gnu/H-x86_64-pc-linux-gnu/bin/../lib/gcc/nios2-elf/9.2.1/mno-hw-mul/libgcc.a(lib2-mul.o)
 .debug_aranges
                0x0000000000000090       0x20 /home/youlittleperson/intelFPGA_lite/20.1/nios2eds/bin/gnu/H-x86_64-pc-linux-gnu/bin/../lib/gcc/nios2-elf/9.2.1/../../../../../H-x86_64-pc-linux-gnu/nios2-elf/lib/mno-hw-mul/libsmallc.a(lib_a-calloc.o)
 .debug_aranges
                0x00000000000000b0       0x18 /home/youlittleperson/intelFPGA_lite/20.1/nios2eds/bin/gnu/H-x86_64-pc-linux-gnu/bin/../lib/gcc/nios2-elf/9.2.1/../../../../../H-x86_64-pc-linux-gnu/nios2-elf/lib/mno-hw-mul/libsmallc.a(lib_a-impure.o)
 .debug_aranges
                0x00000000000000c8       0x28 /home/youlittleperson/intelFPGA_lite/20.1/nios2eds/bin/gnu/H-x86_64-pc-linux-gnu/bin/../lib/gcc/nios2-elf/9.2.1/../../../../../H-x86_64-pc-linux-gnu/nios2-elf/lib/mno-hw-mul/libsmallc.a(lib_a-malloc.o)
 .debug_aranges
                0x00000000000000f0       0x20 /home/youlittleperson/intelFPGA_lite/20.1/nios2eds/bin/gnu/H-x86_64-pc-linux-gnu/bin/../lib/gcc/nios2-elf/9.2.1/../../../../../H-x86_64-pc-linux-gnu/nios2-elf/lib/mno-hw-mul/libsmallc.a(lib_a-memcpy.o)
 .debug_aranges
                0x0000000000000110       0x20 /home/youlittleperson/intelFPGA_lite/20.1/nios2eds/bin/gnu/H-x86_64-pc-linux-gnu/bin/../lib/gcc/nios2-elf/9.2.1/../../../../../H-x86_64-pc-linux-gnu/nios2-elf/lib/mno-hw-mul/libsmallc.a(lib_a-nano-callocr.o)
 .debug_aranges
                0x0000000000000130       0x20 /home/youlittleperson/intelFPGA_lite/20.1/nios2eds/bin/gnu/H-x86_64-pc-linux-gnu/bin/../lib/gcc/nios2-elf/9.2.1/../../../../../H-x86_64-pc-linux-gnu/nios2-elf/lib/mno-hw-mul/libsmallc.a(lib_a-nano-freer.o)
 .debug_aranges
                0x0000000000000150       0x20 /home/youlittleperson/intelFPGA_lite/20.1/nios2eds/bin/gnu/H-x86_64-pc-linux-gnu/bin/../lib/gcc/nios2-elf/9.2.1/../../../../../H-x86_64-pc-linux-gnu/nios2-elf/lib/mno-hw-mul/libsmallc.a(lib_a-nano-mallocr.o)
 .debug_aranges
                0x0000000000000170       0x28 /home/youlittleperson/intelFPGA_lite/20.1/nios2eds/bin/gnu/H-x86_64-pc-linux-gnu/bin/../lib/gcc/nios2-elf/9.2.1/../../../../../H-x86_64-pc-linux-gnu/nios2-elf/lib/mno-hw-mul/libsmallc.a(lib_a-printf.o)
 .debug_aranges
                0x0000000000000198       0x28 /home/youlittleperson/intelFPGA_lite/20.1/nios2eds/bin/gnu/H-x86_64-pc-linux-gnu/bin/../lib/gcc/nios2-elf/9.2.1/../../../../../H-x86_64-pc-linux-gnu/nios2-elf/lib/mno-hw-mul/libsmallc.a(lib_a-putchar.o)
 .debug_aranges
                0x00000000000001c0       0x28 /home/youlittleperson/intelFPGA_lite/20.1/nios2eds/bin/gnu/H-x86_64-pc-linux-gnu/bin/../lib/gcc/nios2-elf/9.2.1/../../../../../H-x86_64-pc-linux-gnu/nios2-elf/lib/mno-hw-mul/libsmallc.a(lib_a-puts.o)
 .debug_aranges
                0x00000000000001e8       0x20 /home/youlittleperson/intelFPGA_lite/20.1/nios2eds/bin/gnu/H-x86_64-pc-linux-gnu/bin/../lib/gcc/nios2-elf/9.2.1/../../../../../H-x86_64-pc-linux-gnu/nios2-elf/lib/mno-hw-mul/libsmallc.a(lib_a-sbrkr.o)
 .debug_aranges
                0x0000000000000208       0x20 /home/youlittleperson/intelFPGA_lite/20.1/nios2eds/bin/gnu/H-x86_64-pc-linux-gnu/bin/../lib/gcc/nios2-elf/9.2.1/../../../../../H-x86_64-pc-linux-gnu/nios2-elf/lib/mno-hw-mul/libsmallc.a(lib_a-strlen.o)
 .debug_aranges
                0x0000000000000228       0x30 /home/youlittleperson/intelFPGA_lite/20.1/nios2eds/bin/gnu/H-x86_64-pc-linux-gnu/bin/../lib/gcc/nios2-elf/9.2.1/../../../../../H-x86_64-pc-linux-gnu/nios2-elf/lib/mno-hw-mul/libsmallc.a(lib_a-vfprintf.o)
 .debug_aranges
                0x0000000000000258       0x20 /home/youlittleperson/intelFPGA_lite/20.1/nios2eds/bin/gnu/H-x86_64-pc-linux-gnu/bin/../lib/gcc/nios2-elf/9.2.1/../../../../../H-x86_64-pc-linux-gnu/nios2-elf/lib/mno-hw-mul/libsmallc.a(lib_a-fvwrite_small_dev.o)
 .debug_aranges
                0x0000000000000278       0x18 /home/youlittleperson/intelFPGA_lite/20.1/nios2eds/bin/gnu/H-x86_64-pc-linux-gnu/bin/../lib/gcc/nios2-elf/9.2.1/../../../../../H-x86_64-pc-linux-gnu/nios2-elf/lib/mno-hw-mul/libsmallc.a(lib_a-int_errno.o)
 .debug_aranges
                0x0000000000000290       0x20 /home/youlittleperson/intelFPGA_lite/20.1/nios2eds/bin/gnu/H-x86_64-pc-linux-gnu/bin/../lib/gcc/nios2-elf/9.2.1/../../../../../H-x86_64-pc-linux-gnu/nios2-elf/lib/mno-hw-mul/libsmallc.a(lib_a-memset.o)
 .debug_aranges
                0x00000000000002b0       0x28 /home/youlittleperson/intelFPGA_lite/20.1/nios2eds/bin/gnu/H-x86_64-pc-linux-gnu/bin/../lib/gcc/nios2-elf/9.2.1/../../../../../H-x86_64-pc-linux-gnu/nios2-elf/lib/mno-hw-mul/libsmallc.a(lib_a-putc.o)
 .debug_aranges
                0x00000000000002d8       0x20 /home/youlittleperson/intelFPGA_lite/20.1/nios2eds/bin/gnu/H-x86_64-pc-linux-gnu/bin/../lib/gcc/nios2-elf/9.2.1/../../../../../H-x86_64-pc-linux-gnu/nios2-elf/lib/mno-hw-mul/libsmallc.a(lib_a-writer.o)
 .debug_aranges
                0x00000000000002f8       0x20 ../SPI_bsp//libhal_bsp.a(alt_irq_register.o)
 .debug_aranges
                0x0000000000000318       0x18 ../SPI_bsp//libhal_bsp.a(alt_irq_vars.o)
 .debug_aranges
                0x0000000000000330       0x20 ../SPI_bsp//libhal_bsp.a(alt_load.o)
 .debug_aranges
                0x0000000000000350       0x20 ../SPI_bsp//libhal_bsp.a(alt_main.o)
 .debug_aranges
                0x0000000000000370       0x20 ../SPI_bsp//libhal_bsp.a(alt_malloc_lock.o)
 .debug_aranges
                0x0000000000000390       0x20 ../SPI_bsp//libhal_bsp.a(alt_putstr.o)
 .debug_aranges
                0x00000000000003b0       0x20 ../SPI_bsp//libhal_bsp.a(alt_sbrk.o)
 .debug_aranges
                0x00000000000003d0       0x20 ../SPI_bsp//libhal_bsp.a(alt_usleep.o)
 .debug_aranges
                0x00000000000003f0       0x20 ../SPI_bsp//libhal_bsp.a(alt_write.o)
 .debug_aranges
                0x0000000000000410       0x20 ../SPI_bsp//libhal_bsp.a(alt_sys_init.o)
 .debug_aranges
                0x0000000000000430       0x20 ../SPI_bsp//libhal_bsp.a(altera_avalon_jtag_uart_write.o)
 .debug_aranges
                0x0000000000000450       0x20 ../SPI_bsp//libhal_bsp.a(altera_up_avalon_accelerometer_spi.o)
 .debug_aranges
                0x0000000000000470       0x20 ../SPI_bsp//libhal_bsp.a(alt_busy_sleep.o)
 .debug_aranges
                0x0000000000000490       0x20 ../SPI_bsp//libhal_bsp.a(alt_dcache_flush_all.o)
 .debug_aranges
                0x00000000000004b0       0x20 ../SPI_bsp//libhal_bsp.a(alt_dev.o)
 .debug_aranges
                0x00000000000004d0       0x20 ../SPI_bsp//libhal_bsp.a(alt_dev_llist_insert.o)
 .debug_aranges
                0x00000000000004f0       0x18 ../SPI_bsp//libhal_bsp.a(alt_errno.o)
 .debug_aranges
                0x0000000000000508       0x20 ../SPI_bsp//libhal_bsp.a(alt_find_dev.o)
 .debug_aranges
                0x0000000000000528       0x20 ../SPI_bsp//libhal_bsp.a(alt_icache_flush_all.o)
 .debug_aranges
                0x0000000000000548       0x30 ../SPI_bsp//libhal_bsp.a(alt_irq_entry.o)
 .debug_aranges
                0x0000000000000578       0x20 ../SPI_bsp//libhal_bsp.a(alt_irq_handler.o)
 .debug_aranges
                0x0000000000000598       0x20 ../SPI_bsp//libhal_bsp.a(altera_nios2_gen2_irq.o)
 .debug_aranges
                0x00000000000005b8       0x38 ../SPI_bsp//libhal_bsp.a(alt_exception_entry.o)
 .debug_aranges
                0x00000000000005f0       0x28 ../SPI_bsp//libhal_bsp.a(alt_instruction_exception_entry.o)
 .debug_aranges
                0x0000000000000618       0x20 /home/youlittleperson/intelFPGA_lite/20.1/nios2eds/bin/gnu/H-x86_64-pc-linux-gnu/bin/../lib/gcc/nios2-elf/9.2.1/../../../../../H-x86_64-pc-linux-gnu/nios2-elf/lib/mno-hw-mul/libsmallc.a(lib_a-memcmp.o)

.debug_pubnames
 *(.debug_pubnames)

.debug_info     0x0000000000000000    0x19775
 *(.debug_info .gnu.linkonce.wi.*)
 .debug_info    0x0000000000000000       0x22 ../SPI_bsp//obj/HAL/src/crt0.o
 .debug_info    0x0000000000000022     0x121f obj/default/main.o
 .debug_info    0x0000000000001241      0x368 /home/youlittleperson/intelFPGA_lite/20.1/nios2eds/bin/gnu/H-x86_64-pc-linux-gnu/bin/../lib/gcc/nios2-elf/9.2.1/mno-hw-mul/libgcc.a(lib2-divmod.o)
 .debug_info    0x00000000000015a9       0xcb /home/youlittleperson/intelFPGA_lite/20.1/nios2eds/bin/gnu/H-x86_64-pc-linux-gnu/bin/../lib/gcc/nios2-elf/9.2.1/mno-hw-mul/libgcc.a(lib2-mul.o)
 .debug_info    0x0000000000001674      0x67c /home/youlittleperson/intelFPGA_lite/20.1/nios2eds/bin/gnu/H-x86_64-pc-linux-gnu/bin/../lib/gcc/nios2-elf/9.2.1/../../../../../H-x86_64-pc-linux-gnu/nios2-elf/lib/mno-hw-mul/libsmallc.a(lib_a-calloc.o)
 .debug_info    0x0000000000001cf0      0x6e8 /home/youlittleperson/intelFPGA_lite/20.1/nios2eds/bin/gnu/H-x86_64-pc-linux-gnu/bin/../lib/gcc/nios2-elf/9.2.1/../../../../../H-x86_64-pc-linux-gnu/nios2-elf/lib/mno-hw-mul/libsmallc.a(lib_a-impure.o)
 .debug_info    0x00000000000023d8      0x6aa /home/youlittleperson/intelFPGA_lite/20.1/nios2eds/bin/gnu/H-x86_64-pc-linux-gnu/bin/../lib/gcc/nios2-elf/9.2.1/../../../../../H-x86_64-pc-linux-gnu/nios2-elf/lib/mno-hw-mul/libsmallc.a(lib_a-malloc.o)
 .debug_info    0x0000000000002a82      0xc00 /home/youlittleperson/intelFPGA_lite/20.1/nios2eds/bin/gnu/H-x86_64-pc-linux-gnu/bin/../lib/gcc/nios2-elf/9.2.1/../../../../../H-x86_64-pc-linux-gnu/nios2-elf/lib/mno-hw-mul/libsmallc.a(lib_a-memcpy.o)
 .debug_info    0x0000000000003682      0x7ea /home/youlittleperson/intelFPGA_lite/20.1/nios2eds/bin/gnu/H-x86_64-pc-linux-gnu/bin/../lib/gcc/nios2-elf/9.2.1/../../../../../H-x86_64-pc-linux-gnu/nios2-elf/lib/mno-hw-mul/libsmallc.a(lib_a-nano-callocr.o)
 .debug_info    0x0000000000003e6c      0x848 /home/youlittleperson/intelFPGA_lite/20.1/nios2eds/bin/gnu/H-x86_64-pc-linux-gnu/bin/../lib/gcc/nios2-elf/9.2.1/../../../../../H-x86_64-pc-linux-gnu/nios2-elf/lib/mno-hw-mul/libsmallc.a(lib_a-nano-freer.o)
 .debug_info    0x00000000000046b4      0x946 /home/youlittleperson/intelFPGA_lite/20.1/nios2eds/bin/gnu/H-x86_64-pc-linux-gnu/bin/../lib/gcc/nios2-elf/9.2.1/../../../../../H-x86_64-pc-linux-gnu/nios2-elf/lib/mno-hw-mul/libsmallc.a(lib_a-nano-mallocr.o)
 .debug_info    0x0000000000004ffa      0x92f /home/youlittleperson/intelFPGA_lite/20.1/nios2eds/bin/gnu/H-x86_64-pc-linux-gnu/bin/../lib/gcc/nios2-elf/9.2.1/../../../../../H-x86_64-pc-linux-gnu/nios2-elf/lib/mno-hw-mul/libsmallc.a(lib_a-printf.o)
 .debug_info    0x0000000000005929      0x8aa /home/youlittleperson/intelFPGA_lite/20.1/nios2eds/bin/gnu/H-x86_64-pc-linux-gnu/bin/../lib/gcc/nios2-elf/9.2.1/../../../../../H-x86_64-pc-linux-gnu/nios2-elf/lib/mno-hw-mul/libsmallc.a(lib_a-putchar.o)
 .debug_info    0x00000000000061d3      0x8ef /home/youlittleperson/intelFPGA_lite/20.1/nios2eds/bin/gnu/H-x86_64-pc-linux-gnu/bin/../lib/gcc/nios2-elf/9.2.1/../../../../../H-x86_64-pc-linux-gnu/nios2-elf/lib/mno-hw-mul/libsmallc.a(lib_a-puts.o)
 .debug_info    0x0000000000006ac2      0x6ee /home/youlittleperson/intelFPGA_lite/20.1/nios2eds/bin/gnu/H-x86_64-pc-linux-gnu/bin/../lib/gcc/nios2-elf/9.2.1/../../../../../H-x86_64-pc-linux-gnu/nios2-elf/lib/mno-hw-mul/libsmallc.a(lib_a-sbrkr.o)
 .debug_info    0x00000000000071b0      0x649 /home/youlittleperson/intelFPGA_lite/20.1/nios2eds/bin/gnu/H-x86_64-pc-linux-gnu/bin/../lib/gcc/nios2-elf/9.2.1/../../../../../H-x86_64-pc-linux-gnu/nios2-elf/lib/mno-hw-mul/libsmallc.a(lib_a-strlen.o)
 .debug_info    0x00000000000077f9     0x1412 /home/youlittleperson/intelFPGA_lite/20.1/nios2eds/bin/gnu/H-x86_64-pc-linux-gnu/bin/../lib/gcc/nios2-elf/9.2.1/../../../../../H-x86_64-pc-linux-gnu/nios2-elf/lib/mno-hw-mul/libsmallc.a(lib_a-vfprintf.o)
 .debug_info    0x0000000000008c0b      0x8c4 /home/youlittleperson/intelFPGA_lite/20.1/nios2eds/bin/gnu/H-x86_64-pc-linux-gnu/bin/../lib/gcc/nios2-elf/9.2.1/../../../../../H-x86_64-pc-linux-gnu/nios2-elf/lib/mno-hw-mul/libsmallc.a(lib_a-fvwrite_small_dev.o)
 .debug_info    0x00000000000094cf      0x614 /home/youlittleperson/intelFPGA_lite/20.1/nios2eds/bin/gnu/H-x86_64-pc-linux-gnu/bin/../lib/gcc/nios2-elf/9.2.1/../../../../../H-x86_64-pc-linux-gnu/nios2-elf/lib/mno-hw-mul/libsmallc.a(lib_a-int_errno.o)
 .debug_info    0x0000000000009ae3      0xbbf /home/youlittleperson/intelFPGA_lite/20.1/nios2eds/bin/gnu/H-x86_64-pc-linux-gnu/bin/../lib/gcc/nios2-elf/9.2.1/../../../../../H-x86_64-pc-linux-gnu/nios2-elf/lib/mno-hw-mul/libsmallc.a(lib_a-memset.o)
 .debug_info    0x000000000000a6a2      0x8fa /home/youlittleperson/intelFPGA_lite/20.1/nios2eds/bin/gnu/H-x86_64-pc-linux-gnu/bin/../lib/gcc/nios2-elf/9.2.1/../../../../../H-x86_64-pc-linux-gnu/nios2-elf/lib/mno-hw-mul/libsmallc.a(lib_a-putc.o)
 .debug_info    0x000000000000af9c      0x720 /home/youlittleperson/intelFPGA_lite/20.1/nios2eds/bin/gnu/H-x86_64-pc-linux-gnu/bin/../lib/gcc/nios2-elf/9.2.1/../../../../../H-x86_64-pc-linux-gnu/nios2-elf/lib/mno-hw-mul/libsmallc.a(lib_a-writer.o)
 .debug_info    0x000000000000b6bc      0xbfc ../SPI_bsp//libhal_bsp.a(alt_irq_register.o)
 .debug_info    0x000000000000c2b8       0x8b ../SPI_bsp//libhal_bsp.a(alt_irq_vars.o)
 .debug_info    0x000000000000c343      0xaed ../SPI_bsp//libhal_bsp.a(alt_load.o)
 .debug_info    0x000000000000ce30      0xeb0 ../SPI_bsp//libhal_bsp.a(alt_main.o)
 .debug_info    0x000000000000dce0      0x95e ../SPI_bsp//libhal_bsp.a(alt_malloc_lock.o)
 .debug_info    0x000000000000e63e      0x9c3 ../SPI_bsp//libhal_bsp.a(alt_putstr.o)
 .debug_info    0x000000000000f001      0xa98 ../SPI_bsp//libhal_bsp.a(alt_sbrk.o)
 .debug_info    0x000000000000fa99      0x131 ../SPI_bsp//libhal_bsp.a(alt_usleep.o)
 .debug_info    0x000000000000fbca      0xf17 ../SPI_bsp//libhal_bsp.a(alt_write.o)
 .debug_info    0x0000000000010ae1      0xd3b ../SPI_bsp//libhal_bsp.a(alt_sys_init.o)
 .debug_info    0x000000000001181c      0xaab ../SPI_bsp//libhal_bsp.a(altera_avalon_jtag_uart_write.o)
 .debug_info    0x00000000000122c7      0xd96 ../SPI_bsp//libhal_bsp.a(altera_up_avalon_accelerometer_spi.o)
 .debug_info    0x000000000001305d      0x97f ../SPI_bsp//libhal_bsp.a(alt_busy_sleep.o)
 .debug_info    0x00000000000139dc      0x934 ../SPI_bsp//libhal_bsp.a(alt_dcache_flush_all.o)
 .debug_info    0x0000000000014310      0xe92 ../SPI_bsp//libhal_bsp.a(alt_dev.o)
 .debug_info    0x00000000000151a2      0xa8f ../SPI_bsp//libhal_bsp.a(alt_dev_llist_insert.o)
 .debug_info    0x0000000000015c31      0x972 ../SPI_bsp//libhal_bsp.a(alt_errno.o)
 .debug_info    0x00000000000165a3      0xc0c ../SPI_bsp//libhal_bsp.a(alt_find_dev.o)
 .debug_info    0x00000000000171af      0x934 ../SPI_bsp//libhal_bsp.a(alt_icache_flush_all.o)
 .debug_info    0x0000000000017ae3       0x22 ../SPI_bsp//libhal_bsp.a(alt_irq_entry.o)
 .debug_info    0x0000000000017b05      0xa66 ../SPI_bsp//libhal_bsp.a(alt_irq_handler.o)
 .debug_info    0x000000000001856b      0x955 ../SPI_bsp//libhal_bsp.a(altera_nios2_gen2_irq.o)
 .debug_info    0x0000000000018ec0       0x22 ../SPI_bsp//libhal_bsp.a(alt_exception_entry.o)
 .debug_info    0x0000000000018ee2      0x20f ../SPI_bsp//libhal_bsp.a(alt_instruction_exception_entry.o)
 .debug_info    0x00000000000190f1      0x684 /home/youlittleperson/intelFPGA_lite/20.1/nios2eds/bin/gnu/H-x86_64-pc-linux-gnu/bin/../lib/gcc/nios2-elf/9.2.1/../../../../../H-x86_64-pc-linux-gnu/nios2-elf/lib/mno-hw-mul/libsmallc.a(lib_a-memcmp.o)

.debug_abbrev   0x0000000000000000     0x5ab6
 *(.debug_abbrev)
 .debug_abbrev  0x0000000000000000       0x12 ../SPI_bsp//obj/HAL/src/crt0.o
 .debug_abbrev  0x0000000000000012      0x37f obj/default/main.o
 .debug_abbrev  0x0000000000000391      0x103 /home/youlittleperson/intelFPGA_lite/20.1/nios2eds/bin/gnu/H-x86_64-pc-linux-gnu/bin/../lib/gcc/nios2-elf/9.2.1/mno-hw-mul/libgcc.a(lib2-divmod.o)
 .debug_abbrev  0x0000000000000494       0x7d /home/youlittleperson/intelFPGA_lite/20.1/nios2eds/bin/gnu/H-x86_64-pc-linux-gnu/bin/../lib/gcc/nios2-elf/9.2.1/mno-hw-mul/libgcc.a(lib2-mul.o)
 .debug_abbrev  0x0000000000000511      0x1ea /home/youlittleperson/intelFPGA_lite/20.1/nios2eds/bin/gnu/H-x86_64-pc-linux-gnu/bin/../lib/gcc/nios2-elf/9.2.1/../../../../../H-x86_64-pc-linux-gnu/nios2-elf/lib/mno-hw-mul/libsmallc.a(lib_a-calloc.o)
 .debug_abbrev  0x00000000000006fb      0x18d /home/youlittleperson/intelFPGA_lite/20.1/nios2eds/bin/gnu/H-x86_64-pc-linux-gnu/bin/../lib/gcc/nios2-elf/9.2.1/../../../../../H-x86_64-pc-linux-gnu/nios2-elf/lib/mno-hw-mul/libsmallc.a(lib_a-impure.o)
 .debug_abbrev  0x0000000000000888      0x1f2 /home/youlittleperson/intelFPGA_lite/20.1/nios2eds/bin/gnu/H-x86_64-pc-linux-gnu/bin/../lib/gcc/nios2-elf/9.2.1/../../../../../H-x86_64-pc-linux-gnu/nios2-elf/lib/mno-hw-mul/libsmallc.a(lib_a-malloc.o)
 .debug_abbrev  0x0000000000000a7a      0x1e3 /home/youlittleperson/intelFPGA_lite/20.1/nios2eds/bin/gnu/H-x86_64-pc-linux-gnu/bin/../lib/gcc/nios2-elf/9.2.1/../../../../../H-x86_64-pc-linux-gnu/nios2-elf/lib/mno-hw-mul/libsmallc.a(lib_a-memcpy.o)
 .debug_abbrev  0x0000000000000c5d      0x21e /home/youlittleperson/intelFPGA_lite/20.1/nios2eds/bin/gnu/H-x86_64-pc-linux-gnu/bin/../lib/gcc/nios2-elf/9.2.1/../../../../../H-x86_64-pc-linux-gnu/nios2-elf/lib/mno-hw-mul/libsmallc.a(lib_a-nano-callocr.o)
 .debug_abbrev  0x0000000000000e7b      0x276 /home/youlittleperson/intelFPGA_lite/20.1/nios2eds/bin/gnu/H-x86_64-pc-linux-gnu/bin/../lib/gcc/nios2-elf/9.2.1/../../../../../H-x86_64-pc-linux-gnu/nios2-elf/lib/mno-hw-mul/libsmallc.a(lib_a-nano-freer.o)
 .debug_abbrev  0x00000000000010f1      0x2d8 /home/youlittleperson/intelFPGA_lite/20.1/nios2eds/bin/gnu/H-x86_64-pc-linux-gnu/bin/../lib/gcc/nios2-elf/9.2.1/../../../../../H-x86_64-pc-linux-gnu/nios2-elf/lib/mno-hw-mul/libsmallc.a(lib_a-nano-mallocr.o)
 .debug_abbrev  0x00000000000013c9      0x24e /home/youlittleperson/intelFPGA_lite/20.1/nios2eds/bin/gnu/H-x86_64-pc-linux-gnu/bin/../lib/gcc/nios2-elf/9.2.1/../../../../../H-x86_64-pc-linux-gnu/nios2-elf/lib/mno-hw-mul/libsmallc.a(lib_a-printf.o)
 .debug_abbrev  0x0000000000001617      0x20f /home/youlittleperson/intelFPGA_lite/20.1/nios2eds/bin/gnu/H-x86_64-pc-linux-gnu/bin/../lib/gcc/nios2-elf/9.2.1/../../../../../H-x86_64-pc-linux-gnu/nios2-elf/lib/mno-hw-mul/libsmallc.a(lib_a-putchar.o)
 .debug_abbrev  0x0000000000001826      0x225 /home/youlittleperson/intelFPGA_lite/20.1/nios2eds/bin/gnu/H-x86_64-pc-linux-gnu/bin/../lib/gcc/nios2-elf/9.2.1/../../../../../H-x86_64-pc-linux-gnu/nios2-elf/lib/mno-hw-mul/libsmallc.a(lib_a-puts.o)
 .debug_abbrev  0x0000000000001a4b      0x212 /home/youlittleperson/intelFPGA_lite/20.1/nios2eds/bin/gnu/H-x86_64-pc-linux-gnu/bin/../lib/gcc/nios2-elf/9.2.1/../../../../../H-x86_64-pc-linux-gnu/nios2-elf/lib/mno-hw-mul/libsmallc.a(lib_a-sbrkr.o)
 .debug_abbrev  0x0000000000001c5d      0x1a8 /home/youlittleperson/intelFPGA_lite/20.1/nios2eds/bin/gnu/H-x86_64-pc-linux-gnu/bin/../lib/gcc/nios2-elf/9.2.1/../../../../../H-x86_64-pc-linux-gnu/nios2-elf/lib/mno-hw-mul/libsmallc.a(lib_a-strlen.o)
 .debug_abbrev  0x0000000000001e05      0x34f /home/youlittleperson/intelFPGA_lite/20.1/nios2eds/bin/gnu/H-x86_64-pc-linux-gnu/bin/../lib/gcc/nios2-elf/9.2.1/../../../../../H-x86_64-pc-linux-gnu/nios2-elf/lib/mno-hw-mul/libsmallc.a(lib_a-vfprintf.o)
 .debug_abbrev  0x0000000000002154      0x238 /home/youlittleperson/intelFPGA_lite/20.1/nios2eds/bin/gnu/H-x86_64-pc-linux-gnu/bin/../lib/gcc/nios2-elf/9.2.1/../../../../../H-x86_64-pc-linux-gnu/nios2-elf/lib/mno-hw-mul/libsmallc.a(lib_a-fvwrite_small_dev.o)
 .debug_abbrev  0x000000000000238c      0x186 /home/youlittleperson/intelFPGA_lite/20.1/nios2eds/bin/gnu/H-x86_64-pc-linux-gnu/bin/../lib/gcc/nios2-elf/9.2.1/../../../../../H-x86_64-pc-linux-gnu/nios2-elf/lib/mno-hw-mul/libsmallc.a(lib_a-int_errno.o)
 .debug_abbrev  0x0000000000002512      0x1c3 /home/youlittleperson/intelFPGA_lite/20.1/nios2eds/bin/gnu/H-x86_64-pc-linux-gnu/bin/../lib/gcc/nios2-elf/9.2.1/../../../../../H-x86_64-pc-linux-gnu/nios2-elf/lib/mno-hw-mul/libsmallc.a(lib_a-memset.o)
 .debug_abbrev  0x00000000000026d5      0x209 /home/youlittleperson/intelFPGA_lite/20.1/nios2eds/bin/gnu/H-x86_64-pc-linux-gnu/bin/../lib/gcc/nios2-elf/9.2.1/../../../../../H-x86_64-pc-linux-gnu/nios2-elf/lib/mno-hw-mul/libsmallc.a(lib_a-putc.o)
 .debug_abbrev  0x00000000000028de      0x1ec /home/youlittleperson/intelFPGA_lite/20.1/nios2eds/bin/gnu/H-x86_64-pc-linux-gnu/bin/../lib/gcc/nios2-elf/9.2.1/../../../../../H-x86_64-pc-linux-gnu/nios2-elf/lib/mno-hw-mul/libsmallc.a(lib_a-writer.o)
 .debug_abbrev  0x0000000000002aca      0x325 ../SPI_bsp//libhal_bsp.a(alt_irq_register.o)
 .debug_abbrev  0x0000000000002def       0x44 ../SPI_bsp//libhal_bsp.a(alt_irq_vars.o)
 .debug_abbrev  0x0000000000002e33      0x277 ../SPI_bsp//libhal_bsp.a(alt_load.o)
 .debug_abbrev  0x00000000000030aa      0x252 ../SPI_bsp//libhal_bsp.a(alt_main.o)
 .debug_abbrev  0x00000000000032fc      0x203 ../SPI_bsp//libhal_bsp.a(alt_malloc_lock.o)
 .debug_abbrev  0x00000000000034ff      0x249 ../SPI_bsp//libhal_bsp.a(alt_putstr.o)
 .debug_abbrev  0x0000000000003748      0x2ac ../SPI_bsp//libhal_bsp.a(alt_sbrk.o)
 .debug_abbrev  0x00000000000039f4       0xb4 ../SPI_bsp//libhal_bsp.a(alt_usleep.o)
 .debug_abbrev  0x0000000000003aa8      0x28a ../SPI_bsp//libhal_bsp.a(alt_write.o)
 .debug_abbrev  0x0000000000003d32      0x2db ../SPI_bsp//libhal_bsp.a(alt_sys_init.o)
 .debug_abbrev  0x000000000000400d      0x251 ../SPI_bsp//libhal_bsp.a(altera_avalon_jtag_uart_write.o)
 .debug_abbrev  0x000000000000425e      0x24a ../SPI_bsp//libhal_bsp.a(altera_up_avalon_accelerometer_spi.o)
 .debug_abbrev  0x00000000000044a8      0x21c ../SPI_bsp//libhal_bsp.a(alt_busy_sleep.o)
 .debug_abbrev  0x00000000000046c4      0x1e0 ../SPI_bsp//libhal_bsp.a(alt_dcache_flush_all.o)
 .debug_abbrev  0x00000000000048a4      0x212 ../SPI_bsp//libhal_bsp.a(alt_dev.o)
 .debug_abbrev  0x0000000000004ab6      0x283 ../SPI_bsp//libhal_bsp.a(alt_dev_llist_insert.o)
 .debug_abbrev  0x0000000000004d39      0x1df ../SPI_bsp//libhal_bsp.a(alt_errno.o)
 .debug_abbrev  0x0000000000004f18      0x25c ../SPI_bsp//libhal_bsp.a(alt_find_dev.o)
 .debug_abbrev  0x0000000000005174      0x1e0 ../SPI_bsp//libhal_bsp.a(alt_icache_flush_all.o)
 .debug_abbrev  0x0000000000005354       0x12 ../SPI_bsp//libhal_bsp.a(alt_irq_entry.o)
 .debug_abbrev  0x0000000000005366      0x283 ../SPI_bsp//libhal_bsp.a(alt_irq_handler.o)
 .debug_abbrev  0x00000000000055e9      0x1e5 ../SPI_bsp//libhal_bsp.a(altera_nios2_gen2_irq.o)
 .debug_abbrev  0x00000000000057ce       0x12 ../SPI_bsp//libhal_bsp.a(alt_exception_entry.o)
 .debug_abbrev  0x00000000000057e0      0x116 ../SPI_bsp//libhal_bsp.a(alt_instruction_exception_entry.o)
 .debug_abbrev  0x00000000000058f6      0x1c0 /home/youlittleperson/intelFPGA_lite/20.1/nios2eds/bin/gnu/H-x86_64-pc-linux-gnu/bin/../lib/gcc/nios2-elf/9.2.1/../../../../../H-x86_64-pc-linux-gnu/nios2-elf/lib/mno-hw-mul/libsmallc.a(lib_a-memcmp.o)

.debug_line     0x0000000000000000     0x6af6
 *(.debug_line)
 .debug_line    0x0000000000000000       0x66 ../SPI_bsp//obj/HAL/src/crt0.o
 .debug_line    0x0000000000000066      0x69d obj/default/main.o
 .debug_line    0x0000000000000703      0x2f9 /home/youlittleperson/intelFPGA_lite/20.1/nios2eds/bin/gnu/H-x86_64-pc-linux-gnu/bin/../lib/gcc/nios2-elf/9.2.1/mno-hw-mul/libgcc.a(lib2-divmod.o)
 .debug_line    0x00000000000009fc       0xb6 /home/youlittleperson/intelFPGA_lite/20.1/nios2eds/bin/gnu/H-x86_64-pc-linux-gnu/bin/../lib/gcc/nios2-elf/9.2.1/mno-hw-mul/libgcc.a(lib2-mul.o)
 .debug_line    0x0000000000000ab2      0x1ec /home/youlittleperson/intelFPGA_lite/20.1/nios2eds/bin/gnu/H-x86_64-pc-linux-gnu/bin/../lib/gcc/nios2-elf/9.2.1/../../../../../H-x86_64-pc-linux-gnu/nios2-elf/lib/mno-hw-mul/libsmallc.a(lib_a-calloc.o)
 .debug_line    0x0000000000000c9e      0x15c /home/youlittleperson/intelFPGA_lite/20.1/nios2eds/bin/gnu/H-x86_64-pc-linux-gnu/bin/../lib/gcc/nios2-elf/9.2.1/../../../../../H-x86_64-pc-linux-gnu/nios2-elf/lib/mno-hw-mul/libsmallc.a(lib_a-impure.o)
 .debug_line    0x0000000000000dfa      0x215 /home/youlittleperson/intelFPGA_lite/20.1/nios2eds/bin/gnu/H-x86_64-pc-linux-gnu/bin/../lib/gcc/nios2-elf/9.2.1/../../../../../H-x86_64-pc-linux-gnu/nios2-elf/lib/mno-hw-mul/libsmallc.a(lib_a-malloc.o)
 .debug_line    0x000000000000100f      0x280 /home/youlittleperson/intelFPGA_lite/20.1/nios2eds/bin/gnu/H-x86_64-pc-linux-gnu/bin/../lib/gcc/nios2-elf/9.2.1/../../../../../H-x86_64-pc-linux-gnu/nios2-elf/lib/mno-hw-mul/libsmallc.a(lib_a-memcpy.o)
 .debug_line    0x000000000000128f      0x22e /home/youlittleperson/intelFPGA_lite/20.1/nios2eds/bin/gnu/H-x86_64-pc-linux-gnu/bin/../lib/gcc/nios2-elf/9.2.1/../../../../../H-x86_64-pc-linux-gnu/nios2-elf/lib/mno-hw-mul/libsmallc.a(lib_a-nano-callocr.o)
 .debug_line    0x00000000000014bd      0x339 /home/youlittleperson/intelFPGA_lite/20.1/nios2eds/bin/gnu/H-x86_64-pc-linux-gnu/bin/../lib/gcc/nios2-elf/9.2.1/../../../../../H-x86_64-pc-linux-gnu/nios2-elf/lib/mno-hw-mul/libsmallc.a(lib_a-nano-freer.o)
 .debug_line    0x00000000000017f6      0x37b /home/youlittleperson/intelFPGA_lite/20.1/nios2eds/bin/gnu/H-x86_64-pc-linux-gnu/bin/../lib/gcc/nios2-elf/9.2.1/../../../../../H-x86_64-pc-linux-gnu/nios2-elf/lib/mno-hw-mul/libsmallc.a(lib_a-nano-mallocr.o)
 .debug_line    0x0000000000001b71      0x264 /home/youlittleperson/intelFPGA_lite/20.1/nios2eds/bin/gnu/H-x86_64-pc-linux-gnu/bin/../lib/gcc/nios2-elf/9.2.1/../../../../../H-x86_64-pc-linux-gnu/nios2-elf/lib/mno-hw-mul/libsmallc.a(lib_a-printf.o)
 .debug_line    0x0000000000001dd5      0x23d /home/youlittleperson/intelFPGA_lite/20.1/nios2eds/bin/gnu/H-x86_64-pc-linux-gnu/bin/../lib/gcc/nios2-elf/9.2.1/../../../../../H-x86_64-pc-linux-gnu/nios2-elf/lib/mno-hw-mul/libsmallc.a(lib_a-putchar.o)
 .debug_line    0x0000000000002012      0x264 /home/youlittleperson/intelFPGA_lite/20.1/nios2eds/bin/gnu/H-x86_64-pc-linux-gnu/bin/../lib/gcc/nios2-elf/9.2.1/../../../../../H-x86_64-pc-linux-gnu/nios2-elf/lib/mno-hw-mul/libsmallc.a(lib_a-puts.o)
 .debug_line    0x0000000000002276      0x223 /home/youlittleperson/intelFPGA_lite/20.1/nios2eds/bin/gnu/H-x86_64-pc-linux-gnu/bin/../lib/gcc/nios2-elf/9.2.1/../../../../../H-x86_64-pc-linux-gnu/nios2-elf/lib/mno-hw-mul/libsmallc.a(lib_a-sbrkr.o)
 .debug_line    0x0000000000002499      0x1fa /home/youlittleperson/intelFPGA_lite/20.1/nios2eds/bin/gnu/H-x86_64-pc-linux-gnu/bin/../lib/gcc/nios2-elf/9.2.1/../../../../../H-x86_64-pc-linux-gnu/nios2-elf/lib/mno-hw-mul/libsmallc.a(lib_a-strlen.o)
 .debug_line    0x0000000000002693      0x7bd /home/youlittleperson/intelFPGA_lite/20.1/nios2eds/bin/gnu/H-x86_64-pc-linux-gnu/bin/../lib/gcc/nios2-elf/9.2.1/../../../../../H-x86_64-pc-linux-gnu/nios2-elf/lib/mno-hw-mul/libsmallc.a(lib_a-vfprintf.o)
 .debug_line    0x0000000000002e50      0x275 /home/youlittleperson/intelFPGA_lite/20.1/nios2eds/bin/gnu/H-x86_64-pc-linux-gnu/bin/../lib/gcc/nios2-elf/9.2.1/../../../../../H-x86_64-pc-linux-gnu/nios2-elf/lib/mno-hw-mul/libsmallc.a(lib_a-fvwrite_small_dev.o)
 .debug_line    0x00000000000030c5      0x1ce /home/youlittleperson/intelFPGA_lite/20.1/nios2eds/bin/gnu/H-x86_64-pc-linux-gnu/bin/../lib/gcc/nios2-elf/9.2.1/../../../../../H-x86_64-pc-linux-gnu/nios2-elf/lib/mno-hw-mul/libsmallc.a(lib_a-int_errno.o)
 .debug_line    0x0000000000003293      0x27b /home/youlittleperson/intelFPGA_lite/20.1/nios2eds/bin/gnu/H-x86_64-pc-linux-gnu/bin/../lib/gcc/nios2-elf/9.2.1/../../../../../H-x86_64-pc-linux-gnu/nios2-elf/lib/mno-hw-mul/libsmallc.a(lib_a-memset.o)
 .debug_line    0x000000000000350e      0x27e /home/youlittleperson/intelFPGA_lite/20.1/nios2eds/bin/gnu/H-x86_64-pc-linux-gnu/bin/../lib/gcc/nios2-elf/9.2.1/../../../../../H-x86_64-pc-linux-gnu/nios2-elf/lib/mno-hw-mul/libsmallc.a(lib_a-putc.o)
 .debug_line    0x000000000000378c      0x225 /home/youlittleperson/intelFPGA_lite/20.1/nios2eds/bin/gnu/H-x86_64-pc-linux-gnu/bin/../lib/gcc/nios2-elf/9.2.1/../../../../../H-x86_64-pc-linux-gnu/nios2-elf/lib/mno-hw-mul/libsmallc.a(lib_a-writer.o)
 .debug_line    0x00000000000039b1      0x2b9 ../SPI_bsp//libhal_bsp.a(alt_irq_register.o)
 .debug_line    0x0000000000003c6a       0x50 ../SPI_bsp//libhal_bsp.a(alt_irq_vars.o)
 .debug_line    0x0000000000003cba      0x2a3 ../SPI_bsp//libhal_bsp.a(alt_load.o)
 .debug_line    0x0000000000003f5d      0x369 ../SPI_bsp//libhal_bsp.a(alt_main.o)
 .debug_line    0x00000000000042c6      0x151 ../SPI_bsp//libhal_bsp.a(alt_malloc_lock.o)
 .debug_line    0x0000000000004417      0x1d8 ../SPI_bsp//libhal_bsp.a(alt_putstr.o)
 .debug_line    0x00000000000045ef      0x216 ../SPI_bsp//libhal_bsp.a(alt_sbrk.o)
 .debug_line    0x0000000000004805       0xfe ../SPI_bsp//libhal_bsp.a(alt_usleep.o)
 .debug_line    0x0000000000004903      0x34d ../SPI_bsp//libhal_bsp.a(alt_write.o)
 .debug_line    0x0000000000004c50      0x2af ../SPI_bsp//libhal_bsp.a(alt_sys_init.o)
 .debug_line    0x0000000000004eff      0x28b ../SPI_bsp//libhal_bsp.a(altera_avalon_jtag_uart_write.o)
 .debug_line    0x000000000000518a      0x332 ../SPI_bsp//libhal_bsp.a(altera_up_avalon_accelerometer_spi.o)
 .debug_line    0x00000000000054bc      0x20b ../SPI_bsp//libhal_bsp.a(alt_busy_sleep.o)
 .debug_line    0x00000000000056c7      0x1c7 ../SPI_bsp//libhal_bsp.a(alt_dcache_flush_all.o)
 .debug_line    0x000000000000588e      0x2e6 ../SPI_bsp//libhal_bsp.a(alt_dev.o)
 .debug_line    0x0000000000005b74      0x249 ../SPI_bsp//libhal_bsp.a(alt_dev_llist_insert.o)
 .debug_line    0x0000000000005dbd      0x161 ../SPI_bsp//libhal_bsp.a(alt_errno.o)
 .debug_line    0x0000000000005f1e      0x25f ../SPI_bsp//libhal_bsp.a(alt_find_dev.o)
 .debug_line    0x000000000000617d      0x1c5 ../SPI_bsp//libhal_bsp.a(alt_icache_flush_all.o)
 .debug_line    0x0000000000006342       0x6b ../SPI_bsp//libhal_bsp.a(alt_irq_entry.o)
 .debug_line    0x00000000000063ad      0x232 ../SPI_bsp//libhal_bsp.a(alt_irq_handler.o)
 .debug_line    0x00000000000065df      0x16a ../SPI_bsp//libhal_bsp.a(altera_nios2_gen2_irq.o)
 .debug_line    0x0000000000006749       0xb3 ../SPI_bsp//libhal_bsp.a(alt_exception_entry.o)
 .debug_line    0x00000000000067fc       0xee ../SPI_bsp//libhal_bsp.a(alt_instruction_exception_entry.o)
 .debug_line    0x00000000000068ea      0x20c /home/youlittleperson/intelFPGA_lite/20.1/nios2eds/bin/gnu/H-x86_64-pc-linux-gnu/bin/../lib/gcc/nios2-elf/9.2.1/../../../../../H-x86_64-pc-linux-gnu/nios2-elf/lib/mno-hw-mul/libsmallc.a(lib_a-memcmp.o)

.debug_frame    0x0000000000000000      0x8cc
 *(.debug_frame)
 .debug_frame   0x0000000000000000      0x100 obj/default/main.o
 .debug_frame   0x0000000000000100       0x50 /home/youlittleperson/intelFPGA_lite/20.1/nios2eds/bin/gnu/H-x86_64-pc-linux-gnu/bin/../lib/gcc/nios2-elf/9.2.1/mno-hw-mul/libgcc.a(lib2-divmod.o)
 .debug_frame   0x0000000000000150       0x20 /home/youlittleperson/intelFPGA_lite/20.1/nios2eds/bin/gnu/H-x86_64-pc-linux-gnu/bin/../lib/gcc/nios2-elf/9.2.1/mno-hw-mul/libgcc.a(lib2-mul.o)
 .debug_frame   0x0000000000000170       0x20 /home/youlittleperson/intelFPGA_lite/20.1/nios2eds/bin/gnu/H-x86_64-pc-linux-gnu/bin/../lib/gcc/nios2-elf/9.2.1/../../../../../H-x86_64-pc-linux-gnu/nios2-elf/lib/mno-hw-mul/libsmallc.a(lib_a-calloc.o)
 .debug_frame   0x0000000000000190       0x30 /home/youlittleperson/intelFPGA_lite/20.1/nios2eds/bin/gnu/H-x86_64-pc-linux-gnu/bin/../lib/gcc/nios2-elf/9.2.1/../../../../../H-x86_64-pc-linux-gnu/nios2-elf/lib/mno-hw-mul/libsmallc.a(lib_a-malloc.o)
 .debug_frame   0x00000000000001c0       0x20 /home/youlittleperson/intelFPGA_lite/20.1/nios2eds/bin/gnu/H-x86_64-pc-linux-gnu/bin/../lib/gcc/nios2-elf/9.2.1/../../../../../H-x86_64-pc-linux-gnu/nios2-elf/lib/mno-hw-mul/libsmallc.a(lib_a-memcpy.o)
 .debug_frame   0x00000000000001e0       0x34 /home/youlittleperson/intelFPGA_lite/20.1/nios2eds/bin/gnu/H-x86_64-pc-linux-gnu/bin/../lib/gcc/nios2-elf/9.2.1/../../../../../H-x86_64-pc-linux-gnu/nios2-elf/lib/mno-hw-mul/libsmallc.a(lib_a-nano-callocr.o)
 .debug_frame   0x0000000000000214       0x38 /home/youlittleperson/intelFPGA_lite/20.1/nios2eds/bin/gnu/H-x86_64-pc-linux-gnu/bin/../lib/gcc/nios2-elf/9.2.1/../../../../../H-x86_64-pc-linux-gnu/nios2-elf/lib/mno-hw-mul/libsmallc.a(lib_a-nano-freer.o)
 .debug_frame   0x000000000000024c       0x3c /home/youlittleperson/intelFPGA_lite/20.1/nios2eds/bin/gnu/H-x86_64-pc-linux-gnu/bin/../lib/gcc/nios2-elf/9.2.1/../../../../../H-x86_64-pc-linux-gnu/nios2-elf/lib/mno-hw-mul/libsmallc.a(lib_a-nano-mallocr.o)
 .debug_frame   0x0000000000000288       0x48 /home/youlittleperson/intelFPGA_lite/20.1/nios2eds/bin/gnu/H-x86_64-pc-linux-gnu/bin/../lib/gcc/nios2-elf/9.2.1/../../../../../H-x86_64-pc-linux-gnu/nios2-elf/lib/mno-hw-mul/libsmallc.a(lib_a-printf.o)
 .debug_frame   0x00000000000002d0       0x30 /home/youlittleperson/intelFPGA_lite/20.1/nios2eds/bin/gnu/H-x86_64-pc-linux-gnu/bin/../lib/gcc/nios2-elf/9.2.1/../../../../../H-x86_64-pc-linux-gnu/nios2-elf/lib/mno-hw-mul/libsmallc.a(lib_a-putchar.o)
 .debug_frame   0x0000000000000300       0x48 /home/youlittleperson/intelFPGA_lite/20.1/nios2eds/bin/gnu/H-x86_64-pc-linux-gnu/bin/../lib/gcc/nios2-elf/9.2.1/../../../../../H-x86_64-pc-linux-gnu/nios2-elf/lib/mno-hw-mul/libsmallc.a(lib_a-puts.o)
 .debug_frame   0x0000000000000348       0x30 /home/youlittleperson/intelFPGA_lite/20.1/nios2eds/bin/gnu/H-x86_64-pc-linux-gnu/bin/../lib/gcc/nios2-elf/9.2.1/../../../../../H-x86_64-pc-linux-gnu/nios2-elf/lib/mno-hw-mul/libsmallc.a(lib_a-sbrkr.o)
 .debug_frame   0x0000000000000378       0x20 /home/youlittleperson/intelFPGA_lite/20.1/nios2eds/bin/gnu/H-x86_64-pc-linux-gnu/bin/../lib/gcc/nios2-elf/9.2.1/../../../../../H-x86_64-pc-linux-gnu/nios2-elf/lib/mno-hw-mul/libsmallc.a(lib_a-strlen.o)
 .debug_frame   0x0000000000000398       0x90 /home/youlittleperson/intelFPGA_lite/20.1/nios2eds/bin/gnu/H-x86_64-pc-linux-gnu/bin/../lib/gcc/nios2-elf/9.2.1/../../../../../H-x86_64-pc-linux-gnu/nios2-elf/lib/mno-hw-mul/libsmallc.a(lib_a-vfprintf.o)
 .debug_frame   0x0000000000000428       0x3c /home/youlittleperson/intelFPGA_lite/20.1/nios2eds/bin/gnu/H-x86_64-pc-linux-gnu/bin/../lib/gcc/nios2-elf/9.2.1/../../../../../H-x86_64-pc-linux-gnu/nios2-elf/lib/mno-hw-mul/libsmallc.a(lib_a-fvwrite_small_dev.o)
 .debug_frame   0x0000000000000464       0x20 /home/youlittleperson/intelFPGA_lite/20.1/nios2eds/bin/gnu/H-x86_64-pc-linux-gnu/bin/../lib/gcc/nios2-elf/9.2.1/../../../../../H-x86_64-pc-linux-gnu/nios2-elf/lib/mno-hw-mul/libsmallc.a(lib_a-memset.o)
 .debug_frame   0x0000000000000484       0x50 /home/youlittleperson/intelFPGA_lite/20.1/nios2eds/bin/gnu/H-x86_64-pc-linux-gnu/bin/../lib/gcc/nios2-elf/9.2.1/../../../../../H-x86_64-pc-linux-gnu/nios2-elf/lib/mno-hw-mul/libsmallc.a(lib_a-putc.o)
 .debug_frame   0x00000000000004d4       0x30 /home/youlittleperson/intelFPGA_lite/20.1/nios2eds/bin/gnu/H-x86_64-pc-linux-gnu/bin/../lib/gcc/nios2-elf/9.2.1/../../../../../H-x86_64-pc-linux-gnu/nios2-elf/lib/mno-hw-mul/libsmallc.a(lib_a-writer.o)
 .debug_frame   0x0000000000000504       0x20 ../SPI_bsp//libhal_bsp.a(alt_irq_register.o)
 .debug_frame   0x0000000000000524       0x30 ../SPI_bsp//libhal_bsp.a(alt_load.o)
 .debug_frame   0x0000000000000554       0x2c ../SPI_bsp//libhal_bsp.a(alt_main.o)
 .debug_frame   0x0000000000000580       0x30 ../SPI_bsp//libhal_bsp.a(alt_malloc_lock.o)
 .debug_frame   0x00000000000005b0       0x30 ../SPI_bsp//libhal_bsp.a(alt_putstr.o)
 .debug_frame   0x00000000000005e0       0x20 ../SPI_bsp//libhal_bsp.a(alt_sbrk.o)
 .debug_frame   0x0000000000000600       0x20 ../SPI_bsp//libhal_bsp.a(alt_usleep.o)
 .debug_frame   0x0000000000000620       0x2c ../SPI_bsp//libhal_bsp.a(alt_write.o)
 .debug_frame   0x000000000000064c       0x3c ../SPI_bsp//libhal_bsp.a(alt_sys_init.o)
 .debug_frame   0x0000000000000688       0x20 ../SPI_bsp//libhal_bsp.a(altera_avalon_jtag_uart_write.o)
 .debug_frame   0x00000000000006a8       0x80 ../SPI_bsp//libhal_bsp.a(altera_up_avalon_accelerometer_spi.o)
 .debug_frame   0x0000000000000728       0x34 ../SPI_bsp//libhal_bsp.a(alt_busy_sleep.o)
 .debug_frame   0x000000000000075c       0x20 ../SPI_bsp//libhal_bsp.a(alt_dcache_flush_all.o)
 .debug_frame   0x000000000000077c       0x20 ../SPI_bsp//libhal_bsp.a(alt_dev.o)
 .debug_frame   0x000000000000079c       0x2c ../SPI_bsp//libhal_bsp.a(alt_dev_llist_insert.o)
 .debug_frame   0x00000000000007c8       0x40 ../SPI_bsp//libhal_bsp.a(alt_find_dev.o)
 .debug_frame   0x0000000000000808       0x20 ../SPI_bsp//libhal_bsp.a(alt_icache_flush_all.o)
 .debug_frame   0x0000000000000828       0x34 ../SPI_bsp//libhal_bsp.a(alt_irq_handler.o)
 .debug_frame   0x000000000000085c       0x20 ../SPI_bsp//libhal_bsp.a(altera_nios2_gen2_irq.o)
 .debug_frame   0x000000000000087c       0x30 ../SPI_bsp//libhal_bsp.a(alt_instruction_exception_entry.o)
 .debug_frame   0x00000000000008ac       0x20 /home/youlittleperson/intelFPGA_lite/20.1/nios2eds/bin/gnu/H-x86_64-pc-linux-gnu/bin/../lib/gcc/nios2-elf/9.2.1/../../../../../H-x86_64-pc-linux-gnu/nios2-elf/lib/mno-hw-mul/libsmallc.a(lib_a-memcmp.o)

.debug_str      0x0000000000000000     0x2507
 *(.debug_str)
 .debug_str     0x0000000000000000       0x6c ../SPI_bsp//obj/HAL/src/crt0.o
 .debug_str     0x000000000000006c      0x724 obj/default/main.o
                                        0x845 (size before relaxing)
 .debug_str     0x0000000000000790      0x194 /home/youlittleperson/intelFPGA_lite/20.1/nios2eds/bin/gnu/H-x86_64-pc-linux-gnu/bin/../lib/gcc/nios2-elf/9.2.1/mno-hw-mul/libgcc.a(lib2-divmod.o)
                                        0x1df (size before relaxing)
 .debug_str     0x0000000000000924       0x42 /home/youlittleperson/intelFPGA_lite/20.1/nios2eds/bin/gnu/H-x86_64-pc-linux-gnu/bin/../lib/gcc/nios2-elf/9.2.1/mno-hw-mul/libgcc.a(lib2-mul.o)
                                        0x1a0 (size before relaxing)
 .debug_str     0x0000000000000966      0x18f /home/youlittleperson/intelFPGA_lite/20.1/nios2eds/bin/gnu/H-x86_64-pc-linux-gnu/bin/../lib/gcc/nios2-elf/9.2.1/../../../../../H-x86_64-pc-linux-gnu/nios2-elf/lib/mno-hw-mul/libsmallc.a(lib_a-calloc.o)
                                        0x4e5 (size before relaxing)
 .debug_str     0x0000000000000af5      0x11f /home/youlittleperson/intelFPGA_lite/20.1/nios2eds/bin/gnu/H-x86_64-pc-linux-gnu/bin/../lib/gcc/nios2-elf/9.2.1/../../../../../H-x86_64-pc-linux-gnu/nios2-elf/lib/mno-hw-mul/libsmallc.a(lib_a-impure.o)
                                        0x529 (size before relaxing)
 .debug_str     0x0000000000000c14       0x5d /home/youlittleperson/intelFPGA_lite/20.1/nios2eds/bin/gnu/H-x86_64-pc-linux-gnu/bin/../lib/gcc/nios2-elf/9.2.1/../../../../../H-x86_64-pc-linux-gnu/nios2-elf/lib/mno-hw-mul/libsmallc.a(lib_a-malloc.o)
                                        0x4f9 (size before relaxing)