Archive member included to satisfy reference by file (symbol)

/home/youlittleperson/intelFPGA_lite/20.1/nios2eds/bin/gnu/H-x86_64-pc-linux-gnu/bin/../lib/gcc/nios2-elf/9.2.1/../../../../../H-x86_64-pc-linux-gnu/nios2-elf/lib/mno-hw-mul/libsmallc.a(lib_a-printf.o)
                              obj/default/hello_world_small.o (printf)
/home/youlittleperson/intelFPGA_lite/20.1/nios2eds/bin/gnu/H-x86_64-pc-linux-gnu/bin/../lib/gcc/nios2-elf/9.2.1/../../../../../H-x86_64-pc-linux-gnu/nios2-elf/lib/mno-hw-mul/libsmallc.a(lib_a-vfprintf.o)
                              /home/youlittleperson/intelFPGA_lite/20.1/nios2eds/bin/gnu/H-x86_64-pc-linux-gnu/bin/../lib/gcc/nios2-elf/9.2.1/../../../../../H-x86_64-pc-linux-gnu/nios2-elf/lib/mno-hw-mul/libsmallc.a(lib_a-printf.o) (___vfprintf_internal_r)
/home/youlittleperson/intelFPGA_lite/20.1/nios2eds/bin/gnu/H-x86_64-pc-linux-gnu/bin/../lib/gcc/nios2-elf/9.2.1/../../../../../H-x86_64-pc-linux-gnu/nios2-elf/lib/mno-hw-mul/libsmallc.a(lib_a-fvwrite_small_dev.o)
                              /home/youlittleperson/intelFPGA_lite/20.1/nios2eds/bin/gnu/H-x86_64-pc-linux-gnu/bin/../lib/gcc/nios2-elf/9.2.1/../../../../../H-x86_64-pc-linux-gnu/nios2-elf/lib/mno-hw-mul/libsmallc.a(lib_a-printf.o) (__sfvwrite_small_dev)
/home/youlittleperson/intelFPGA_lite/20.1/nios2eds/bin/gnu/H-x86_64-pc-linux-gnu/bin/../lib/gcc/nios2-elf/9.2.1/../../../../../H-x86_64-pc-linux-gnu/nios2-elf/lib/mno-hw-mul/libsmallc.a(lib_a-impure.o)
                              /home/youlittleperson/intelFPGA_lite/20.1/nios2eds/bin/gnu/H-x86_64-pc-linux-gnu/bin/../lib/gcc/nios2-elf/9.2.1/../../../../../H-x86_64-pc-linux-gnu/nios2-elf/lib/mno-hw-mul/libsmallc.a(lib_a-printf.o) (_impure_ptr)
/home/youlittleperson/intelFPGA_lite/20.1/nios2eds/bin/gnu/H-x86_64-pc-linux-gnu/bin/../lib/gcc/nios2-elf/9.2.1/../../../../../H-x86_64-pc-linux-gnu/nios2-elf/lib/mno-hw-mul/libsmallc.a(lib_a-strlen.o)
                              /home/youlittleperson/intelFPGA_lite/20.1/nios2eds/bin/gnu/H-x86_64-pc-linux-gnu/bin/../lib/gcc/nios2-elf/9.2.1/../../../../../H-x86_64-pc-linux-gnu/nios2-elf/lib/mno-hw-mul/libsmallc.a(lib_a-vfprintf.o) (strlen)
/home/youlittleperson/intelFPGA_lite/20.1/nios2eds/bin/gnu/H-x86_64-pc-linux-gnu/bin/../lib/gcc/nios2-elf/9.2.1/../../../../../H-x86_64-pc-linux-gnu/nios2-elf/lib/mno-hw-mul/libsmallc.a(lib_a-writer.o)
                              /home/youlittleperson/intelFPGA_lite/20.1/nios2eds/bin/gnu/H-x86_64-pc-linux-gnu/bin/../lib/gcc/nios2-elf/9.2.1/../../../../../H-x86_64-pc-linux-gnu/nios2-elf/lib/mno-hw-mul/libsmallc.a(lib_a-fvwrite_small_dev.o) (_write_r)
/home/youlittleperson/intelFPGA_lite/20.1/nios2eds/bin/gnu/H-x86_64-pc-linux-gnu/bin/../lib/gcc/nios2-elf/9.2.1/../../../../../H-x86_64-pc-linux-gnu/nios2-elf/lib/mno-hw-mul/libsmallc.a(lib_a-int_errno.o)
                              /home/youlittleperson/intelFPGA_lite/20.1/nios2eds/bin/gnu/H-x86_64-pc-linux-gnu/bin/../lib/gcc/nios2-elf/9.2.1/../../../../../H-x86_64-pc-linux-gnu/nios2-elf/lib/mno-hw-mul/libsmallc.a(lib_a-writer.o) (errno)
/home/youlittleperson/intelFPGA_lite/20.1/nios2eds/bin/gnu/H-x86_64-pc-linux-gnu/bin/../lib/gcc/nios2-elf/9.2.1/mno-hw-mul/libgcc.a(lib2-divmod.o)
                              /home/youlittleperson/intelFPGA_lite/20.1/nios2eds/bin/gnu/H-x86_64-pc-linux-gnu/bin/../lib/gcc/nios2-elf/9.2.1/../../../../../H-x86_64-pc-linux-gnu/nios2-elf/lib/mno-hw-mul/libsmallc.a(lib_a-vfprintf.o) (__udivsi3)
/home/youlittleperson/intelFPGA_lite/20.1/nios2eds/bin/gnu/H-x86_64-pc-linux-gnu/bin/../lib/gcc/nios2-elf/9.2.1/mno-hw-mul/libgcc.a(lib2-mul.o)
                              /home/youlittleperson/intelFPGA_lite/20.1/nios2eds/bin/gnu/H-x86_64-pc-linux-gnu/bin/../lib/gcc/nios2-elf/9.2.1/../../../../../H-x86_64-pc-linux-gnu/nios2-elf/lib/mno-hw-mul/libsmallc.a(lib_a-vfprintf.o) (__mulsi3)
../multiple_axis_test_bsp//libhal_bsp.a(alt_irq_register.o)
                              obj/default/hello_world_small.o (alt_irq_register)
../multiple_axis_test_bsp//libhal_bsp.a(alt_irq_vars.o)
                              ../multiple_axis_test_bsp//libhal_bsp.a(alt_irq_register.o) (alt_irq_active)
../multiple_axis_test_bsp//libhal_bsp.a(alt_load.o)
                              ../multiple_axis_test_bsp//obj/HAL/src/crt0.o (alt_load)
../multiple_axis_test_bsp//libhal_bsp.a(alt_main.o)
                              ../multiple_axis_test_bsp//obj/HAL/src/crt0.o (alt_main)
../multiple_axis_test_bsp//libhal_bsp.a(alt_putstr.o)
                              obj/default/hello_world_small.o (alt_putstr)
../multiple_axis_test_bsp//libhal_bsp.a(alt_write.o)
                              /home/youlittleperson/intelFPGA_lite/20.1/nios2eds/bin/gnu/H-x86_64-pc-linux-gnu/bin/../lib/gcc/nios2-elf/9.2.1/../../../../../H-x86_64-pc-linux-gnu/nios2-elf/lib/mno-hw-mul/libsmallc.a(lib_a-writer.o) (write)
../multiple_axis_test_bsp//libhal_bsp.a(alt_sys_init.o)
                              ../multiple_axis_test_bsp//libhal_bsp.a(alt_main.o) (alt_irq_init)
../multiple_axis_test_bsp//libhal_bsp.a(altera_avalon_jtag_uart_write.o)
                              ../multiple_axis_test_bsp//libhal_bsp.a(alt_putstr.o) (altera_avalon_jtag_uart_write)
../multiple_axis_test_bsp//libhal_bsp.a(altera_up_avalon_accelerometer_spi.o)
                              obj/default/hello_world_small.o (alt_up_accelerometer_spi_open_dev)
../multiple_axis_test_bsp//libhal_bsp.a(alt_dcache_flush_all.o)
                              ../multiple_axis_test_bsp//libhal_bsp.a(alt_load.o) (alt_dcache_flush_all)
../multiple_axis_test_bsp//libhal_bsp.a(alt_dev.o)
                              ../multiple_axis_test_bsp//libhal_bsp.a(alt_sys_init.o) (alt_dev_list)
../multiple_axis_test_bsp//libhal_bsp.a(alt_dev_llist_insert.o)
                              ../multiple_axis_test_bsp//libhal_bsp.a(alt_sys_init.o) (alt_dev_llist_insert)
../multiple_axis_test_bsp//libhal_bsp.a(alt_errno.o)
                              ../multiple_axis_test_bsp//libhal_bsp.a(alt_write.o) (alt_errno)
../multiple_axis_test_bsp//libhal_bsp.a(alt_find_dev.o)
                              ../multiple_axis_test_bsp//libhal_bsp.a(altera_up_avalon_accelerometer_spi.o) (alt_find_dev)
../multiple_axis_test_bsp//libhal_bsp.a(alt_icache_flush_all.o)
                              ../multiple_axis_test_bsp//libhal_bsp.a(alt_load.o) (alt_icache_flush_all)
../multiple_axis_test_bsp//libhal_bsp.a(alt_irq_entry.o)
                              ../multiple_axis_test_bsp//libhal_bsp.a(alt_irq_register.o) (alt_irq_entry)
../multiple_axis_test_bsp//libhal_bsp.a(alt_irq_handler.o)
                              ../multiple_axis_test_bsp//libhal_bsp.a(alt_irq_register.o) (alt_irq_handler)
../multiple_axis_test_bsp//libhal_bsp.a(altera_nios2_gen2_irq.o)
                              ../multiple_axis_test_bsp//libhal_bsp.a(alt_sys_init.o) (altera_nios2_gen2_irq_init)
../multiple_axis_test_bsp//libhal_bsp.a(alt_exception_entry.o)
                              ../multiple_axis_test_bsp//libhal_bsp.a(alt_irq_entry.o) (alt_exception)
../multiple_axis_test_bsp//libhal_bsp.a(alt_instruction_exception_entry.o)
                              ../multiple_axis_test_bsp//libhal_bsp.a(alt_exception_entry.o) (alt_instruction_exception_entry)
/home/youlittleperson/intelFPGA_lite/20.1/nios2eds/bin/gnu/H-x86_64-pc-linux-gnu/bin/../lib/gcc/nios2-elf/9.2.1/../../../../../H-x86_64-pc-linux-gnu/nios2-elf/lib/mno-hw-mul/libsmallc.a(lib_a-memcmp.o)
                              ../multiple_axis_test_bsp//libhal_bsp.a(alt_find_dev.o) (memcmp)

Allocating common symbols
Common symbol       size              file

alt_irq             0x100             ../multiple_axis_test_bsp//libhal_bsp.a(alt_irq_handler.o)
errno               0x4               /home/youlittleperson/intelFPGA_lite/20.1/nios2eds/bin/gnu/H-x86_64-pc-linux-gnu/bin/../lib/gcc/nios2-elf/9.2.1/../../../../../H-x86_64-pc-linux-gnu/nios2-elf/lib/mno-hw-mul/libsmallc.a(lib_a-int_errno.o)
acc_dev             0x4               obj/default/hello_world_small.o

Memory Configuration

Name             Origin             Length             Attributes
reset            0x0000000000010000 0x0000000000000020
onchip_memory    0x0000000000010020 0x000000000000ffe0
*default*        0x0000000000000000 0xffffffffffffffff

Linker script and memory map

LOAD ../multiple_axis_test_bsp//obj/HAL/src/crt0.o
LOAD obj/default/hello_world_small.o
LOAD /home/youlittleperson/intelFPGA_lite/20.1/nios2eds/bin/gnu/H-x86_64-pc-linux-gnu/bin/../lib/gcc/nios2-elf/9.2.1/../../../../../H-x86_64-pc-linux-gnu/nios2-elf/lib/mno-hw-mul/libstdc++.a
LOAD /home/youlittleperson/intelFPGA_lite/20.1/nios2eds/bin/gnu/H-x86_64-pc-linux-gnu/bin/../lib/gcc/nios2-elf/9.2.1/../../../../../H-x86_64-pc-linux-gnu/nios2-elf/lib/mno-hw-mul/libm.a
LOAD /home/youlittleperson/intelFPGA_lite/20.1/nios2eds/bin/gnu/H-x86_64-pc-linux-gnu/bin/../lib/gcc/nios2-elf/9.2.1/mno-hw-mul/libgcc.a
START GROUP
LOAD /home/youlittleperson/intelFPGA_lite/20.1/nios2eds/bin/gnu/H-x86_64-pc-linux-gnu/bin/../lib/gcc/nios2-elf/9.2.1/../../../../../H-x86_64-pc-linux-gnu/nios2-elf/lib/mno-hw-mul/libsmallc.a
LOAD /home/youlittleperson/intelFPGA_lite/20.1/nios2eds/bin/gnu/H-x86_64-pc-linux-gnu/bin/../lib/gcc/nios2-elf/9.2.1/mno-hw-mul/libgcc.a
LOAD ../multiple_axis_test_bsp//libhal_bsp.a
LOAD /home/youlittleperson/intelFPGA_lite/20.1/nios2eds/bin/gnu/H-x86_64-pc-linux-gnu/bin/../lib/gcc/nios2-elf/9.2.1/../../../../../H-x86_64-pc-linux-gnu/nios2-elf/lib/mno-hw-mul/libm.a
END GROUP
LOAD /home/youlittleperson/intelFPGA_lite/20.1/nios2eds/bin/gnu/H-x86_64-pc-linux-gnu/bin/../lib/gcc/nios2-elf/9.2.1/mno-hw-mul/libgcc.a
                0x0000000000010000                __alt_mem_onchip_memory = 0x10000

.entry          0x0000000000010000       0x20
 *(.entry)
 .entry         0x0000000000010000       0x20 ../multiple_axis_test_bsp//obj/HAL/src/crt0.o
                0x0000000000010000                __reset
                0x000000000001000c                _exit

.exceptions     0x0000000000010020      0x160
                0x0000000000010020                PROVIDE (__ram_exceptions_start = ABSOLUTE (.))
                0x0000000000010020                . = ALIGN (0x20)
 *(.irq)
 *(.exceptions.entry.label)
 .exceptions.entry.label
                0x0000000000010020        0x0 ../multiple_axis_test_bsp//libhal_bsp.a(alt_irq_entry.o)
                0x0000000000010020                alt_irq_entry
 .exceptions.entry.label
                0x0000000000010020        0x0 ../multiple_axis_test_bsp//libhal_bsp.a(alt_exception_entry.o)
                0x0000000000010020                alt_exception
 *(.exceptions.entry.user)
 *(.exceptions.entry.ecc_fatal)
 *(.exceptions.entry)
 .exceptions.entry
                0x0000000000010020       0x54 ../multiple_axis_test_bsp//libhal_bsp.a(alt_exception_entry.o)
 *(.exceptions.irqtest.user)
 *(.exceptions.irqtest)
 .exceptions.irqtest
                0x0000000000010074       0x10 ../multiple_axis_test_bsp//libhal_bsp.a(alt_irq_entry.o)
 *(.exceptions.irqhandler.user)
 *(.exceptions.irqhandler)
 .exceptions.irqhandler
                0x0000000000010084        0x4 ../multiple_axis_test_bsp//libhal_bsp.a(alt_irq_entry.o)
 *(.exceptions.irqreturn.user)
 *(.exceptions.irqreturn)
 .exceptions.irqreturn
                0x0000000000010088        0x4 ../multiple_axis_test_bsp//libhal_bsp.a(alt_irq_entry.o)
 *(.exceptions.notirq.label)
 .exceptions.notirq.label
                0x000000000001008c        0x0 ../multiple_axis_test_bsp//libhal_bsp.a(alt_irq_entry.o)
 *(.exceptions.notirq.user)
 *(.exceptions.notirq)
 .exceptions.notirq
                0x000000000001008c        0x8 ../multiple_axis_test_bsp//libhal_bsp.a(alt_exception_entry.o)
 *(.exceptions.soft.user)
 *(.exceptions.soft)
 *(.exceptions.unknown.user)
 *(.exceptions.unknown)
 .exceptions.unknown
                0x0000000000010094       0x14 ../multiple_axis_test_bsp//libhal_bsp.a(alt_exception_entry.o)
 *(.exceptions.exit.label)
 .exceptions.exit.label
                0x00000000000100a8        0x0 ../multiple_axis_test_bsp//libhal_bsp.a(alt_irq_entry.o)
 .exceptions.exit.label
                0x00000000000100a8        0x0 ../multiple_axis_test_bsp//libhal_bsp.a(alt_exception_entry.o)
 *(.exceptions.exit.user)
 *(.exceptions.exit)
 .exceptions.exit
                0x00000000000100a8       0x54 ../multiple_axis_test_bsp//libhal_bsp.a(alt_exception_entry.o)
 *(.exceptions)
 .exceptions    0x00000000000100fc       0x60 ../multiple_axis_test_bsp//libhal_bsp.a(alt_irq_handler.o)
                0x00000000000100fc                alt_irq_handler
 .exceptions    0x000000000001015c       0x24 ../multiple_axis_test_bsp//libhal_bsp.a(alt_instruction_exception_entry.o)
                0x000000000001015c                alt_instruction_exception_entry
                0x0000000000010180                PROVIDE (__ram_exceptions_end = ABSOLUTE (.))
                0x0000000000010020                PROVIDE (__flash_exceptions_start = LOADADDR (.exceptions))

.text           0x0000000000010180     0x1010
                [!provide]                        PROVIDE (stext = ABSOLUTE (.))
 *(.interp)
 *(.hash)
 *(.dynsym)
 *(.dynstr)
 *(.gnu.version)
 *(.gnu.version_d)
 *(.gnu.version_r)
 *(.rel.init)
 *(.rela.init)
 *(.rel.text .rel.text.* .rel.gnu.linkonce.t.*)
 *(.rela.text .rela.text.* .rela.gnu.linkonce.t.*)
 *(.rel.fini)
 *(.rela.fini)
 *(.rel.rodata .rel.rodata.* .rel.gnu.linkonce.r.*)
 *(.rela.rodata .rela.rodata.* .rela.gnu.linkonce.r.*)
 *(.rel.data .rel.data.* .rel.gnu.linkonce.d.*)
 *(.rela.data .rela.data.* .rela.gnu.linkonce.d.*)
 *(.rel.tdata .rel.tdata.* .rel.gnu.linkonce.td.*)
 *(.rela.tdata .rela.tdata.* .rela.gnu.linkonce.td.*)
 *(.rel.tbss .rel.tbss.* .rel.gnu.linkonce.tb.*)
 *(.rela.tbss .rela.tbss.* .rela.gnu.linkonce.tb.*)
 *(.rel.ctors)
 *(.rela.ctors)
 *(.rel.dtors)
 *(.rela.dtors)
 *(.rel.got)
 *(.rela.got)
 *(.rel.sdata .rel.sdata.* .rel.gnu.linkonce.s.*)
 *(.rela.sdata .rela.sdata.* .rela.gnu.linkonce.s.*)
 *(.rel.sbss .rel.sbss.* .rel.gnu.linkonce.sb.*)
 *(.rela.sbss .rela.sbss.* .rela.gnu.linkonce.sb.*)
 *(.rel.sdata2 .rel.sdata2.* .rel.gnu.linkonce.s2.*)
 *(.rela.sdata2 .rela.sdata2.* .rela.gnu.linkonce.s2.*)
 *(.rel.sbss2 .rel.sbss2.* .rel.gnu.linkonce.sb2.*)
 *(.rela.sbss2 .rela.sbss2.* .rela.gnu.linkonce.sb2.*)
 *(.rel.bss .rel.bss.* .rel.gnu.linkonce.b.*)
 *(.rela.bss .rela.bss.* .rela.gnu.linkonce.b.*)
 *(.rel.plt)
 *(.rela.plt)
 *(.rel.dyn)
 *(.init)
 *(.plt)
 *(.text .stub .text.* .gnu.linkonce.t.*)
 .text          0x0000000000010180       0x3c ../multiple_axis_test_bsp//obj/HAL/src/crt0.o
                0x0000000000010180                _start
 .text          0x00000000000101bc       0xa0 obj/default/hello_world_small.o
                0x00000000000101bc                accelerometer_isr
                0x000000000001022c                timer_init
 .text.startup  0x000000000001025c       0xb0 obj/default/hello_world_small.o
                0x000000000001025c                main
 .text          0x000000000001030c        0x0 /home/youlittleperson/intelFPGA_lite/20.1/nios2eds/bin/gnu/H-x86_64-pc-linux-gnu/bin/../lib/gcc/nios2-elf/9.2.1/../../../../../H-x86_64-pc-linux-gnu/nios2-elf/lib/mno-hw-mul/libsmallc.a(lib_a-printf.o)
 .text._printf_r
                0x000000000001030c       0x3c /home/youlittleperson/intelFPGA_lite/20.1/nios2eds/bin/gnu/H-x86_64-pc-linux-gnu/bin/../lib/gcc/nios2-elf/9.2.1/../../../../../H-x86_64-pc-linux-gnu/nios2-elf/lib/mno-hw-mul/libsmallc.a(lib_a-printf.o)
                0x000000000001030c                _printf_r
 .text.printf   0x0000000000010348       0x48 /home/youlittleperson/intelFPGA_lite/20.1/nios2eds/bin/gnu/H-x86_64-pc-linux-gnu/bin/../lib/gcc/nios2-elf/9.2.1/../../../../../H-x86_64-pc-linux-gnu/nios2-elf/lib/mno-hw-mul/libsmallc.a(lib_a-printf.o)
                0x0000000000010348                printf
 .text          0x0000000000010390        0x0 /home/youlittleperson/intelFPGA_lite/20.1/nios2eds/bin/gnu/H-x86_64-pc-linux-gnu/bin/../lib/gcc/nios2-elf/9.2.1/../../../../../H-x86_64-pc-linux-gnu/nios2-elf/lib/mno-hw-mul/libsmallc.a(lib_a-vfprintf.o)
 .text.print_repeat
                0x0000000000010390       0x6c /home/youlittleperson/intelFPGA_lite/20.1/nios2eds/bin/gnu/H-x86_64-pc-linux-gnu/bin/../lib/gcc/nios2-elf/9.2.1/../../../../../H-x86_64-pc-linux-gnu/nios2-elf/lib/mno-hw-mul/libsmallc.a(lib_a-vfprintf.o)
 .text.___vfprintf_internal_r
                0x00000000000103fc      0x528 /home/youlittleperson/intelFPGA_lite/20.1/nios2eds/bin/gnu/H-x86_64-pc-linux-gnu/bin/../lib/gcc/nios2-elf/9.2.1/../../../../../H-x86_64-pc-linux-gnu/nios2-elf/lib/mno-hw-mul/libsmallc.a(lib_a-vfprintf.o)
                0x00000000000103fc                ___vfprintf_internal_r
 .text.__vfprintf_internal
                0x0000000000010924       0x18 /home/youlittleperson/intelFPGA_lite/20.1/nios2eds/bin/gnu/H-x86_64-pc-linux-gnu/bin/../lib/gcc/nios2-elf/9.2.1/../../../../../H-x86_64-pc-linux-gnu/nios2-elf/lib/mno-hw-mul/libsmallc.a(lib_a-vfprintf.o)
                0x0000000000010924                __vfprintf_internal
 .text          0x000000000001093c        0x0 /home/youlittleperson/intelFPGA_lite/20.1/nios2eds/bin/gnu/H-x86_64-pc-linux-gnu/bin/../lib/gcc/nios2-elf/9.2.1/../../../../../H-x86_64-pc-linux-gnu/nios2-elf/lib/mno-hw-mul/libsmallc.a(lib_a-fvwrite_small_dev.o)
 .text.__sfvwrite_small_dev
                0x000000000001093c       0xa8 /home/youlittleperson/intelFPGA_lite/20.1/nios2eds/bin/gnu/H-x86_64-pc-linux-gnu/bin/../lib/gcc/nios2-elf/9.2.1/../../../../../H-x86_64-pc-linux-gnu/nios2-elf/lib/mno-hw-mul/libsmallc.a(lib_a-fvwrite_small_dev.o)
                0x000000000001093c                __sfvwrite_small_dev
 .text          0x00000000000109e4        0x0 /home/youlittleperson/intelFPGA_lite/20.1/nios2eds/bin/gnu/H-x86_64-pc-linux-gnu/bin/../lib/gcc/nios2-elf/9.2.1/../../../../../H-x86_64-pc-linux-gnu/nios2-elf/lib/mno-hw-mul/libsmallc.a(lib_a-impure.o)
 .text          0x00000000000109e4        0x0 /home/youlittleperson/intelFPGA_lite/20.1/nios2eds/bin/gnu/H-x86_64-pc-linux-gnu/bin/../lib/gcc/nios2-elf/9.2.1/../../../../../H-x86_64-pc-linux-gnu/nios2-elf/lib/mno-hw-mul/libsmallc.a(lib_a-strlen.o)
 .text.strlen   0x00000000000109e4       0x1c /home/youlittleperson/intelFPGA_lite/20.1/nios2eds/bin/gnu/H-x86_64-pc-linux-gnu/bin/../lib/gcc/nios2-elf/9.2.1/../../../../../H-x86_64-pc-linux-gnu/nios2-elf/lib/mno-hw-mul/libsmallc.a(lib_a-strlen.o)
                0x00000000000109e4                strlen
 .text          0x0000000000010a00        0x0 /home/youlittleperson/intelFPGA_lite/20.1/nios2eds/bin/gnu/H-x86_64-pc-linux-gnu/bin/../lib/gcc/nios2-elf/9.2.1/../../../../../H-x86_64-pc-linux-gnu/nios2-elf/lib/mno-hw-mul/libsmallc.a(lib_a-writer.o)
 .text._write_r
                0x0000000000010a00       0x50 /home/youlittleperson/intelFPGA_lite/20.1/nios2eds/bin/gnu/H-x86_64-pc-linux-gnu/bin/../lib/gcc/nios2-elf/9.2.1/../../../../../H-x86_64-pc-linux-gnu/nios2-elf/lib/mno-hw-mul/libsmallc.a(lib_a-writer.o)
                0x0000000000010a00                _write_r
 .text          0x0000000000010a50        0x0 /home/youlittleperson/intelFPGA_lite/20.1/nios2eds/bin/gnu/H-x86_64-pc-linux-gnu/bin/../lib/gcc/nios2-elf/9.2.1/../../../../../H-x86_64-pc-linux-gnu/nios2-elf/lib/mno-hw-mul/libsmallc.a(lib_a-int_errno.o)
 .text          0x0000000000010a50      0x1b4 /home/youlittleperson/intelFPGA_lite/20.1/nios2eds/bin/gnu/H-x86_64-pc-linux-gnu/bin/../lib/gcc/nios2-elf/9.2.1/mno-hw-mul/libgcc.a(lib2-divmod.o)
                0x0000000000010a50                __divsi3
                0x0000000000010ad0                __modsi3
                0x0000000000010b44                __udivsi3
                0x0000000000010ba8                __umodsi3
 .text          0x0000000000010c04       0x28 /home/youlittleperson/intelFPGA_lite/20.1/nios2eds/bin/gnu/H-x86_64-pc-linux-gnu/bin/../lib/gcc/nios2-elf/9.2.1/mno-hw-mul/libgcc.a(lib2-mul.o)
                0x0000000000010c04                __mulsi3
 .text          0x0000000000010c2c       0x90 ../multiple_axis_test_bsp//libhal_bsp.a(alt_irq_register.o)
                0x0000000000010c2c                alt_irq_register
 .text          0x0000000000010cbc        0x0 ../multiple_axis_test_bsp//libhal_bsp.a(alt_irq_vars.o)
 .text          0x0000000000010cbc       0xb4 ../multiple_axis_test_bsp//libhal_bsp.a(alt_load.o)
                0x0000000000010cbc                alt_load
 .text          0x0000000000010d70       0x2c ../multiple_axis_test_bsp//libhal_bsp.a(alt_main.o)
                0x0000000000010d70                alt_main
 .text          0x0000000000010d9c       0x38 ../multiple_axis_test_bsp//libhal_bsp.a(alt_putstr.o)
                0x0000000000010d9c                alt_putstr
 .text          0x0000000000010dd4       0x5c ../multiple_axis_test_bsp//libhal_bsp.a(alt_write.o)
                0x0000000000010dd4                write
 .text          0x0000000000010e30       0x30 ../multiple_axis_test_bsp//libhal_bsp.a(alt_sys_init.o)
                0x0000000000010e30                alt_irq_init
                0x0000000000010e50                alt_sys_init
 .text          0x0000000000010e60       0x30 ../multiple_axis_test_bsp//libhal_bsp.a(altera_avalon_jtag_uart_write.o)
                0x0000000000010e60                altera_avalon_jtag_uart_write
 .text          0x0000000000010e90      0x16c ../multiple_axis_test_bsp//libhal_bsp.a(altera_up_avalon_accelerometer_spi.o)
                0x0000000000010e90                alt_up_accelerometer_spi_open_dev
                0x0000000000010e98                alt_up_accelerometer_spi_read_address_register
                0x0000000000010eac                alt_up_accelerometer_spi_read
                0x0000000000010ecc                alt_up_accelerometer_spi_write
                0x0000000000010ee8                alt_up_accelerometer_spi_read_x_axis
                0x0000000000010f44                alt_up_accelerometer_spi_read_y_axis
                0x0000000000010fa0                alt_up_accelerometer_spi_read_z_axis
 .text          0x0000000000010ffc        0x4 ../multiple_axis_test_bsp//libhal_bsp.a(alt_dcache_flush_all.o)
                0x0000000000010ffc                alt_dcache_flush_all
 .text          0x0000000000011000        0x8 ../multiple_axis_test_bsp//libhal_bsp.a(alt_dev.o)
 .text          0x0000000000011008       0x6c ../multiple_axis_test_bsp//libhal_bsp.a(alt_dev_llist_insert.o)
                0x0000000000011008                alt_dev_llist_insert
 .text          0x0000000000011074        0x0 ../multiple_axis_test_bsp//libhal_bsp.a(alt_errno.o)
 .text          0x0000000000011074       0x70 ../multiple_axis_test_bsp//libhal_bsp.a(alt_find_dev.o)
                0x0000000000011074                alt_find_dev
 .text          0x00000000000110e4        0x4 ../multiple_axis_test_bsp//libhal_bsp.a(alt_icache_flush_all.o)
                0x00000000000110e4                alt_icache_flush_all
 .text          0x00000000000110e8        0x0 ../multiple_axis_test_bsp//libhal_bsp.a(alt_irq_entry.o)
 .text          0x00000000000110e8        0x0 ../multiple_axis_test_bsp//libhal_bsp.a(alt_irq_handler.o)
 .text          0x00000000000110e8        0x8 ../multiple_axis_test_bsp//libhal_bsp.a(altera_nios2_gen2_irq.o)
                0x00000000000110e8                altera_nios2_gen2_irq_init
 .text          0x00000000000110f0        0x0 ../multiple_axis_test_bsp//libhal_bsp.a(alt_exception_entry.o)
 .text          0x00000000000110f0       0x70 ../multiple_axis_test_bsp//libhal_bsp.a(alt_instruction_exception_entry.o)
                0x00000000000110f0                alt_exception_cause_generated_bad_addr
 .text          0x0000000000011160        0x0 /home/youlittleperson/intelFPGA_lite/20.1/nios2eds/bin/gnu/H-x86_64-pc-linux-gnu/bin/../lib/gcc/nios2-elf/9.2.1/../../../../../H-x86_64-pc-linux-gnu/nios2-elf/lib/mno-hw-mul/libsmallc.a(lib_a-memcmp.o)
 .text.memcmp   0x0000000000011160       0x30 /home/youlittleperson/intelFPGA_lite/20.1/nios2eds/bin/gnu/H-x86_64-pc-linux-gnu/bin/../lib/gcc/nios2-elf/9.2.1/../../../../../H-x86_64-pc-linux-gnu/nios2-elf/lib/mno-hw-mul/libsmallc.a(lib_a-memcmp.o)
                0x0000000000011160                memcmp
 *(.gnu.warning.*)
 *(.fini)
                [!provide]                        PROVIDE (__etext = ABSOLUTE (.))
                [!provide]                        PROVIDE (_etext = ABSOLUTE (.))
                [!provide]                        PROVIDE (etext = ABSOLUTE (.))
 *(.eh_frame_hdr)
                0x0000000000011190                . = ALIGN (0x4)
                [!provide]                        PROVIDE (__preinit_array_start = ABSOLUTE (.))
 *(.preinit_array)
                [!provide]                        PROVIDE (__preinit_array_end = ABSOLUTE (.))
                [!provide]                        PROVIDE (__init_array_start = ABSOLUTE (.))
 *(.init_array)
                [!provide]                        PROVIDE (__init_array_end = ABSOLUTE (.))
                [!provide]                        PROVIDE (__fini_array_start = ABSOLUTE (.))
 *(.fini_array)
                [!provide]                        PROVIDE (__fini_array_end = ABSOLUTE (.))
 *(.eh_frame)
 *(.gcc_except_table .gcc_except_table.*)
 *(.dynamic)
                [!provide]                        PROVIDE (__CTOR_LIST__ = ABSOLUTE (.))
 *(.ctors)
 *(SORT_BY_NAME(.ctors.*))
                [!provide]                        PROVIDE (__CTOR_END__ = ABSOLUTE (.))
                [!provide]                        PROVIDE (__DTOR_LIST__ = ABSOLUTE (.))
 *(.dtors)
 *(SORT_BY_NAME(.dtors.*))
                [!provide]                        PROVIDE (__DTOR_END__ = ABSOLUTE (.))
 *(.jcr)
                0x0000000000011190                . = ALIGN (0x4)

.rodata         0x0000000000011190       0x70
                0x0000000000011190                PROVIDE (__ram_rodata_start = ABSOLUTE (.))
                0x0000000000011190                . = ALIGN (0x4)
 *(.rodata .rodata.* .gnu.linkonce.r.*)
 .rodata.str1.4
                0x0000000000011190       0x63 obj/default/hello_world_small.o
 .rodata.str1.4
                0x00000000000111f3       0x17 ../multiple_axis_test_bsp//libhal_bsp.a(alt_sys_init.o)
 *fill*         0x00000000000111f3        0x1 
 .rodata.str1.4
                0x00000000000111f4        0xc ../multiple_axis_test_bsp//libhal_bsp.a(alt_dev.o)
                                          0xa (size before relaxing)
 *(.rodata1)
                0x0000000000011200                . = ALIGN (0x4)
                0x0000000000011200                PROVIDE (__ram_rodata_end = ABSOLUTE (.))
                0x0000000000011190                PROVIDE (__flash_rodata_start = LOADADDR (.rodata))

.rwdata         0x0000000000011200      0x190 load address 0x0000000000011390
                0x0000000000011200                PROVIDE (__ram_rwdata_start = ABSOLUTE (.))
                0x0000000000011200                . = ALIGN (0x4)
 *(.got.plt)
 *(.got)
 *(.data1)
 *(.data .data.* .gnu.linkonce.d.*)
 .data          0x0000000000011200        0x0 ../multiple_axis_test_bsp//obj/HAL/src/crt0.o
 .data          0x0000000000011200        0x0 obj/default/hello_world_small.o
 .data          0x0000000000011200        0x0 /home/youlittleperson/intelFPGA_lite/20.1/nios2eds/bin/gnu/H-x86_64-pc-linux-gnu/bin/../lib/gcc/nios2-elf/9.2.1/../../../../../H-x86_64-pc-linux-gnu/nios2-elf/lib/mno-hw-mul/libsmallc.a(lib_a-printf.o)
 .data          0x0000000000011200        0x0 /home/youlittleperson/intelFPGA_lite/20.1/nios2eds/bin/gnu/H-x86_64-pc-linux-gnu/bin/../lib/gcc/nios2-elf/9.2.1/../../../../../H-x86_64-pc-linux-gnu/nios2-elf/lib/mno-hw-mul/libsmallc.a(lib_a-vfprintf.o)
 .data          0x0000000000011200        0x0 /home/youlittleperson/intelFPGA_lite/20.1/nios2eds/bin/gnu/H-x86_64-pc-linux-gnu/bin/../lib/gcc/nios2-elf/9.2.1/../../../../../H-x86_64-pc-linux-gnu/nios2-elf/lib/mno-hw-mul/libsmallc.a(lib_a-fvwrite_small_dev.o)
 .data          0x0000000000011200        0x0 /home/youlittleperson/intelFPGA_lite/20.1/nios2eds/bin/gnu/H-x86_64-pc-linux-gnu/bin/../lib/gcc/nios2-elf/9.2.1/../../../../../H-x86_64-pc-linux-gnu/nios2-elf/lib/mno-hw-mul/libsmallc.a(lib_a-impure.o)
 .data.impure_data
                0x0000000000011200       0xe4 /home/youlittleperson/intelFPGA_lite/20.1/nios2eds/bin/gnu/H-x86_64-pc-linux-gnu/bin/../lib/gcc/nios2-elf/9.2.1/../../../../../H-x86_64-pc-linux-gnu/nios2-elf/lib/mno-hw-mul/libsmallc.a(lib_a-impure.o)
 .data          0x00000000000112e4        0x0 /home/youlittleperson/intelFPGA_lite/20.1/nios2eds/bin/gnu/H-x86_64-pc-linux-gnu/bin/../lib/gcc/nios2-elf/9.2.1/../../../../../H-x86_64-pc-linux-gnu/nios2-elf/lib/mno-hw-mul/libsmallc.a(lib_a-strlen.o)
 .data          0x00000000000112e4        0x0 /home/youlittleperson/intelFPGA_lite/20.1/nios2eds/bin/gnu/H-x86_64-pc-linux-gnu/bin/../lib/gcc/nios2-elf/9.2.1/../../../../../H-x86_64-pc-linux-gnu/nios2-elf/lib/mno-hw-mul/libsmallc.a(lib_a-writer.o)
 .data          0x00000000000112e4        0x0 /home/youlittleperson/intelFPGA_lite/20.1/nios2eds/bin/gnu/H-x86_64-pc-linux-gnu/bin/../lib/gcc/nios2-elf/9.2.1/../../../../../H-x86_64-pc-linux-gnu/nios2-elf/lib/mno-hw-mul/libsmallc.a(lib_a-int_errno.o)
 .data          0x00000000000112e4        0x0 /home/youlittleperson/intelFPGA_lite/20.1/nios2eds/bin/gnu/H-x86_64-pc-linux-gnu/bin/../lib/gcc/nios2-elf/9.2.1/mno-hw-mul/libgcc.a(lib2-divmod.o)
 .data          0x00000000000112e4        0x0 /home/youlittleperson/intelFPGA_lite/20.1/nios2eds/bin/gnu/H-x86_64-pc-linux-gnu/bin/../lib/gcc/nios2-elf/9.2.1/mno-hw-mul/libgcc.a(lib2-mul.o)
 .data          0x00000000000112e4        0x0 ../multiple_axis_test_bsp//libhal_bsp.a(alt_irq_register.o)
 .data          0x00000000000112e4        0x0 ../multiple_axis_test_bsp//libhal_bsp.a(alt_irq_vars.o)
 .data          0x00000000000112e4        0x0 ../multiple_axis_test_bsp//libhal_bsp.a(alt_load.o)
 .data          0x00000000000112e4        0x0 ../multiple_axis_test_bsp//libhal_bsp.a(alt_main.o)
 .data          0x00000000000112e4        0x0 ../multiple_axis_test_bsp//libhal_bsp.a(alt_putstr.o)
 .data          0x00000000000112e4        0x0 ../multiple_axis_test_bsp//libhal_bsp.a(alt_write.o)
 .data          0x00000000000112e4       0x2c ../multiple_axis_test_bsp//libhal_bsp.a(alt_sys_init.o)
 .data          0x0000000000011310        0x0 ../multiple_axis_test_bsp//libhal_bsp.a(altera_avalon_jtag_uart_write.o)
 .data          0x0000000000011310        0x0 ../multiple_axis_test_bsp//libhal_bsp.a(altera_up_avalon_accelerometer_spi.o)
 .data          0x0000000000011310        0x0 ../multiple_axis_test_bsp//libhal_bsp.a(alt_dcache_flush_all.o)
 .data          0x0000000000011310       0x58 ../multiple_axis_test_bsp//libhal_bsp.a(alt_dev.o)
                0x0000000000011310                alt_fd_list
                0x0000000000011340                alt_dev_null
 .data          0x0000000000011368        0x0 ../multiple_axis_test_bsp//libhal_bsp.a(alt_dev_llist_insert.o)
 .data          0x0000000000011368        0x0 ../multiple_axis_test_bsp//libhal_bsp.a(alt_errno.o)
 .data          0x0000000000011368        0x0 ../multiple_axis_test_bsp//libhal_bsp.a(alt_find_dev.o)
 .data          0x0000000000011368        0x0 ../multiple_axis_test_bsp//libhal_bsp.a(alt_icache_flush_all.o)
 .data          0x0000000000011368        0x0 ../multiple_axis_test_bsp//libhal_bsp.a(alt_irq_entry.o)
 .data          0x0000000000011368        0x0 ../multiple_axis_test_bsp//libhal_bsp.a(alt_irq_handler.o)
 .data          0x0000000000011368        0x0 ../multiple_axis_test_bsp//libhal_bsp.a(altera_nios2_gen2_irq.o)
 .data          0x0000000000011368        0x0 ../multiple_axis_test_bsp//libhal_bsp.a(alt_exception_entry.o)
 .data          0x0000000000011368        0x0 ../multiple_axis_test_bsp//libhal_bsp.a(alt_instruction_exception_entry.o)
 .data          0x0000000000011368        0x0 /home/youlittleperson/intelFPGA_lite/20.1/nios2eds/bin/gnu/H-x86_64-pc-linux-gnu/bin/../lib/gcc/nios2-elf/9.2.1/../../../../../H-x86_64-pc-linux-gnu/nios2-elf/lib/mno-hw-mul/libsmallc.a(lib_a-memcmp.o)
                0x0000000000019368                _gp = ABSOLUTE ((. + 0x8000))
                [!provide]                        PROVIDE (gp = _gp)
 *(.rwdata .rwdata.*)
 *(.sdata .sdata.* .gnu.linkonce.s.*)
 .sdata._global_impure_ptr
                0x0000000000011368        0x4 /home/youlittleperson/intelFPGA_lite/20.1/nios2eds/bin/gnu/H-x86_64-pc-linux-gnu/bin/../lib/gcc/nios2-elf/9.2.1/../../../../../H-x86_64-pc-linux-gnu/nios2-elf/lib/mno-hw-mul/libsmallc.a(lib_a-impure.o)
                0x0000000000011368                _global_impure_ptr
 .sdata._impure_ptr
                0x000000000001136c        0x4 /home/youlittleperson/intelFPGA_lite/20.1/nios2eds/bin/gnu/H-x86_64-pc-linux-gnu/bin/../lib/gcc/nios2-elf/9.2.1/../../../../../H-x86_64-pc-linux-gnu/nios2-elf/lib/mno-hw-mul/libsmallc.a(lib_a-impure.o)
                0x000000000001136c                _impure_ptr
 .sdata         0x0000000000011370        0x4 ../multiple_axis_test_bsp//libhal_bsp.a(alt_irq_vars.o)
                0x0000000000011370                alt_priority_mask
 .sdata         0x0000000000011374        0x4 ../multiple_axis_test_bsp//libhal_bsp.a(alt_sys_init.o)
                0x0000000000011374                jtag_uart
 .sdata         0x0000000000011378       0x14 ../multiple_axis_test_bsp//libhal_bsp.a(alt_dev.o)
                0x0000000000011378                alt_max_fd
                0x000000000001137c                alt_dev_list
                0x0000000000011384                alt_fs_list
 .sdata         0x000000000001138c        0x4 ../multiple_axis_test_bsp//libhal_bsp.a(alt_errno.o)
                0x000000000001138c                alt_errno
 *(.sdata2 .sdata2.* .gnu.linkonce.s2.*)
                0x0000000000011390                . = ALIGN (0x4)
                0x0000000000011390                _edata = ABSOLUTE (.)
                [!provide]                        PROVIDE (edata = ABSOLUTE (.))
                0x0000000000011390                PROVIDE (__ram_rwdata_end = ABSOLUTE (.))
                0x0000000000011390                PROVIDE (__flash_rwdata_start = LOADADDR (.rwdata))

.bss            0x0000000000011520      0x120
                0x0000000000011520                __bss_start = ABSOLUTE (.)
                [!provide]                        PROVIDE (__sbss_start = ABSOLUTE (.))
                [!provide]                        PROVIDE (___sbss_start = ABSOLUTE (.))
 *(.dynsbss)
 *(.sbss .sbss.* .gnu.linkonce.sb.*)
 .sbss          0x0000000000011520        0x4 obj/default/hello_world_small.o
                0x0000000000011520                prev_time
 .sbss          0x0000000000011524        0x4 obj/default/hello_world_small.o
                0x0000000000011524                acc_dev
 .sbss          0x0000000000011528        0x4 /home/youlittleperson/intelFPGA_lite/20.1/nios2eds/bin/gnu/H-x86_64-pc-linux-gnu/bin/../lib/gcc/nios2-elf/9.2.1/../../../../../H-x86_64-pc-linux-gnu/nios2-elf/lib/mno-hw-mul/libsmallc.a(lib_a-int_errno.o)
                0x0000000000011528                errno
 .sbss          0x000000000001152c        0x4 ../multiple_axis_test_bsp//libhal_bsp.a(alt_irq_vars.o)
                0x000000000001152c                alt_irq_active
 .sbss          0x0000000000011530        0xc ../multiple_axis_test_bsp//libhal_bsp.a(alt_main.o)
                0x0000000000011530                alt_envp
                0x0000000000011534                alt_argv
                0x0000000000011538                alt_argc
 .sbss          0x000000000001153c        0x4 ../multiple_axis_test_bsp//libhal_bsp.a(alt_instruction_exception_entry.o)
                0x000000000001153c                alt_instruction_exception_handler
 *(.sbss2 .sbss2.* .gnu.linkonce.sb2.*)
 *(.scommon)
                [!provide]                        PROVIDE (__sbss_end = ABSOLUTE (.))
                [!provide]                        PROVIDE (___sbss_end = ABSOLUTE (.))
 *(.dynbss)
 *(.bss .bss.* .gnu.linkonce.b.*)
 .bss           0x0000000000011540        0x0 ../multiple_axis_test_bsp//obj/HAL/src/crt0.o
 .bss           0x0000000000011540        0x0 obj/default/hello_world_small.o
 .bss           0x0000000000011540        0x0 /home/youlittleperson/intelFPGA_lite/20.1/nios2eds/bin/gnu/H-x86_64-pc-linux-gnu/bin/../lib/gcc/nios2-elf/9.2.1/../../../../../H-x86_64-pc-linux-gnu/nios2-elf/lib/mno-hw-mul/libsmallc.a(lib_a-printf.o)
 .bss           0x0000000000011540        0x0 /home/youlittleperson/intelFPGA_lite/20.1/nios2eds/bin/gnu/H-x86_64-pc-linux-gnu/bin/../lib/gcc/nios2-elf/9.2.1/../../../../../H-x86_64-pc-linux-gnu/nios2-elf/lib/mno-hw-mul/libsmallc.a(lib_a-vfprintf.o)
 .bss           0x0000000000011540        0x0 /home/youlittleperson/intelFPGA_lite/20.1/nios2eds/bin/gnu/H-x86_64-pc-linux-gnu/bin/../lib/gcc/nios2-elf/9.2.1/../../../../../H-x86_64-pc-linux-gnu/nios2-elf/lib/mno-hw-mul/libsmallc.a(lib_a-fvwrite_small_dev.o)
 .bss           0x0000000000011540        0x0 /home/youlittleperson/intelFPGA_lite/20.1/nios2eds/bin/gnu/H-x86_64-pc-linux-gnu/bin/../lib/gcc/nios2-elf/9.2.1/../../../../../H-x86_64-pc-linux-gnu/nios2-elf/lib/mno-hw-mul/libsmallc.a(lib_a-impure.o)
 .bss           0x0000000000011540        0x0 /home/youlittleperson/intelFPGA_lite/20.1/nios2eds/bin/gnu/H-x86_64-pc-linux-gnu/bin/../lib/gcc/nios2-elf/9.2.1/../../../../../H-x86_64-pc-linux-gnu/nios2-elf/lib/mno-hw-mul/libsmallc.a(lib_a-strlen.o)
 .bss           0x0000000000011540        0x0 /home/youlittleperson/intelFPGA_lite/20.1/nios2eds/bin/gnu/H-x86_64-pc-linux-gnu/bin/../lib/gcc/nios2-elf/9.2.1/../../../../../H-x86_64-pc-linux-gnu/nios2-elf/lib/mno-hw-mul/libsmallc.a(lib_a-writer.o)
 .bss           0x0000000000011540        0x0 /home/youlittleperson/intelFPGA_lite/20.1/nios2eds/bin/gnu/H-x86_64-pc-linux-gnu/bin/../lib/gcc/nios2-elf/9.2.1/../../../../../H-x86_64-pc-linux-gnu/nios2-elf/lib/mno-hw-mul/libsmallc.a(lib_a-int_errno.o)
 .bss           0x0000000000011540        0x0 /home/youlittleperson/intelFPGA_lite/20.1/nios2eds/bin/gnu/H-x86_64-pc-linux-gnu/bin/../lib/gcc/nios2-elf/9.2.1/mno-hw-mul/libgcc.a(lib2-divmod.o)
 .bss           0x0000000000011540        0x0 /home/youlittleperson/intelFPGA_lite/20.1/nios2eds/bin/gnu/H-x86_64-pc-linux-gnu/bin/../lib/gcc/nios2-elf/9.2.1/mno-hw-mul/libgcc.a(lib2-mul.o)
 .bss           0x0000000000011540        0x0 ../multiple_axis_test_bsp//libhal_bsp.a(alt_irq_register.o)
 .bss           0x0000000000011540        0x0 ../multiple_axis_test_bsp//libhal_bsp.a(alt_irq_vars.o)
 .bss           0x0000000000011540        0x0 ../multiple_axis_test_bsp//libhal_bsp.a(alt_load.o)
 .bss           0x0000000000011540        0x0 ../multiple_axis_test_bsp//libhal_bsp.a(alt_main.o)
 .bss           0x0000000000011540        0x0 ../multiple_axis_test_bsp//libhal_bsp.a(alt_putstr.o)
 .bss           0x0000000000011540        0x0 ../multiple_axis_test_bsp//libhal_bsp.a(alt_write.o)
 .bss           0x0000000000011540        0x0 ../multiple_axis_test_bsp//libhal_bsp.a(alt_sys_init.o)
 .bss           0x0000000000011540        0x0 ../multiple_axis_test_bsp//libhal_bsp.a(altera_avalon_jtag_uart_write.o)
 .bss           0x0000000000011540        0x0 ../multiple_axis_test_bsp//libhal_bsp.a(altera_up_avalon_accelerometer_spi.o)
 .bss           0x0000000000011540        0x0 ../multiple_axis_test_bsp//libhal_bsp.a(alt_dcache_flush_all.o)
 .bss           0x0000000000011540        0x0 ../multiple_axis_test_bsp//libhal_bsp.a(alt_dev.o)
 .bss           0x0000000000011540        0x0 ../multiple_axis_test_bsp//libhal_bsp.a(alt_dev_llist_insert.o)
 .bss           0x0000000000011540        0x0 ../multiple_axis_test_bsp//libhal_bsp.a(alt_errno.o)
 .bss           0x0000000000011540        0x0 ../multiple_axis_test_bsp//libhal_bsp.a(alt_find_dev.o)
 .bss           0x0000000000011540        0x0 ../multiple_axis_test_bsp//libhal_bsp.a(alt_icache_flush_all.o)
 .bss           0x0000000000011540        0x0 ../multiple_axis_test_bsp//libhal_bsp.a(alt_irq_entry.o)
 .bss           0x0000000000011540        0x0 ../multiple_axis_test_bsp//libhal_bsp.a(alt_irq_handler.o)
 .bss           0x0000000000011540        0x0 ../multiple_axis_test_bsp//libhal_bsp.a(altera_nios2_gen2_irq.o)
 .bss           0x0000000000011540        0x0 ../multiple_axis_test_bsp//libhal_bsp.a(alt_exception_entry.o)
 .bss           0x0000000000011540        0x0 ../multiple_axis_test_bsp//libhal_bsp.a(alt_instruction_exception_entry.o)
 .bss           0x0000000000011540        0x0 /home/youlittleperson/intelFPGA_lite/20.1/nios2eds/bin/gnu/H-x86_64-pc-linux-gnu/bin/../lib/gcc/nios2-elf/9.2.1/../../../../../H-x86_64-pc-linux-gnu/nios2-elf/lib/mno-hw-mul/libsmallc.a(lib_a-memcmp.o)
 *(COMMON)
 COMMON         0x0000000000011540      0x100 ../multiple_axis_test_bsp//libhal_bsp.a(alt_irq_handler.o)
                0x0000000000011540                alt_irq
                0x0000000000011640                . = ALIGN (0x4)
                0x0000000000011640                __bss_end = ABSOLUTE (.)

.onchip_memory  0x0000000000011640        0x0
                [!provide]                        PROVIDE (_alt_partition_onchip_memory_start = ABSOLUTE (.))
 *(.onchip_memory .onchip_memory. onchip_memory.*)
                0x0000000000011640                . = ALIGN (0x4)
                [!provide]                        PROVIDE (_alt_partition_onchip_memory_end = ABSOLUTE (.))
                0x0000000000011640                _end = ABSOLUTE (.)
                0x0000000000011640                end = ABSOLUTE (.)
                0x0000000000011640                __alt_stack_base = ABSOLUTE (.)
                [!provide]                        PROVIDE (_alt_partition_onchip_memory_load_addr = LOADADDR (.onchip_memory))

.stab
 *(.stab)

.stabstr
 *(.stabstr)

.stab.excl
 *(.stab.excl)

.stab.exclstr
 *(.stab.exclstr)

.stab.index
 *(.stab.index)

.stab.indexstr
 *(.stab.indexstr)

.comment        0x0000000000000000       0x2c
 *(.comment)
 .comment       0x0000000000000000       0x2c obj/default/hello_world_small.o
                                         0x2d (size before relaxing)
 .comment       0x000000000000002c       0x2d /home/youlittleperson/intelFPGA_lite/20.1/nios2eds/bin/gnu/H-x86_64-pc-linux-gnu/bin/../lib/gcc/nios2-elf/9.2.1/../../../../../H-x86_64-pc-linux-gnu/nios2-elf/lib/mno-hw-mul/libsmallc.a(lib_a-printf.o)
 .comment       0x000000000000002c       0x2d /home/youlittleperson/intelFPGA_lite/20.1/nios2eds/bin/gnu/H-x86_64-pc-linux-gnu/bin/../lib/gcc/nios2-elf/9.2.1/../../../../../H-x86_64-pc-linux-gnu/nios2-elf/lib/mno-hw-mul/libsmallc.a(lib_a-vfprintf.o)
 .comment       0x000000000000002c       0x2d /home/youlittleperson/intelFPGA_lite/20.1/nios2eds/bin/gnu/H-x86_64-pc-linux-gnu/bin/../lib/gcc/nios2-elf/9.2.1/../../../../../H-x86_64-pc-linux-gnu/nios2-elf/lib/mno-hw-mul/libsmallc.a(lib_a-fvwrite_small_dev.o)
 .comment       0x000000000000002c       0x2d /home/youlittleperson/intelFPGA_lite/20.1/nios2eds/bin/gnu/H-x86_64-pc-linux-gnu/bin/../lib/gcc/nios2-elf/9.2.1/../../../../../H-x86_64-pc-linux-gnu/nios2-elf/lib/mno-hw-mul/libsmallc.a(lib_a-impure.o)
 .comment       0x000000000000002c       0x2d /home/youlittleperson/intelFPGA_lite/20.1/nios2eds/bin/gnu/H-x86_64-pc-linux-gnu/bin/../lib/gcc/nios2-elf/9.2.1/../../../../../H-x86_64-pc-linux-gnu/nios2-elf/lib/mno-hw-mul/libsmallc.a(lib_a-strlen.o)
 .comment       0x000000000000002c       0x2d /home/youlittleperson/intelFPGA_lite/20.1/nios2eds/bin/gnu/H-x86_64-pc-linux-gnu/bin/../lib/gcc/nios2-elf/9.2.1/../../../../../H-x86_64-pc-linux-gnu/nios2-elf/lib/mno-hw-mul/libsmallc.a(lib_a-writer.o)
 .comment       0x000000000000002c       0x2d /home/youlittleperson/intelFPGA_lite/20.1/nios2eds/bin/gnu/H-x86_64-pc-linux-gnu/bin/../lib/gcc/nios2-elf/9.2.1/../../../../../H-x86_64-pc-linux-gnu/nios2-elf/lib/mno-hw-mul/libsmallc.a(lib_a-int_errno.o)
 .comment       0x000000000000002c       0x2d /home/youlittleperson/intelFPGA_lite/20.1/nios2eds/bin/gnu/H-x86_64-pc-linux-gnu/bin/../lib/gcc/nios2-elf/9.2.1/mno-hw-mul/libgcc.a(lib2-divmod.o)
 .comment       0x000000000000002c       0x2d /home/youlittleperson/intelFPGA_lite/20.1/nios2eds/bin/gnu/H-x86_64-pc-linux-gnu/bin/../lib/gcc/nios2-elf/9.2.1/mno-hw-mul/libgcc.a(lib2-mul.o)
 .comment       0x000000000000002c       0x2d ../multiple_axis_test_bsp//libhal_bsp.a(alt_irq_register.o)
 .comment       0x000000000000002c       0x2d ../multiple_axis_test_bsp//libhal_bsp.a(alt_irq_vars.o)
 .comment       0x000000000000002c       0x2d ../multiple_axis_test_bsp//libhal_bsp.a(alt_load.o)
 .comment       0x000000000000002c       0x2d ../multiple_axis_test_bsp//libhal_bsp.a(alt_main.o)
 .comment       0x000000000000002c       0x2d ../multiple_axis_test_bsp//libhal_bsp.a(alt_putstr.o)
 .comment       0x000000000000002c       0x2d ../multiple_axis_test_bsp//libhal_bsp.a(alt_write.o)
 .comment       0x000000000000002c       0x2d ../multiple_axis_test_bsp//libhal_bsp.a(alt_sys_init.o)
 .comment       0x000000000000002c       0x2d ../multiple_axis_test_bsp//libhal_bsp.a(altera_avalon_jtag_uart_write.o)
 .comment       0x000000000000002c       0x2d ../multiple_axis_test_bsp//libhal_bsp.a(altera_up_avalon_accelerometer_spi.o)
 .comment       0x000000000000002c       0x2d ../multiple_axis_test_bsp//libhal_bsp.a(alt_dcache_flush_all.o)
 .comment       0x000000000000002c       0x2d ../multiple_axis_test_bsp//libhal_bsp.a(alt_dev.o)
 .comment       0x000000000000002c       0x2d ../multiple_axis_test_bsp//libhal_bsp.a(alt_dev_llist_insert.o)
 .comment       0x000000000000002c       0x2d ../multiple_axis_test_bsp//libhal_bsp.a(alt_errno.o)
 .comment       0x000000000000002c       0x2d ../multiple_axis_test_bsp//libhal_bsp.a(alt_find_dev.o)
 .comment       0x000000000000002c       0x2d ../multiple_axis_test_bsp//libhal_bsp.a(alt_icache_flush_all.o)
 .comment       0x000000000000002c       0x2d ../multiple_axis_test_bsp//libhal_bsp.a(alt_irq_handler.o)
 .comment       0x000000000000002c       0x2d ../multiple_axis_test_bsp//libhal_bsp.a(altera_nios2_gen2_irq.o)
 .comment       0x000000000000002c       0x2d ../multiple_axis_test_bsp//libhal_bsp.a(alt_instruction_exception_entry.o)
 .comment       0x000000000000002c       0x2d /home/youlittleperson/intelFPGA_lite/20.1/nios2eds/bin/gnu/H-x86_64-pc-linux-gnu/bin/../lib/gcc/nios2-elf/9.2.1/../../../../../H-x86_64-pc-linux-gnu/nios2-elf/lib/mno-hw-mul/libsmallc.a(lib_a-memcmp.o)

.debug
 *(.debug)

.line
 *(.line)

.debug_srcinfo
 *(.debug_srcinfo)

.debug_sfnames
 *(.debug_sfnames)

.debug_aranges  0x0000000000000000      0x438
 *(.debug_aranges)
 .debug_aranges
                0x0000000000000000       0x28 ../multiple_axis_test_bsp//obj/HAL/src/crt0.o
 .debug_aranges
                0x0000000000000028       0x28 obj/default/hello_world_small.o
 .debug_aranges
                0x0000000000000050       0x28 /home/youlittleperson/intelFPGA_lite/20.1/nios2eds/bin/gnu/H-x86_64-pc-linux-gnu/bin/../lib/gcc/nios2-elf/9.2.1/../../../../../H-x86_64-pc-linux-gnu/nios2-elf/lib/mno-hw-mul/libsmallc.a(lib_a-printf.o)
 .debug_aranges
                0x0000000000000078       0x30 /home/youlittleperson/intelFPGA_lite/20.1/nios2eds/bin/gnu/H-x86_64-pc-linux-gnu/bin/../lib/gcc/nios2-elf/9.2.1/../../../../../H-x86_64-pc-linux-gnu/nios2-elf/lib/mno-hw-mul/libsmallc.a(lib_a-vfprintf.o)
 .debug_aranges
                0x00000000000000a8       0x20 /home/youlittleperson/intelFPGA_lite/20.1/nios2eds/bin/gnu/H-x86_64-pc-linux-gnu/bin/../lib/gcc/nios2-elf/9.2.1/../../../../../H-x86_64-pc-linux-gnu/nios2-elf/lib/mno-hw-mul/libsmallc.a(lib_a-fvwrite_small_dev.o)
 .debug_aranges
                0x00000000000000c8       0x18 /home/youlittleperson/intelFPGA_lite/20.1/nios2eds/bin/gnu/H-x86_64-pc-linux-gnu/bin/../lib/gcc/nios2-elf/9.2.1/../../../../../H-x86_64-pc-linux-gnu/nios2-elf/lib/mno-hw-mul/libsmallc.a(lib_a-impure.o)
 .debug_aranges
                0x00000000000000e0       0x20 /home/youlittleperson/intelFPGA_lite/20.1/nios2eds/bin/gnu/H-x86_64-pc-linux-gnu/bin/../lib/gcc/nios2-elf/9.2.1/../../../../../H-x86_64-pc-linux-gnu/nios2-elf/lib/mno-hw-mul/libsmallc.a(lib_a-strlen.o)
 .debug_aranges
                0x0000000000000100       0x20 /home/youlittleperson/intelFPGA_lite/20.1/nios2eds/bin/gnu/H-x86_64-pc-linux-gnu/bin/../lib/gcc/nios2-elf/9.2.1/../../../../../H-x86_64-pc-linux-gnu/nios2-elf/lib/mno-hw-mul/libsmallc.a(lib_a-writer.o)
 .debug_aranges
                0x0000000000000120       0x18 /home/youlittleperson/intelFPGA_lite/20.1/nios2eds/bin/gnu/H-x86_64-pc-linux-gnu/bin/../lib/gcc/nios2-elf/9.2.1/../../../../../H-x86_64-pc-linux-gnu/nios2-elf/lib/mno-hw-mul/libsmallc.a(lib_a-int_errno.o)
 .debug_aranges
                0x0000000000000138       0x20 /home/youlittleperson/intelFPGA_lite/20.1/nios2eds/bin/gnu/H-x86_64-pc-linux-gnu/bin/../lib/gcc/nios2-elf/9.2.1/mno-hw-mul/libgcc.a(lib2-divmod.o)
 .debug_aranges
                0x0000000000000158       0x20 /home/youlittleperson/intelFPGA_lite/20.1/nios2eds/bin/gnu/H-x86_64-pc-linux-gnu/bin/../lib/gcc/nios2-elf/9.2.1/mno-hw-mul/libgcc.a(lib2-mul.o)
 .debug_aranges
                0x0000000000000178       0x20 ../multiple_axis_test_bsp//libhal_bsp.a(alt_irq_register.o)
 .debug_aranges
                0x0000000000000198       0x18 ../multiple_axis_test_bsp//libhal_bsp.a(alt_irq_vars.o)
 .debug_aranges
                0x00000000000001b0       0x20 ../multiple_axis_test_bsp//libhal_bsp.a(alt_load.o)
 .debug_aranges
                0x00000000000001d0       0x20 ../multiple_axis_test_bsp//libhal_bsp.a(alt_main.o)
 .debug_aranges
                0x00000000000001f0       0x20 ../multiple_axis_test_bsp//libhal_bsp.a(alt_putstr.o)
 .debug_aranges
                0x0000000000000210       0x20 ../multiple_axis_test_bsp//libhal_bsp.a(alt_write.o)
 .debug_aranges
                0x0000000000000230       0x20 ../multiple_axis_test_bsp//libhal_bsp.a(alt_sys_init.o)
 .debug_aranges
                0x0000000000000250       0x20 ../multiple_axis_test_bsp//libhal_bsp.a(altera_avalon_jtag_uart_write.o)
 .debug_aranges
                0x0000000000000270       0x20 ../multiple_axis_test_bsp//libhal_bsp.a(altera_up_avalon_accelerometer_spi.o)
 .debug_aranges
                0x0000000000000290       0x20 ../multiple_axis_test_bsp//libhal_bsp.a(alt_dcache_flush_all.o)
 .debug_aranges
                0x00000000000002b0       0x20 ../multiple_axis_test_bsp//libhal_bsp.a(alt_dev.o)
 .debug_aranges
                0x00000000000002d0       0x20 ../multiple_axis_test_bsp//libhal_bsp.a(alt_dev_llist_insert.o)
 .debug_aranges
                0x00000000000002f0       0x18 ../multiple_axis_test_bsp//libhal_bsp.a(alt_errno.o)
 .debug_aranges
                0x0000000000000308       0x20 ../multiple_axis_test_bsp//libhal_bsp.a(alt_find_dev.o)
 .debug_aranges
                0x0000000000000328       0x20 ../multiple_axis_test_bsp//libhal_bsp.a(alt_icache_flush_all.o)
 .debug_aranges
                0x0000000000000348       0x30 ../multiple_axis_test_bsp//libhal_bsp.a(alt_irq_entry.o)
 .debug_aranges
                0x0000000000000378       0x20 ../multiple_axis_test_bsp//libhal_bsp.a(alt_irq_handler.o)
 .debug_aranges
                0x0000000000000398       0x20 ../multiple_axis_test_bsp//libhal_bsp.a(altera_nios2_gen2_irq.o)
 .debug_aranges
                0x00000000000003b8       0x38 ../multiple_axis_test_bsp//libhal_bsp.a(alt_exception_entry.o)
 .debug_aranges
                0x00000000000003f0       0x28 ../multiple_axis_test_bsp//libhal_bsp.a(alt_instruction_exception_entry.o)
 .debug_aranges
                0x0000000000000418       0x20 /home/youlittleperson/intelFPGA_lite/20.1/nios2eds/bin/gnu/H-x86_64-pc-linux-gnu/bin/../lib/gcc/nios2-elf/9.2.1/../../../../../H-x86_64-pc-linux-gnu/nios2-elf/lib/mno-hw-mul/libsmallc.a(lib_a-memcmp.o)

.debug_pubnames
 *(.debug_pubnames)

.debug_info     0x0000000000000000    0x1149d
 *(.debug_info .gnu.linkonce.wi.*)
 .debug_info    0x0000000000000000       0x22 ../multiple_axis_test_bsp//obj/HAL/src/crt0.o
 .debug_info    0x0000000000000022      0xdcb obj/default/hello_world_small.o
 .debug_info    0x0000000000000ded      0x92f /home/youlittleperson/intelFPGA_lite/20.1/nios2eds/bin/gnu/H-x86_64-pc-linux-gnu/bin/../lib/gcc/nios2-elf/9.2.1/../../../../../H-x86_64-pc-linux-gnu/nios2-elf/lib/mno-hw-mul/libsmallc.a(lib_a-printf.o)
 .debug_info    0x000000000000171c     0x1412 /home/youlittleperson/intelFPGA_lite/20.1/nios2eds/bin/gnu/H-x86_64-pc-linux-gnu/bin/../lib/gcc/nios2-elf/9.2.1/../../../../../H-x86_64-pc-linux-gnu/nios2-elf/lib/mno-hw-mul/libsmallc.a(lib_a-vfprintf.o)
 .debug_info    0x0000000000002b2e      0x8c4 /home/youlittleperson/intelFPGA_lite/20.1/nios2eds/bin/gnu/H-x86_64-pc-linux-gnu/bin/../lib/gcc/nios2-elf/9.2.1/../../../../../H-x86_64-pc-linux-gnu/nios2-elf/lib/mno-hw-mul/libsmallc.a(lib_a-fvwrite_small_dev.o)
 .debug_info    0x00000000000033f2      0x6e8 /home/youlittleperson/intelFPGA_lite/20.1/nios2eds/bin/gnu/H-x86_64-pc-linux-gnu/bin/../lib/gcc/nios2-elf/9.2.1/../../../../../H-x86_64-pc-linux-gnu/nios2-elf/lib/mno-hw-mul/libsmallc.a(lib_a-impure.o)
 .debug_info    0x0000000000003ada      0x649 /home/youlittleperson/intelFPGA_lite/20.1/nios2eds/bin/gnu/H-x86_64-pc-linux-gnu/bin/../lib/gcc/nios2-elf/9.2.1/../../../../../H-x86_64-pc-linux-gnu/nios2-elf/lib/mno-hw-mul/libsmallc.a(lib_a-strlen.o)
 .debug_info    0x0000000000004123      0x720 /home/youlittleperson/intelFPGA_lite/20.1/nios2eds/bin/gnu/H-x86_64-pc-linux-gnu/bin/../lib/gcc/nios2-elf/9.2.1/../../../../../H-x86_64-pc-linux-gnu/nios2-elf/lib/mno-hw-mul/libsmallc.a(lib_a-writer.o)
 .debug_info    0x0000000000004843      0x614 /home/youlittleperson/intelFPGA_lite/20.1/nios2eds/bin/gnu/H-x86_64-pc-linux-gnu/bin/../lib/gcc/nios2-elf/9.2.1/../../../../../H-x86_64-pc-linux-gnu/nios2-elf/lib/mno-hw-mul/libsmallc.a(lib_a-int_errno.o)
 .debug_info    0x0000000000004e57      0x368 /home/youlittleperson/intelFPGA_lite/20.1/nios2eds/bin/gnu/H-x86_64-pc-linux-gnu/bin/../lib/gcc/nios2-elf/9.2.1/mno-hw-mul/libgcc.a(lib2-divmod.o)
 .debug_info    0x00000000000051bf       0xcb /home/youlittleperson/intelFPGA_lite/20.1/nios2eds/bin/gnu/H-x86_64-pc-linux-gnu/bin/../lib/gcc/nios2-elf/9.2.1/mno-hw-mul/libgcc.a(lib2-mul.o)
 .debug_info    0x000000000000528a      0xbfc ../multiple_axis_test_bsp//libhal_bsp.a(alt_irq_register.o)
 .debug_info    0x0000000000005e86       0x8b ../multiple_axis_test_bsp//libhal_bsp.a(alt_irq_vars.o)
 .debug_info    0x0000000000005f11      0xaed ../multiple_axis_test_bsp//libhal_bsp.a(alt_load.o)
 .debug_info    0x00000000000069fe      0xeb0 ../multiple_axis_test_bsp//libhal_bsp.a(alt_main.o)
 .debug_info    0x00000000000078ae      0x9c3 ../multiple_axis_test_bsp//libhal_bsp.a(alt_putstr.o)
 .debug_info    0x0000000000008271      0xf17 ../multiple_axis_test_bsp//libhal_bsp.a(alt_write.o)
 .debug_info    0x0000000000009188      0xd3b ../multiple_axis_test_bsp//libhal_bsp.a(alt_sys_init.o)
 .debug_info    0x0000000000009ec3      0xaab ../multiple_axis_test_bsp//libhal_bsp.a(altera_avalon_jtag_uart_write.o)
 .debug_info    0x000000000000a96e      0xd96 ../multiple_axis_test_bsp//libhal_bsp.a(altera_up_avalon_accelerometer_spi.o)
 .debug_info    0x000000000000b704      0x934 ../multiple_axis_test_bsp//libhal_bsp.a(alt_dcache_flush_all.o)
 .debug_info    0x000000000000c038      0xe92 ../multiple_axis_test_bsp//libhal_bsp.a(alt_dev.o)
 .debug_info    0x000000000000ceca      0xa8f ../multiple_axis_test_bsp//libhal_bsp.a(alt_dev_llist_insert.o)
 .debug_info    0x000000000000d959      0x972 ../multiple_axis_test_bsp//libhal_bsp.a(alt_errno.o)
 .debug_info    0x000000000000e2cb      0xc0c ../multiple_axis_test_bsp//libhal_bsp.a(alt_find_dev.o)
 .debug_info    0x000000000000eed7      0x934 ../multiple_axis_test_bsp//libhal_bsp.a(alt_icache_flush_all.o)
 .debug_info    0x000000000000f80b       0x22 ../multiple_axis_test_bsp//libhal_bsp.a(alt_irq_entry.o)
 .debug_info    0x000000000000f82d      0xa66 ../multiple_axis_test_bsp//libhal_bsp.a(alt_irq_handler.o)
 .debug_info    0x0000000000010293      0x955 ../multiple_axis_test_bsp//libhal_bsp.a(altera_nios2_gen2_irq.o)
 .debug_info    0x0000000000010be8       0x22 ../multiple_axis_test_bsp//libhal_bsp.a(alt_exception_entry.o)
 .debug_info    0x0000000000010c0a      0x20f ../multiple_axis_test_bsp//libhal_bsp.a(alt_instruction_exception_entry.o)
 .debug_info    0x0000000000010e19      0x684 /home/youlittleperson/intelFPGA_lite/20.1/nios2eds/bin/gnu/H-x86_64-pc-linux-gnu/bin/../lib/gcc/nios2-elf/9.2.1/../../../../../H-x86_64-pc-linux-gnu/nios2-elf/lib/mno-hw-mul/libsmallc.a(lib_a-memcmp.o)

.debug_abbrev   0x0000000000000000     0x3b0e
 *(.debug_abbrev)
 .debug_abbrev  0x0000000000000000       0x12 ../multiple_axis_test_bsp//obj/HAL/src/crt0.o
 .debug_abbrev  0x0000000000000012      0x293 obj/default/hello_world_small.o
 .debug_abbrev  0x00000000000002a5      0x24e /home/youlittleperson/intelFPGA_lite/20.1/nios2eds/bin/gnu/H-x86_64-pc-linux-gnu/bin/../lib/gcc/nios2-elf/9.2.1/../../../../../H-x86_64-pc-linux-gnu/nios2-elf/lib/mno-hw-mul/libsmallc.a(lib_a-printf.o)
 .debug_abbrev  0x00000000000004f3      0x34f /home/youlittleperson/intelFPGA_lite/20.1/nios2eds/bin/gnu/H-x86_64-pc-linux-gnu/bin/../lib/gcc/nios2-elf/9.2.1/../../../../../H-x86_64-pc-linux-gnu/nios2-elf/lib/mno-hw-mul/libsmallc.a(lib_a-vfprintf.o)
 .debug_abbrev  0x0000000000000842      0x238 /home/youlittleperson/intelFPGA_lite/20.1/nios2eds/bin/gnu/H-x86_64-pc-linux-gnu/bin/../lib/gcc/nios2-elf/9.2.1/../../../../../H-x86_64-pc-linux-gnu/nios2-elf/lib/mno-hw-mul/libsmallc.a(lib_a-fvwrite_small_dev.o)
 .debug_abbrev  0x0000000000000a7a      0x18d /home/youlittleperson/intelFPGA_lite/20.1/nios2eds/bin/gnu/H-x86_64-pc-linux-gnu/bin/../lib/gcc/nios2-elf/9.2.1/../../../../../H-x86_64-pc-linux-gnu/nios2-elf/lib/mno-hw-mul/libsmallc.a(lib_a-impure.o)
 .debug_abbrev  0x0000000000000c07      0x1a8 /home/youlittleperson/intelFPGA_lite/20.1/nios2eds/bin/gnu/H-x86_64-pc-linux-gnu/bin/../lib/gcc/nios2-elf/9.2.1/../../../../../H-x86_64-pc-linux-gnu/nios2-elf/lib/mno-hw-mul/libsmallc.a(lib_a-strlen.o)
 .debug_abbrev  0x0000000000000daf      0x1ec /home/youlittleperson/intelFPGA_lite/20.1/nios2eds/bin/gnu/H-x86_64-pc-linux-gnu/bin/../lib/gcc/nios2-elf/9.2.1/../../../../../H-x86_64-pc-linux-gnu/nios2-elf/lib/mno-hw-mul/libsmallc.a(lib_a-writer.o)
 .debug_abbrev  0x0000000000000f9b      0x186 /home/youlittleperson/intelFPGA_lite/20.1/nios2eds/bin/gnu/H-x86_64-pc-linux-gnu/bin/../lib/gcc/nios2-elf/9.2.1/../../../../../H-x86_64-pc-linux-gnu/nios2-elf/lib/mno-hw-mul/libsmallc.a(lib_a-int_errno.o)
 .debug_abbrev  0x0000000000001121      0x103 /home/youlittleperson/intelFPGA_lite/20.1/nios2eds/bin/gnu/H-x86_64-pc-linux-gnu/bin/../lib/gcc/nios2-elf/9.2.1/mno-hw-mul/libgcc.a(lib2-divmod.o)
 .debug_abbrev  0x0000000000001224       0x7d /home/youlittleperson/intelFPGA_lite/20.1/nios2eds/bin/gnu/H-x86_64-pc-linux-gnu/bin/../lib/gcc/nios2-elf/9.2.1/mno-hw-mul/libgcc.a(lib2-mul.o)
 .debug_abbrev  0x00000000000012a1      0x325 ../multiple_axis_test_bsp//libhal_bsp.a(alt_irq_register.o)
 .debug_abbrev  0x00000000000015c6       0x44 ../multiple_axis_test_bsp//libhal_bsp.a(alt_irq_vars.o)
 .debug_abbrev  0x000000000000160a      0x277 ../multiple_axis_test_bsp//libhal_bsp.a(alt_load.o)
 .debug_abbrev  0x0000000000001881      0x252 ../multiple_axis_test_bsp//libhal_bsp.a(alt_main.o)
 .debug_abbrev  0x0000000000001ad3      0x249 ../multiple_axis_test_bsp//libhal_bsp.a(alt_putstr.o)
 .debug_abbrev  0x0000000000001d1c      0x28a ../multiple_axis_test_bsp//libhal_bsp.a(alt_write.o)
 .debug_abbrev  0x0000000000001fa6      0x2db ../multiple_axis_test_bsp//libhal_bsp.a(alt_sys_init.o)
 .debug_abbrev  0x0000000000002281      0x251 ../multiple_axis_test_bsp//libhal_bsp.a(altera_avalon_jtag_uart_write.o)
 .debug_abbrev  0x00000000000024d2      0x24a ../multiple_axis_test_bsp//libhal_bsp.a(altera_up_avalon_accelerometer_spi.o)
 .debug_abbrev  0x000000000000271c      0x1e0 ../multiple_axis_test_bsp//libhal_bsp.a(alt_dcache_flush_all.o)
 .debug_abbrev  0x00000000000028fc      0x212 ../multiple_axis_test_bsp//libhal_bsp.a(alt_dev.o)
 .debug_abbrev  0x0000000000002b0e      0x283 ../multiple_axis_test_bsp//libhal_bsp.a(alt_dev_llist_insert.o)
 .debug_abbrev  0x0000000000002d91      0x1df ../multiple_axis_test_bsp//libhal_bsp.a(alt_errno.o)
 .debug_abbrev  0x0000000000002f70      0x25c ../multiple_axis_test_bsp//libhal_bsp.a(alt_find_dev.o)
 .debug_abbrev  0x00000000000031cc      0x1e0 ../multiple_axis_test_bsp//libhal_bsp.a(alt_icache_flush_all.o)
 .debug_abbrev  0x00000000000033ac       0x12 ../multiple_axis_test_bsp//libhal_bsp.a(alt_irq_entry.o)
 .debug_abbrev  0x00000000000033be      0x283 ../multiple_axis_test_bsp//libhal_bsp.a(alt_irq_handler.o)
 .debug_abbrev  0x0000000000003641      0x1e5 ../multiple_axis_test_bsp//libhal_bsp.a(altera_nios2_gen2_irq.o)
 .debug_abbrev  0x0000000000003826       0x12 ../multiple_axis_test_bsp//libhal_bsp.a(alt_exception_entry.o)
 .debug_abbrev  0x0000000000003838      0x116 ../multiple_axis_test_bsp//libhal_bsp.a(alt_instruction_exception_entry.o)
 .debug_abbrev  0x000000000000394e      0x1c0 /home/youlittleperson/intelFPGA_lite/20.1/nios2eds/bin/gnu/H-x86_64-pc-linux-gnu/bin/../lib/gcc/nios2-elf/9.2.1/../../../../../H-x86_64-pc-linux-gnu/nios2-elf/lib/mno-hw-mul/libsmallc.a(lib_a-memcmp.o)

.debug_line     0x0000000000000000     0x4650
 *(.debug_line)
 .debug_line    0x0000000000000000       0x66 ../multiple_axis_test_bsp//obj/HAL/src/crt0.o
 .debug_line    0x0000000000000066      0x391 obj/default/hello_world_small.o
 .debug_line    0x00000000000003f7      0x264 /home/youlittleperson/intelFPGA_lite/20.1/nios2eds/bin/gnu/H-x86_64-pc-linux-gnu/bin/../lib/gcc/nios2-elf/9.2.1/../../../../../H-x86_64-pc-linux-gnu/nios2-elf/lib/mno-hw-mul/libsmallc.a(lib_a-printf.o)
 .debug_line    0x000000000000065b      0x7bd /home/youlittleperson/intelFPGA_lite/20.1/nios2eds/bin/gnu/H-x86_64-pc-linux-gnu/bin/../lib/gcc/nios2-elf/9.2.1/../../../../../H-x86_64-pc-linux-gnu/nios2-elf/lib/mno-hw-mul/libsmallc.a(lib_a-vfprintf.o)
 .debug_line    0x0000000000000e18      0x275 /home/youlittleperson/intelFPGA_lite/20.1/nios2eds/bin/gnu/H-x86_64-pc-linux-gnu/bin/../lib/gcc/nios2-elf/9.2.1/../../../../../H-x86_64-pc-linux-gnu/nios2-elf/lib/mno-hw-mul/libsmallc.a(lib_a-fvwrite_small_dev.o)
 .debug_line    0x000000000000108d      0x15c /home/youlittleperson/intelFPGA_lite/20.1/nios2eds/bin/gnu/H-x86_64-pc-linux-gnu/bin/../lib/gcc/nios2-elf/9.2.1/../../../../../H-x86_64-pc-linux-gnu/nios2-elf/lib/mno-hw-mul/libsmallc.a(lib_a-impure.o)
 .debug_line    0x00000000000011e9      0x1fa /home/youlittleperson/intelFPGA_lite/20.1/nios2eds/bin/gnu/H-x86_64-pc-linux-gnu/bin/../lib/gcc/nios2-elf/9.2.1/../../../../../H-x86_64-pc-linux-gnu/nios2-elf/lib/mno-hw-mul/libsmallc.a(lib_a-strlen.o)
 .debug_line    0x00000000000013e3      0x225 /home/youlittleperson/intelFPGA_lite/20.1/nios2eds/bin/gnu/H-x86_64-pc-linux-gnu/bin/../lib/gcc/nios2-elf/9.2.1/../../../../../H-x86_64-pc-linux-gnu/nios2-elf/lib/mno-hw-mul/libsmallc.a(lib_a-writer.o)
 .debug_line    0x0000000000001608      0x1ce /home/youlittleperson/intelFPGA_lite/20.1/nios2eds/bin/gnu/H-x86_64-pc-linux-gnu/bin/../lib/gcc/nios2-elf/9.2.1/../../../../../H-x86_64-pc-linux-gnu/nios2-elf/lib/mno-hw-mul/libsmallc.a(lib_a-int_errno.o)
 .debug_line    0x00000000000017d6      0x2f9 /home/youlittleperson/intelFPGA_lite/20.1/nios2eds/bin/gnu/H-x86_64-pc-linux-gnu/bin/../lib/gcc/nios2-elf/9.2.1/mno-hw-mul/libgcc.a(lib2-divmod.o)
 .debug_line    0x0000000000001acf       0xb6 /home/youlittleperson/intelFPGA_lite/20.1/nios2eds/bin/gnu/H-x86_64-pc-linux-gnu/bin/../lib/gcc/nios2-elf/9.2.1/mno-hw-mul/libgcc.a(lib2-mul.o)
 .debug_line    0x0000000000001b85      0x2b9 ../multiple_axis_test_bsp//libhal_bsp.a(alt_irq_register.o)
 .debug_line    0x0000000000001e3e       0x50 ../multiple_axis_test_bsp//libhal_bsp.a(alt_irq_vars.o)
 .debug_line    0x0000000000001e8e      0x2a3 ../multiple_axis_test_bsp//libhal_bsp.a(alt_load.o)
 .debug_line    0x0000000000002131      0x369 ../multiple_axis_test_bsp//libhal_bsp.a(alt_main.o)
 .debug_line    0x000000000000249a      0x1d8 ../multiple_axis_test_bsp//libhal_bsp.a(alt_putstr.o)
 .debug_line    0x0000000000002672      0x34d ../multiple_axis_test_bsp//libhal_bsp.a(alt_write.o)
 .debug_line    0x00000000000029bf      0x2a5 ../multiple_axis_test_bsp//libhal_bsp.a(alt_sys_init.o)
 .debug_line    0x0000000000002c64      0x28b ../multiple_axis_test_bsp//libhal_bsp.a(altera_avalon_jtag_uart_write.o)
 .debug_line    0x0000000000002eef      0x332 ../multiple_axis_test_bsp//libhal_bsp.a(altera_up_avalon_accelerometer_spi.o)
 .debug_line    0x0000000000003221      0x1c7 ../multiple_axis_test_bsp//libhal_bsp.a(alt_dcache_flush_all.o)
 .debug_line    0x00000000000033e8      0x2e6 ../multiple_axis_test_bsp//libhal_bsp.a(alt_dev.o)
 .debug_line    0x00000000000036ce      0x249 ../multiple_axis_test_bsp//libhal_bsp.a(alt_dev_llist_insert.o)
 .debug_line    0x0000000000003917      0x161 ../multiple_axis_test_bsp//libhal_bsp.a(alt_errno.o)
 .debug_line    0x0000000000003a78      0x25f ../multiple_axis_test_bsp//libhal_bsp.a(alt_find_dev.o)
 .debug_line    0x0000000000003cd7      0x1c5 ../multiple_axis_test_bsp//libhal_bsp.a(alt_icache_flush_all.o)
 .debug_line    0x0000000000003e9c       0x6b ../multiple_axis_test_bsp//libhal_bsp.a(alt_irq_entry.o)
 .debug_line    0x0000000000003f07      0x232 ../multiple_axis_test_bsp//libhal_bsp.a(alt_irq_handler.o)
 .debug_line    0x0000000000004139      0x16a ../multiple_axis_test_bsp//libhal_bsp.a(altera_nios2_gen2_irq.o)
 .debug_line    0x00000000000042a3       0xb3 ../multiple_axis_test_bsp//libhal_bsp.a(alt_exception_entry.o)
 .debug_line    0x0000000000004356       0xee ../multiple_axis_test_bsp//libhal_bsp.a(alt_instruction_exception_entry.o)
 .debug_line    0x0000000000004444      0x20c /home/youlittleperson/intelFPGA_lite/20.1/nios2eds/bin/gnu/H-x86_64-pc-linux-gnu/bin/../lib/gcc/nios2-elf/9.2.1/../../../../../H-x86_64-pc-linux-gnu/nios2-elf/lib/mno-hw-mul/libsmallc.a(lib_a-memcmp.o)

.debug_frame    0x0000000000000000      0x554
 *(.debug_frame)
 .debug_frame   0x0000000000000000       0x5c obj/default/hello_world_small.o
 .debug_frame   0x000000000000005c       0x48 /home/youlittleperson/intelFPGA_lite/20.1/nios2eds/bin/gnu/H-x86_64-pc-linux-gnu/bin/../lib/gcc/nios2-elf/9.2.1/../../../../../H-x86_64-pc-linux-gnu/nios2-elf/lib/mno-hw-mul/libsmallc.a(lib_a-printf.o)
 .debug_frame   0x00000000000000a4       0x90 /home/youlittleperson/intelFPGA_lite/20.1/nios2eds/bin/gnu/H-x86_64-pc-linux-gnu/bin/../lib/gcc/nios2-elf/9.2.1/../../../../../H-x86_64-pc-linux-gnu/nios2-elf/lib/mno-hw-mul/libsmallc.a(lib_a-vfprintf.o)
 .debug_frame   0x0000000000000134       0x3c /home/youlittleperson/intelFPGA_lite/20.1/nios2eds/bin/gnu/H-x86_64-pc-linux-gnu/bin/../lib/gcc/nios2-elf/9.2.1/../../../../../H-x86_64-pc-linux-gnu/nios2-elf/lib/mno-hw-mul/libsmallc.a(lib_a-fvwrite_small_dev.o)
 .debug_frame   0x0000000000000170       0x20 /home/youlittleperson/intelFPGA_lite/20.1/nios2eds/bin/gnu/H-x86_64-pc-linux-gnu/bin/../lib/gcc/nios2-elf/9.2.1/../../../../../H-x86_64-pc-linux-gnu/nios2-elf/lib/mno-hw-mul/libsmallc.a(lib_a-strlen.o)
 .debug_frame   0x0000000000000190       0x30 /home/youlittleperson/intelFPGA_lite/20.1/nios2eds/bin/gnu/H-x86_64-pc-linux-gnu/bin/../lib/gcc/nios2-elf/9.2.1/../../../../../H-x86_64-pc-linux-gnu/nios2-elf/lib/mno-hw-mul/libsmallc.a(lib_a-writer.o)
 .debug_frame   0x00000000000001c0       0x50 /home/youlittleperson/intelFPGA_lite/20.1/nios2eds/bin/gnu/H-x86_64-pc-linux-gnu/bin/../lib/gcc/nios2-elf/9.2.1/mno-hw-mul/libgcc.a(lib2-divmod.o)
 .debug_frame   0x0000000000000210       0x20 /home/youlittleperson/intelFPGA_lite/20.1/nios2eds/bin/gnu/H-x86_64-pc-linux-gnu/bin/../lib/gcc/nios2-elf/9.2.1/mno-hw-mul/libgcc.a(lib2-mul.o)
 .debug_frame   0x0000000000000230       0x20 ../multiple_axis_test_bsp//libhal_bsp.a(alt_irq_register.o)
 .debug_frame   0x0000000000000250       0x30 ../multiple_axis_test_bsp//libhal_bsp.a(alt_load.o)
 .debug_frame   0x0000000000000280       0x2c ../multiple_axis_test_bsp//libhal_bsp.a(alt_main.o)
 .debug_frame   0x00000000000002ac       0x30 ../multiple_axis_test_bsp//libhal_bsp.a(alt_putstr.o)
 .debug_frame   0x00000000000002dc       0x2c ../multiple_axis_test_bsp//libhal_bsp.a(alt_write.o)
 .debug_frame   0x0000000000000308       0x3c ../multiple_axis_test_bsp//libhal_bsp.a(alt_sys_init.o)
 .debug_frame   0x0000000000000344       0x20 ../multiple_axis_test_bsp//libhal_bsp.a(altera_avalon_jtag_uart_write.o)
 .debug_frame   0x0000000000000364       0x80 ../multiple_axis_test_bsp//libhal_bsp.a(altera_up_avalon_accelerometer_spi.o)
 .debug_frame   0x00000000000003e4       0x20 ../multiple_axis_test_bsp//libhal_bsp.a(alt_dcache_flush_all.o)
 .debug_frame   0x0000000000000404       0x20 ../multiple_axis_test_bsp//libhal_bsp.a(alt_dev.o)
 .debug_frame   0x0000000000000424       0x2c ../multiple_axis_test_bsp//libhal_bsp.a(alt_dev_llist_insert.o)
 .debug_frame   0x0000000000000450       0x40 ../multiple_axis_test_bsp//libhal_bsp.a(alt_find_dev.o)
 .debug_frame   0x0000000000000490       0x20 ../multiple_axis_test_bsp//libhal_bsp.a(alt_icache_flush_all.o)
 .debug_frame   0x00000000000004b0       0x34 ../multiple_axis_test_bsp//libhal_bsp.a(alt_irq_handler.o)
 .debug_frame   0x00000000000004e4       0x20 ../multiple_axis_test_bsp//libhal_bsp.a(altera_nios2_gen2_irq.o)
 .debug_frame   0x0000000000000504       0x30 ../multiple_axis_test_bsp//libhal_bsp.a(alt_instruction_exception_entry.o)
 .debug_frame   0x0000000000000534       0x20 /home/youlittleperson/intelFPGA_lite/20.1/nios2eds/bin/gnu/H-x86_64-pc-linux-gnu/bin/../lib/gcc/nios2-elf/9.2.1/../../../../../H-x86_64-pc-linux-gnu/nios2-elf/lib/mno-hw-mul/libsmallc.a(lib_a-memcmp.o)

.debug_str      0x0000000000000000     0x1eec
 *(.debug_str)
 .debug_str     0x0000000000000000       0x7b ../multiple_axis_test_bsp//obj/HAL/src/crt0.o
 .debug_str     0x000000000000007b      0x624 obj/default/hello_world_small.o
                                        0x71b (size before relaxing)
 .debug_str     0x000000000000069f      0x2f9 /home/youlittleperson/intelFPGA_lite/20.1/nios2eds/bin/gnu/H-x86_64-pc-linux-gnu/bin/../lib/gcc/nios2-elf/9.2.1/../../../../../H-x86_64-pc-linux-gnu/nios2-elf/lib/mno-hw-mul/libsmallc.a(lib_a-printf.o)
                                        0x65c (size before relaxing)
 .debug_str     0x0000000000000998      0x44e /home/youlittleperson/intelFPGA_lite/20.1/nios2eds/bin/gnu/H-x86_64-pc-linux-gnu/bin/../lib/gcc/nios2-elf/9.2.1/../../../../../H-x86_64-pc-linux-gnu/nios2-elf/lib/mno-hw-mul/libsmallc.a(lib_a-vfprintf.o)
                                        0xb4f (size before relaxing)
 .debug_str     0x0000000000000de6       0x7a /home/youlittleperson/intelFPGA_lite/20.1/nios2eds/bin/gnu/H-x86_64-pc-linux-gnu/bin/../lib/gcc/nios2-elf/9.2.1/../../../../../H-x86_64-pc-linux-gnu/nios2-elf/lib/mno-hw-mul/libsmallc.a(lib_a-fvwrite_small_dev.o)
                                        0x638 (size before relaxing)
 .debug_str     0x0000000000000e60      0x11f /home/youlittleperson/intelFPGA_lite/20.1/nios2eds/bin/gnu/H-x86_64-pc-linux-gnu/bin/../lib/gcc/nios2-elf/9.2.1/../../../../../H-x86_64-pc-linux-gnu/nios2-elf/lib/mno-hw-mul/libsmallc.a(lib_a-impure.o)
                                        0x529 (size before relaxing)
 .debug_str     0x0000000000000f7f       0xd6 /home/youlittleperson/intelFPGA_lite/20.1/nios2eds/bin/gnu/H-x86_64-pc-linux-gnu/bin/../lib/gcc/nios2-elf/9.2.1/../../../../../H-x86_64-pc-linux-gnu/nios2-elf/lib/mno-hw-mul/libsmallc.a(lib_a-strlen.o)
                                        0x4d2 (size before relaxing)
 .debug_str     0x0000000000001055       0x47 /home/youlittleperson/intelFPGA_lite/20.1/nios2eds/bin/gnu/H-x86_64-pc-linux-gnu/bin/../lib/gcc/nios2-elf/9.2.1/../../../../../H-x86_64-pc-linux-gnu/nios2-elf/lib/mno-hw-mul/libsmallc.a(lib_a-writer.o)
                                        0x50e (size before relaxing)
 .debug_str     0x000000000000109c       0x41 /home/youlittleperson/intelFPGA_lite/20.1/nios2eds/bin/gnu/H-x86_64-pc-linux-gnu/bin/../lib/gcc/nios2-elf/9.2.1/../../../../../H-x86_64-pc-linux-gnu/nios2-elf/lib/mno-hw-mul/libsmallc.a(lib_a-int_errno.o)
                                        0x4cf (size before relaxing)
 .debug_str     0x00000000000010dd      0x194 /home/youlittleperson/intelFPGA_lite/20.1/nios2eds/bin/gnu/H-x86_64-pc-linux-gnu/bin/../lib/gcc/nios2-elf/9.2.1/mno-hw-mul/libgcc.a(lib2-divmod.o)
                                        0x1df (size before relaxing)
 .debug_str     0x0000000000001271       0x42 /home/youlittleperson/intelFPGA_lite/20.1/nios2eds/bin/gnu/H-x86_64-pc-linux-gnu/bin/../lib/gcc/nios2-elf/9.2.1/mno-hw-mul/libgcc.a(lib2-mul.o)
                                        0x1a0 (size before relaxing)
 .debug_str     0x00000000000012b3       0xac ../multiple_axis_test_bsp//libhal_bsp.a(alt_irq_register.o)
                                        0x60f (size before relaxing)
 .debug_str     0x000000000000135f       0x29 ../multiple_axis_test_bsp//libhal_bsp.a(alt_irq_vars.o)
                                        0x166 (size before relaxing)
 .debug_str     0x0000000000001388      0x113 ../multiple_axis_test_bsp//libhal_bsp.a(alt_load.o)
                                        0x648 (size before relaxing)
 .debug_str     0x000000000000149b      0x1aa ../multiple_axis_test_bsp//libhal_bsp.a(alt_main.o)
                                        0x7fa (size before relaxing)
 .debug_str     0x0000000000001645       0x5d ../multiple_axis_test_bsp//libhal_bsp.a(alt_putstr.o)
                                        0x592 (size before relaxing)
 .debug_str     0x00000000000016a2       0x2c ../multiple_axis_test_bsp//libhal_bsp.a(alt_write.o)
                                        0x813 (size before relaxing)
 .debug_str     0x00000000000016ce       0xe0 ../multiple_axis_test_bsp//libhal_bsp.a(alt_sys_init.o)
                                        0x760 (size before relaxing)
 .debug_str     0x00000000000017ae       0x2c ../multiple_axis_test_bsp//libhal_bsp.a(altera_avalon_jtag_uart_write.o)
                                        0x64c (size before relaxing)
 .debug_str     0x00000000000017da       0xe6 ../multiple_axis_test_bsp//libhal_bsp.a(altera_up_avalon_accelerometer_spi.o)
                                        0x78a (size before relaxing)
 .debug_str     0x00000000000018c0       0x1f ../multiple_axis_test_bsp//libhal_bsp.a(alt_dcache_flush_all.o)
                                        0x561 (size before relaxing)
 .debug_str     0x00000000000018df       0x32 ../multiple_axis_test_bsp//libhal_bsp.a(alt_dev.o)
                                        0x7bf (size before relaxing)
 .debug_str     0x0000000000001911       0x30 ../multiple_axis_test_bsp//libhal_bsp.a(alt_dev_llist_insert.o)
                                        0x5e5 (size before relaxing)
 .debug_str     0x0000000000001941       0x14 ../multiple_axis_test_bsp//libhal_bsp.a(alt_errno.o)
                                        0x55e (size before relaxing)
 .debug_str     0x0000000000001955       0x1e ../multiple_axis_test_bsp//libhal_bsp.a(alt_find_dev.o)
                                        0x61f (size before relaxing)
 .debug_str     0x0000000000001973       0x1f ../multiple_axis_test_bsp//libhal_bsp.a(alt_icache_flush_all.o)
                                        0x561 (size before relaxing)
 .debug_str     0x0000000000001992       0x18 ../multiple_axis_test_bsp//libhal_bsp.a(alt_irq_entry.o)
                                         0x84 (size before relaxing)
 .debug_str     0x00000000000019aa       0x3a ../multiple_axis_test_bsp//libhal_bsp.a(alt_irq_handler.o)
                                        0x5b0 (size before relaxing)
 .debug_str     0x00000000000019e4       0x20 ../multiple_axis_test_bsp//libhal_bsp.a(altera_nios2_gen2_irq.o)
                                        0x575 (size before relaxing)
 .debug_str     0x0000000000001a04       0x1e ../multiple_axis_test_bsp//libhal_bsp.a(alt_exception_entry.o)
                                         0x8a (size before relaxing)
 .debug_str     0x0000000000001a22      0x48b ../multiple_axis_test_bsp//libhal_bsp.a(alt_instruction_exception_entry.o)
                                        0x5cc (size before relaxing)
 .debug_str     0x0000000000001ead       0x3f /home/youlittleperson/intelFPGA_lite/20.1/nios2eds/bin/gnu/H-x86_64-pc-linux-gnu/bin/../lib/gcc/nios2-elf/9.2.1/../../../../../H-x86_64-pc-linux-gnu/nios2-elf/lib/mno-hw-mul/libsmallc.a(lib_a-memcmp.o)
                                        0x4cc (size before relaxing)

.debug_loc      0x0000000000000000     0x1c52
 *(.debug_loc)
 .debug_loc     0x0000000000000000       0x26 obj/default/hello_world_small.o
 .debug_loc     0x0000000000000026      0x10a /home/youlittleperson/intelFPGA_lite/20.1/nios2eds/bin/gnu/H-x86_64-pc-linux-gnu/bin/../lib/gcc/nios2-elf/9.2.1/../../../../../H-x86_64-pc-linux-gnu/nios2-elf/lib/mno-hw-mul/libsmallc.a(lib_a-printf.o)
 .debug_loc     0x0000000000000130      0xb67 /home/youlittleperson/intelFPGA_lite/20.1/nios2eds/bin/gnu/H-x86_64-pc-linux-gnu/bin/../lib/gcc/nios2-elf/9.2.1/../../../../../H-x86_64-pc-linux-gnu/nios2-elf/lib/mno-hw-mul/libsmallc.a(lib_a-vfprintf.o)
 .debug_loc     0x0000000000000c97      0x123 /home/youlittleperson/intelFPGA_lite/20.1/nios2eds/bin/gnu/H-x86_64-pc-linux-gnu/bin/../lib/gcc/nios2-elf/9.2.1/../../../../../H-x86_64-pc-linux-gnu/nios2-elf/lib/mno-hw-mul/libsmallc.a(lib_a-fvwrite_small_dev.o)
 .debug_loc     0x0000000000000dba       0x44 /home/youlittleperson/intelFPGA_lite/20.1/nios2eds/bin/gnu/H-x86_64-pc-linux-gnu/bin/../lib/gcc/nios2-elf/9.2.1/../../../../../H-x86_64-pc-linux-gnu/nios2-elf/lib/mno-hw-mul/libsmallc.a(lib_a-strlen.o)
 .debug_loc     0x0000000000000dfe       0xd0 /home/youlittleperson/intelFPGA_lite/20.1/nios2eds/bin/gnu/H-x86_64-pc-linux-gnu/bin/../lib/gcc/nios2-elf/9.2.1/../../../../../H-x86_64-pc-linux-gnu/nios2-elf/lib/mno-hw-mul/libsmallc.a(lib_a-writer.o)
 .debug_loc     0x0000000000000ece      0x5d0 /home/youlittleperson/intelFPGA_lite/20.1/nios2eds/bin/gnu/H-x86_64-pc-linux-gnu/bin/../lib/gcc/nios2-elf/9.2.1/mno-hw-mul/libgcc.a(lib2-divmod.o)
 .debug_loc     0x000000000000149e       0xa7 /home/youlittleperson/intelFPGA_lite/20.1/nios2eds/bin/gnu/H-x86_64-pc-linux-gnu/bin/../lib/gcc/nios2-elf/9.2.1/mno-hw-mul/libgcc.a(lib2-mul.o)
 .debug_loc     0x0000000000001545      0x13e ../multiple_axis_test_bsp//libhal_bsp.a(alt_irq_register.o)
 .debug_loc     0x0000000000001683       0x66 ../multiple_axis_test_bsp//libhal_bsp.a(alt_load.o)
 .debug_loc     0x00000000000016e9       0x3f ../multiple_axis_test_bsp//libhal_bsp.a(alt_putstr.o)
 .debug_loc     0x0000000000001728       0xd2 ../multiple_axis_test_bsp//libhal_bsp.a(alt_write.o)
 .debug_loc     0x00000000000017fa       0x25 ../multiple_axis_test_bsp//libhal_bsp.a(alt_sys_init.o)
 .debug_loc     0x000000000000181f       0x93 ../multiple_axis_test_bsp//libhal_bsp.a(altera_avalon_jtag_uart_write.o)
 .debug_loc     0x00000000000018b2       0x6f ../multiple_axis_test_bsp//libhal_bsp.a(altera_up_avalon_accelerometer_spi.o)
 .debug_loc     0x0000000000001921       0x8e ../multiple_axis_test_bsp//libhal_bsp.a(alt_dev_llist_insert.o)
 .debug_loc     0x00000000000019af       0xc2 ../multiple_axis_test_bsp//libhal_bsp.a(alt_find_dev.o)
 .debug_loc     0x0000000000001a71       0xac ../multiple_axis_test_bsp//libhal_bsp.a(alt_irq_handler.o)
 .debug_loc     0x0000000000001b1d       0x73 ../multiple_axis_test_bsp//libhal_bsp.a(alt_instruction_exception_entry.o)
 .debug_loc     0x0000000000001b90       0xc2 /home/youlittleperson/intelFPGA_lite/20.1/nios2eds/bin/gnu/H-x86_64-pc-linux-gnu/bin/../lib/gcc/nios2-elf/9.2.1/../../../../../H-x86_64-pc-linux-gnu/nios2-elf/lib/mno-hw-mul/libsmallc.a(lib_a-memcmp.o)

.debug_macinfo
 *(.debug_macinfo)

.debug_weaknames
 *(.debug_weaknames)

.debug_funcnames
 *(.debug_funcnames)

.debug_typenames
 *(.debug_typenames)

.debug_varnames
 *(.debug_varnames)

.debug_alt_sim_info
                0x0000000000000000       0x10
 *(.debug_alt_sim_info)
 .debug_alt_sim_info
                0x0000000000000000       0x10 ../multiple_axis_test_bsp//obj/HAL/src/crt0.o
                0x0000000000020000                __alt_data_end = 0x20000
                0x0000000000020000                PROVIDE (__alt_stack_pointer = __alt_data_end)
                [!provide]                        PROVIDE (__alt_stack_limit = __alt_stack_base)
                [!provide]                        PROVIDE (__alt_heap_start = end)
                [!provide]                        PROVIDE (__alt_heap_limit = 0x20000)
OUTPUT(multiple_axis_test.elf elf32-littlenios2)

.debug_ranges   0x0000000000000000      0x3a8
 .debug_ranges  0x0000000000000000       0x20 ../multiple_axis_test_bsp//obj/HAL/src/crt0.o
 .debug_ranges  0x0000000000000020       0x18 obj/default/hello_world_small.o
 .debug_ranges  0x0000000000000038       0x18 /home/youlittleperson/intelFPGA_lite/20.1/nios2eds/bin/gnu/H-x86_64-pc-linux-gnu/bin/../lib/gcc/nios2-elf/9.2.1/../../../../../H-x86_64-pc-linux-gnu/nios2-elf/lib/mno-hw-mul/libsmallc.a(lib_a-printf.o)
 .debug_ranges  0x0000000000000050       0xe8 /home/youlittleperson/intelFPGA_lite/20.1/nios2eds/bin/gnu/H-x86_64-pc-linux-gnu/bin/../lib/gcc/nios2-elf/9.2.1/../../../../../H-x86_64-pc-linux-gnu/nios2-elf/lib/mno-hw-mul/libsmallc.a(lib_a-vfprintf.o)
 .debug_ranges  0x0000000000000138       0x10 /home/youlittleperson/intelFPGA_lite/20.1/nios2eds/bin/gnu/H-x86_64-pc-linux-gnu/bin/../lib/gcc/nios2-elf/9.2.1/../../../../../H-x86_64-pc-linux-gnu/nios2-elf/lib/mno-hw-mul/libsmallc.a(lib_a-fvwrite_small_dev.o)
 .debug_ranges  0x0000000000000148       0x10 /home/youlittleperson/intelFPGA_lite/20.1/nios2eds/bin/gnu/H-x86_64-pc-linux-gnu/bin/../lib/gcc/nios2-elf/9.2.1/../../../../../H-x86_64-pc-linux-gnu/nios2-elf/lib/mno-hw-mul/libsmallc.a(lib_a-strlen.o)
 .debug_ranges  0x0000000000000158       0x10 /home/youlittleperson/intelFPGA_lite/20.1/nios2eds/bin/gnu/H-x86_64-pc-linux-gnu/bin/../lib/gcc/nios2-elf/9.2.1/../../../../../H-x86_64-pc-linux-gnu/nios2-elf/lib/mno-hw-mul/libsmallc.a(lib_a-writer.o)
 .debug_ranges  0x0000000000000168       0x70 /home/youlittleperson/intelFPGA_lite/20.1/nios2eds/bin/gnu/H-x86_64-pc-linux-gnu/bin/../lib/gcc/nios2-elf/9.2.1/mno-hw-mul/libgcc.a(lib2-divmod.o)
 .debug_ranges  0x00000000000001d8       0x30 ../multiple_axis_test_bsp//libhal_bsp.a(alt_irq_register.o)
 .debug_ranges  0x0000000000000208       0xa0 ../multiple_axis_test_bsp//libhal_bsp.a(alt_load.o)
 .debug_ranges  0x00000000000002a8       0x20 ../multiple_axis_test_bsp//libhal_bsp.a(alt_write.o)
 .debug_ranges  0x00000000000002c8       0x18 ../multiple_axis_test_bsp//libhal_bsp.a(alt_sys_init.o)
 .debug_ranges  0x00000000000002e0       0x20 ../multiple_axis_test_bsp//libhal_bsp.a(alt_dev_llist_insert.o)
 .debug_ranges  0x0000000000000300       0x28 ../multiple_axis_test_bsp//libhal_bsp.a(alt_irq_entry.o)
 .debug_ranges  0x0000000000000328       0x28 ../multiple_axis_test_bsp//libhal_bsp.a(alt_irq_handler.o)
 .debug_ranges  0x0000000000000350       0x30 ../multiple_axis_test_bsp//libhal_bsp.a(alt_exception_entry.o)
 .debug_ranges  0x0000000000000380       0x18 ../multiple_axis_test_bsp//libhal_bsp.a(alt_instruction_exception_entry.o)
 .debug_ranges  0x0000000000000398       0x10 /home/youlittleperson/intelFPGA_lite/20.1/nios2eds/bin/gnu/H-x86_64-pc-linux-gnu/bin/../lib/gcc/nios2-elf/9.2.1/../../../../../H-x86_64-pc-linux-gnu/nios2-elf/lib/mno-hw-mul/libsmallc.a(lib_a-memcmp.o)
