Archive member included to satisfy reference by file (symbol)

/home/youlittleperson/intelFPGA_lite/20.1/nios2eds/bin/gnu/H-x86_64-pc-linux-gnu/bin/../lib/gcc/nios2-elf/9.2.1/../../../../../H-x86_64-pc-linux-gnu/nios2-elf/lib/mno-hw-mul/libsmallc.a(lib_a-printf.o)
                              obj/default/hello_world_small.o (printf)
/home/youlittleperson/intelFPGA_lite/20.1/nios2eds/bin/gnu/H-x86_64-pc-linux-gnu/bin/../lib/gcc/nios2-elf/9.2.1/../../../../../H-x86_64-pc-linux-gnu/nios2-elf/lib/mno-hw-mul/libsmallc.a(lib_a-vfprintf.o)
                              /home/youlittleperson/intelFPGA_lite/20.1/nios2eds/bin/gnu/H-x86_64-pc-linux-gnu/bin/../lib/gcc/nios2-elf/9.2.1/../../../../../H-x86_64-pc-linux-gnu/nios2-elf/lib/mno-hw-mul/libsmallc.a(lib_a-printf.o) (___vfprintf_internal_r)
/home/youlittleperson/intelFPGA_lite/20.1/nios2eds/bin/gnu/H-x86_64-pc-linux-gnu/bin/../lib/gcc/nios2-elf/9.2.1/../../../../../H-x86_64-pc-linux-gnu/nios2-elf/lib/mno-hw-mul/libsmallc.a(lib_a-fvwrite_small_dev.o)
                              /home/youlittleperson/intelFPGA_lite/20.1/nios2eds/bin/gnu/H-x86_64-pc-linux-gnu/bin/../lib/gcc/nios2-elf/9.2.1/../../../../../H-x86_64-pc-linux-gnu/nios2-elf/lib/mno-hw-mul/libsmallc.a(lib_a-printf.o) (__sfvwrite_small_dev)
/home/youlittleperson/intelFPGA_lite/20.1/nios2eds/bin/gnu/H-x86_64-pc-linux-gnu/bin/../lib/gcc/nios2-elf/9.2.1/../../../../../H-x86_64-pc-linux-gnu/nios2-elf/lib/mno-hw-mul/libsmallc.a(lib_a-impure.o)
                              /home/youlittleperson/intelFPGA_lite/20.1/nios2eds/bin/gnu/H-x86_64-pc-linux-gnu/bin/../lib/gcc/nios2-elf/9.2.1/../../../../../H-x86_64-pc-linux-gnu/nios2-elf/lib/mno-hw-mul/libsmallc.a(lib_a-printf.o) (_impure_ptr)
/home/youlittleperson/intelFPGA_lite/20.1/nios2eds/bin/gnu/H-x86_64-pc-linux-gnu/bin/../lib/gcc/nios2-elf/9.2.1/../../../../../H-x86_64-pc-linux-gnu/nios2-elf/lib/mno-hw-mul/libsmallc.a(lib_a-strlen.o)
                              /home/youlittleperson/intelFPGA_lite/20.1/nios2eds/bin/gnu/H-x86_64-pc-linux-gnu/bin/../lib/gcc/nios2-elf/9.2.1/../../../../../H-x86_64-pc-linux-gnu/nios2-elf/lib/mno-hw-mul/libsmallc.a(lib_a-vfprintf.o) (strlen)
/home/youlittleperson/intelFPGA_lite/20.1/nios2eds/bin/gnu/H-x86_64-pc-linux-gnu/bin/../lib/gcc/nios2-elf/9.2.1/../../../../../H-x86_64-pc-linux-gnu/nios2-elf/lib/mno-hw-mul/libsmallc.a(lib_a-writer.o)
                              /home/youlittleperson/intelFPGA_lite/20.1/nios2eds/bin/gnu/H-x86_64-pc-linux-gnu/bin/../lib/gcc/nios2-elf/9.2.1/../../../../../H-x86_64-pc-linux-gnu/nios2-elf/lib/mno-hw-mul/libsmallc.a(lib_a-fvwrite_small_dev.o) (_write_r)
/home/youlittleperson/intelFPGA_lite/20.1/nios2eds/bin/gnu/H-x86_64-pc-linux-gnu/bin/../lib/gcc/nios2-elf/9.2.1/../../../../../H-x86_64-pc-linux-gnu/nios2-elf/lib/mno-hw-mul/libsmallc.a(lib_a-int_errno.o)
                              /home/youlittleperson/intelFPGA_lite/20.1/nios2eds/bin/gnu/H-x86_64-pc-linux-gnu/bin/../lib/gcc/nios2-elf/9.2.1/../../../../../H-x86_64-pc-linux-gnu/nios2-elf/lib/mno-hw-mul/libsmallc.a(lib_a-writer.o) (errno)
/home/youlittleperson/intelFPGA_lite/20.1/nios2eds/bin/gnu/H-x86_64-pc-linux-gnu/bin/../lib/gcc/nios2-elf/9.2.1/mno-hw-mul/libgcc.a(lib2-divmod.o)
                              /home/youlittleperson/intelFPGA_lite/20.1/nios2eds/bin/gnu/H-x86_64-pc-linux-gnu/bin/../lib/gcc/nios2-elf/9.2.1/../../../../../H-x86_64-pc-linux-gnu/nios2-elf/lib/mno-hw-mul/libsmallc.a(lib_a-vfprintf.o) (__udivsi3)
/home/youlittleperson/intelFPGA_lite/20.1/nios2eds/bin/gnu/H-x86_64-pc-linux-gnu/bin/../lib/gcc/nios2-elf/9.2.1/mno-hw-mul/libgcc.a(lib2-mul.o)
                              /home/youlittleperson/intelFPGA_lite/20.1/nios2eds/bin/gnu/H-x86_64-pc-linux-gnu/bin/../lib/gcc/nios2-elf/9.2.1/../../../../../H-x86_64-pc-linux-gnu/nios2-elf/lib/mno-hw-mul/libsmallc.a(lib_a-vfprintf.o) (__mulsi3)
../multiple_axis_test_bsp//libhal_bsp.a(alt_irq_register.o)
                              obj/default/hello_world_small.o (alt_irq_register)
../multiple_axis_test_bsp//libhal_bsp.a(alt_irq_vars.o)
                              ../multiple_axis_test_bsp//libhal_bsp.a(alt_irq_register.o) (alt_irq_active)
../multiple_axis_test_bsp//libhal_bsp.a(alt_load.o)
                              ../multiple_axis_test_bsp//obj/HAL/src/crt0.o (alt_load)
../multiple_axis_test_bsp//libhal_bsp.a(alt_main.o)
                              ../multiple_axis_test_bsp//obj/HAL/src/crt0.o (alt_main)
../multiple_axis_test_bsp//libhal_bsp.a(alt_putstr.o)
                              obj/default/hello_world_small.o (alt_putstr)
../multiple_axis_test_bsp//libhal_bsp.a(alt_write.o)
                              /home/youlittleperson/intelFPGA_lite/20.1/nios2eds/bin/gnu/H-x86_64-pc-linux-gnu/bin/../lib/gcc/nios2-elf/9.2.1/../../../../../H-x86_64-pc-linux-gnu/nios2-elf/lib/mno-hw-mul/libsmallc.a(lib_a-writer.o) (write)
../multiple_axis_test_bsp//libhal_bsp.a(alt_sys_init.o)
                              ../multiple_axis_test_bsp//libhal_bsp.a(alt_main.o) (alt_irq_init)
../multiple_axis_test_bsp//libhal_bsp.a(altera_avalon_jtag_uart_write.o)
                              ../multiple_axis_test_bsp//libhal_bsp.a(alt_putstr.o) (altera_avalon_jtag_uart_write)
../multiple_axis_test_bsp//libhal_bsp.a(altera_up_avalon_accelerometer_spi.o)
                              obj/default/hello_world_small.o (alt_up_accelerometer_spi_open_dev)
../multiple_axis_test_bsp//libhal_bsp.a(alt_dcache_flush_all.o)
                              ../multiple_axis_test_bsp//libhal_bsp.a(alt_load.o) (alt_dcache_flush_all)
../multiple_axis_test_bsp//libhal_bsp.a(alt_dev.o)
                              ../multiple_axis_test_bsp//libhal_bsp.a(alt_sys_init.o) (alt_dev_list)
../multiple_axis_test_bsp//libhal_bsp.a(alt_dev_llist_insert.o)
                              ../multiple_axis_test_bsp//libhal_bsp.a(alt_sys_init.o) (alt_dev_llist_insert)
../multiple_axis_test_bsp//libhal_bsp.a(alt_errno.o)
                              ../multiple_axis_test_bsp//libhal_bsp.a(alt_write.o) (alt_errno)
../multiple_axis_test_bsp//libhal_bsp.a(alt_find_dev.o)
                              ../multiple_axis_test_bsp//libhal_bsp.a(altera_up_avalon_accelerometer_spi.o) (alt_find_dev)
../multiple_axis_test_bsp//libhal_bsp.a(alt_icache_flush_all.o)
                              ../multiple_axis_test_bsp//libhal_bsp.a(alt_load.o) (alt_icache_flush_all)
../multiple_axis_test_bsp//libhal_bsp.a(alt_irq_entry.o)
                              ../multiple_axis_test_bsp//libhal_bsp.a(alt_irq_register.o) (alt_irq_entry)
../multiple_axis_test_bsp//libhal_bsp.a(alt_irq_handler.o)
                              ../multiple_axis_test_bsp//libhal_bsp.a(alt_irq_register.o) (alt_irq_handler)
../multiple_axis_test_bsp//libhal_bsp.a(altera_nios2_gen2_irq.o)
                              ../multiple_axis_test_bsp//libhal_bsp.a(alt_sys_init.o) (altera_nios2_gen2_irq_init)
../multiple_axis_test_bsp//libhal_bsp.a(alt_exception_entry.o)
                              ../multiple_axis_test_bsp//libhal_bsp.a(alt_irq_entry.o) (alt_exception)
../multiple_axis_test_bsp//libhal_bsp.a(alt_instruction_exception_entry.o)
                              ../multiple_axis_test_bsp//libhal_bsp.a(alt_exception_entry.o) (alt_instruction_exception_entry)
/home/youlittleperson/intelFPGA_lite/20.1/nios2eds/bin/gnu/H-x86_64-pc-linux-gnu/bin/../lib/gcc/nios2-elf/9.2.1/../../../../../H-x86_64-pc-linux-gnu/nios2-elf/lib/mno-hw-mul/libsmallc.a(lib_a-memcmp.o)
                              ../multiple_axis_test_bsp//libhal_bsp.a(alt_find_dev.o) (memcmp)

Allocating common symbols
Common symbol       size              file

alt_irq             0x100             ../multiple_axis_test_bsp//libhal_bsp.a(alt_irq_handler.o)
errno               0x4               /home/youlittleperson/intelFPGA_lite/20.1/nios2eds/bin/gnu/H-x86_64-pc-linux-gnu/bin/../lib/gcc/nios2-elf/9.2.1/../../../../../H-x86_64-pc-linux-gnu/nios2-elf/lib/mno-hw-mul/libsmallc.a(lib_a-int_errno.o)
acc_dev             0x4               obj/default/hello_world_small.o

Memory Configuration

Name             Origin             Length             Attributes
reset            0x0000000000010000 0x0000000000000020
onchip_memory    0x0000000000010020 0x000000000000ffe0
*default*        0x0000000000000000 0xffffffffffffffff

Linker script and memory map

LOAD ../multiple_axis_test_bsp//obj/HAL/src/crt0.o
LOAD obj/default/hello_world_small.o
LOAD /home/youlittleperson/intelFPGA_lite/20.1/nios2eds/bin/gnu/H-x86_64-pc-linux-gnu/bin/../lib/gcc/nios2-elf/9.2.1/../../../../../H-x86_64-pc-linux-gnu/nios2-elf/lib/mno-hw-mul/libstdc++.a
LOAD /home/youlittleperson/intelFPGA_lite/20.1/nios2eds/bin/gnu/H-x86_64-pc-linux-gnu/bin/../lib/gcc/nios2-elf/9.2.1/../../../../../H-x86_64-pc-linux-gnu/nios2-elf/lib/mno-hw-mul/libm.a
LOAD /home/youlittleperson/intelFPGA_lite/20.1/nios2eds/bin/gnu/H-x86_64-pc-linux-gnu/bin/../lib/gcc/nios2-elf/9.2.1/mno-hw-mul/libgcc.a
START GROUP
LOAD /home/youlittleperson/intelFPGA_lite/20.1/nios2eds/bin/gnu/H-x86_64-pc-linux-gnu/bin/../lib/gcc/nios2-elf/9.2.1/../../../../../H-x86_64-pc-linux-gnu/nios2-elf/lib/mno-hw-mul/libsmallc.a
LOAD /home/youlittleperson/intelFPGA_lite/20.1/nios2eds/bin/gnu/H-x86_64-pc-linux-gnu/bin/../lib/gcc/nios2-elf/9.2.1/mno-hw-mul/libgcc.a
LOAD ../multiple_axis_test_bsp//libhal_bsp.a
LOAD /home/youlittleperson/intelFPGA_lite/20.1/nios2eds/bin/gnu/H-x86_64-pc-linux-gnu/bin/../lib/gcc/nios2-elf/9.2.1/../../../../../H-x86_64-pc-linux-gnu/nios2-elf/lib/mno-hw-mul/libm.a
END GROUP
LOAD /home/youlittleperson/intelFPGA_lite/20.1/nios2eds/bin/gnu/H-x86_64-pc-linux-gnu/bin/../lib/gcc/nios2-elf/9.2.1/mno-hw-mul/libgcc.a
                0x0000000000010000                __alt_mem_onchip_memory = 0x10000

.entry          0x0000000000010000       0x20
 *(.entry)
 .entry         0x0000000000010000       0x20 ../multiple_axis_test_bsp//obj/HAL/src/crt0.o
                0x0000000000010000                __reset
                0x000000000001000c                _exit

.exceptions     0x0000000000010020      0x160
                0x0000000000010020                PROVIDE (__ram_exceptions_start = ABSOLUTE (.))
                0x0000000000010020                . = ALIGN (0x20)
 *(.irq)
 *(.exceptions.entry.label)
 .exceptions.entry.label
                0x0000000000010020        0x0 ../multiple_axis_test_bsp//libhal_bsp.a(alt_irq_entry.o)
                0x0000000000010020                alt_irq_entry
 .exceptions.entry.label
                0x0000000000010020        0x0 ../multiple_axis_test_bsp//libhal_bsp.a(alt_exception_entry.o)
                0x0000000000010020                alt_exception
 *(.exceptions.entry.user)
 *(.exceptions.entry.ecc_fatal)
 *(.exceptions.entry)
 .exceptions.entry
                0x0000000000010020       0x54 ../multiple_axis_test_bsp//libhal_bsp.a(alt_exception_entry.o)
 *(.exceptions.irqtest.user)
 *(.exceptions.irqtest)
 .exceptions.irqtest
                0x0000000000010074       0x10 ../multiple_axis_test_bsp//libhal_bsp.a(alt_irq_entry.o)
 *(.exceptions.irqhandler.user)
 *(.exceptions.irqhandler)
 .exceptions.irqhandler
                0x0000000000010084        0x4 ../multiple_axis_test_bsp//libhal_bsp.a(alt_irq_entry.o)
 *(.exceptions.irqreturn.user)
 *(.exceptions.irqreturn)
 .exceptions.irqreturn
                0x0000000000010088        0x4 ../multiple_axis_test_bsp//libhal_bsp.a(alt_irq_entry.o)
 *(.exceptions.notirq.label)
 .exceptions.notirq.label
                0x000000000001008c        0x0 ../multiple_axis_test_bsp//libhal_bsp.a(alt_irq_entry.o)
 *(.exceptions.notirq.user)
 *(.exceptions.notirq)
 .exceptions.notirq
                0x000000000001008c        0x8 ../multiple_axis_test_bsp//libhal_bsp.a(alt_exception_entry.o)
 *(.exceptions.soft.user)
 *(.exceptions.soft)
 *(.exceptions.unknown.user)
 *(.exceptions.unknown)
 .exceptions.unknown
                0x0000000000010094       0x14 ../multiple_axis_test_bsp//libhal_bsp.a(alt_exception_entry.o)
 *(.exceptions.exit.label)
 .exceptions.exit.label
                0x00000000000100a8        0x0 ../multiple_axis_test_bsp//libhal_bsp.a(alt_irq_entry.o)
 .exceptions.exit.label
                0x00000000000100a8        0x0 ../multiple_axis_test_bsp//libhal_bsp.a(alt_exception_entry.o)
 *(.exceptions.exit.user)
 *(.exceptions.exit)
 .exceptions.exit
                0x00000000000100a8       0x54 ../multiple_axis_test_bsp//libhal_bsp.a(alt_exception_entry.o)
 *(.exceptions)
 .exceptions    0x00000000000100fc       0x60 ../multiple_axis_test_bsp//libhal_bsp.a(alt_irq_handler.o)
                0x00000000000100fc                alt_irq_handler
 .exceptions    0x000000000001015c       0x24 ../multiple_axis_test_bsp//libhal_bsp.a(alt_instruction_exception_entry.o)
                0x000000000001015c                alt_instruction_exception_entry
                0x0000000000010180                PROVIDE (__ram_exceptions_end = ABSOLUTE (.))
                0x0000000000010020                PROVIDE (__flash_exceptions_start = LOADADDR (.exceptions))

.text           0x0000000000010180      0xfe0
                [!provide]                        PROVIDE (stext = ABSOLUTE (.))
 *(.interp)
 *(.hash)
 *(.dynsym)
 *(.dynstr)
 *(.gnu.version)
 *(.gnu.version_d)
 *(.gnu.version_r)
 *(.rel.init)
 *(.rela.init)
 *(.rel.text .rel.text.* .rel.gnu.linkonce.t.*)
 *(.rela.text .rela.text.* .rela.gnu.linkonce.t.*)
 *(.rel.fini)
 *(.rela.fini)
 *(.rel.rodata .rel.rodata.* .rel.gnu.linkonce.r.*)
 *(.rela.rodata .rela.rodata.* .rela.gnu.linkonce.r.*)
 *(.rel.data .rel.data.* .rel.gnu.linkonce.d.*)
 *(.rela.data .rela.data.* .rela.gnu.linkonce.d.*)
 *(.rel.tdata .rel.tdata.* .rel.gnu.linkonce.td.*)
 *(.rela.tdata .rela.tdata.* .rela.gnu.linkonce.td.*)
 *(.rel.tbss .rel.tbss.* .rel.gnu.linkonce.tb.*)
 *(.rela.tbss .rela.tbss.* .rela.gnu.linkonce.tb.*)
 *(.rel.ctors)
 *(.rela.ctors)
 *(.rel.dtors)
 *(.rela.dtors)
 *(.rel.got)
 *(.rela.got)
 *(.rel.sdata .rel.sdata.* .rel.gnu.linkonce.s.*)
 *(.rela.sdata .rela.sdata.* .rela.gnu.linkonce.s.*)
 *(.rel.sbss .rel.sbss.* .rel.gnu.linkonce.sb.*)
 *(.rela.sbss .rela.sbss.* .rela.gnu.linkonce.sb.*)
 *(.rel.sdata2 .rel.sdata2.* .rel.gnu.linkonce.s2.*)
 *(.rela.sdata2 .rela.sdata2.* .rela.gnu.linkonce.s2.*)
 *(.rel.sbss2 .rel.sbss2.* .rel.gnu.linkonce.sb2.*)
 *(.rela.sbss2 .rela.sbss2.* .rela.gnu.linkonce.sb2.*)
 *(.rel.bss .rel.bss.* .rel.gnu.linkonce.b.*)
 *(.rela.bss .rela.bss.* .rela.gnu.linkonce.b.*)
 *(.rel.plt)
 *(.rela.plt)
 *(.rel.dyn)
 *(.init)
 *(.plt)
 *(.text .stub .text.* .gnu.linkonce.t.*)
 .text          0x0000000000010180       0x3c ../multiple_axis_test_bsp//obj/HAL/src/crt0.o
                0x0000000000010180                _start
 .text          0x00000000000101bc       0xcc obj/default/hello_world_small.o
                0x00000000000101bc                sys_timer_isr
                0x0000000000010234                timer_init
 .text.startup  0x0000000000010288       0x54 obj/default/hello_world_small.o
                0x0000000000010288                main
 .text          0x00000000000102dc        0x0 /home/youlittleperson/intelFPGA_lite/20.1/nios2eds/bin/gnu/H-x86_64-pc-linux-gnu/bin/../lib/gcc/nios2-elf/9.2.1/../../../../../H-x86_64-pc-linux-gnu/nios2-elf/lib/mno-hw-mul/libsmallc.a(lib_a-printf.o)
 .text._printf_r
                0x00000000000102dc       0x3c /home/youlittleperson/intelFPGA_lite/20.1/nios2eds/bin/gnu/H-x86_64-pc-linux-gnu/bin/../lib/gcc/nios2-elf/9.2.1/../../../../../H-x86_64-pc-linux-gnu/nios2-elf/lib/mno-hw-mul/libsmallc.a(lib_a-printf.o)
                0x00000000000102dc                _printf_r
 .text.printf   0x0000000000010318       0x48 /home/youlittleperson/intelFPGA_lite/20.1/nios2eds/bin/gnu/H-x86_64-pc-linux-gnu/bin/../lib/gcc/nios2-elf/9.2.1/../../../../../H-x86_64-pc-linux-gnu/nios2-elf/lib/mno-hw-mul/libsmallc.a(lib_a-printf.o)
                0x0000000000010318                printf
 .text          0x0000000000010360        0x0 /home/youlittleperson/intelFPGA_lite/20.1/nios2eds/bin/gnu/H-x86_64-pc-linux-gnu/bin/../lib/gcc/nios2-elf/9.2.1/../../../../../H-x86_64-pc-linux-gnu/nios2-elf/lib/mno-hw-mul/libsmallc.a(lib_a-vfprintf.o)
 .text.print_repeat
                0x0000000000010360       0x6c /home/youlittleperson/intelFPGA_lite/20.1/nios2eds/bin/gnu/H-x86_64-pc-linux-gnu/bin/../lib/gcc/nios2-elf/9.2.1/../../../../../H-x86_64-pc-linux-gnu/nios2-elf/lib/mno-hw-mul/libsmallc.a(lib_a-vfprintf.o)
 .text.___vfprintf_internal_r
                0x00000000000103cc      0x528 /home/youlittleperson/intelFPGA_lite/20.1/nios2eds/bin/gnu/H-x86_64-pc-linux-gnu/bin/../lib/gcc/nios2-elf/9.2.1/../../../../../H-x86_64-pc-linux-gnu/nios2-elf/lib/mno-hw-mul/libsmallc.a(lib_a-vfprintf.o)
                0x00000000000103cc                ___vfprintf_internal_r
 .text.__vfprintf_internal
                0x00000000000108f4       0x18 /home/youlittleperson/intelFPGA_lite/20.1/nios2eds/bin/gnu/H-x86_64-pc-linux-gnu/bin/../lib/gcc/nios2-elf/9.2.1/../../../../../H-x86_64-pc-linux-gnu/nios2-elf/lib/mno-hw-mul/libsmallc.a(lib_a-vfprintf.o)
                0x00000000000108f4                __vfprintf_internal
 .text          0x000000000001090c        0x0 /home/youlittleperson/intelFPGA_lite/20.1/nios2eds/bin/gnu/H-x86_64-pc-linux-gnu/bin/../lib/gcc/nios2-elf/9.2.1/../../../../../H-x86_64-pc-linux-gnu/nios2-elf/lib/mno-hw-mul/libsmallc.a(lib_a-fvwrite_small_dev.o)
 .text.__sfvwrite_small_dev
                0x000000000001090c       0xa8 /home/youlittleperson/intelFPGA_lite/20.1/nios2eds/bin/gnu/H-x86_64-pc-linux-gnu/bin/../lib/gcc/nios2-elf/9.2.1/../../../../../H-x86_64-pc-linux-gnu/nios2-elf/lib/mno-hw-mul/libsmallc.a(lib_a-fvwrite_small_dev.o)
                0x000000000001090c                __sfvwrite_small_dev
 .text          0x00000000000109b4        0x0 /home/youlittleperson/intelFPGA_lite/20.1/nios2eds/bin/gnu/H-x86_64-pc-linux-gnu/bin/../lib/gcc/nios2-elf/9.2.1/../../../../../H-x86_64-pc-linux-gnu/nios2-elf/lib/mno-hw-mul/libsmallc.a(lib_a-impure.o)
 .text          0x00000000000109b4        0x0 /home/youlittleperson/intelFPGA_lite/20.1/nios2eds/bin/gnu/H-x86_64-pc-linux-gnu/bin/../lib/gcc/nios2-elf/9.2.1/../../../../../H-x86_64-pc-linux-gnu/nios2-elf/lib/mno-hw-mul/libsmallc.a(lib_a-strlen.o)
 .text.strlen   0x00000000000109b4       0x1c /home/youlittleperson/intelFPGA_lite/20.1/nios2eds/bin/gnu/H-x86_64-pc-linux-gnu/bin/../lib/gcc/nios2-elf/9.2.1/../../../../../H-x86_64-pc-linux-gnu/nios2-elf/lib/mno-hw-mul/libsmallc.a(lib_a-strlen.o)
                0x00000000000109b4                strlen
 .text          0x00000000000109d0        0x0 /home/youlittleperson/intelFPGA_lite/20.1/nios2eds/bin/gnu/H-x86_64-pc-linux-gnu/bin/../lib/gcc/nios2-elf/9.2.1/../../../../../H-x86_64-pc-linux-gnu/nios2-elf/lib/mno-hw-mul/libsmallc.a(lib_a-writer.o)
 .text._write_r
                0x00000000000109d0       0x50 /home/youlittleperson/intelFPGA_lite/20.1/nios2eds/bin/gnu/H-x86_64-pc-linux-gnu/bin/../lib/gcc/nios2-elf/9.2.1/../../../../../H-x86_64-pc-linux-gnu/nios2-elf/lib/mno-hw-mul/libsmallc.a(lib_a-writer.o)
                0x00000000000109d0                _write_r
 .text          0x0000000000010a20        0x0 /home/youlittleperson/intelFPGA_lite/20.1/nios2eds/bin/gnu/H-x86_64-pc-linux-gnu/bin/../lib/gcc/nios2-elf/9.2.1/../../../../../H-x86_64-pc-linux-gnu/nios2-elf/lib/mno-hw-mul/libsmallc.a(lib_a-int_errno.o)
 .text          0x0000000000010a20      0x1b4 /home/youlittleperson/intelFPGA_lite/20.1/nios2eds/bin/gnu/H-x86_64-pc-linux-gnu/bin/../lib/gcc/nios2-elf/9.2.1/mno-hw-mul/libgcc.a(lib2-divmod.o)
                0x0000000000010a20                __divsi3
                0x0000000000010aa0                __modsi3
                0x0000000000010b14                __udivsi3
                0x0000000000010b78                __umodsi3
 .text          0x0000000000010bd4       0x28 /home/youlittleperson/intelFPGA_lite/20.1/nios2eds/bin/gnu/H-x86_64-pc-linux-gnu/bin/../lib/gcc/nios2-elf/9.2.1/mno-hw-mul/libgcc.a(lib2-mul.o)
                0x0000000000010bd4                __mulsi3
 .text          0x0000000000010bfc       0x90 ../multiple_axis_test_bsp//libhal_bsp.a(alt_irq_register.o)
                0x0000000000010bfc                alt_irq_register
 .text          0x0000000000010c8c        0x0 ../multiple_axis_test_bsp//libhal_bsp.a(alt_irq_vars.o)
 .text          0x0000000000010c8c       0xb4 ../multiple_axis_test_bsp//libhal_bsp.a(alt_load.o)
                0x0000000000010c8c                alt_load
 .text          0x0000000000010d40       0x2c ../multiple_axis_test_bsp//libhal_bsp.a(alt_main.o)
                0x0000000000010d40                alt_main
 .text          0x0000000000010d6c       0x38 ../multiple_axis_test_bsp//libhal_bsp.a(alt_putstr.o)
                0x0000000000010d6c                alt_putstr
 .text          0x0000000000010da4       0x5c ../multiple_axis_test_bsp//libhal_bsp.a(alt_write.o)
                0x0000000000010da4                write
 .text          0x0000000000010e00       0x30 ../multiple_axis_test_bsp//libhal_bsp.a(alt_sys_init.o)
                0x0000000000010e00                alt_irq_init
                0x0000000000010e20                alt_sys_init
 .text          0x0000000000010e30       0x30 ../multiple_axis_test_bsp//libhal_bsp.a(altera_avalon_jtag_uart_write.o)
                0x0000000000010e30                altera_avalon_jtag_uart_write
 .text          0x0000000000010e60      0x16c ../multiple_axis_test_bsp//libhal_bsp.a(altera_up_avalon_accelerometer_spi.o)
                0x0000000000010e60                alt_up_accelerometer_spi_open_dev
                0x0000000000010e68                alt_up_accelerometer_spi_read_address_register
                0x0000000000010e7c                alt_up_accelerometer_spi_read
                0x0000000000010e9c                alt_up_accelerometer_spi_write
                0x0000000000010eb8                alt_up_accelerometer_spi_read_x_axis
                0x0000000000010f14                alt_up_accelerometer_spi_read_y_axis
                0x0000000000010f70                alt_up_accelerometer_spi_read_z_axis
 .text          0x0000000000010fcc        0x4 ../multiple_axis_test_bsp//libhal_bsp.a(alt_dcache_flush_all.o)
                0x0000000000010fcc                alt_dcache_flush_all
 .text          0x0000000000010fd0        0x8 ../multiple_axis_test_bsp//libhal_bsp.a(alt_dev.o)
 .text          0x0000000000010fd8       0x6c ../multiple_axis_test_bsp//libhal_bsp.a(alt_dev_llist_insert.o)
                0x0000000000010fd8                alt_dev_llist_insert
 .text          0x0000000000011044        0x0 ../multiple_axis_test_bsp//libhal_bsp.a(alt_errno.o)
 .text          0x0000000000011044       0x70 ../multiple_axis_test_bsp//libhal_bsp.a(alt_find_dev.o)
                0x0000000000011044                alt_find_dev
 .text          0x00000000000110b4        0x4 ../multiple_axis_test_bsp//libhal_bsp.a(alt_icache_flush_all.o)
                0x00000000000110b4                alt_icache_flush_all
 .text          0x00000000000110b8        0x0 ../multiple_axis_test_bsp//libhal_bsp.a(alt_irq_entry.o)
 .text          0x00000000000110b8        0x0 ../multiple_axis_test_bsp//libhal_bsp.a(alt_irq_handler.o)
 .text          0x00000000000110b8        0x8 ../multiple_axis_test_bsp//libhal_bsp.a(altera_nios2_gen2_irq.o)
                0x00000000000110b8                altera_nios2_gen2_irq_init
 .text          0x00000000000110c0        0x0 ../multiple_axis_test_bsp//libhal_bsp.a(alt_exception_entry.o)
 .text          0x00000000000110c0       0x70 ../multiple_axis_test_bsp//libhal_bsp.a(alt_instruction_exception_entry.o)
                0x00000000000110c0                alt_exception_cause_generated_bad_addr
 .text          0x0000000000011130        0x0 /home/youlittleperson/intelFPGA_lite/20.1/nios2eds/bin/gnu/H-x86_64-pc-linux-gnu/bin/../lib/gcc/nios2-elf/9.2.1/../../../../../H-x86_64-pc-linux-gnu/nios2-elf/lib/mno-hw-mul/libsmallc.a(lib_a-memcmp.o)
 .text.memcmp   0x0000000000011130       0x30 /home/youlittleperson/intelFPGA_lite/20.1/nios2eds/bin/gnu/H-x86_64-pc-linux-gnu/bin/../lib/gcc/nios2-elf/9.2.1/../../../../../H-x86_64-pc-linux-gnu/nios2-elf/lib/mno-hw-mul/libsmallc.a(lib_a-memcmp.o)
                0x0000000000011130                memcmp
 *(.gnu.warning.*)
 *(.fini)
                [!provide]                        PROVIDE (__etext = ABSOLUTE (.))
                [!provide]                        PROVIDE (_etext = ABSOLUTE (.))
                [!provide]                        PROVIDE (etext = ABSOLUTE (.))
 *(.eh_frame_hdr)
                0x0000000000011160                . = ALIGN (0x4)
                [!provide]                        PROVIDE (__preinit_array_start = ABSOLUTE (.))
 *(.preinit_array)
                [!provide]                        PROVIDE (__preinit_array_end = ABSOLUTE (.))
                [!provide]                        PROVIDE (__init_array_start = ABSOLUTE (.))
 *(.init_array)
                [!provide]                        PROVIDE (__init_array_end = ABSOLUTE (.))
                [!provide]                        PROVIDE (__fini_array_start = ABSOLUTE (.))
 *(.fini_array)
                [!provide]                        PROVIDE (__fini_array_end = ABSOLUTE (.))
 *(.eh_frame)
 *(.gcc_except_table .gcc_except_table.*)
 *(.dynamic)
                [!provide]                        PROVIDE (__CTOR_LIST__ = ABSOLUTE (.))
 *(.ctors)
 *(SORT_BY_NAME(.ctors.*))
                [!provide]                        PROVIDE (__CTOR_END__ = ABSOLUTE (.))
                [!provide]                        PROVIDE (__DTOR_LIST__ = ABSOLUTE (.))
 *(.dtors)
 *(SORT_BY_NAME(.dtors.*))
                [!provide]                        PROVIDE (__DTOR_END__ = ABSOLUTE (.))
 *(.jcr)
                0x0000000000011160                . = ALIGN (0x4)

.rodata         0x0000000000011160       0x70
                0x0000000000011160                PROVIDE (__ram_rodata_start = ABSOLUTE (.))
                0x0000000000011160                . = ALIGN (0x4)
 *(.rodata .rodata.* .gnu.linkonce.r.*)
 .rodata.str1.4
                0x0000000000011160       0x63 obj/default/hello_world_small.o
 .rodata.str1.4
                0x00000000000111c3       0x17 ../multiple_axis_test_bsp//libhal_bsp.a(alt_sys_init.o)
 *fill*         0x00000000000111c3        0x1 
 .rodata.str1.4
                0x00000000000111c4        0xc ../multiple_axis_test_bsp//libhal_bsp.a(alt_dev.o)
                                          0xa (size before relaxing)
 *(.rodata1)
                0x00000000000111d0                . = ALIGN (0x4)
                0x00000000000111d0                PROVIDE (__ram_rodata_end = ABSOLUTE (.))
                0x0000000000011160                PROVIDE (__flash_rodata_start = LOADADDR (.rodata))

.rwdata         0x00000000000111d0      0x1a0 load address 0x0000000000011370
                0x00000000000111d0                PROVIDE (__ram_rwdata_start = ABSOLUTE (.))
                0x00000000000111d0                . = ALIGN (0x4)
 *(.got.plt)
 *(.got)
 *(.data1)
 *(.data .data.* .gnu.linkonce.d.*)
 .data          0x00000000000111d0        0x0 ../multiple_axis_test_bsp//obj/HAL/src/crt0.o
 .data          0x00000000000111d0        0x0 obj/default/hello_world_small.o
 .data          0x00000000000111d0        0x0 /home/youlittleperson/intelFPGA_lite/20.1/nios2eds/bin/gnu/H-x86_64-pc-linux-gnu/bin/../lib/gcc/nios2-elf/9.2.1/../../../../../H-x86_64-pc-linux-gnu/nios2-elf/lib/mno-hw-mul/libsmallc.a(lib_a-printf.o)
 .data          0x00000000000111d0        0x0 /home/youlittleperson/intelFPGA_lite/20.1/nios2eds/bin/gnu/H-x86_64-pc-linux-gnu/bin/../lib/gcc/nios2-elf/9.2.1/../../../../../H-x86_64-pc-linux-gnu/nios2-elf/lib/mno-hw-mul/libsmallc.a(lib_a-vfprintf.o)
 .data          0x00000000000111d0        0x0 /home/youlittleperson/intelFPGA_lite/20.1/nios2eds/bin/gnu/H-x86_64-pc-linux-gnu/bin/../lib/gcc/nios2-elf/9.2.1/../../../../../H-x86_64-pc-linux-gnu/nios2-elf/lib/mno-hw-mul/libsmallc.a(lib_a-fvwrite_small_dev.o)
 .data          0x00000000000111d0        0x0 /home/youlittleperson/intelFPGA_lite/20.1/nios2eds/bin/gnu/H-x86_64-pc-linux-gnu/bin/../lib/gcc/nios2-elf/9.2.1/../../../../../H-x86_64-pc-linux-gnu/nios2-elf/lib/mno-hw-mul/libsmallc.a(lib_a-impure.o)
 .data.impure_data
                0x00000000000111d0       0xe4 /home/youlittleperson/intelFPGA_lite/20.1/nios2eds/bin/gnu/H-x86_64-pc-linux-gnu/bin/../lib/gcc/nios2-elf/9.2.1/../../../../../H-x86_64-pc-linux-gnu/nios2-elf/lib/mno-hw-mul/libsmallc.a(lib_a-impure.o)
 .data          0x00000000000112b4        0x0 /home/youlittleperson/intelFPGA_lite/20.1/nios2eds/bin/gnu/H-x86_64-pc-linux-gnu/bin/../lib/gcc/nios2-elf/9.2.1/../../../../../H-x86_64-pc-linux-gnu/nios2-elf/lib/mno-hw-mul/libsmallc.a(lib_a-strlen.o)
 .data          0x00000000000112b4        0x0 /home/youlittleperson/intelFPGA_lite/20.1/nios2eds/bin/gnu/H-x86_64-pc-linux-gnu/bin/../lib/gcc/nios2-elf/9.2.1/../../../../../H-x86_64-pc-linux-gnu/nios2-elf/lib/mno-hw-mul/libsmallc.a(lib_a-writer.o)
 .data          0x00000000000112b4        0x0 /home/youlittleperson/intelFPGA_lite/20.1/nios2eds/bin/gnu/H-x86_64-pc-linux-gnu/bin/../lib/gcc/nios2-elf/9.2.1/../../../../../H-x86_64-pc-linux-gnu/nios2-elf/lib/mno-hw-mul/libsmallc.a(lib_a-int_errno.o)
 .data          0x00000000000112b4        0x0 /home/youlittleperson/intelFPGA_lite/20.1/nios2eds/bin/gnu/H-x86_64-pc-linux-gnu/bin/../lib/gcc/nios2-elf/9.2.1/mno-hw-mul/libgcc.a(lib2-divmod.o)
 .data          0x00000000000112b4        0x0 /home/youlittleperson/intelFPGA_lite/20.1/nios2eds/bin/gnu/H-x86_64-pc-linux-gnu/bin/../lib/gcc/nios2-elf/9.2.1/mno-hw-mul/libgcc.a(lib2-mul.o)
 .data          0x00000000000112b4        0x0 ../multiple_axis_test_bsp//libhal_bsp.a(alt_irq_register.o)
 .data          0x00000000000112b4        0x0 ../multiple_axis_test_bsp//libhal_bsp.a(alt_irq_vars.o)
 .data          0x00000000000112b4        0x0 ../multiple_axis_test_bsp//libhal_bsp.a(alt_load.o)
 .data          0x00000000000112b4        0x0 ../multiple_axis_test_bsp//libhal_bsp.a(alt_main.o)
 .data          0x00000000000112b4        0x0 ../multiple_axis_test_bsp//libhal_bsp.a(alt_putstr.o)
 .data          0x00000000000112b4        0x0 ../multiple_axis_test_bsp//libhal_bsp.a(alt_write.o)
 .data          0x00000000000112b4       0x2c ../multiple_axis_test_bsp//libhal_bsp.a(alt_sys_init.o)
 .data          0x00000000000112e0        0x0 ../multiple_axis_test_bsp//libhal_bsp.a(altera_avalon_jtag_uart_write.o)
 .data          0x00000000000112e0        0x0 ../multiple_axis_test_bsp//libhal_bsp.a(altera_up_avalon_accelerometer_spi.o)
 .data          0x00000000000112e0        0x0 ../multiple_axis_test_bsp//libhal_bsp.a(alt_dcache_flush_all.o)
 .data          0x00000000000112e0       0x58 ../multiple_axis_test_bsp//libhal_bsp.a(alt_dev.o)
                0x00000000000112e0                alt_fd_list
                0x0000000000011310                alt_dev_null
 .data          0x0000000000011338        0x0 ../multiple_axis_test_bsp//libhal_bsp.a(alt_dev_llist_insert.o)
 .data          0x0000000000011338        0x0 ../multiple_axis_test_bsp//libhal_bsp.a(alt_errno.o)
 .data          0x0000000000011338        0x0 ../multiple_axis_test_bsp//libhal_bsp.a(alt_find_dev.o)
 .data          0x0000000000011338        0x0 ../multiple_axis_test_bsp//libhal_bsp.a(alt_icache_flush_all.o)
 .data          0x0000000000011338        0x0 ../multiple_axis_test_bsp//libhal_bsp.a(alt_irq_entry.o)
 .data          0x0000000000011338        0x0 ../multiple_axis_test_bsp//libhal_bsp.a(alt_irq_handler.o)
 .data          0x0000000000011338        0x0 ../multiple_axis_test_bsp//libhal_bsp.a(altera_nios2_gen2_irq.o)
 .data          0x0000000000011338        0x0 ../multiple_axis_test_bsp//libhal_bsp.a(alt_exception_entry.o)
 .data          0x0000000000011338        0x0 ../multiple_axis_test_bsp//libhal_bsp.a(alt_instruction_exception_entry.o)
 .data          0x0000000000011338        0x0 /home/youlittleperson/intelFPGA_lite/20.1/nios2eds/bin/gnu/H-x86_64-pc-linux-gnu/bin/../lib/gcc/nios2-elf/9.2.1/../../../../../H-x86_64-pc-linux-gnu/nios2-elf/lib/mno-hw-mul/libsmallc.a(lib_a-memcmp.o)
                0x0000000000019338                _gp = ABSOLUTE ((. + 0x8000))
                [!provide]                        PROVIDE (gp = _gp)
 *(.rwdata .rwdata.*)
 *(.sdata .sdata.* .gnu.linkonce.s.*)
 .sdata         0x0000000000011338       0x10 obj/default/hello_world_small.o
                0x0000000000011338                dt
                0x000000000001133c                z_off
                0x0000000000011340                y_off
                0x0000000000011344                x_off
 .sdata._global_impure_ptr
                0x0000000000011348        0x4 /home/youlittleperson/intelFPGA_lite/20.1/nios2eds/bin/gnu/H-x86_64-pc-linux-gnu/bin/../lib/gcc/nios2-elf/9.2.1/../../../../../H-x86_64-pc-linux-gnu/nios2-elf/lib/mno-hw-mul/libsmallc.a(lib_a-impure.o)
                0x0000000000011348                _global_impure_ptr
 .sdata._impure_ptr
                0x000000000001134c        0x4 /home/youlittleperson/intelFPGA_lite/20.1/nios2eds/bin/gnu/H-x86_64-pc-linux-gnu/bin/../lib/gcc/nios2-elf/9.2.1/../../../../../H-x86_64-pc-linux-gnu/nios2-elf/lib/mno-hw-mul/libsmallc.a(lib_a-impure.o)
                0x000000000001134c                _impure_ptr
 .sdata         0x0000000000011350        0x4 ../multiple_axis_test_bsp//libhal_bsp.a(alt_irq_vars.o)
                0x0000000000011350                alt_priority_mask
 .sdata         0x0000000000011354        0x4 ../multiple_axis_test_bsp//libhal_bsp.a(alt_sys_init.o)
                0x0000000000011354                jtag_uart
 .sdata         0x0000000000011358       0x14 ../multiple_axis_test_bsp//libhal_bsp.a(alt_dev.o)
                0x0000000000011358                alt_max_fd
                0x000000000001135c                alt_dev_list
                0x0000000000011364                alt_fs_list
 .sdata         0x000000000001136c        0x4 ../multiple_axis_test_bsp//libhal_bsp.a(alt_errno.o)
                0x000000000001136c                alt_errno
 *(.sdata2 .sdata2.* .gnu.linkonce.s2.*)
                0x0000000000011370                . = ALIGN (0x4)
                0x0000000000011370                _edata = ABSOLUTE (.)
                [!provide]                        PROVIDE (edata = ABSOLUTE (.))
                0x0000000000011370                PROVIDE (__ram_rwdata_end = ABSOLUTE (.))
                0x0000000000011370                PROVIDE (__flash_rwdata_start = LOADADDR (.rwdata))

.bss            0x0000000000011510      0x130
                0x0000000000011510                __bss_start = ABSOLUTE (.)
                [!provide]                        PROVIDE (__sbss_start = ABSOLUTE (.))
                [!provide]                        PROVIDE (___sbss_start = ABSOLUTE (.))
 *(.dynsbss)
 *(.sbss .sbss.* .gnu.linkonce.sb.*)
 .sbss          0x0000000000011510       0x14 obj/default/hello_world_small.o
                0x0000000000011510                x_p
                0x0000000000011514                x_v
                0x0000000000011518                acc_z
                0x000000000001151c                acc_y
                0x0000000000011520                acc_x
 .sbss          0x0000000000011524        0x4 obj/default/hello_world_small.o
                0x0000000000011524                acc_dev
 .sbss          0x0000000000011528        0x4 /home/youlittleperson/intelFPGA_lite/20.1/nios2eds/bin/gnu/H-x86_64-pc-linux-gnu/bin/../lib/gcc/nios2-elf/9.2.1/../../../../../H-x86_64-pc-linux-gnu/nios2-elf/lib/mno-hw-mul/libsmallc.a(lib_a-int_errno.o)
                0x0000000000011528                errno
 .sbss          0x000000000001152c        0x4 ../multiple_axis_test_bsp//libhal_bsp.a(alt_irq_vars.o)
                0x000000000001152c                alt_irq_active
 .sbss          0x0000000000011530        0xc ../multiple_axis_test_bsp//libhal_bsp.a(alt_main.o)
                0x0000000000011530                alt_envp
                0x0000000000011534                alt_argv
                0x0000000000011538                alt_argc
 .sbss          0x000000000001153c        0x4 ../multiple_axis_test_bsp//libhal_bsp.a(alt_instruction_exception_entry.o)
                0x000000000001153c                alt_instruction_exception_handler
 *(.sbss2 .sbss2.* .gnu.linkonce.sb2.*)
 *(.scommon)
                [!provide]                        PROVIDE (__sbss_end = ABSOLUTE (.))
                [!provide]                        PROVIDE (___sbss_end = ABSOLUTE (.))
 *(.dynbss)
 *(.bss .bss.* .gnu.linkonce.b.*)
 .bss           0x0000000000011540        0x0 ../multiple_axis_test_bsp//obj/HAL/src/crt0.o
 .bss           0x0000000000011540        0x0 obj/default/hello_world_small.o
 .bss           0x0000000000011540        0x0 /home/youlittleperson/intelFPGA_lite/20.1/nios2eds/bin/gnu/H-x86_64-pc-linux-gnu/bin/../lib/gcc/nios2-elf/9.2.1/../../../../../H-x86_64-pc-linux-gnu/nios2-elf/lib/mno-hw-mul/libsmallc.a(lib_a-printf.o)
 .bss           0x0000000000011540        0x0 /home/youlittleperson/intelFPGA_lite/20.1/nios2eds/bin/gnu/H-x86_64-pc-linux-gnu/bin/../lib/gcc/nios2-elf/9.2.1/../../../../../H-x86_64-pc-linux-gnu/nios2-elf/lib/mno-hw-mul/libsmallc.a(lib_a-vfprintf.o)
 .bss           0x0000000000011540        0x0 /home/youlittleperson/intelFPGA_lite/20.1/nios2eds/bin/gnu/H-x86_64-pc-linux-gnu/bin/../lib/gcc/nios2-elf/9.2.1/../../../../../H-x86_64-pc-linux-gnu/nios2-elf/lib/mno-hw-mul/libsmallc.a(lib_a-fvwrite_small_dev.o)
 .bss           0x0000000000011540        0x0 /home/youlittleperson/intelFPGA_lite/20.1/nios2eds/bin/gnu/H-x86_64-pc-linux-gnu/bin/../lib/gcc/nios2-elf/9.2.1/../../../../../H-x86_64-pc-linux-gnu/nios2-elf/lib/mno-hw-mul/libsmallc.a(lib_a-impure.o)
 .bss           0x0000000000011540        0x0 /home/youlittleperson/intelFPGA_lite/20.1/nios2eds/bin/gnu/H-x86_64-pc-linux-gnu/bin/../lib/gcc/nios2-elf/9.2.1/../../../../../H-x86_64-pc-linux-gnu/nios2-elf/lib/mno-hw-mul/libsmallc.a(lib_a-strlen.o)
 .bss           0x0000000000011540        0x0 /home/youlittleperson/intelFPGA_lite/20.1/nios2eds/bin/gnu/H-x86_64-pc-linux-gnu/bin/../lib/gcc/nios2-elf/9.2.1/../../../../../H-x86_64-pc-linux-gnu/nios2-elf/lib/mno-hw-mul/libsmallc.a(lib_a-writer.o)
 .bss           0x0000000000011540        0x0 /home/youlittleperson/intelFPGA_lite/20.1/nios2eds/bin/gnu/H-x86_64-pc-linux-gnu/bin/../lib/gcc/nios2-elf/9.2.1/../../../../../H-x86_64-pc-linux-gnu/nios2-elf/lib/mno-hw-mul/libsmallc.a(lib_a-int_errno.o)
 .bss           0x0000000000011540        0x0 /home/youlittleperson/intelFPGA_lite/20.1/nios2eds/bin/gnu/H-x86_64-pc-linux-gnu/bin/../lib/gcc/nios2-elf/9.2.1/mno-hw-mul/libgcc.a(lib2-divmod.o)
 .bss           0x0000000000011540        0x0 /home/youlittleperson/intelFPGA_lite/20.1/nios2eds/bin/gnu/H-x86_64-pc-linux-gnu/bin/../lib/gcc/nios2-elf/9.2.1/mno-hw-mul/libgcc.a(lib2-mul.o)
 .bss           0x0000000000011540        0x0 ../multiple_axis_test_bsp//libhal_bsp.a(alt_irq_register.o)
 .bss           0x0000000000011540        0x0 ../multiple_axis_test_bsp//libhal_bsp.a(alt_irq_vars.o)
 .bss           0x0000000000011540        0x0 ../multiple_axis_test_bsp//libhal_bsp.a(alt_load.o)
 .bss           0x0000000000011540        0x0 ../multiple_axis_test_bsp//libhal_bsp.a(alt_main.o)
 .bss           0x0000000000011540        0x0 ../multiple_axis_test_bsp//libhal_bsp.a(alt_putstr.o)
 .bss           0x0000000000011540        0x0 ../multiple_axis_test_bsp//libhal_bsp.a(alt_write.o)
 .bss           0x0000000000011540        0x0 ../multiple_axis_test_bsp//libhal_bsp.a(alt_sys_init.o)
 .bss           0x0000000000011540        0x0 ../multiple_axis_test_bsp//libhal_bsp.a(altera_avalon_jtag_uart_write.o)
 .bss           0x0000000000011540        0x0 ../multiple_axis_test_bsp//libhal_bsp.a(altera_up_avalon_accelerometer_spi.o)
 .bss           0x0000000000011540        0x0 ../multiple_axis_test_bsp//libhal_bsp.a(alt_dcache_flush_all.o)
 .bss           0x0000000000011540        0x0 ../multiple_axis_test_bsp//libhal_bsp.a(alt_dev.o)
 .bss           0x0000000000011540        0x0 ../multiple_axis_test_bsp//libhal_bsp.a(alt_dev_llist_insert.o)
 .bss           0x0000000000011540        0x0 ../multiple_axis_test_bsp//libhal_bsp.a(alt_errno.o)
 .bss           0x0000000000011540        0x0 ../multiple_axis_test_bsp//libhal_bsp.a(alt_find_dev.o)
 .bss           0x0000000000011540        0x0 ../multiple_axis_test_bsp//libhal_bsp.a(alt_icache_flush_all.o)
 .bss           0x0000000000011540        0x0 ../multiple_axis_test_bsp//libhal_bsp.a(alt_irq_entry.o)
 .bss           0x0000000000011540        0x0 ../multiple_axis_test_bsp//libhal_bsp.a(alt_irq_handler.o)
 .bss           0x0000000000011540        0x0 ../multiple_axis_test_bsp//libhal_bsp.a(altera_nios2_gen2_irq.o)
 .bss           0x0000000000011540        0x0 ../multiple_axis_test_bsp//libhal_bsp.a(alt_exception_entry.o)
 .bss           0x0000000000011540        0x0 ../multiple_axis_test_bsp//libhal_bsp.a(alt_instruction_exception_entry.o)
 .bss           0x0000000000011540        0x0 /home/youlittleperson/intelFPGA_lite/20.1/nios2eds/bin/gnu/H-x86_64-pc-linux-gnu/bin/../lib/gcc/nios2-elf/9.2.1/../../../../../H-x86_64-pc-linux-gnu/nios2-elf/lib/mno-hw-mul/libsmallc.a(lib_a-memcmp.o)
 *(COMMON)
 COMMON         0x0000000000011540      0x100 ../multiple_axis_test_bsp//libhal_bsp.a(alt_irq_handler.o)
                0x0000000000011540                alt_irq
                0x0000000000011640                . = ALIGN (0x4)
                0x0000000000011640                __bss_end = ABSOLUTE (.)

.onchip_memory  0x0000000000011640        0x0
                [!provide]                        PROVIDE (_alt_partition_onchip_memory_start = ABSOLUTE (.))
 *(.onchip_memory .onchip_memory. onchip_memory.*)
                0x0000000000011640                . = ALIGN (0x4)
                [!provide]                        PROVIDE (_alt_partition_onchip_memory_end = ABSOLUTE (.))
                0x0000000000011640                _end = ABSOLUTE (.)
                0x0000000000011640                end = ABSOLUTE (.)
                0x0000000000011640                __alt_stack_base = ABSOLUTE (.)
                [!provide]                        PROVIDE (_alt_partition_onchip_memory_load_addr = LOADADDR (.onchip_memory))

.stab
 *(.stab)

.stabstr
 *(.stabstr)

.stab.excl
 *(.stab.excl)

.stab.exclstr
 *(.stab.exclstr)

.stab.index
 *(.stab.index)

.stab.indexstr
 *(.stab.indexstr)

.comment        0x0000000000000000       0x2c
 *(.comment)
 .comment       0x0000000000000000       0x2c obj/default/hello_world_small.o
                                         0x2d (size before relaxing)
 .comment       0x000000000000002c       0x2d /home/youlittleperson/intelFPGA_lite/20.1/nios2eds/bin/gnu/H-x86_64-pc-linux-gnu/bin/../lib/gcc/nios2-elf/9.2.1/../../../../../H-x86_64-pc-linux-gnu/nios2-elf/lib/mno-hw-mul/libsmallc.a(lib_a-printf.o)
 .comment       0x000000000000002c       0x2d /home/youlittleperson/intelFPGA_lite/20.1/nios2eds/bin/gnu/H-x86_64-pc-linux-gnu/bin/../lib/gcc/nios2-elf/9.2.1/../../../../../H-x86_64-pc-linux-gnu/nios2-elf/lib/mno-hw-mul/libsmallc.a(lib_a-vfprintf.o)
 .comment       0x000000000000002c       0x2d /home/youlittleperson/intelFPGA_lite/20.1/nios2eds/bin/gnu/H-x86_64-pc-linux-gnu/bin/../lib/gcc/nios2-elf/9.2.1/../../../../../H-x86_64-pc-linux-gnu/nios2-elf/lib/mno-hw-mul/libsmallc.a(lib_a-fvwrite_small_dev.o)
 .comment       0x000000000000002c       0x2d /home/youlittleperson/intelFPGA_lite/20.1/nios2eds/bin/gnu/H-x86_64-pc-linux-gnu/bin/../lib/gcc/nios2-elf/9.2.1/../../../../../H-x86_64-pc-linux-gnu/nios2-elf/lib/mno-hw-mul/libsmallc.a(lib_a-impure.o)
 .comment       0x000000000000002c       0x2d /home/youlittleperson/intelFPGA_lite/20.1/nios2eds/bin/gnu/H-x86_64-pc-linux-gnu/bin/../lib/gcc/nios2-elf/9.2.1/../../../../../H-x86_64-pc-linux-gnu/nios2-elf/lib/mno-hw-mul/libsmallc.a(lib_a-strlen.o)
 .comment       0x000000000000002c       0x2d /home/youlittleperson/intelFPGA_lite/20.1/nios2eds/bin/gnu/H-x86_64-pc-linux-gnu/bin/../lib/gcc/nios2-elf/9.2.1/../../../../../H-x86_64-pc-linux-gnu/nios2-elf/lib/mno-hw-mul/libsmallc.a(lib_a-writer.o)
 .comment       0x000000000000002c       0x2d /home/youlittleperson/intelFPGA_lite/20.1/nios2eds/bin/gnu/H-x86_64-pc-linux-gnu/bin/../lib/gcc/nios2-elf/9.2.1/../../../../../H-x86_64-pc-linux-gnu/nios2-elf/lib/mno-hw-mul/libsmallc.a(lib_a-int_errno.o)
 .comment       0x000000000000002c       0x2d /home/youlittleperson/intelFPGA_lite/20.1/nios2eds/bin/gnu/H-x86_64-pc-linux-gnu/bin/../lib/gcc/nios2-elf/9.2.1/mno-hw-mul/libgcc.a(lib2-divmod.o)
 .comment       0x000000000000002c       0x2d /home/youlittleperson/intelFPGA_lite/20.1/nios2eds/bin/gnu/H-x86_64-pc-linux-gnu/bin/../lib/gcc/nios2-elf/9.2.1/mno-hw-mul/libgcc.a(lib2-mul.o)
 .comment       0x000000000000002c       0x2d ../multiple_axis_test_bsp//libhal_bsp.a(alt_irq_register.o)
 .comment       0x000000000000002c       0x2d ../multiple_axis_test_bsp//libhal_bsp.a(alt_irq_vars.o)
 .comment       0x000000000000002c       0x2d ../multiple_axis_test_bsp//libhal_bsp.a(alt_load.o)
 .comment       0x000000000000002c       0x2d ../multiple_axis_test_bsp//libhal_bsp.a(alt_main.o)
 .comment       0x000000000000002c       0x2d ../multiple_axis_test_bsp//libhal_bsp.a(alt_putstr.o)
 .comment       0x000000000000002c       0x2d ../multiple_axis_test_bsp//libhal_bsp.a(alt_write.o)
 .comment       0x000000000000002c       0x2d ../multiple_axis_test_bsp//libhal_bsp.a(alt_sys_init.o)
 .comment       0x000000000000002c       0x2d ../multiple_axis_test_bsp//libhal_bsp.a(altera_avalon_jtag_uart_write.o)
 .comment       0x000000000000002c       0x2d ../multiple_axis_test_bsp//libhal_bsp.a(altera_up_avalon_accelerometer_spi.o)
 .comment       0x000000000000002c       0x2d ../multiple_axis_test_bsp//libhal_bsp.a(alt_dcache_flush_all.o)
 .comment       0x000000000000002c       0x2d ../multiple_axis_test_bsp//libhal_bsp.a(alt_dev.o)
 .comment       0x000000000000002c       0x2d ../multiple_axis_test_bsp//libhal_bsp.a(alt_dev_llist_insert.o)
 .comment       0x000000000000002c       0x2d ../multiple_axis_test_bsp//libhal_bsp.a(alt_errno.o)
 .comment       0x000000000000002c       0x2d ../multiple_axis_test_bsp//libhal_bsp.a(alt_find_dev.o)
 .comment       0x000000000000002c       0x2d ../multiple_axis_test_bsp//libhal_bsp.a(alt_icache_flush_all.o)
 .comment       0x000000000000002c       0x2d ../multiple_axis_test_bsp//libhal_bsp.a(alt_irq_handler.o)
 .comment       0x000000000000002c       0x2d ../multiple_axis_test_bsp//libhal_bsp.a(altera_nios2_gen2_irq.o)
 .comment       0x000000000000002c       0x2d ../multiple_axis_test_bsp//libhal_bsp.a(alt_instruction_exception_entry.o)
 .comment       0x000000000000002c       0x2d /home/youlittleperson/intelFPGA_lite/20.1/nios2eds/bin/gnu/H-x86_64-pc-linux-gnu/bin/../lib/gcc/nios2-elf/9.2.1/../../../../../H-x86_64-pc-linux-gnu/nios2-elf/lib/mno-hw-mul/libsmallc.a(lib_a-memcmp.o)

.debug
 *(.debug)

.line
 *(.line)

.debug_srcinfo
 *(.debug_srcinfo)

.debug_sfnames
 *(.debug_sfnames)

.debug_aranges  0x0000000000000000      0x438
 *(.debug_aranges)
 .debug_aranges
                0x0000000000000000       0x28 ../multiple_axis_test_bsp//obj/HAL/src/crt0.o
 .debug_aranges
                0x0000000000000028       0x28 obj/default/hello_world_small.o
 .debug_aranges
                0x0000000000000050       0x28 /home/youlittleperson/intelFPGA_lite/20.1/nios2eds/bin/gnu/H-x86_64-pc-linux-gnu/bin/../lib/gcc/nios2-elf/9.2.1/../../../../../H-x86_64-pc-linux-gnu/nios2-elf/lib/mno-hw-mul/libsmallc.a(lib_a-printf.o)
 .debug_aranges
                0x0000000000000078       0x30 /home/youlittleperson/intelFPGA_lite/20.1/nios2eds/bin/gnu/H-x86_64-pc-linux-gnu/bin/../lib/gcc/nios2-elf/9.2.1/../../../../../H-x86_64-pc-linux-gnu/nios2-elf/lib/mno-hw-mul/libsmallc.a(lib_a-vfprintf.o)
 .debug_aranges
                0x00000000000000a8       0x20 /home/youlittleperson/intelFPGA_lite/20.1/nios2eds/bin/gnu/H-x86_64-pc-linux-gnu/bin/../lib/gcc/nios2-elf/9.2.1/../../../../../H-x86_64-pc-linux-gnu/nios2-elf/lib/mno-hw-mul/libsmallc.a(lib_a-fvwrite_small_dev.o)
 .debug_aranges
                0x00000000000000c8       0x18 /home/youlittleperson/intelFPGA_lite/20.1/nios2eds/bin/gnu/H-x86_64-pc-linux-gnu/bin/../lib/gcc/nios2-elf/9.2.1/../../../../../H-x86_64-pc-linux-gnu/nios2-elf/lib/mno-hw-mul/libsmallc.a(lib_a-impure.o)
 .debug_aranges
                0x00000000000000e0       0x20 /home/youlittleperson/intelFPGA_lite/20.1/nios2eds/bin/gnu/H-x86_64-pc-linux-gnu/bin/../lib/gcc/nios2-elf/9.2.1/../../../../../H-x86_64-pc-linux-gnu/nios2-elf/lib/mno-hw-mul/libsmallc.a(lib_a-strlen.o)
 .debug_aranges
                0x0000000000000100       0x20 /home/youlittleperson/intelFPGA_lite/20.1/nios2eds/bin/gnu/H-x86_64-pc-linux-gnu/bin/../lib/gcc/nios2-elf/9.2.1/../../../../../H-x86_64-pc-linux-gnu/nios2-elf/lib/mno-hw-mul/libsmallc.a(lib_a-writer.o)
 .debug_aranges
                0x0000000000000120       0x18 /home/youlittleperson/intelFPGA_lite/20.1/nios2eds/bin/gnu/H-x86_64-pc-linux-gnu/bin/../lib/gcc/nios2-elf/9.2.1/../../../../../H-x86_64-pc-linux-gnu/nios2-elf/lib/mno-hw-mul/libsmallc.a(lib_a-int_errno.o)
 .debug_aranges
                0x0000000000000138       0x20 /home/youlittleperson/intelFPGA_lite/20.1/nios2eds/bin/gnu/H-x86_64-pc-linux-gnu/bin/../lib/gcc/nios2-elf/9.2.1/mno-hw-mul/libgcc.a(lib2-divmod.o)
 .debug_aranges
                0x0000000000000158       0x20 /home/youlittleperson/intelFPGA_lite/20.1/nios2eds/bin/gnu/H-x86_64-pc-linux-gnu/bin/../lib/gcc/nios2-elf/9.2.1/mno-hw-mul/libgcc.a(lib2-mul.o)
 .debug_aranges
                0x0000000000000178       0x20 ../multiple_axis_test_bsp//libhal_bsp.a(alt_irq_register.o)
 .debug_aranges
                0x0000000000000198       0x18 ../multiple_axis_test_bsp//libhal_bsp.a(alt_irq_vars.o)
 .debug_aranges
                0x00000000000001b0       0x20 ../multiple_axis_test_bsp//libhal_bsp.a(alt_load.o)
 .debug_aranges
                0x00000000000001d0       0x20 ../multiple_axis_test_bsp//libhal_bsp.a(alt_main.o)
 .debug_aranges
                0x00000000000001f0       0x20 ../multiple_axis_test_bsp//libhal_bsp.a(alt_putstr.o)
 .debug_aranges
                0x0000000000000210       0x20 ../multiple_axis_test_bsp//libhal_bsp.a(alt_write.o)
 .debug_aranges
                0x0000000000000230       0x20 ../multiple_axis_test_bsp//libhal_bsp.a(alt_sys_init.o)
 .debug_aranges
                0x0000000000000250       0x20 ../multiple_axis_test_bsp//libhal_bsp.a(altera_avalon_jtag_uart_write.o)
 .debug_aranges
                0x0000000000000270       0x20 ../multiple_axis_test_bsp//libhal_bsp.a(altera_up_avalon_accelerometer_spi.o)
 .debug_aranges
                0x0000000000000290       0x20 ../multiple_axis_test_bsp//libhal_bsp.a(alt_dcache_flush_all.o)
 .debug_aranges
                0x00000000000002b0       0x20 ../multiple_axis_test_bsp//libhal_bsp.a(alt_dev.o)
 .debug_aranges
                0x00000000000002d0       0x20 ../multiple_axis_test_bsp//libhal_bsp.a(alt_dev_llist_insert.o)
 .debug_aranges
                0x00000000000002f0       0x18 ../multiple_axis_test_bsp//libhal_bsp.a(alt_errno.o)
 .debug_aranges
                0x0000000000000308       0x20 ../multiple_axis_test_bsp//libhal_bsp.a(alt_find_dev.o)
 .debug_aranges
                0x0000000000000328       0x20 ../multiple_axis_test_bsp//libhal_bsp.a(alt_icache_flush_all.o)
 .debug_aranges
                0x0000000000000348       0x30 ../multiple_axis_test_bsp//libhal_bsp.a(alt_irq_entry.o)
 .debug_aranges
                0x0000000000000378       0x20 ../multiple_axis_test_bsp//libhal_bsp.a(alt_irq_handler.o)
 .debug_aranges
                0x0000000000000398       0x20 ../multiple_axis_test_bsp//libhal_bsp.a(altera_nios2_gen2_irq.o)
 .debug_aranges
                0x00000000000003b8       0x38 ../multiple_axis_test_bsp//libhal_bsp.a(alt_exception_entry.o)
 .debug_aranges
                0x00000000000003f0       0x28 ../multiple_axis_test_bsp//libhal_bsp.a(alt_instruction_exception_entry.o)
 .debug_aranges
                0x0000000000000418       0x20 /home/youlittleperson/intelFPGA_lite/20.1/nios2eds/bin/gnu/H-x86_64-pc-linux-gnu/bin/../lib/gcc/nios2-elf/9.2.1/../../../../../H-x86_64-pc-linux-gnu/nios2-elf/lib/mno-hw-mul/libsmallc.a(lib_a-memcmp.o)

.debug_pubnames
 *(.debug_pubnames)

.debug_info     0x0000000000000000    0x114bc
 *(.debug_info .gnu.linkonce.wi.*)
 .debug_info    0x0000000000000000       0x22 ../multiple_axis_test_bsp//obj/HAL/src/crt0.o
 .debug_info    0x0000000000000022      0xdea obj/default/hello_world_small.o
 .debug_info    0x0000000000000e0c      0x92f /home/youlittleperson/intelFPGA_lite/20.1/nios2eds/bin/gnu/H-x86_64-pc-linux-gnu/bin/../lib/gcc/nios2-elf/9.2.1/../../../../../H-x86_64-pc-linux-gnu/nios2-elf/lib/mno-hw-mul/libsmallc.a(lib_a-printf.o)
 .debug_info    0x000000000000173b     0x1412 /home/youlittleperson/intelFPGA_lite/20.1/nios2eds/bin/gnu/H-x86_64-pc-linux-gnu/bin/../lib/gcc/nios2-elf/9.2.1/../../../../../H-x86_64-pc-linux-gnu/nios2-elf/lib/mno-hw-mul/libsmallc.a(lib_a-vfprintf.o)
 .debug_info    0x0000000000002b4d      0x8c4 /home/youlittleperson/intelFPGA_lite/20.1/nios2eds/bin/gnu/H-x86_64-pc-linux-gnu/bin/../lib/gcc/nios2-elf/9.2.1/../../../../../H-x86_64-pc-linux-gnu/nios2-elf/lib/mno-hw-mul/libsmallc.a(lib_a-fvwrite_small_dev.o)
 .debug_info    0x0000000000003411      0x6e8 /home/youlittleperson/intelFPGA_lite/20.1/nios2eds/bin/gnu/H-x86_64-pc-linux-gnu/bin/../lib/gcc/nios2-elf/9.2.1/../../../../../H-x86_64-pc-linux-gnu/nios2-elf/lib/mno-hw-mul/libsmallc.a(lib_a-impure.o)
 .debug_info    0x0000000000003af9      0x649 /home/youlittleperson/intelFPGA_lite/20.1/nios2eds/bin/gnu/H-x86_64-pc-linux-gnu/bin/../lib/gcc/nios2-elf/9.2.1/../../../../../H-x86_64-pc-linux-gnu/nios2-elf/lib/mno-hw-mul/libsmallc.a(lib_a-strlen.o)
 .debug_info    0x0000000000004142      0x720 /home/youlittleperson/intelFPGA_lite/20.1/nios2eds/bin/gnu/H-x86_64-pc-linux-gnu/bin/../lib/gcc/nios2-elf/9.2.1/../../../../../H-x86_64-pc-linux-gnu/nios2-elf/lib/mno-hw-mul/libsmallc.a(lib_a-writer.o)
 .debug_info    0x0000000000004862      0x614 /home/youlittleperson/intelFPGA_lite/20.1/nios2eds/bin/gnu/H-x86_64-pc-linux-gnu/bin/../lib/gcc/nios2-elf/9.2.1/../../../../../H-x86_64-pc-linux-gnu/nios2-elf/lib/mno-hw-mul/libsmallc.a(lib_a-int_errno.o)
 .debug_info    0x0000000000004e76      0x368 /home/youlittleperson/intelFPGA_lite/20.1/nios2eds/bin/gnu/H-x86_64-pc-linux-gnu/bin/../lib/gcc/nios2-elf/9.2.1/mno-hw-mul/libgcc.a(lib2-divmod.o)
 .debug_info    0x00000000000051de       0xcb /home/youlittleperson/intelFPGA_lite/20.1/nios2eds/bin/gnu/H-x86_64-pc-linux-gnu/bin/../lib/gcc/nios2-elf/9.2.1/mno-hw-mul/libgcc.a(lib2-mul.o)
 .debug_info    0x00000000000052a9      0xbfc ../multiple_axis_test_bsp//libhal_bsp.a(alt_irq_register.o)
 .debug_info    0x0000000000005ea5       0x8b ../multiple_axis_test_bsp//libhal_bsp.a(alt_irq_vars.o)
 .debug_info    0x0000000000005f30      0xaed ../multiple_axis_test_bsp//libhal_bsp.a(alt_load.o)
 .debug_info    0x0000000000006a1d      0xeb0 ../multiple_axis_test_bsp//libhal_bsp.a(alt_main.o)
 .debug_info    0x00000000000078cd      0x9c3 ../multiple_axis_test_bsp//libhal_bsp.a(alt_putstr.o)
 .debug_info    0x0000000000008290      0xf17 ../multiple_axis_test_bsp//libhal_bsp.a(alt_write.o)
 .debug_info    0x00000000000091a7      0xd3b ../multiple_axis_test_bsp//libhal_bsp.a(alt_sys_init.o)
 .debug_info    0x0000000000009ee2      0xaab ../multiple_axis_test_bsp//libhal_bsp.a(altera_avalon_jtag_uart_write.o)
 .debug_info    0x000000000000a98d      0xd96 ../multiple_axis_test_bsp//libhal_bsp.a(altera_up_avalon_accelerometer_spi.o)
 .debug_info    0x000000000000b723      0x934 ../multiple_axis_test_bsp//libhal_bsp.a(alt_dcache_flush_all.o)
 .debug_info    0x000000000000c057      0xe92 ../multiple_axis_test_bsp//libhal_bsp.a(alt_dev.o)
 .debug_info    0x000000000000cee9      0xa8f ../multiple_axis_test_bsp//libhal_bsp.a(alt_dev_llist_insert.o)
 .debug_info    0x000000000000d978      0x972 ../multiple_axis_test_bsp//libhal_bsp.a(alt_errno.o)
 .debug_info    0x000000000000e2ea      0xc0c ../multiple_axis_test_bsp//libhal_bsp.a(alt_find_dev.o)
 .debug_info    0x000000000000eef6      0x934 ../multiple_axis_test_bsp//libhal_bsp.a(alt_icache_flush_all.o)
 .debug_info    0x000000000000f82a       0x22 ../multiple_axis_test_bsp//libhal_bsp.a(alt_irq_entry.o)
 .debug_info    0x000000000000f84c      0xa66 ../multiple_axis_test_bsp//libhal_bsp.a(alt_irq_handler.o)
 .debug_info    0x00000000000102b2      0x955 ../multiple_axis_test_bsp//libhal_bsp.a(altera_nios2_gen2_irq.o)
 .debug_info    0x0000000000010c07       0x22 ../multiple_axis_test_bsp//libhal_bsp.a(alt_exception_entry.o)
 .debug_info    0x0000000000010c29      0x20f ../multiple_axis_test_bsp//libhal_bsp.a(alt_instruction_exception_entry.o)
 .debug_info    0x0000000000010e38      0x684 /home/youlittleperson/intelFPGA_lite/20.1/nios2eds/bin/gnu/H-x86_64-pc-linux-gnu/bin/../lib/gcc/nios2-elf/9.2.1/../../../../../H-x86_64-pc-linux-gnu/nios2-elf/lib/mno-hw-mul/libsmallc.a(lib_a-memcmp.o)

.debug_abbrev   0x0000000000000000     0x3b17
 *(.debug_abbrev)
 .debug_abbrev  0x0000000000000000       0x12 ../multiple_axis_test_bsp//obj/HAL/src/crt0.o
 .debug_abbrev  0x0000000000000012      0x29c obj/default/hello_world_small.o
 .debug_abbrev  0x00000000000002ae      0x24e /home/youlittleperson/intelFPGA_lite/20.1/nios2eds/bin/gnu/H-x86_64-pc-linux-gnu/bin/../lib/gcc/nios2-elf/9.2.1/../../../../../H-x86_64-pc-linux-gnu/nios2-elf/lib/mno-hw-mul/libsmallc.a(lib_a-printf.o)
 .debug_abbrev  0x00000000000004fc      0x34f /home/youlittleperson/intelFPGA_lite/20.1/nios2eds/bin/gnu/H-x86_64-pc-linux-gnu/bin/../lib/gcc/nios2-elf/9.2.1/../../../../../H-x86_64-pc-linux-gnu/nios2-elf/lib/mno-hw-mul/libsmallc.a(lib_a-vfprintf.o)
 .debug_abbrev  0x000000000000084b      0x238 /home/youlittleperson/intelFPGA_lite/20.1/nios2eds/bin/gnu/H-x86_64-pc-linux-gnu/bin/../lib/gcc/nios2-elf/9.2.1/../../../../../H-x86_64-pc-linux-gnu/nios2-elf/lib/mno-hw-mul/libsmallc.a(lib_a-fvwrite_small_dev.o)
 .debug_abbrev  0x0000000000000a83      0x18d /home/youlittleperson/intelFPGA_lite/20.1/nios2eds/bin/gnu/H-x86_64-pc-linux-gnu/bin/../lib/gcc/nios2-elf/9.2.1/../../../../../H-x86_64-pc-linux-gnu/nios2-elf/lib/mno-hw-mul/libsmallc.a(lib_a-impure.o)
 .debug_abbrev  0x0000000000000c10      0x1a8 /home/youlittleperson/intelFPGA_lite/20.1/nios2eds/bin/gnu/H-x86_64-pc-linux-gnu/bin/../lib/gcc/nios2-elf/9.2.1/../../../../../H-x86_64-pc-linux-gnu/nios2-elf/lib/mno-hw-mul/libsmallc.a(lib_a-strlen.o)
 .debug_abbrev  0x0000000000000db8      0x1ec /home/youlittleperson/intelFPGA_lite/20.1/nios2eds/bin/gnu/H-x86_64-pc-linux-gnu/bin/../lib/gcc/nios2-elf/9.2.1/../../../../../H-x86_64-pc-linux-gnu/nios2-elf/lib/mno-hw-mul/libsmallc.a(lib_a-writer.o)
 .debug_abbrev  0x0000000000000fa4      0x186 /home/youlittleperson/intelFPGA_lite/20.1/nios2eds/bin/gnu/H-x86_64-pc-linux-gnu/bin/../lib/gcc/nios2-elf/9.2.1/../../../../../H-x86_64-pc-linux-gnu/nios2-elf/lib/mno-hw-mul/libsmallc.a(lib_a-int_errno.o)
 .debug_abbrev  0x000000000000112a      0x103 /home/youlittleperson/intelFPGA_lite/20.1/nios2eds/bin/gnu/H-x86_64-pc-linux-gnu/bin/../lib/gcc/nios2-elf/9.2.1/mno-hw-mul/libgcc.a(lib2-divmod.o)
 .debug_abbrev  0x000000000000122d       0x7d /home/youlittleperson/intelFPGA_lite/20.1/nios2eds/bin/gnu/H-x86_64-pc-linux-gnu/bin/../lib/gcc/nios2-elf/9.2.1/mno-hw-mul/libgcc.a(lib2-mul.o)
 .debug_abbrev  0x00000000000012aa      0x325 ../multiple_axis_test_bsp//libhal_bsp.a(alt_irq_register.o)
 .debug_abbrev  0x00000000000015cf       0x44 ../multiple_axis_test_bsp//libhal_bsp.a(alt_irq_vars.o)
 .debug_abbrev  0x0000000000001613      0x277 ../multiple_axis_test_bsp//libhal_bsp.a(alt_load.o)
 .debug_abbrev  0x000000000000188a      0x252 ../multiple_axis_test_bsp//libhal_bsp.a(alt_main.o)
 .debug_abbrev  0x0000000000001adc      0x249 ../multiple_axis_test_bsp//libhal_bsp.a(alt_putstr.o)
 .debug_abbrev  0x0000000000001d25      0x28a ../multiple_axis_test_bsp//libhal_bsp.a(alt_write.o)
 .debug_abbrev  0x0000000000001faf      0x2db ../multiple_axis_test_bsp//libhal_bsp.a(alt_sys_init.o)
 .debug_abbrev  0x000000000000228a      0x251 ../multiple_axis_test_bsp//libhal_bsp.a(altera_avalon_jtag_uart_write.o)
 .debug_abbrev  0x00000000000024db      0x24a ../multiple_axis_test_bsp//libhal_bsp.a(altera_up_avalon_accelerometer_spi.o)
 .debug_abbrev  0x0000000000002725      0x1e0 ../multiple_axis_test_bsp//libhal_bsp.a(alt_dcache_flush_all.o)
 .debug_abbrev  0x0000000000002905      0x212 ../multiple_axis_test_bsp//libhal_bsp.a(alt_dev.o)
 .debug_abbrev  0x0000000000002b17      0x283 ../multiple_axis_test_bsp//libhal_bsp.a(alt_dev_llist_insert.o)
 .debug_abbrev  0x0000000000002d9a      0x1df ../multiple_axis_test_bsp//libhal_bsp.a(alt_errno.o)
 .debug_abbrev  0x0000000000002f79      0x25c ../multiple_axis_test_bsp//libhal_bsp.a(alt_find_dev.o)
 .debug_abbrev  0x00000000000031d5      0x1e0 ../multiple_axis_test_bsp//libhal_bsp.a(alt_icache_flush_all.o)
 .debug_abbrev  0x00000000000033b5       0x12 ../multiple_axis_test_bsp//libhal_bsp.a(alt_irq_entry.o)
 .debug_abbrev  0x00000000000033c7      0x283 ../multiple_axis_test_bsp//libhal_bsp.a(alt_irq_handler.o)
 .debug_abbrev  0x000000000000364a      0x1e5 ../multiple_axis_test_bsp//libhal_bsp.a(altera_nios2_gen2_irq.o)
 .debug_abbrev  0x000000000000382f       0x12 ../multiple_axis_test_bsp//libhal_bsp.a(alt_exception_entry.o)
 .debug_abbrev  0x0000000000003841      0x116 ../multiple_axis_test_bsp//libhal_bsp.a(alt_instruction_exception_entry.o)
 .debug_abbrev  0x0000000000003957      0x1c0 /home/youlittleperson/intelFPGA_lite/20.1/nios2eds/bin/gnu/H-x86_64-pc-linux-gnu/bin/../lib/gcc/nios2-elf/9.2.1/../../../../../H-x86_64-pc-linux-gnu/nios2-elf/lib/mno-hw-mul/libsmallc.a(lib_a-memcmp.o)

.debug_line     0x0000000000000000     0x465f
 *(.debug_line)
 .debug_line    0x0000000000000000       0x66 ../multiple_axis_test_bsp//obj/HAL/src/crt0.o
 .debug_line    0x0000000000000066      0x3a0 obj/default/hello_world_small.o
 .debug_line    0x0000000000000406      0x264 /home/youlittleperson/intelFPGA_lite/20.1/nios2eds/bin/gnu/H-x86_64-pc-linux-gnu/bin/../lib/gcc/nios2-elf/9.2.1/../../../../../H-x86_64-pc-linux-gnu/nios2-elf/lib/mno-hw-mul/libsmallc.a(lib_a-printf.o)
 .debug_line    0x000000000000066a      0x7bd /home/youlittleperson/intelFPGA_lite/20.1/nios2eds/bin/gnu/H-x86_64-pc-linux-gnu/bin/../lib/gcc/nios2-elf/9.2.1/../../../../../H-x86_64-pc-linux-gnu/nios2-elf/lib/mno-hw-mul/libsmallc.a(lib_a-vfprintf.o)
 .debug_line    0x0000000000000e27      0x275 /home/youlittleperson/intelFPGA_lite/20.1/nios2eds/bin/gnu/H-x86_64-pc-linux-gnu/bin/../lib/gcc/nios2-elf/9.2.1/../../../../../H-x86_64-pc-linux-gnu/nios2-elf/lib/mno-hw-mul/libsmallc.a(lib_a-fvwrite_small_dev.o)
 .debug_line    0x000000000000109c      0x15c /home/youlittleperson/intelFPGA_lite/20.1/nios2eds/bin/gnu/H-x86_64-pc-linux-gnu/bin/../lib/gcc/nios2-elf/9.2.1/../../../../../H-x86_64-pc-linux-gnu/nios2-elf/lib/mno-hw-mul/libsmallc.a(lib_a-impure.o)
 .debug_line    0x00000000000011f8      0x1fa /home/youlittleperson/intelFPGA_lite/20.1/nios2eds/bin/gnu/H-x86_64-pc-linux-gnu/bin/../lib/gcc/nios2-elf/9.2.1/../../../../../H-x86_64-pc-linux-gnu/nios2-elf/lib/mno-hw-mul/libsmallc.a(lib_a-strlen.o)
 .debug_line    0x00000000000013f2      0x225 /home/youlittleperson/intelFPGA_lite/20.1/nios2eds/bin/gnu/H-x86_64-pc-linux-gnu/bin/../lib/gcc/nios2-elf/9.2.1/../../../../../H-x86_64-pc-linux-gnu/nios2-elf/lib/mno-hw-mul/libsmallc.a(lib_a-writer.o)
 .debug_line    0x0000000000001617      0x1ce /home/youlittleperson/intelFPGA_lite/20.1/nios2eds/bin/gnu/H-x86_64-pc-linux-gnu/bin/../lib/gcc/nios2-elf/9.2.1/../../../../../H-x86_64-pc-linux-gnu/nios2-elf/lib/mno-hw-mul/libsmallc.a(lib_a-int_errno.o)
 .debug_line    0x00000000000017e5      0x2f9 /home/youlittleperson/intelFPGA_lite/20.1/nios2eds/bin/gnu/H-x86_64-pc-linux-gnu/bin/../lib/gcc/nios2-elf/9.2.1/mno-hw-mul/libgcc.a(lib2-divmod.o)
 .debug_line    0x0000000000001ade       0xb6 /home/youlittleperson/intelFPGA_lite/20.1/nios2eds/bin/gnu/H-x86_64-pc-linux-gnu/bin/../lib/gcc/nios2-elf/9.2.1/mno-hw-mul/libgcc.a(lib2-mul.o)
 .debug_line    0x0000000000001b94      0x2b9 ../multiple_axis_test_bsp//libhal_bsp.a(alt_irq_register.o)
 .debug_line    0x0000000000001e4d       0x50 ../multiple_axis_test_bsp//libhal_bsp.a(alt_irq_vars.o)
 .debug_line    0x0000000000001e9d      0x2a3 ../multiple_axis_test_bsp//libhal_bsp.a(alt_load.o)
 .debug_line    0x0000000000002140      0x369 ../multiple_axis_test_bsp//libhal_bsp.a(alt_main.o)
 .debug_line    0x00000000000024a9      0x1d8 ../multiple_axis_test_bsp//libhal_bsp.a(alt_putstr.o)
 .debug_line    0x0000000000002681      0x34d ../multiple_axis_test_bsp//libhal_bsp.a(alt_write.o)
 .debug_line    0x00000000000029ce      0x2a5 ../multiple_axis_test_bsp//libhal_bsp.a(alt_sys_init.o)
 .debug_line    0x0000000000002c73      0x28b ../multiple_axis_test_bsp//libhal_bsp.a(altera_avalon_jtag_uart_write.o)
 .debug_line    0x0000000000002efe      0x332 ../multiple_axis_test_bsp//libhal_bsp.a(altera_up_avalon_accelerometer_spi.o)
 .debug_line    0x0000000000003230      0x1c7 ../multiple_axis_test_bsp//libhal_bsp.a(alt_dcache_flush_all.o)
 .debug_line    0x00000000000033f7      0x2e6 ../multiple_axis_test_bsp//libhal_bsp.a(alt_dev.o)
 .debug_line    0x00000000000036dd      0x249 ../multiple_axis_test_bsp//libhal_bsp.a(alt_dev_llist_insert.o)
 .debug_line    0x0000000000003926      0x161 ../multiple_axis_test_bsp//libhal_bsp.a(alt_errno.o)
 .debug_line    0x0000000000003a87      0x25f ../multiple_axis_test_bsp//libhal_bsp.a(alt_find_dev.o)
 .debug_line    0x0000000000003ce6      0x1c5 ../multiple_axis_test_bsp//libhal_bsp.a(alt_icache_flush_all.o)
 .debug_line    0x0000000000003eab       0x6b ../multiple_axis_test_bsp//libhal_bsp.a(alt_irq_entry.o)
 .debug_line    0x0000000000003f16      0x232 ../multiple_axis_test_bsp//libhal_bsp.a(alt_irq_handler.o)
 .debug_line    0x0000000000004148      0x16a ../multiple_axis_test_bsp//libhal_bsp.a(altera_nios2_gen2_irq.o)
 .debug_line    0x00000000000042b2       0xb3 ../multiple_axis_test_bsp//libhal_bsp.a(alt_exception_entry.o)
 .debug_line    0x0000000000004365       0xee ../multiple_axis_test_bsp//libhal_bsp.a(alt_instruction_exception_entry.o)
 .debug_line    0x0000000000004453      0x20c /home/youlittleperson/intelFPGA_lite/20.1/nios2eds/bin/gnu/H-x86_64-pc-linux-gnu/bin/../lib/gcc/nios2-elf/9.2.1/../../../../../H-x86_64-pc-linux-gnu/nios2-elf/lib/mno-hw-mul/libsmallc.a(lib_a-memcmp.o)

.debug_frame    0x0000000000000000      0x55c
 *(.debug_frame)
 .debug_frame   0x0000000000000000       0x64 obj/default/hello_world_small.o
 .debug_frame   0x0000000000000064       0x48 /home/youlittleperson/intelFPGA_lite/20.1/nios2eds/bin/gnu/H-x86_64-pc-linux-gnu/bin/../lib/gcc/nios2-elf/9.2.1/../../../../../H-x86_64-pc-linux-gnu/nios2-elf/lib/mno-hw-mul/libsmallc.a(lib_a-printf.o)
 .debug_frame   0x00000000000000ac       0x90 /home/youlittleperson/intelFPGA_lite/20.1/nios2eds/bin/gnu/H-x86_64-pc-linux-gnu/bin/../lib/gcc/nios2-elf/9.2.1/../../../../../H-x86_64-pc-linux-gnu/nios2-elf/lib/mno-hw-mul/libsmallc.a(lib_a-vfprintf.o)
 .debug_frame   0x000000000000013c       0x3c /home/youlittleperson/intelFPGA_lite/20.1/nios2eds/bin/gnu/H-x86_64-pc-linux-gnu/bin/../lib/gcc/nios2-elf/9.2.1/../../../../../H-x86_64-pc-linux-gnu/nios2-elf/lib/mno-hw-mul/libsmallc.a(lib_a-fvwrite_small_dev.o)
 .debug_frame   0x0000000000000178       0x20 /home/youlittleperson/intelFPGA_lite/20.1/nios2eds/bin/gnu/H-x86_64-pc-linux-gnu/bin/../lib/gcc/nios2-elf/9.2.1/../../../../../H-x86_64-pc-linux-gnu/nios2-elf/lib/mno-hw-mul/libsmallc.a(lib_a-strlen.o)
 .debug_frame   0x0000000000000198       0x30 /home/youlittleperson/intelFPGA_lite/20.1/nios2eds/bin/gnu/H-x86_64-pc-linux-gnu/bin/../lib/gcc/nios2-elf/9.2.1/../../../../../H-x86_64-pc-linux-gnu/nios2-elf/lib/mno-hw-mul/libsmallc.a(lib_a-writer.o)
 .debug_frame   0x00000000000001c8       0x50 /home/youlittleperson/intelFPGA_lite/20.1/nios2eds/bin/gnu/H-x86_64-pc-linux-gnu/bin/../lib/gcc/nios2-elf/9.2.1/mno-hw-mul/libgcc.a(lib2-divmod.o)
 .debug_frame   0x0000000000000218       0x20 /home/youlittleperson/intelFPGA_lite/20.1/nios2eds/bin/gnu/H-x86_64-pc-linux-gnu/bin/../lib/gcc/nios2-elf/9.2.1/mno-hw-mul/libgcc.a(lib2-mul.o)
 .debug_frame   0x0000000000000238       0x20 ../multiple_axis_test_bsp//libhal_bsp.a(alt_irq_register.o)
 .debug_frame   0x0000000000000258       0x30 ../multiple_axis_test_bsp//libhal_bsp.a(alt_load.o)
 .debug_frame   0x0000000000000288       0x2c ../multiple_axis_test_bsp//libhal_bsp.a(alt_main.o)
 .debug_frame   0x00000000000002b4       0x30 ../multiple_axis_test_bsp//libhal_bsp.a(alt_putstr.o)
 .debug_frame   0x00000000000002e4       0x2c ../multiple_axis_test_bsp//libhal_bsp.a(alt_write.o)
 .debug_frame   0x0000000000000310       0x3c ../multiple_axis_test_bsp//libhal_bsp.a(alt_sys_init.o)
 .debug_frame   0x000000000000034c       0x20 ../multiple_axis_test_bsp//libhal_bsp.a(altera_avalon_jtag_uart_write.o)
 .debug_frame   0x000000000000036c       0x80 ../multiple_axis_test_bsp//libhal_bsp.a(altera_up_avalon_accelerometer_spi.o)
 .debug_frame   0x00000000000003ec       0x20 ../multiple_axis_test_bsp//libhal_bsp.a(alt_dcache_flush_all.o)
 .debug_frame   0x000000000000040c       0x20 ../multiple_axis_test_bsp//libhal_bsp.a(alt_dev.o)
 .debug_frame   0x000000000000042c       0x2c ../multiple_axis_test_bsp//libhal_bsp.a(alt_dev_llist_insert.o)
 .debug_frame   0x0000000000000458       0x40 ../multiple_axis_test_bsp//libhal_bsp.a(alt_find_dev.o)
 .debug_frame   0x0000000000000498       0x20 ../multiple_axis_test_bsp//libhal_bsp.a(alt_icache_flush_all.o)
 .debug_frame   0x00000000000004b8       0x34 ../multiple_axis_test_bsp//libhal_bsp.a(alt_irq_handler.o)
 .debug_frame   0x00000000000004ec       0x20 ../multiple_axis_test_bsp//libhal_bsp.a(altera_nios2_gen2_irq.o)
 .debug_frame   0x000000000000050c       0x30 ../multiple_axis_test_bsp//libhal_bsp.a(alt_instruction_exception_entry.o)
 .debug_frame   0x000000000000053c       0x20 /home/youlittleperson/intelFPGA_lite/20.1/nios2eds/bin/gnu/H-x86_64-pc-linux-gnu/bin/../lib/gcc/nios2-elf/9.2.1/../../../../../H-x86_64-pc-linux-gnu/nios2-elf/lib/mno-hw-mul/libsmallc.a(lib_a-memcmp.o)

.debug_str      0x0000000000000000     0x1ef2
 *(.debug_str)
 .debug_str     0x0000000000000000       0x7b ../multiple_axis_test_bsp//obj/HAL/src/crt0.o
 .debug_str     0x000000000000007b      0x65c obj/default/hello_world_small.o
                                        0x74e (size before relaxing)
 .debug_str     0x00000000000006d7      0x2f9 /home/youlittleperson/intelFPGA_lite/20.1/nios2eds/bin/gnu/H-x86_64-pc-linux-gnu/bin/../lib/gcc/nios2-elf/9.2.1/../../../../../H-x86_64-pc-linux-gnu/nios2-elf/lib/mno-hw-mul/libsmallc.a(lib_a-printf.o)
                                        0x65c (size before relaxing)
 .debug_str     0x00000000000009d0      0x44e /home/youlittleperson/intelFPGA_lite/20.1/nios2eds/bin/gnu/H-x86_64-pc-linux-gnu/bin/../lib/gcc/nios2-elf/9.2.1/../../../../../H-x86_64-pc-linux-gnu/nios2-elf/lib/mno-hw-mul/libsmallc.a(lib_a-vfprintf.o)
                                        0xb4f (size before relaxing)
 .debug_str     0x0000000000000e1e       0x7a /home/youlittleperson/intelFPGA_lite/20.1/nios2eds/bin/gnu/H-x86_64-pc-linux-gnu/bin/../lib/gcc/nios2-elf/9.2.1/../../../../../H-x86_64-pc-linux-gnu/nios2-elf/lib/mno-hw-mul/libsmallc.a(lib_a-fvwrite_small_dev.o)
                                        0x638 (size before relaxing)
 .debug_str     0x0000000000000e98      0x11f /home/youlittleperson/intelFPGA_lite/20.1/nios2eds/bin/gnu/H-x86_64-pc-linux-gnu/bin/../lib/gcc/nios2-elf/9.2.1/../../../../../H-x86_64-pc-linux-gnu/nios2-elf/lib/mno-hw-mul/libsmallc.a(lib_a-impure.o)
                                        0x529 (size before relaxing)
 .debug_str     0x0000000000000fb7       0xd6 /home/youlittleperson/intelFPGA_lite/20.1/nios2eds/bin/gnu/H-x86_64-pc-linux-gnu/bin/../lib/gcc/nios2-elf/9.2.1/../../../../../H-x86_64-pc-linux-gnu/nios2-elf/lib/mno-hw-mul/libsmallc.a(lib_a-strlen.o)
                                        0x4d2 (size before relaxing)
 .debug_str     0x000000000000108d       0x47 /home/youlittleperson/intelFPGA_lite/20.1/nios2eds/bin/gnu/H-x86_64-pc-linux-gnu/bin/../lib/gcc/nios2-elf/9.2.1/../../../../../H-x86_64-pc-linux-gnu/nios2-elf/lib/mno-hw-mul/libsmallc.a(lib_a-writer.o)
                                        0x50e (size before relaxing)
 .debug_str     0x00000000000010d4       0x41 /home/youlittleperson/intelFPGA_lite/20.1/nios2eds/bin/gnu/H-x86_64-pc-linux-gnu/bin/../lib/gcc/nios2-elf/9.2.1/../../../../../H-x86_64-pc-linux-gnu/nios2-elf/lib/mno-hw-mul/libsmallc.a(lib_a-int_errno.o)
                                        0x4cf (size before relaxing)
 .debug_str     0x0000000000001115      0x194 /home/youlittleperson/intelFPGA_lite/20.1/nios2eds/bin/gnu/H-x86_64-pc-linux-gnu/bin/../lib/gcc/nios2-elf/9.2.1/mno-hw-mul/libgcc.a(lib2-divmod.o)
                                        0x1df (size before relaxing)
 .debug_str     0x00000000000012a9       0x42 /home/youlittleperson/intelFPGA_lite/20.1/nios2eds/bin/gnu/H-x86_64-pc-linux-gnu/bin/../lib/gcc/nios2-elf/9.2.1/mno-hw-mul/libgcc.a(lib2-mul.o)
                                        0x1a0 (size before relaxing)
 .debug_str     0x00000000000012eb       0xac ../multiple_axis_test_bsp//libhal_bsp.a(alt_irq_register.o)
                                        0x60f (size before relaxing)
 .debug_str     0x0000000000001397       0x29 ../multiple_axis_test_bsp//libhal_bsp.a(alt_irq_vars.o)
                                        0x166 (size before relaxing)
 .debug_str     0x00000000000013c0      0x113 ../multiple_axis_test_bsp//libhal_bsp.a(alt_load.o)
                                        0x648 (size before relaxing)
 .debug_str     0x00000000000014d3      0x1aa ../multiple_axis_test_bsp//libhal_bsp.a(alt_main.o)
                                        0x7fa (size before relaxing)
 .debug_str     0x000000000000167d       0x5d ../multiple_axis_test_bsp//libhal_bsp.a(alt_putstr.o)
                                        0x592 (size before relaxing)
 .debug_str     0x00000000000016da       0x2c ../multiple_axis_test_bsp//libhal_bsp.a(alt_write.o)
                                        0x813 (size before relaxing)
 .debug_str     0x0000000000001706       0xe0 ../multiple_axis_test_bsp//libhal_bsp.a(alt_sys_init.o)
                                        0x760 (size before relaxing)
 .debug_str     0x00000000000017e6       0x2c ../multiple_axis_test_bsp//libhal_bsp.a(altera_avalon_jtag_uart_write.o)
                                        0x64c (size before relaxing)
 .debug_str     0x0000000000001812       0xb4 ../multiple_axis_test_bsp//libhal_bsp.a(altera_up_avalon_accelerometer_spi.o)
                                        0x78a (size before relaxing)
 .debug_str     0x00000000000018c6       0x1f ../multiple_axis_test_bsp//libhal_bsp.a(alt_dcache_flush_all.o)
                                        0x561 (size before relaxing)
 .debug_str     0x00000000000018e5       0x32 ../multiple_axis_test_bsp//libhal_bsp.a(alt_dev.o)
                                        0x7bf (size before relaxing)
 .debug_str     0x0000000000001917       0x30 ../multiple_axis_test_bsp//libhal_bsp.a(alt_dev_llist_insert.o)
                                        0x5e5 (size before relaxing)
 .debug_str     0x0000000000001947       0x14 ../multiple_axis_test_bsp//libhal_bsp.a(alt_errno.o)
                                        0x55e (size before relaxing)
 .debug_str     0x000000000000195b       0x1e ../multiple_axis_test_bsp//libhal_bsp.a(alt_find_dev.o)
                                        0x61f (size before relaxing)
 .debug_str     0x0000000000001979       0x1f ../multiple_axis_test_bsp//libhal_bsp.a(alt_icache_flush_all.o)
                                        0x561 (size before relaxing)
 .debug_str     0x0000000000001998       0x18 ../multiple_axis_test_bsp//libhal_bsp.a(alt_irq_entry.o)
                                         0x84 (size before relaxing)
 .debug_str     0x00000000000019b0       0x3a ../multiple_axis_test_bsp//libhal_bsp.a(alt_irq_handler.o)
                                        0x5b0 (size before relaxing)
 .debug_str     0x00000000000019ea       0x20 ../multiple_axis_test_bsp//libhal_bsp.a(altera_nios2_gen2_irq.o)
                                        0x575 (size before relaxing)
 .debug_str     0x0000000000001a0a       0x1e ../multiple_axis_test_bsp//libhal_bsp.a(alt_exception_entry.o)
                                         0x8a (size before relaxing)
 .debug_str     0x0000000000001a28      0x48b ../multiple_axis_test_bsp//libhal_bsp.a(alt_instruction_exception_entry.o)
                                        0x5cc (size before relaxing)
 .debug_str     0x0000000000001eb3       0x3f /home/youlittleperson/intelFPGA_lite/20.1/nios2eds/bin/gnu/H-x86_64-pc-linux-gnu/bin/../lib/gcc/nios2-elf/9.2.1/../../../../../H-x86_64-pc-linux-gnu/nios2-elf/lib/mno-hw-mul/libsmallc.a(lib_a-memcmp.o)
                                        0x4cc (size before relaxing)

.debug_loc      0x0000000000000000     0x1c5e
 *(.debug_loc)
 .debug_loc     0x0000000000000000       0x32 obj/default/hello_world_small.o
 .debug_loc     0x0000000000000032      0x10a /home/youlittleperson/intelFPGA_lite/20.1/nios2eds/bin/gnu/H-x86_64-pc-linux-gnu/bin/../lib/gcc/nios2-elf/9.2.1/../../../../../H-x86_64-pc-linux-gnu/nios2-elf/lib/mno-hw-mul/libsmallc.a(lib_a-printf.o)
 .debug_loc     0x000000000000013c      0xb67 /home/youlittleperson/intelFPGA_lite/20.1/nios2eds/bin/gnu/H-x86_64-pc-linux-gnu/bin/../lib/gcc/nios2-elf/9.2.1/../../../../../H-x86_64-pc-linux-gnu/nios2-elf/lib/mno-hw-mul/libsmallc.a(lib_a-vfprintf.o)
 .debug_loc     0x0000000000000ca3      0x123 /home/youlittleperson/intelFPGA_lite/20.1/nios2eds/bin/gnu/H-x86_64-pc-linux-gnu/bin/../lib/gcc/nios2-elf/9.2.1/../../../../../H-x86_64-pc-linux-gnu/nios2-elf/lib/mno-hw-mul/libsmallc.a(lib_a-fvwrite_small_dev.o)
 .debug_loc     0x0000000000000dc6       0x44 /home/youlittleperson/intelFPGA_lite/20.1/nios2eds/bin/gnu/H-x86_64-pc-linux-gnu/bin/../lib/gcc/nios2-elf/9.2.1/../../../../../H-x86_64-pc-linux-gnu/nios2-elf/lib/mno-hw-mul/libsmallc.a(lib_a-strlen.o)
 .debug_loc     0x0000000000000e0a       0xd0 /home/youlittleperson/intelFPGA_lite/20.1/nios2eds/bin/gnu/H-x86_64-pc-linux-gnu/bin/../lib/gcc/nios2-elf/9.2.1/../../../../../H-x86_64-pc-linux-gnu/nios2-elf/lib/mno-hw-mul/libsmallc.a(lib_a-writer.o)
 .debug_loc     0x0000000000000eda      0x5d0 /home/youlittleperson/intelFPGA_lite/20.1/nios2eds/bin/gnu/H-x86_64-pc-linux-gnu/bin/../lib/gcc/nios2-elf/9.2.1/mno-hw-mul/libgcc.a(lib2-divmod.o)
 .debug_loc     0x00000000000014aa       0xa7 /home/youlittleperson/intelFPGA_lite/20.1/nios2eds/bin/gnu/H-x86_64-pc-linux-gnu/bin/../lib/gcc/nios2-elf/9.2.1/mno-hw-mul/libgcc.a(lib2-mul.o)
 .debug_loc     0x0000000000001551      0x13e ../multiple_axis_test_bsp//libhal_bsp.a(alt_irq_register.o)
 .debug_loc     0x000000000000168f       0x66 ../multiple_axis_test_bsp//libhal_bsp.a(alt_load.o)
 .debug_loc     0x00000000000016f5       0x3f ../multiple_axis_test_bsp//libhal_bsp.a(alt_putstr.o)
 .debug_loc     0x0000000000001734       0xd2 ../multiple_axis_test_bsp//libhal_bsp.a(alt_write.o)
 .debug_loc     0x0000000000001806       0x25 ../multiple_axis_test_bsp//libhal_bsp.a(alt_sys_init.o)
 .debug_loc     0x000000000000182b       0x93 ../multiple_axis_test_bsp//libhal_bsp.a(altera_avalon_jtag_uart_write.o)
 .debug_loc     0x00000000000018be       0x6f ../multiple_axis_test_bsp//libhal_bsp.a(altera_up_avalon_accelerometer_spi.o)
 .debug_loc     0x000000000000192d       0x8e ../multiple_axis_test_bsp//libhal_bsp.a(alt_dev_llist_insert.o)
 .debug_loc     0x00000000000019bb       0xc2 ../multiple_axis_test_bsp//libhal_bsp.a(alt_find_dev.o)
 .debug_loc     0x0000000000001a7d       0xac ../multiple_axis_test_bsp//libhal_bsp.a(alt_irq_handler.o)
 .debug_loc     0x0000000000001b29       0x73 ../multiple_axis_test_bsp//libhal_bsp.a(alt_instruction_exception_entry.o)
 .debug_loc     0x0000000000001b9c       0xc2 /home/youlittleperson/intelFPGA_lite/20.1/nios2eds/bin/gnu/H-x86_64-pc-linux-gnu/bin/../lib/gcc/nios2-elf/9.2.1/../../../../../H-x86_64-pc-linux-gnu/nios2-elf/lib/mno-hw-mul/libsmallc.a(lib_a-memcmp.o)

.debug_macinfo
 *(.debug_macinfo)

.debug_weaknames
 *(.debug_weaknames)

.debug_funcnames
 *(.debug_funcnames)

.debug_typenames
 *(.debug_typenames)

.debug_varnames
 *(.debug_varnames)

.debug_alt_sim_info
                0x0000000000000000       0x10
 *(.debug_alt_sim_info)
 .debug_alt_sim_info
                0x0000000000000000       0x10 ../multiple_axis_test_bsp//obj/HAL/src/crt0.o
                0x0000000000020000                __alt_data_end = 0x20000
                0x0000000000020000                PROVIDE (__alt_stack_pointer = __alt_data_end)
                [!provide]                        PROVIDE (__alt_stack_limit = __alt_stack_base)
                [!provide]                        PROVIDE (__alt_heap_start = end)
                [!provide]                        PROVIDE (__alt_heap_limit = 0x20000)
OUTPUT(multiple_axis_test.elf elf32-littlenios2)

.debug_ranges   0x0000000000000000      0x3a8
 .debug_ranges  0x0000000000000000       0x20 ../multiple_axis_test_bsp//obj/HAL/src/crt0.o
 .debug_ranges  0x0000000000000020       0x18 obj/default/hello_world_small.o
 .debug_ranges  0x0000000000000038       0x18 /home/youlittleperson/intelFPGA_lite/20.1/nios2eds/bin/gnu/H-x86_64-pc-linux-gnu/bin/../lib/gcc/nios2-elf/9.2.1/../../../../../H-x86_64-pc-linux-gnu/nios2-elf/lib/mno-hw-mul/libsmallc.a(lib_a-printf.o)
 .debug_ranges  0x0000000000000050       0xe8 /home/youlittleperson/intelFPGA_lite/20.1/nios2eds/bin/gnu/H-x86_64-pc-linux-gnu/bin/../lib/gcc/nios2-elf/9.2.1/../../../../../H-x86_64-pc-linux-gnu/nios2-elf/lib/mno-hw-mul/libsmallc.a(lib_a-vfprintf.o)
 .debug_ranges  0x0000000000000138       0x10 /home/youlittleperson/intelFPGA_lite/20.1/nios2eds/bin/gnu/H-x86_64-pc-linux-gnu/bin/../lib/gcc/nios2-elf/9.2.1/../../../../../H-x86_64-pc-linux-gnu/nios2-elf/lib/mno-hw-mul/libsmallc.a(lib_a-fvwrite_small_dev.o)
 .debug_ranges  0x0000000000000148       0x10 /home/youlittleperson/intelFPGA_lite/20.1/nios2eds/bin/gnu/H-x86_64-pc-linux-gnu/bin/../lib/gcc/nios2-elf/9.2.1/../../../../../H-x86_64-pc-linux-gnu/nios2-elf/lib/mno-hw-mul/libsmallc.a(lib_a-strlen.o)
 .debug_ranges  0x0000000000000158       0x10 /home/youlittleperson/intelFPGA_lite/20.1/nios2eds/bin/gnu/H-x86_64-pc-linux-gnu/bin/../lib/gcc/nios2-elf/9.2.1/../../../../../H-x86_64-pc-linux-gnu/nios2-elf/lib/mno-hw-mul/libsmallc.a(lib_a-writer.o)
 .debug_ranges  0x0000000000000168       0x70 /home/youlittleperson/intelFPGA_lite/20.1/nios2eds/bin/gnu/H-x86_64-pc-linux-gnu/bin/../lib/gcc/nios2-elf/9.2.1/mno-hw-mul/libgcc.a(lib2-divmod.o)
 .debug_ranges  0x00000000000001d8       0x30 ../multiple_axis_test_bsp//libhal_bsp.a(alt_irq_register.o)
 .debug_ranges  0x0000000000000208       0xa0 ../multiple_axis_test_bsp//libhal_bsp.a(alt_load.o)
 .debug_ranges  0x00000000000002a8       0x20 ../multiple_axis_test_bsp//libhal_bsp.a(alt_write.o)
 .debug_ranges  0x00000000000002c8       0x18 ../multiple_axis_test_bsp//libhal_bsp.a(alt_sys_init.o)
 .debug_ranges  0x00000000000002e0       0x20 ../multiple_axis_test_bsp//libhal_bsp.a(alt_dev_llist_insert.o)
 .debug_ranges  0x0000000000000300       0x28 ../multiple_axis_test_bsp//libhal_bsp.a(alt_irq_entry.o)
 .debug_ranges  0x0000000000000328       0x28 ../multiple_axis_test_bsp//libhal_bsp.a(alt_irq_handler.o)
 .debug_ranges  0x0000000000000350       0x30 ../multiple_axis_test_bsp//libhal_bsp.a(alt_exception_entry.o)
 .debug_ranges  0x0000000000000380       0x18 ../multiple_axis_test_bsp//libhal_bsp.a(alt_instruction_exception_entry.o)
 .debug_ranges  0x0000000000000398       0x10 /home/youlittleperson/intelFPGA_lite/20.1/nios2eds/bin/gnu/H-x86_64-pc-linux-gnu/bin/../lib/gcc/nios2-elf/9.2.1/../../../../../H-x86_64-pc-linux-gnu/nios2-elf/lib/mno-hw-mul/libsmallc.a(lib_a-memcmp.o)
