Archive member included to satisfy reference by file (symbol)

/home/youlittleperson/intelFPGA_lite/20.1/nios2eds/bin/gnu/H-x86_64-pc-linux-gnu/bin/../lib/gcc/nios2-elf/9.2.1/../../../../../H-x86_64-pc-linux-gnu/nios2-elf/lib/mno-hw-mul/libsmallc.a(lib_a-printf.o)
                              obj/default/hello_world_small.o (printf)
/home/youlittleperson/intelFPGA_lite/20.1/nios2eds/bin/gnu/H-x86_64-pc-linux-gnu/bin/../lib/gcc/nios2-elf/9.2.1/../../../../../H-x86_64-pc-linux-gnu/nios2-elf/lib/mno-hw-mul/libsmallc.a(lib_a-vfprintf.o)
                              /home/youlittleperson/intelFPGA_lite/20.1/nios2eds/bin/gnu/H-x86_64-pc-linux-gnu/bin/../lib/gcc/nios2-elf/9.2.1/../../../../../H-x86_64-pc-linux-gnu/nios2-elf/lib/mno-hw-mul/libsmallc.a(lib_a-printf.o) (___vfprintf_internal_r)
/home/youlittleperson/intelFPGA_lite/20.1/nios2eds/bin/gnu/H-x86_64-pc-linux-gnu/bin/../lib/gcc/nios2-elf/9.2.1/../../../../../H-x86_64-pc-linux-gnu/nios2-elf/lib/mno-hw-mul/libsmallc.a(lib_a-fvwrite_small_dev.o)
                              /home/youlittleperson/intelFPGA_lite/20.1/nios2eds/bin/gnu/H-x86_64-pc-linux-gnu/bin/../lib/gcc/nios2-elf/9.2.1/../../../../../H-x86_64-pc-linux-gnu/nios2-elf/lib/mno-hw-mul/libsmallc.a(lib_a-printf.o) (__sfvwrite_small_dev)
/home/youlittleperson/intelFPGA_lite/20.1/nios2eds/bin/gnu/H-x86_64-pc-linux-gnu/bin/../lib/gcc/nios2-elf/9.2.1/../../../../../H-x86_64-pc-linux-gnu/nios2-elf/lib/mno-hw-mul/libsmallc.a(lib_a-impure.o)
                              /home/youlittleperson/intelFPGA_lite/20.1/nios2eds/bin/gnu/H-x86_64-pc-linux-gnu/bin/../lib/gcc/nios2-elf/9.2.1/../../../../../H-x86_64-pc-linux-gnu/nios2-elf/lib/mno-hw-mul/libsmallc.a(lib_a-printf.o) (_impure_ptr)
/home/youlittleperson/intelFPGA_lite/20.1/nios2eds/bin/gnu/H-x86_64-pc-linux-gnu/bin/../lib/gcc/nios2-elf/9.2.1/../../../../../H-x86_64-pc-linux-gnu/nios2-elf/lib/mno-hw-mul/libsmallc.a(lib_a-strlen.o)
                              /home/youlittleperson/intelFPGA_lite/20.1/nios2eds/bin/gnu/H-x86_64-pc-linux-gnu/bin/../lib/gcc/nios2-elf/9.2.1/../../../../../H-x86_64-pc-linux-gnu/nios2-elf/lib/mno-hw-mul/libsmallc.a(lib_a-vfprintf.o) (strlen)
/home/youlittleperson/intelFPGA_lite/20.1/nios2eds/bin/gnu/H-x86_64-pc-linux-gnu/bin/../lib/gcc/nios2-elf/9.2.1/../../../../../H-x86_64-pc-linux-gnu/nios2-elf/lib/mno-hw-mul/libsmallc.a(lib_a-writer.o)
                              /home/youlittleperson/intelFPGA_lite/20.1/nios2eds/bin/gnu/H-x86_64-pc-linux-gnu/bin/../lib/gcc/nios2-elf/9.2.1/../../../../../H-x86_64-pc-linux-gnu/nios2-elf/lib/mno-hw-mul/libsmallc.a(lib_a-fvwrite_small_dev.o) (_write_r)
/home/youlittleperson/intelFPGA_lite/20.1/nios2eds/bin/gnu/H-x86_64-pc-linux-gnu/bin/../lib/gcc/nios2-elf/9.2.1/../../../../../H-x86_64-pc-linux-gnu/nios2-elf/lib/mno-hw-mul/libsmallc.a(lib_a-int_errno.o)
                              /home/youlittleperson/intelFPGA_lite/20.1/nios2eds/bin/gnu/H-x86_64-pc-linux-gnu/bin/../lib/gcc/nios2-elf/9.2.1/../../../../../H-x86_64-pc-linux-gnu/nios2-elf/lib/mno-hw-mul/libsmallc.a(lib_a-writer.o) (errno)
/home/youlittleperson/intelFPGA_lite/20.1/nios2eds/bin/gnu/H-x86_64-pc-linux-gnu/bin/../lib/gcc/nios2-elf/9.2.1/mno-hw-mul/libgcc.a(lib2-divmod.o)
                              /home/youlittleperson/intelFPGA_lite/20.1/nios2eds/bin/gnu/H-x86_64-pc-linux-gnu/bin/../lib/gcc/nios2-elf/9.2.1/../../../../../H-x86_64-pc-linux-gnu/nios2-elf/lib/mno-hw-mul/libsmallc.a(lib_a-vfprintf.o) (__udivsi3)
/home/youlittleperson/intelFPGA_lite/20.1/nios2eds/bin/gnu/H-x86_64-pc-linux-gnu/bin/../lib/gcc/nios2-elf/9.2.1/mno-hw-mul/libgcc.a(lib2-mul.o)
                              /home/youlittleperson/intelFPGA_lite/20.1/nios2eds/bin/gnu/H-x86_64-pc-linux-gnu/bin/../lib/gcc/nios2-elf/9.2.1/../../../../../H-x86_64-pc-linux-gnu/nios2-elf/lib/mno-hw-mul/libsmallc.a(lib_a-vfprintf.o) (__mulsi3)
../multiple_axis_test_bsp//libhal_bsp.a(alt_irq_register.o)
                              obj/default/hello_world_small.o (alt_irq_register)
../multiple_axis_test_bsp//libhal_bsp.a(alt_irq_vars.o)
                              ../multiple_axis_test_bsp//libhal_bsp.a(alt_irq_register.o) (alt_irq_active)
../multiple_axis_test_bsp//libhal_bsp.a(alt_load.o)
                              ../multiple_axis_test_bsp//obj/HAL/src/crt0.o (alt_load)
../multiple_axis_test_bsp//libhal_bsp.a(alt_main.o)
                              ../multiple_axis_test_bsp//obj/HAL/src/crt0.o (alt_main)
../multiple_axis_test_bsp//libhal_bsp.a(alt_printf.o)
                              obj/default/hello_world_small.o (alt_printf)
../multiple_axis_test_bsp//libhal_bsp.a(alt_putchar.o)
                              ../multiple_axis_test_bsp//libhal_bsp.a(alt_printf.o) (alt_putchar)
../multiple_axis_test_bsp//libhal_bsp.a(alt_putstr.o)
                              obj/default/hello_world_small.o (alt_putstr)
../multiple_axis_test_bsp//libhal_bsp.a(alt_write.o)
                              /home/youlittleperson/intelFPGA_lite/20.1/nios2eds/bin/gnu/H-x86_64-pc-linux-gnu/bin/../lib/gcc/nios2-elf/9.2.1/../../../../../H-x86_64-pc-linux-gnu/nios2-elf/lib/mno-hw-mul/libsmallc.a(lib_a-writer.o) (write)
../multiple_axis_test_bsp//libhal_bsp.a(alt_sys_init.o)
                              ../multiple_axis_test_bsp//libhal_bsp.a(alt_main.o) (alt_irq_init)
../multiple_axis_test_bsp//libhal_bsp.a(altera_avalon_jtag_uart_write.o)
                              ../multiple_axis_test_bsp//libhal_bsp.a(alt_putchar.o) (altera_avalon_jtag_uart_write)
../multiple_axis_test_bsp//libhal_bsp.a(altera_up_avalon_accelerometer_spi.o)
                              obj/default/hello_world_small.o (alt_up_accelerometer_spi_open_dev)
../multiple_axis_test_bsp//libhal_bsp.a(alt_dcache_flush_all.o)
                              ../multiple_axis_test_bsp//libhal_bsp.a(alt_load.o) (alt_dcache_flush_all)
../multiple_axis_test_bsp//libhal_bsp.a(alt_dev.o)
                              ../multiple_axis_test_bsp//libhal_bsp.a(alt_sys_init.o) (alt_dev_list)
../multiple_axis_test_bsp//libhal_bsp.a(alt_dev_llist_insert.o)
                              ../multiple_axis_test_bsp//libhal_bsp.a(alt_sys_init.o) (alt_dev_llist_insert)
../multiple_axis_test_bsp//libhal_bsp.a(alt_errno.o)
                              ../multiple_axis_test_bsp//libhal_bsp.a(alt_write.o) (alt_errno)
../multiple_axis_test_bsp//libhal_bsp.a(alt_find_dev.o)
                              ../multiple_axis_test_bsp//libhal_bsp.a(altera_up_avalon_accelerometer_spi.o) (alt_find_dev)
../multiple_axis_test_bsp//libhal_bsp.a(alt_icache_flush_all.o)
                              ../multiple_axis_test_bsp//libhal_bsp.a(alt_load.o) (alt_icache_flush_all)
../multiple_axis_test_bsp//libhal_bsp.a(alt_irq_entry.o)
                              ../multiple_axis_test_bsp//libhal_bsp.a(alt_irq_register.o) (alt_irq_entry)
../multiple_axis_test_bsp//libhal_bsp.a(alt_irq_handler.o)
                              ../multiple_axis_test_bsp//libhal_bsp.a(alt_irq_register.o) (alt_irq_handler)
../multiple_axis_test_bsp//libhal_bsp.a(altera_nios2_gen2_irq.o)
                              ../multiple_axis_test_bsp//libhal_bsp.a(alt_sys_init.o) (altera_nios2_gen2_irq_init)
../multiple_axis_test_bsp//libhal_bsp.a(alt_exception_entry.o)
                              ../multiple_axis_test_bsp//libhal_bsp.a(alt_irq_entry.o) (alt_exception)
../multiple_axis_test_bsp//libhal_bsp.a(alt_instruction_exception_entry.o)
                              ../multiple_axis_test_bsp//libhal_bsp.a(alt_exception_entry.o) (alt_instruction_exception_entry)
/home/youlittleperson/intelFPGA_lite/20.1/nios2eds/bin/gnu/H-x86_64-pc-linux-gnu/bin/../lib/gcc/nios2-elf/9.2.1/../../../../../H-x86_64-pc-linux-gnu/nios2-elf/lib/mno-hw-mul/libsmallc.a(lib_a-memcmp.o)
                              ../multiple_axis_test_bsp//libhal_bsp.a(alt_find_dev.o) (memcmp)

Allocating common symbols
Common symbol       size              file

alt_irq             0x100             ../multiple_axis_test_bsp//libhal_bsp.a(alt_irq_handler.o)
errno               0x4               /home/youlittleperson/intelFPGA_lite/20.1/nios2eds/bin/gnu/H-x86_64-pc-linux-gnu/bin/../lib/gcc/nios2-elf/9.2.1/../../../../../H-x86_64-pc-linux-gnu/nios2-elf/lib/mno-hw-mul/libsmallc.a(lib_a-int_errno.o)
acc_dev             0x4               obj/default/hello_world_small.o

Memory Configuration

Name             Origin             Length             Attributes
reset            0x0000000000010000 0x0000000000000020
onchip_memory    0x0000000000010020 0x000000000000ffe0
*default*        0x0000000000000000 0xffffffffffffffff

Linker script and memory map

LOAD ../multiple_axis_test_bsp//obj/HAL/src/crt0.o
LOAD obj/default/hello_world_small.o
LOAD /home/youlittleperson/intelFPGA_lite/20.1/nios2eds/bin/gnu/H-x86_64-pc-linux-gnu/bin/../lib/gcc/nios2-elf/9.2.1/../../../../../H-x86_64-pc-linux-gnu/nios2-elf/lib/mno-hw-mul/libstdc++.a
LOAD /home/youlittleperson/intelFPGA_lite/20.1/nios2eds/bin/gnu/H-x86_64-pc-linux-gnu/bin/../lib/gcc/nios2-elf/9.2.1/../../../../../H-x86_64-pc-linux-gnu/nios2-elf/lib/mno-hw-mul/libm.a
LOAD /home/youlittleperson/intelFPGA_lite/20.1/nios2eds/bin/gnu/H-x86_64-pc-linux-gnu/bin/../lib/gcc/nios2-elf/9.2.1/mno-hw-mul/libgcc.a
START GROUP
LOAD /home/youlittleperson/intelFPGA_lite/20.1/nios2eds/bin/gnu/H-x86_64-pc-linux-gnu/bin/../lib/gcc/nios2-elf/9.2.1/../../../../../H-x86_64-pc-linux-gnu/nios2-elf/lib/mno-hw-mul/libsmallc.a
LOAD /home/youlittleperson/intelFPGA_lite/20.1/nios2eds/bin/gnu/H-x86_64-pc-linux-gnu/bin/../lib/gcc/nios2-elf/9.2.1/mno-hw-mul/libgcc.a
LOAD ../multiple_axis_test_bsp//libhal_bsp.a
LOAD /home/youlittleperson/intelFPGA_lite/20.1/nios2eds/bin/gnu/H-x86_64-pc-linux-gnu/bin/../lib/gcc/nios2-elf/9.2.1/../../../../../H-x86_64-pc-linux-gnu/nios2-elf/lib/mno-hw-mul/libm.a
END GROUP
LOAD /home/youlittleperson/intelFPGA_lite/20.1/nios2eds/bin/gnu/H-x86_64-pc-linux-gnu/bin/../lib/gcc/nios2-elf/9.2.1/mno-hw-mul/libgcc.a
                0x0000000000010000                __alt_mem_onchip_memory = 0x10000

.entry          0x0000000000010000       0x20
 *(.entry)
 .entry         0x0000000000010000       0x20 ../multiple_axis_test_bsp//obj/HAL/src/crt0.o
                0x0000000000010000                __reset
                0x000000000001000c                _exit

.exceptions     0x0000000000010020      0x160
                0x0000000000010020                PROVIDE (__ram_exceptions_start = ABSOLUTE (.))
                0x0000000000010020                . = ALIGN (0x20)
 *(.irq)
 *(.exceptions.entry.label)
 .exceptions.entry.label
                0x0000000000010020        0x0 ../multiple_axis_test_bsp//libhal_bsp.a(alt_irq_entry.o)
                0x0000000000010020                alt_irq_entry
 .exceptions.entry.label
                0x0000000000010020        0x0 ../multiple_axis_test_bsp//libhal_bsp.a(alt_exception_entry.o)
                0x0000000000010020                alt_exception
 *(.exceptions.entry.user)
 *(.exceptions.entry.ecc_fatal)
 *(.exceptions.entry)
 .exceptions.entry
                0x0000000000010020       0x54 ../multiple_axis_test_bsp//libhal_bsp.a(alt_exception_entry.o)
 *(.exceptions.irqtest.user)
 *(.exceptions.irqtest)
 .exceptions.irqtest
                0x0000000000010074       0x10 ../multiple_axis_test_bsp//libhal_bsp.a(alt_irq_entry.o)
 *(.exceptions.irqhandler.user)
 *(.exceptions.irqhandler)
 .exceptions.irqhandler
                0x0000000000010084        0x4 ../multiple_axis_test_bsp//libhal_bsp.a(alt_irq_entry.o)
 *(.exceptions.irqreturn.user)
 *(.exceptions.irqreturn)
 .exceptions.irqreturn
                0x0000000000010088        0x4 ../multiple_axis_test_bsp//libhal_bsp.a(alt_irq_entry.o)
 *(.exceptions.notirq.label)
 .exceptions.notirq.label
                0x000000000001008c        0x0 ../multiple_axis_test_bsp//libhal_bsp.a(alt_irq_entry.o)
 *(.exceptions.notirq.user)
 *(.exceptions.notirq)
 .exceptions.notirq
                0x000000000001008c        0x8 ../multiple_axis_test_bsp//libhal_bsp.a(alt_exception_entry.o)
 *(.exceptions.soft.user)
 *(.exceptions.soft)
 *(.exceptions.unknown.user)
 *(.exceptions.unknown)
 .exceptions.unknown
                0x0000000000010094       0x14 ../multiple_axis_test_bsp//libhal_bsp.a(alt_exception_entry.o)
 *(.exceptions.exit.label)
 .exceptions.exit.label
                0x00000000000100a8        0x0 ../multiple_axis_test_bsp//libhal_bsp.a(alt_irq_entry.o)
 .exceptions.exit.label
                0x00000000000100a8        0x0 ../multiple_axis_test_bsp//libhal_bsp.a(alt_exception_entry.o)
 *(.exceptions.exit.user)
 *(.exceptions.exit)
 .exceptions.exit
                0x00000000000100a8       0x54 ../multiple_axis_test_bsp//libhal_bsp.a(alt_exception_entry.o)
 *(.exceptions)
 .exceptions    0x00000000000100fc       0x60 ../multiple_axis_test_bsp//libhal_bsp.a(alt_irq_handler.o)
                0x00000000000100fc                alt_irq_handler
 .exceptions    0x000000000001015c       0x24 ../multiple_axis_test_bsp//libhal_bsp.a(alt_instruction_exception_entry.o)
                0x000000000001015c                alt_instruction_exception_entry
                0x0000000000010180                PROVIDE (__ram_exceptions_end = ABSOLUTE (.))
                0x0000000000010020                PROVIDE (__flash_exceptions_start = LOADADDR (.exceptions))

.text           0x0000000000010180     0x1244
                [!provide]                        PROVIDE (stext = ABSOLUTE (.))
 *(.interp)
 *(.hash)
 *(.dynsym)
 *(.dynstr)
 *(.gnu.version)
 *(.gnu.version_d)
 *(.gnu.version_r)
 *(.rel.init)
 *(.rela.init)
 *(.rel.text .rel.text.* .rel.gnu.linkonce.t.*)
 *(.rela.text .rela.text.* .rela.gnu.linkonce.t.*)
 *(.rel.fini)
 *(.rela.fini)
 *(.rel.rodata .rel.rodata.* .rel.gnu.linkonce.r.*)
 *(.rela.rodata .rela.rodata.* .rela.gnu.linkonce.r.*)
 *(.rel.data .rel.data.* .rel.gnu.linkonce.d.*)
 *(.rela.data .rela.data.* .rela.gnu.linkonce.d.*)
 *(.rel.tdata .rel.tdata.* .rel.gnu.linkonce.td.*)
 *(.rela.tdata .rela.tdata.* .rela.gnu.linkonce.td.*)
 *(.rel.tbss .rel.tbss.* .rel.gnu.linkonce.tb.*)
 *(.rela.tbss .rela.tbss.* .rela.gnu.linkonce.tb.*)
 *(.rel.ctors)
 *(.rela.ctors)
 *(.rel.dtors)
 *(.rela.dtors)
 *(.rel.got)
 *(.rela.got)
 *(.rel.sdata .rel.sdata.* .rel.gnu.linkonce.s.*)
 *(.rela.sdata .rela.sdata.* .rela.gnu.linkonce.s.*)
 *(.rel.sbss .rel.sbss.* .rel.gnu.linkonce.sb.*)
 *(.rela.sbss .rela.sbss.* .rela.gnu.linkonce.sb.*)
 *(.rel.sdata2 .rel.sdata2.* .rel.gnu.linkonce.s2.*)
 *(.rela.sdata2 .rela.sdata2.* .rela.gnu.linkonce.s2.*)
 *(.rel.sbss2 .rel.sbss2.* .rel.gnu.linkonce.sb2.*)
 *(.rela.sbss2 .rela.sbss2.* .rela.gnu.linkonce.sb2.*)
 *(.rel.bss .rel.bss.* .rel.gnu.linkonce.b.*)
 *(.rela.bss .rela.bss.* .rela.gnu.linkonce.b.*)
 *(.rel.plt)
 *(.rela.plt)
 *(.rel.dyn)
 *(.init)
 *(.plt)
 *(.text .stub .text.* .gnu.linkonce.t.*)
 .text          0x0000000000010180       0x3c ../multiple_axis_test_bsp//obj/HAL/src/crt0.o
                0x0000000000010180                _start
 .text          0x00000000000101bc      0x14c obj/default/hello_world_small.o
                0x00000000000101bc                accelerometer_isr
                0x0000000000010230                sys_timer_isr
                0x00000000000102b4                timer_init
 .text.startup  0x0000000000010308       0xac obj/default/hello_world_small.o
                0x0000000000010308                main
 .text          0x00000000000103b4        0x0 /home/youlittleperson/intelFPGA_lite/20.1/nios2eds/bin/gnu/H-x86_64-pc-linux-gnu/bin/../lib/gcc/nios2-elf/9.2.1/../../../../../H-x86_64-pc-linux-gnu/nios2-elf/lib/mno-hw-mul/libsmallc.a(lib_a-printf.o)
 .text._printf_r
                0x00000000000103b4       0x3c /home/youlittleperson/intelFPGA_lite/20.1/nios2eds/bin/gnu/H-x86_64-pc-linux-gnu/bin/../lib/gcc/nios2-elf/9.2.1/../../../../../H-x86_64-pc-linux-gnu/nios2-elf/lib/mno-hw-mul/libsmallc.a(lib_a-printf.o)
                0x00000000000103b4                _printf_r
 .text.printf   0x00000000000103f0       0x48 /home/youlittleperson/intelFPGA_lite/20.1/nios2eds/bin/gnu/H-x86_64-pc-linux-gnu/bin/../lib/gcc/nios2-elf/9.2.1/../../../../../H-x86_64-pc-linux-gnu/nios2-elf/lib/mno-hw-mul/libsmallc.a(lib_a-printf.o)
                0x00000000000103f0                printf
 .text          0x0000000000010438        0x0 /home/youlittleperson/intelFPGA_lite/20.1/nios2eds/bin/gnu/H-x86_64-pc-linux-gnu/bin/../lib/gcc/nios2-elf/9.2.1/../../../../../H-x86_64-pc-linux-gnu/nios2-elf/lib/mno-hw-mul/libsmallc.a(lib_a-vfprintf.o)
 .text.print_repeat
                0x0000000000010438       0x6c /home/youlittleperson/intelFPGA_lite/20.1/nios2eds/bin/gnu/H-x86_64-pc-linux-gnu/bin/../lib/gcc/nios2-elf/9.2.1/../../../../../H-x86_64-pc-linux-gnu/nios2-elf/lib/mno-hw-mul/libsmallc.a(lib_a-vfprintf.o)
 .text.___vfprintf_internal_r
                0x00000000000104a4      0x528 /home/youlittleperson/intelFPGA_lite/20.1/nios2eds/bin/gnu/H-x86_64-pc-linux-gnu/bin/../lib/gcc/nios2-elf/9.2.1/../../../../../H-x86_64-pc-linux-gnu/nios2-elf/lib/mno-hw-mul/libsmallc.a(lib_a-vfprintf.o)
                0x00000000000104a4                ___vfprintf_internal_r
 .text.__vfprintf_internal
                0x00000000000109cc       0x18 /home/youlittleperson/intelFPGA_lite/20.1/nios2eds/bin/gnu/H-x86_64-pc-linux-gnu/bin/../lib/gcc/nios2-elf/9.2.1/../../../../../H-x86_64-pc-linux-gnu/nios2-elf/lib/mno-hw-mul/libsmallc.a(lib_a-vfprintf.o)
                0x00000000000109cc                __vfprintf_internal
 .text          0x00000000000109e4        0x0 /home/youlittleperson/intelFPGA_lite/20.1/nios2eds/bin/gnu/H-x86_64-pc-linux-gnu/bin/../lib/gcc/nios2-elf/9.2.1/../../../../../H-x86_64-pc-linux-gnu/nios2-elf/lib/mno-hw-mul/libsmallc.a(lib_a-fvwrite_small_dev.o)
 .text.__sfvwrite_small_dev
                0x00000000000109e4       0xa8 /home/youlittleperson/intelFPGA_lite/20.1/nios2eds/bin/gnu/H-x86_64-pc-linux-gnu/bin/../lib/gcc/nios2-elf/9.2.1/../../../../../H-x86_64-pc-linux-gnu/nios2-elf/lib/mno-hw-mul/libsmallc.a(lib_a-fvwrite_small_dev.o)
                0x00000000000109e4                __sfvwrite_small_dev
 .text          0x0000000000010a8c        0x0 /home/youlittleperson/intelFPGA_lite/20.1/nios2eds/bin/gnu/H-x86_64-pc-linux-gnu/bin/../lib/gcc/nios2-elf/9.2.1/../../../../../H-x86_64-pc-linux-gnu/nios2-elf/lib/mno-hw-mul/libsmallc.a(lib_a-impure.o)
 .text          0x0000000000010a8c        0x0 /home/youlittleperson/intelFPGA_lite/20.1/nios2eds/bin/gnu/H-x86_64-pc-linux-gnu/bin/../lib/gcc/nios2-elf/9.2.1/../../../../../H-x86_64-pc-linux-gnu/nios2-elf/lib/mno-hw-mul/libsmallc.a(lib_a-strlen.o)
 .text.strlen   0x0000000000010a8c       0x1c /home/youlittleperson/intelFPGA_lite/20.1/nios2eds/bin/gnu/H-x86_64-pc-linux-gnu/bin/../lib/gcc/nios2-elf/9.2.1/../../../../../H-x86_64-pc-linux-gnu/nios2-elf/lib/mno-hw-mul/libsmallc.a(lib_a-strlen.o)
                0x0000000000010a8c                strlen
 .text          0x0000000000010aa8        0x0 /home/youlittleperson/intelFPGA_lite/20.1/nios2eds/bin/gnu/H-x86_64-pc-linux-gnu/bin/../lib/gcc/nios2-elf/9.2.1/../../../../../H-x86_64-pc-linux-gnu/nios2-elf/lib/mno-hw-mul/libsmallc.a(lib_a-writer.o)
 .text._write_r
                0x0000000000010aa8       0x50 /home/youlittleperson/intelFPGA_lite/20.1/nios2eds/bin/gnu/H-x86_64-pc-linux-gnu/bin/../lib/gcc/nios2-elf/9.2.1/../../../../../H-x86_64-pc-linux-gnu/nios2-elf/lib/mno-hw-mul/libsmallc.a(lib_a-writer.o)
                0x0000000000010aa8                _write_r
 .text          0x0000000000010af8        0x0 /home/youlittleperson/intelFPGA_lite/20.1/nios2eds/bin/gnu/H-x86_64-pc-linux-gnu/bin/../lib/gcc/nios2-elf/9.2.1/../../../../../H-x86_64-pc-linux-gnu/nios2-elf/lib/mno-hw-mul/libsmallc.a(lib_a-int_errno.o)
 .text          0x0000000000010af8      0x1b4 /home/youlittleperson/intelFPGA_lite/20.1/nios2eds/bin/gnu/H-x86_64-pc-linux-gnu/bin/../lib/gcc/nios2-elf/9.2.1/mno-hw-mul/libgcc.a(lib2-divmod.o)
                0x0000000000010af8                __divsi3
                0x0000000000010b78                __modsi3
                0x0000000000010bec                __udivsi3
                0x0000000000010c50                __umodsi3
 .text          0x0000000000010cac       0x28 /home/youlittleperson/intelFPGA_lite/20.1/nios2eds/bin/gnu/H-x86_64-pc-linux-gnu/bin/../lib/gcc/nios2-elf/9.2.1/mno-hw-mul/libgcc.a(lib2-mul.o)
                0x0000000000010cac                __mulsi3
 .text          0x0000000000010cd4       0x90 ../multiple_axis_test_bsp//libhal_bsp.a(alt_irq_register.o)
                0x0000000000010cd4                alt_irq_register
 .text          0x0000000000010d64        0x0 ../multiple_axis_test_bsp//libhal_bsp.a(alt_irq_vars.o)
 .text          0x0000000000010d64       0xb4 ../multiple_axis_test_bsp//libhal_bsp.a(alt_load.o)
                0x0000000000010d64                alt_load
 .text          0x0000000000010e18       0x2c ../multiple_axis_test_bsp//libhal_bsp.a(alt_main.o)
                0x0000000000010e18                alt_main
 .text          0x0000000000010e44      0x140 ../multiple_axis_test_bsp//libhal_bsp.a(alt_printf.o)
                0x0000000000010e44                alt_printf
 .text          0x0000000000010f84       0x4c ../multiple_axis_test_bsp//libhal_bsp.a(alt_putchar.o)
                0x0000000000010f84                alt_putchar
 .text          0x0000000000010fd0       0x38 ../multiple_axis_test_bsp//libhal_bsp.a(alt_putstr.o)
                0x0000000000010fd0                alt_putstr
 .text          0x0000000000011008       0x5c ../multiple_axis_test_bsp//libhal_bsp.a(alt_write.o)
                0x0000000000011008                write
 .text          0x0000000000011064       0x30 ../multiple_axis_test_bsp//libhal_bsp.a(alt_sys_init.o)
                0x0000000000011064                alt_irq_init
                0x0000000000011084                alt_sys_init
 .text          0x0000000000011094       0x30 ../multiple_axis_test_bsp//libhal_bsp.a(altera_avalon_jtag_uart_write.o)
                0x0000000000011094                altera_avalon_jtag_uart_write
 .text          0x00000000000110c4      0x16c ../multiple_axis_test_bsp//libhal_bsp.a(altera_up_avalon_accelerometer_spi.o)
                0x00000000000110c4                alt_up_accelerometer_spi_open_dev
                0x00000000000110cc                alt_up_accelerometer_spi_read_address_register
                0x00000000000110e0                alt_up_accelerometer_spi_read
                0x0000000000011100                alt_up_accelerometer_spi_write
                0x000000000001111c                alt_up_accelerometer_spi_read_x_axis
                0x0000000000011178                alt_up_accelerometer_spi_read_y_axis
                0x00000000000111d4                alt_up_accelerometer_spi_read_z_axis
 .text          0x0000000000011230        0x4 ../multiple_axis_test_bsp//libhal_bsp.a(alt_dcache_flush_all.o)
                0x0000000000011230                alt_dcache_flush_all
 .text          0x0000000000011234        0x8 ../multiple_axis_test_bsp//libhal_bsp.a(alt_dev.o)
 .text          0x000000000001123c       0x6c ../multiple_axis_test_bsp//libhal_bsp.a(alt_dev_llist_insert.o)
                0x000000000001123c                alt_dev_llist_insert
 .text          0x00000000000112a8        0x0 ../multiple_axis_test_bsp//libhal_bsp.a(alt_errno.o)
 .text          0x00000000000112a8       0x70 ../multiple_axis_test_bsp//libhal_bsp.a(alt_find_dev.o)
                0x00000000000112a8                alt_find_dev
 .text          0x0000000000011318        0x4 ../multiple_axis_test_bsp//libhal_bsp.a(alt_icache_flush_all.o)
                0x0000000000011318                alt_icache_flush_all
 .text          0x000000000001131c        0x0 ../multiple_axis_test_bsp//libhal_bsp.a(alt_irq_entry.o)
 .text          0x000000000001131c        0x0 ../multiple_axis_test_bsp//libhal_bsp.a(alt_irq_handler.o)
 .text          0x000000000001131c        0x8 ../multiple_axis_test_bsp//libhal_bsp.a(altera_nios2_gen2_irq.o)
                0x000000000001131c                altera_nios2_gen2_irq_init
 .text          0x0000000000011324        0x0 ../multiple_axis_test_bsp//libhal_bsp.a(alt_exception_entry.o)
 .text          0x0000000000011324       0x70 ../multiple_axis_test_bsp//libhal_bsp.a(alt_instruction_exception_entry.o)
                0x0000000000011324                alt_exception_cause_generated_bad_addr
 .text          0x0000000000011394        0x0 /home/youlittleperson/intelFPGA_lite/20.1/nios2eds/bin/gnu/H-x86_64-pc-linux-gnu/bin/../lib/gcc/nios2-elf/9.2.1/../../../../../H-x86_64-pc-linux-gnu/nios2-elf/lib/mno-hw-mul/libsmallc.a(lib_a-memcmp.o)
 .text.memcmp   0x0000000000011394       0x30 /home/youlittleperson/intelFPGA_lite/20.1/nios2eds/bin/gnu/H-x86_64-pc-linux-gnu/bin/../lib/gcc/nios2-elf/9.2.1/../../../../../H-x86_64-pc-linux-gnu/nios2-elf/lib/mno-hw-mul/libsmallc.a(lib_a-memcmp.o)
                0x0000000000011394                memcmp
 *(.gnu.warning.*)
 *(.fini)
                [!provide]                        PROVIDE (__etext = ABSOLUTE (.))
                [!provide]                        PROVIDE (_etext = ABSOLUTE (.))
                [!provide]                        PROVIDE (etext = ABSOLUTE (.))
 *(.eh_frame_hdr)
                0x00000000000113c4                . = ALIGN (0x4)
                [!provide]                        PROVIDE (__preinit_array_start = ABSOLUTE (.))
 *(.preinit_array)
                [!provide]                        PROVIDE (__preinit_array_end = ABSOLUTE (.))
                [!provide]                        PROVIDE (__init_array_start = ABSOLUTE (.))
 *(.init_array)
                [!provide]                        PROVIDE (__init_array_end = ABSOLUTE (.))
                [!provide]                        PROVIDE (__fini_array_start = ABSOLUTE (.))
 *(.fini_array)
                [!provide]                        PROVIDE (__fini_array_end = ABSOLUTE (.))
 *(.eh_frame)
 *(.gcc_except_table .gcc_except_table.*)
 *(.dynamic)
                [!provide]                        PROVIDE (__CTOR_LIST__ = ABSOLUTE (.))
 *(.ctors)
 *(SORT_BY_NAME(.ctors.*))
                [!provide]                        PROVIDE (__CTOR_END__ = ABSOLUTE (.))
                [!provide]                        PROVIDE (__DTOR_LIST__ = ABSOLUTE (.))
 *(.dtors)
 *(SORT_BY_NAME(.dtors.*))
                [!provide]                        PROVIDE (__DTOR_END__ = ABSOLUTE (.))
 *(.jcr)
                0x00000000000113c4                . = ALIGN (0x4)

.rodata         0x00000000000113c4       0xb4
                0x00000000000113c4                PROVIDE (__ram_rodata_start = ABSOLUTE (.))
                0x00000000000113c4                . = ALIGN (0x4)
 *(.rodata .rodata.* .gnu.linkonce.r.*)
 .rodata.str1.4
                0x00000000000113c4       0xa7 obj/default/hello_world_small.o
 .rodata.str1.4
                0x000000000001146b       0x17 ../multiple_axis_test_bsp//libhal_bsp.a(alt_sys_init.o)
 *fill*         0x000000000001146b        0x1 
 .rodata.str1.4
                0x000000000001146c        0xc ../multiple_axis_test_bsp//libhal_bsp.a(alt_dev.o)
                                          0xa (size before relaxing)
 *(.rodata1)
                0x0000000000011478                . = ALIGN (0x4)
                0x0000000000011478                PROVIDE (__ram_rodata_end = ABSOLUTE (.))
                0x00000000000113c4                PROVIDE (__flash_rodata_start = LOADADDR (.rodata))

.rwdata         0x0000000000011478      0x1a0 load address 0x0000000000011618
                0x0000000000011478                PROVIDE (__ram_rwdata_start = ABSOLUTE (.))
                0x0000000000011478                . = ALIGN (0x4)
 *(.got.plt)
 *(.got)
 *(.data1)
 *(.data .data.* .gnu.linkonce.d.*)
 .data          0x0000000000011478        0x0 ../multiple_axis_test_bsp//obj/HAL/src/crt0.o
 .data          0x0000000000011478        0x0 obj/default/hello_world_small.o
 .data          0x0000000000011478        0x0 /home/youlittleperson/intelFPGA_lite/20.1/nios2eds/bin/gnu/H-x86_64-pc-linux-gnu/bin/../lib/gcc/nios2-elf/9.2.1/../../../../../H-x86_64-pc-linux-gnu/nios2-elf/lib/mno-hw-mul/libsmallc.a(lib_a-printf.o)
 .data          0x0000000000011478        0x0 /home/youlittleperson/intelFPGA_lite/20.1/nios2eds/bin/gnu/H-x86_64-pc-linux-gnu/bin/../lib/gcc/nios2-elf/9.2.1/../../../../../H-x86_64-pc-linux-gnu/nios2-elf/lib/mno-hw-mul/libsmallc.a(lib_a-vfprintf.o)
 .data          0x0000000000011478        0x0 /home/youlittleperson/intelFPGA_lite/20.1/nios2eds/bin/gnu/H-x86_64-pc-linux-gnu/bin/../lib/gcc/nios2-elf/9.2.1/../../../../../H-x86_64-pc-linux-gnu/nios2-elf/lib/mno-hw-mul/libsmallc.a(lib_a-fvwrite_small_dev.o)
 .data          0x0000000000011478        0x0 /home/youlittleperson/intelFPGA_lite/20.1/nios2eds/bin/gnu/H-x86_64-pc-linux-gnu/bin/../lib/gcc/nios2-elf/9.2.1/../../../../../H-x86_64-pc-linux-gnu/nios2-elf/lib/mno-hw-mul/libsmallc.a(lib_a-impure.o)
 .data.impure_data
                0x0000000000011478       0xe4 /home/youlittleperson/intelFPGA_lite/20.1/nios2eds/bin/gnu/H-x86_64-pc-linux-gnu/bin/../lib/gcc/nios2-elf/9.2.1/../../../../../H-x86_64-pc-linux-gnu/nios2-elf/lib/mno-hw-mul/libsmallc.a(lib_a-impure.o)
 .data          0x000000000001155c        0x0 /home/youlittleperson/intelFPGA_lite/20.1/nios2eds/bin/gnu/H-x86_64-pc-linux-gnu/bin/../lib/gcc/nios2-elf/9.2.1/../../../../../H-x86_64-pc-linux-gnu/nios2-elf/lib/mno-hw-mul/libsmallc.a(lib_a-strlen.o)
 .data          0x000000000001155c        0x0 /home/youlittleperson/intelFPGA_lite/20.1/nios2eds/bin/gnu/H-x86_64-pc-linux-gnu/bin/../lib/gcc/nios2-elf/9.2.1/../../../../../H-x86_64-pc-linux-gnu/nios2-elf/lib/mno-hw-mul/libsmallc.a(lib_a-writer.o)
 .data          0x000000000001155c        0x0 /home/youlittleperson/intelFPGA_lite/20.1/nios2eds/bin/gnu/H-x86_64-pc-linux-gnu/bin/../lib/gcc/nios2-elf/9.2.1/../../../../../H-x86_64-pc-linux-gnu/nios2-elf/lib/mno-hw-mul/libsmallc.a(lib_a-int_errno.o)
 .data          0x000000000001155c        0x0 /home/youlittleperson/intelFPGA_lite/20.1/nios2eds/bin/gnu/H-x86_64-pc-linux-gnu/bin/../lib/gcc/nios2-elf/9.2.1/mno-hw-mul/libgcc.a(lib2-divmod.o)
 .data          0x000000000001155c        0x0 /home/youlittleperson/intelFPGA_lite/20.1/nios2eds/bin/gnu/H-x86_64-pc-linux-gnu/bin/../lib/gcc/nios2-elf/9.2.1/mno-hw-mul/libgcc.a(lib2-mul.o)
 .data          0x000000000001155c        0x0 ../multiple_axis_test_bsp//libhal_bsp.a(alt_irq_register.o)
 .data          0x000000000001155c        0x0 ../multiple_axis_test_bsp//libhal_bsp.a(alt_irq_vars.o)
 .data          0x000000000001155c        0x0 ../multiple_axis_test_bsp//libhal_bsp.a(alt_load.o)
 .data          0x000000000001155c        0x0 ../multiple_axis_test_bsp//libhal_bsp.a(alt_main.o)
 .data          0x000000000001155c        0x0 ../multiple_axis_test_bsp//libhal_bsp.a(alt_printf.o)
 .data          0x000000000001155c        0x0 ../multiple_axis_test_bsp//libhal_bsp.a(alt_putchar.o)
 .data          0x000000000001155c        0x0 ../multiple_axis_test_bsp//libhal_bsp.a(alt_putstr.o)
 .data          0x000000000001155c        0x0 ../multiple_axis_test_bsp//libhal_bsp.a(alt_write.o)
 .data          0x000000000001155c       0x2c ../multiple_axis_test_bsp//libhal_bsp.a(alt_sys_init.o)
 .data          0x0000000000011588        0x0 ../multiple_axis_test_bsp//libhal_bsp.a(altera_avalon_jtag_uart_write.o)
 .data          0x0000000000011588        0x0 ../multiple_axis_test_bsp//libhal_bsp.a(altera_up_avalon_accelerometer_spi.o)
 .data          0x0000000000011588        0x0 ../multiple_axis_test_bsp//libhal_bsp.a(alt_dcache_flush_all.o)
 .data          0x0000000000011588       0x58 ../multiple_axis_test_bsp//libhal_bsp.a(alt_dev.o)
                0x0000000000011588                alt_fd_list
                0x00000000000115b8                alt_dev_null
 .data          0x00000000000115e0        0x0 ../multiple_axis_test_bsp//libhal_bsp.a(alt_dev_llist_insert.o)
 .data          0x00000000000115e0        0x0 ../multiple_axis_test_bsp//libhal_bsp.a(alt_errno.o)
 .data          0x00000000000115e0        0x0 ../multiple_axis_test_bsp//libhal_bsp.a(alt_find_dev.o)
 .data          0x00000000000115e0        0x0 ../multiple_axis_test_bsp//libhal_bsp.a(alt_icache_flush_all.o)
 .data          0x00000000000115e0        0x0 ../multiple_axis_test_bsp//libhal_bsp.a(alt_irq_entry.o)
 .data          0x00000000000115e0        0x0 ../multiple_axis_test_bsp//libhal_bsp.a(alt_irq_handler.o)
 .data          0x00000000000115e0        0x0 ../multiple_axis_test_bsp//libhal_bsp.a(altera_nios2_gen2_irq.o)
 .data          0x00000000000115e0        0x0 ../multiple_axis_test_bsp//libhal_bsp.a(alt_exception_entry.o)
 .data          0x00000000000115e0        0x0 ../multiple_axis_test_bsp//libhal_bsp.a(alt_instruction_exception_entry.o)
 .data          0x00000000000115e0        0x0 /home/youlittleperson/intelFPGA_lite/20.1/nios2eds/bin/gnu/H-x86_64-pc-linux-gnu/bin/../lib/gcc/nios2-elf/9.2.1/../../../../../H-x86_64-pc-linux-gnu/nios2-elf/lib/mno-hw-mul/libsmallc.a(lib_a-memcmp.o)
                0x00000000000195e0                _gp = ABSOLUTE ((. + 0x8000))
                [!provide]                        PROVIDE (gp = _gp)
 *(.rwdata .rwdata.*)
 *(.sdata .sdata.* .gnu.linkonce.s.*)
 .sdata         0x00000000000115e0       0x10 obj/default/hello_world_small.o
                0x00000000000115e0                dt
                0x00000000000115e4                z_off
                0x00000000000115e8                y_off
                0x00000000000115ec                x_off
 .sdata._global_impure_ptr
                0x00000000000115f0        0x4 /home/youlittleperson/intelFPGA_lite/20.1/nios2eds/bin/gnu/H-x86_64-pc-linux-gnu/bin/../lib/gcc/nios2-elf/9.2.1/../../../../../H-x86_64-pc-linux-gnu/nios2-elf/lib/mno-hw-mul/libsmallc.a(lib_a-impure.o)
                0x00000000000115f0                _global_impure_ptr
 .sdata._impure_ptr
                0x00000000000115f4        0x4 /home/youlittleperson/intelFPGA_lite/20.1/nios2eds/bin/gnu/H-x86_64-pc-linux-gnu/bin/../lib/gcc/nios2-elf/9.2.1/../../../../../H-x86_64-pc-linux-gnu/nios2-elf/lib/mno-hw-mul/libsmallc.a(lib_a-impure.o)
                0x00000000000115f4                _impure_ptr
 .sdata         0x00000000000115f8        0x4 ../multiple_axis_test_bsp//libhal_bsp.a(alt_irq_vars.o)
                0x00000000000115f8                alt_priority_mask
 .sdata         0x00000000000115fc        0x4 ../multiple_axis_test_bsp//libhal_bsp.a(alt_sys_init.o)
                0x00000000000115fc                jtag_uart
 .sdata         0x0000000000011600       0x14 ../multiple_axis_test_bsp//libhal_bsp.a(alt_dev.o)
                0x0000000000011600                alt_max_fd
                0x0000000000011604                alt_dev_list
                0x000000000001160c                alt_fs_list
 .sdata         0x0000000000011614        0x4 ../multiple_axis_test_bsp//libhal_bsp.a(alt_errno.o)
                0x0000000000011614                alt_errno
 *(.sdata2 .sdata2.* .gnu.linkonce.s2.*)
                0x0000000000011618                . = ALIGN (0x4)
                0x0000000000011618                _edata = ABSOLUTE (.)
                [!provide]                        PROVIDE (edata = ABSOLUTE (.))
                0x0000000000011618                PROVIDE (__ram_rwdata_end = ABSOLUTE (.))
                0x0000000000011618                PROVIDE (__flash_rwdata_start = LOADADDR (.rwdata))

.bss            0x00000000000117b8      0x134
                0x00000000000117b8                __bss_start = ABSOLUTE (.)
                [!provide]                        PROVIDE (__sbss_start = ABSOLUTE (.))
                [!provide]                        PROVIDE (___sbss_start = ABSOLUTE (.))
 *(.dynsbss)
 *(.sbss .sbss.* .gnu.linkonce.sb.*)
 .sbss          0x00000000000117b8       0x18 obj/default/hello_world_small.o
                0x00000000000117b8                x_p
                0x00000000000117bc                x_v
                0x00000000000117c0                acc_z
                0x00000000000117c4                acc_y
                0x00000000000117c8                acc_x
                0x00000000000117cc                tap_counter
 .sbss          0x00000000000117d0        0x4 obj/default/hello_world_small.o
                0x00000000000117d0                acc_dev
 .sbss          0x00000000000117d4        0x4 /home/youlittleperson/intelFPGA_lite/20.1/nios2eds/bin/gnu/H-x86_64-pc-linux-gnu/bin/../lib/gcc/nios2-elf/9.2.1/../../../../../H-x86_64-pc-linux-gnu/nios2-elf/lib/mno-hw-mul/libsmallc.a(lib_a-int_errno.o)
                0x00000000000117d4                errno
 .sbss          0x00000000000117d8        0x4 ../multiple_axis_test_bsp//libhal_bsp.a(alt_irq_vars.o)
                0x00000000000117d8                alt_irq_active
 .sbss          0x00000000000117dc        0xc ../multiple_axis_test_bsp//libhal_bsp.a(alt_main.o)
                0x00000000000117dc                alt_envp
                0x00000000000117e0                alt_argv
                0x00000000000117e4                alt_argc
 .sbss          0x00000000000117e8        0x4 ../multiple_axis_test_bsp//libhal_bsp.a(alt_instruction_exception_entry.o)
                0x00000000000117e8                alt_instruction_exception_handler
 *(.sbss2 .sbss2.* .gnu.linkonce.sb2.*)
 *(.scommon)
                [!provide]                        PROVIDE (__sbss_end = ABSOLUTE (.))
                [!provide]                        PROVIDE (___sbss_end = ABSOLUTE (.))
 *(.dynbss)
 *(.bss .bss.* .gnu.linkonce.b.*)
 .bss           0x00000000000117ec        0x0 ../multiple_axis_test_bsp//obj/HAL/src/crt0.o
 .bss           0x00000000000117ec        0x0 obj/default/hello_world_small.o
 .bss           0x00000000000117ec        0x0 /home/youlittleperson/intelFPGA_lite/20.1/nios2eds/bin/gnu/H-x86_64-pc-linux-gnu/bin/../lib/gcc/nios2-elf/9.2.1/../../../../../H-x86_64-pc-linux-gnu/nios2-elf/lib/mno-hw-mul/libsmallc.a(lib_a-printf.o)
 .bss           0x00000000000117ec        0x0 /home/youlittleperson/intelFPGA_lite/20.1/nios2eds/bin/gnu/H-x86_64-pc-linux-gnu/bin/../lib/gcc/nios2-elf/9.2.1/../../../../../H-x86_64-pc-linux-gnu/nios2-elf/lib/mno-hw-mul/libsmallc.a(lib_a-vfprintf.o)
 .bss           0x00000000000117ec        0x0 /home/youlittleperson/intelFPGA_lite/20.1/nios2eds/bin/gnu/H-x86_64-pc-linux-gnu/bin/../lib/gcc/nios2-elf/9.2.1/../../../../../H-x86_64-pc-linux-gnu/nios2-elf/lib/mno-hw-mul/libsmallc.a(lib_a-fvwrite_small_dev.o)
 .bss           0x00000000000117ec        0x0 /home/youlittleperson/intelFPGA_lite/20.1/nios2eds/bin/gnu/H-x86_64-pc-linux-gnu/bin/../lib/gcc/nios2-elf/9.2.1/../../../../../H-x86_64-pc-linux-gnu/nios2-elf/lib/mno-hw-mul/libsmallc.a(lib_a-impure.o)
 .bss           0x00000000000117ec        0x0 /home/youlittleperson/intelFPGA_lite/20.1/nios2eds/bin/gnu/H-x86_64-pc-linux-gnu/bin/../lib/gcc/nios2-elf/9.2.1/../../../../../H-x86_64-pc-linux-gnu/nios2-elf/lib/mno-hw-mul/libsmallc.a(lib_a-strlen.o)
 .bss           0x00000000000117ec        0x0 /home/youlittleperson/intelFPGA_lite/20.1/nios2eds/bin/gnu/H-x86_64-pc-linux-gnu/bin/../lib/gcc/nios2-elf/9.2.1/../../../../../H-x86_64-pc-linux-gnu/nios2-elf/lib/mno-hw-mul/libsmallc.a(lib_a-writer.o)
 .bss           0x00000000000117ec        0x0 /home/youlittleperson/intelFPGA_lite/20.1/nios2eds/bin/gnu/H-x86_64-pc-linux-gnu/bin/../lib/gcc/nios2-elf/9.2.1/../../../../../H-x86_64-pc-linux-gnu/nios2-elf/lib/mno-hw-mul/libsmallc.a(lib_a-int_errno.o)
 .bss           0x00000000000117ec        0x0 /home/youlittleperson/intelFPGA_lite/20.1/nios2eds/bin/gnu/H-x86_64-pc-linux-gnu/bin/../lib/gcc/nios2-elf/9.2.1/mno-hw-mul/libgcc.a(lib2-divmod.o)
 .bss           0x00000000000117ec        0x0 /home/youlittleperson/intelFPGA_lite/20.1/nios2eds/bin/gnu/H-x86_64-pc-linux-gnu/bin/../lib/gcc/nios2-elf/9.2.1/mno-hw-mul/libgcc.a(lib2-mul.o)
 .bss           0x00000000000117ec        0x0 ../multiple_axis_test_bsp//libhal_bsp.a(alt_irq_register.o)
 .bss           0x00000000000117ec        0x0 ../multiple_axis_test_bsp//libhal_bsp.a(alt_irq_vars.o)
 .bss           0x00000000000117ec        0x0 ../multiple_axis_test_bsp//libhal_bsp.a(alt_load.o)
 .bss           0x00000000000117ec        0x0 ../multiple_axis_test_bsp//libhal_bsp.a(alt_main.o)
 .bss           0x00000000000117ec        0x0 ../multiple_axis_test_bsp//libhal_bsp.a(alt_printf.o)
 .bss           0x00000000000117ec        0x0 ../multiple_axis_test_bsp//libhal_bsp.a(alt_putchar.o)
 .bss           0x00000000000117ec        0x0 ../multiple_axis_test_bsp//libhal_bsp.a(alt_putstr.o)
 .bss           0x00000000000117ec        0x0 ../multiple_axis_test_bsp//libhal_bsp.a(alt_write.o)
 .bss           0x00000000000117ec        0x0 ../multiple_axis_test_bsp//libhal_bsp.a(alt_sys_init.o)
 .bss           0x00000000000117ec        0x0 ../multiple_axis_test_bsp//libhal_bsp.a(altera_avalon_jtag_uart_write.o)
 .bss           0x00000000000117ec        0x0 ../multiple_axis_test_bsp//libhal_bsp.a(altera_up_avalon_accelerometer_spi.o)
 .bss           0x00000000000117ec        0x0 ../multiple_axis_test_bsp//libhal_bsp.a(alt_dcache_flush_all.o)
 .bss           0x00000000000117ec        0x0 ../multiple_axis_test_bsp//libhal_bsp.a(alt_dev.o)
 .bss           0x00000000000117ec        0x0 ../multiple_axis_test_bsp//libhal_bsp.a(alt_dev_llist_insert.o)
 .bss           0x00000000000117ec        0x0 ../multiple_axis_test_bsp//libhal_bsp.a(alt_errno.o)
 .bss           0x00000000000117ec        0x0 ../multiple_axis_test_bsp//libhal_bsp.a(alt_find_dev.o)
 .bss           0x00000000000117ec        0x0 ../multiple_axis_test_bsp//libhal_bsp.a(alt_icache_flush_all.o)
 .bss           0x00000000000117ec        0x0 ../multiple_axis_test_bsp//libhal_bsp.a(alt_irq_entry.o)
 .bss           0x00000000000117ec        0x0 ../multiple_axis_test_bsp//libhal_bsp.a(alt_irq_handler.o)
 .bss           0x00000000000117ec        0x0 ../multiple_axis_test_bsp//libhal_bsp.a(altera_nios2_gen2_irq.o)
 .bss           0x00000000000117ec        0x0 ../multiple_axis_test_bsp//libhal_bsp.a(alt_exception_entry.o)
 .bss           0x00000000000117ec        0x0 ../multiple_axis_test_bsp//libhal_bsp.a(alt_instruction_exception_entry.o)
 .bss           0x00000000000117ec        0x0 /home/youlittleperson/intelFPGA_lite/20.1/nios2eds/bin/gnu/H-x86_64-pc-linux-gnu/bin/../lib/gcc/nios2-elf/9.2.1/../../../../../H-x86_64-pc-linux-gnu/nios2-elf/lib/mno-hw-mul/libsmallc.a(lib_a-memcmp.o)
 *(COMMON)
 COMMON         0x00000000000117ec      0x100 ../multiple_axis_test_bsp//libhal_bsp.a(alt_irq_handler.o)
                0x00000000000117ec                alt_irq
                0x00000000000118ec                . = ALIGN (0x4)
                0x00000000000118ec                __bss_end = ABSOLUTE (.)

.onchip_memory  0x00000000000118ec        0x0
                [!provide]                        PROVIDE (_alt_partition_onchip_memory_start = ABSOLUTE (.))
 *(.onchip_memory .onchip_memory. onchip_memory.*)
                0x00000000000118ec                . = ALIGN (0x4)
                [!provide]                        PROVIDE (_alt_partition_onchip_memory_end = ABSOLUTE (.))
                0x00000000000118ec                _end = ABSOLUTE (.)
                0x00000000000118ec                end = ABSOLUTE (.)
                0x00000000000118ec                __alt_stack_base = ABSOLUTE (.)
                [!provide]                        PROVIDE (_alt_partition_onchip_memory_load_addr = LOADADDR (.onchip_memory))

.stab
 *(.stab)

.stabstr
 *(.stabstr)

.stab.excl
 *(.stab.excl)

.stab.exclstr
 *(.stab.exclstr)

.stab.index
 *(.stab.index)

.stab.indexstr
 *(.stab.indexstr)

.comment        0x0000000000000000       0x2c
 *(.comment)
 .comment       0x0000000000000000       0x2c obj/default/hello_world_small.o
                                         0x2d (size before relaxing)
 .comment       0x000000000000002c       0x2d /home/youlittleperson/intelFPGA_lite/20.1/nios2eds/bin/gnu/H-x86_64-pc-linux-gnu/bin/../lib/gcc/nios2-elf/9.2.1/../../../../../H-x86_64-pc-linux-gnu/nios2-elf/lib/mno-hw-mul/libsmallc.a(lib_a-printf.o)
 .comment       0x000000000000002c       0x2d /home/youlittleperson/intelFPGA_lite/20.1/nios2eds/bin/gnu/H-x86_64-pc-linux-gnu/bin/../lib/gcc/nios2-elf/9.2.1/../../../../../H-x86_64-pc-linux-gnu/nios2-elf/lib/mno-hw-mul/libsmallc.a(lib_a-vfprintf.o)
 .comment       0x000000000000002c       0x2d /home/youlittleperson/intelFPGA_lite/20.1/nios2eds/bin/gnu/H-x86_64-pc-linux-gnu/bin/../lib/gcc/nios2-elf/9.2.1/../../../../../H-x86_64-pc-linux-gnu/nios2-elf/lib/mno-hw-mul/libsmallc.a(lib_a-fvwrite_small_dev.o)
 .comment       0x000000000000002c       0x2d /home/youlittleperson/intelFPGA_lite/20.1/nios2eds/bin/gnu/H-x86_64-pc-linux-gnu/bin/../lib/gcc/nios2-elf/9.2.1/../../../../../H-x86_64-pc-linux-gnu/nios2-elf/lib/mno-hw-mul/libsmallc.a(lib_a-impure.o)
 .comment       0x000000000000002c       0x2d /home/youlittleperson/intelFPGA_lite/20.1/nios2eds/bin/gnu/H-x86_64-pc-linux-gnu/bin/../lib/gcc/nios2-elf/9.2.1/../../../../../H-x86_64-pc-linux-gnu/nios2-elf/lib/mno-hw-mul/libsmallc.a(lib_a-strlen.o)
 .comment       0x000000000000002c       0x2d /home/youlittleperson/intelFPGA_lite/20.1/nios2eds/bin/gnu/H-x86_64-pc-linux-gnu/bin/../lib/gcc/nios2-elf/9.2.1/../../../../../H-x86_64-pc-linux-gnu/nios2-elf/lib/mno-hw-mul/libsmallc.a(lib_a-writer.o)
 .comment       0x000000000000002c       0x2d /home/youlittleperson/intelFPGA_lite/20.1/nios2eds/bin/gnu/H-x86_64-pc-linux-gnu/bin/../lib/gcc/nios2-elf/9.2.1/../../../../../H-x86_64-pc-linux-gnu/nios2-elf/lib/mno-hw-mul/libsmallc.a(lib_a-int_errno.o)
 .comment       0x000000000000002c       0x2d /home/youlittleperson/intelFPGA_lite/20.1/nios2eds/bin/gnu/H-x86_64-pc-linux-gnu/bin/../lib/gcc/nios2-elf/9.2.1/mno-hw-mul/libgcc.a(lib2-divmod.o)
 .comment       0x000000000000002c       0x2d /home/youlittleperson/intelFPGA_lite/20.1/nios2eds/bin/gnu/H-x86_64-pc-linux-gnu/bin/../lib/gcc/nios2-elf/9.2.1/mno-hw-mul/libgcc.a(lib2-mul.o)
 .comment       0x000000000000002c       0x2d ../multiple_axis_test_bsp//libhal_bsp.a(alt_irq_register.o)
 .comment       0x000000000000002c       0x2d ../multiple_axis_test_bsp//libhal_bsp.a(alt_irq_vars.o)
 .comment       0x000000000000002c       0x2d ../multiple_axis_test_bsp//libhal_bsp.a(alt_load.o)
 .comment       0x000000000000002c       0x2d ../multiple_axis_test_bsp//libhal_bsp.a(alt_main.o)
 .comment       0x000000000000002c       0x2d ../multiple_axis_test_bsp//libhal_bsp.a(alt_printf.o)
 .comment       0x000000000000002c       0x2d ../multiple_axis_test_bsp//libhal_bsp.a(alt_putchar.o)
 .comment       0x000000000000002c       0x2d ../multiple_axis_test_bsp//libhal_bsp.a(alt_putstr.o)
 .comment       0x000000000000002c       0x2d ../multiple_axis_test_bsp//libhal_bsp.a(alt_write.o)
 .comment       0x000000000000002c       0x2d ../multiple_axis_test_bsp//libhal_bsp.a(alt_sys_init.o)
 .comment       0x000000000000002c       0x2d ../multiple_axis_test_bsp//libhal_bsp.a(altera_avalon_jtag_uart_write.o)
 .comment       0x000000000000002c       0x2d ../multiple_axis_test_bsp//libhal_bsp.a(altera_up_avalon_accelerometer_spi.o)
 .comment       0x000000000000002c       0x2d ../multiple_axis_test_bsp//libhal_bsp.a(alt_dcache_flush_all.o)
 .comment       0x000000000000002c       0x2d ../multiple_axis_test_bsp//libhal_bsp.a(alt_dev.o)
 .comment       0x000000000000002c       0x2d ../multiple_axis_test_bsp//libhal_bsp.a(alt_dev_llist_insert.o)
 .comment       0x000000000000002c       0x2d ../multiple_axis_test_bsp//libhal_bsp.a(alt_errno.o)
 .comment       0x000000000000002c       0x2d ../multiple_axis_test_bsp//libhal_bsp.a(alt_find_dev.o)
 .comment       0x000000000000002c       0x2d ../multiple_axis_test_bsp//libhal_bsp.a(alt_icache_flush_all.o)
 .comment       0x000000000000002c       0x2d ../multiple_axis_test_bsp//libhal_bsp.a(alt_irq_handler.o)
 .comment       0x000000000000002c       0x2d ../multiple_axis_test_bsp//libhal_bsp.a(altera_nios2_gen2_irq.o)
 .comment       0x000000000000002c       0x2d ../multiple_axis_test_bsp//libhal_bsp.a(alt_instruction_exception_entry.o)
 .comment       0x000000000000002c       0x2d /home/youlittleperson/intelFPGA_lite/20.1/nios2eds/bin/gnu/H-x86_64-pc-linux-gnu/bin/../lib/gcc/nios2-elf/9.2.1/../../../../../H-x86_64-pc-linux-gnu/nios2-elf/lib/mno-hw-mul/libsmallc.a(lib_a-memcmp.o)

.debug
 *(.debug)

.line
 *(.line)

.debug_srcinfo
 *(.debug_srcinfo)

.debug_sfnames
 *(.debug_sfnames)

.debug_aranges  0x0000000000000000      0x478
 *(.debug_aranges)
 .debug_aranges
                0x0000000000000000       0x28 ../multiple_axis_test_bsp//obj/HAL/src/crt0.o
 .debug_aranges
                0x0000000000000028       0x28 obj/default/hello_world_small.o
 .debug_aranges
                0x0000000000000050       0x28 /home/youlittleperson/intelFPGA_lite/20.1/nios2eds/bin/gnu/H-x86_64-pc-linux-gnu/bin/../lib/gcc/nios2-elf/9.2.1/../../../../../H-x86_64-pc-linux-gnu/nios2-elf/lib/mno-hw-mul/libsmallc.a(lib_a-printf.o)
 .debug_aranges
                0x0000000000000078       0x30 /home/youlittleperson/intelFPGA_lite/20.1/nios2eds/bin/gnu/H-x86_64-pc-linux-gnu/bin/../lib/gcc/nios2-elf/9.2.1/../../../../../H-x86_64-pc-linux-gnu/nios2-elf/lib/mno-hw-mul/libsmallc.a(lib_a-vfprintf.o)
 .debug_aranges
                0x00000000000000a8       0x20 /home/youlittleperson/intelFPGA_lite/20.1/nios2eds/bin/gnu/H-x86_64-pc-linux-gnu/bin/../lib/gcc/nios2-elf/9.2.1/../../../../../H-x86_64-pc-linux-gnu/nios2-elf/lib/mno-hw-mul/libsmallc.a(lib_a-fvwrite_small_dev.o)
 .debug_aranges
                0x00000000000000c8       0x18 /home/youlittleperson/intelFPGA_lite/20.1/nios2eds/bin/gnu/H-x86_64-pc-linux-gnu/bin/../lib/gcc/nios2-elf/9.2.1/../../../../../H-x86_64-pc-linux-gnu/nios2-elf/lib/mno-hw-mul/libsmallc.a(lib_a-impure.o)
 .debug_aranges
                0x00000000000000e0       0x20 /home/youlittleperson/intelFPGA_lite/20.1/nios2eds/bin/gnu/H-x86_64-pc-linux-gnu/bin/../lib/gcc/nios2-elf/9.2.1/../../../../../H-x86_64-pc-linux-gnu/nios2-elf/lib/mno-hw-mul/libsmallc.a(lib_a-strlen.o)
 .debug_aranges
                0x0000000000000100       0x20 /home/youlittleperson/intelFPGA_lite/20.1/nios2eds/bin/gnu/H-x86_64-pc-linux-gnu/bin/../lib/gcc/nios2-elf/9.2.1/../../../../../H-x86_64-pc-linux-gnu/nios2-elf/lib/mno-hw-mul/libsmallc.a(lib_a-writer.o)
 .debug_aranges
                0x0000000000000120       0x18 /home/youlittleperson/intelFPGA_lite/20.1/nios2eds/bin/gnu/H-x86_64-pc-linux-gnu/bin/../lib/gcc/nios2-elf/9.2.1/../../../../../H-x86_64-pc-linux-gnu/nios2-elf/lib/mno-hw-mul/libsmallc.a(lib_a-int_errno.o)
 .debug_aranges
                0x0000000000000138       0x20 /home/youlittleperson/intelFPGA_lite/20.1/nios2eds/bin/gnu/H-x86_64-pc-linux-gnu/bin/../lib/gcc/nios2-elf/9.2.1/mno-hw-mul/libgcc.a(lib2-divmod.o)
 .debug_aranges
                0x0000000000000158       0x20 /home/youlittleperson/intelFPGA_lite/20.1/nios2eds/bin/gnu/H-x86_64-pc-linux-gnu/bin/../lib/gcc/nios2-elf/9.2.1/mno-hw-mul/libgcc.a(lib2-mul.o)
 .debug_aranges
                0x0000000000000178       0x20 ../multiple_axis_test_bsp//libhal_bsp.a(alt_irq_register.o)
 .debug_aranges
                0x0000000000000198       0x18 ../multiple_axis_test_bsp//libhal_bsp.a(alt_irq_vars.o)
 .debug_aranges
                0x00000000000001b0       0x20 ../multiple_axis_test_bsp//libhal_bsp.a(alt_load.o)
 .debug_aranges
                0x00000000000001d0       0x20 ../multiple_axis_test_bsp//libhal_bsp.a(alt_main.o)
 .debug_aranges
                0x00000000000001f0       0x20 ../multiple_axis_test_bsp//libhal_bsp.a(alt_printf.o)
 .debug_aranges
                0x0000000000000210       0x20 ../multiple_axis_test_bsp//libhal_bsp.a(alt_putchar.o)
 .debug_aranges
                0x0000000000000230       0x20 ../multiple_axis_test_bsp//libhal_bsp.a(alt_putstr.o)
 .debug_aranges
                0x0000000000000250       0x20 ../multiple_axis_test_bsp//libhal_bsp.a(alt_write.o)
 .debug_aranges
                0x0000000000000270       0x20 ../multiple_axis_test_bsp//libhal_bsp.a(alt_sys_init.o)
 .debug_aranges
                0x0000000000000290       0x20 ../multiple_axis_test_bsp//libhal_bsp.a(altera_avalon_jtag_uart_write.o)
 .debug_aranges
                0x00000000000002b0       0x20 ../multiple_axis_test_bsp//libhal_bsp.a(altera_up_avalon_accelerometer_spi.o)
 .debug_aranges
                0x00000000000002d0       0x20 ../multiple_axis_test_bsp//libhal_bsp.a(alt_dcache_flush_all.o)
 .debug_aranges
                0x00000000000002f0       0x20 ../multiple_axis_test_bsp//libhal_bsp.a(alt_dev.o)
 .debug_aranges
                0x0000000000000310       0x20 ../multiple_axis_test_bsp//libhal_bsp.a(alt_dev_llist_insert.o)
 .debug_aranges
                0x0000000000000330       0x18 ../multiple_axis_test_bsp//libhal_bsp.a(alt_errno.o)
 .debug_aranges
                0x0000000000000348       0x20 ../multiple_axis_test_bsp//libhal_bsp.a(alt_find_dev.o)
 .debug_aranges
                0x0000000000000368       0x20 ../multiple_axis_test_bsp//libhal_bsp.a(alt_icache_flush_all.o)
 .debug_aranges
                0x0000000000000388       0x30 ../multiple_axis_test_bsp//libhal_bsp.a(alt_irq_entry.o)
 .debug_aranges
                0x00000000000003b8       0x20 ../multiple_axis_test_bsp//libhal_bsp.a(alt_irq_handler.o)
 .debug_aranges
                0x00000000000003d8       0x20 ../multiple_axis_test_bsp//libhal_bsp.a(altera_nios2_gen2_irq.o)
 .debug_aranges
                0x00000000000003f8       0x38 ../multiple_axis_test_bsp//libhal_bsp.a(alt_exception_entry.o)
 .debug_aranges
                0x0000000000000430       0x28 ../multiple_axis_test_bsp//libhal_bsp.a(alt_instruction_exception_entry.o)
 .debug_aranges
                0x0000000000000458       0x20 /home/youlittleperson/intelFPGA_lite/20.1/nios2eds/bin/gnu/H-x86_64-pc-linux-gnu/bin/../lib/gcc/nios2-elf/9.2.1/../../../../../H-x86_64-pc-linux-gnu/nios2-elf/lib/mno-hw-mul/libsmallc.a(lib_a-memcmp.o)

.debug_pubnames
 *(.debug_pubnames)

.debug_info     0x0000000000000000    0x12154
 *(.debug_info .gnu.linkonce.wi.*)
 .debug_info    0x0000000000000000       0x22 ../multiple_axis_test_bsp//obj/HAL/src/crt0.o
 .debug_info    0x0000000000000022      0xf5f obj/default/hello_world_small.o
 .debug_info    0x0000000000000f81      0x92f /home/youlittleperson/intelFPGA_lite/20.1/nios2eds/bin/gnu/H-x86_64-pc-linux-gnu/bin/../lib/gcc/nios2-elf/9.2.1/../../../../../H-x86_64-pc-linux-gnu/nios2-elf/lib/mno-hw-mul/libsmallc.a(lib_a-printf.o)
 .debug_info    0x00000000000018b0     0x1412 /home/youlittleperson/intelFPGA_lite/20.1/nios2eds/bin/gnu/H-x86_64-pc-linux-gnu/bin/../lib/gcc/nios2-elf/9.2.1/../../../../../H-x86_64-pc-linux-gnu/nios2-elf/lib/mno-hw-mul/libsmallc.a(lib_a-vfprintf.o)
 .debug_info    0x0000000000002cc2      0x8c4 /home/youlittleperson/intelFPGA_lite/20.1/nios2eds/bin/gnu/H-x86_64-pc-linux-gnu/bin/../lib/gcc/nios2-elf/9.2.1/../../../../../H-x86_64-pc-linux-gnu/nios2-elf/lib/mno-hw-mul/libsmallc.a(lib_a-fvwrite_small_dev.o)
 .debug_info    0x0000000000003586      0x6e8 /home/youlittleperson/intelFPGA_lite/20.1/nios2eds/bin/gnu/H-x86_64-pc-linux-gnu/bin/../lib/gcc/nios2-elf/9.2.1/../../../../../H-x86_64-pc-linux-gnu/nios2-elf/lib/mno-hw-mul/libsmallc.a(lib_a-impure.o)
 .debug_info    0x0000000000003c6e      0x649 /home/youlittleperson/intelFPGA_lite/20.1/nios2eds/bin/gnu/H-x86_64-pc-linux-gnu/bin/../lib/gcc/nios2-elf/9.2.1/../../../../../H-x86_64-pc-linux-gnu/nios2-elf/lib/mno-hw-mul/libsmallc.a(lib_a-strlen.o)
 .debug_info    0x00000000000042b7      0x720 /home/youlittleperson/intelFPGA_lite/20.1/nios2eds/bin/gnu/H-x86_64-pc-linux-gnu/bin/../lib/gcc/nios2-elf/9.2.1/../../../../../H-x86_64-pc-linux-gnu/nios2-elf/lib/mno-hw-mul/libsmallc.a(lib_a-writer.o)
 .debug_info    0x00000000000049d7      0x614 /home/youlittleperson/intelFPGA_lite/20.1/nios2eds/bin/gnu/H-x86_64-pc-linux-gnu/bin/../lib/gcc/nios2-elf/9.2.1/../../../../../H-x86_64-pc-linux-gnu/nios2-elf/lib/mno-hw-mul/libsmallc.a(lib_a-int_errno.o)
 .debug_info    0x0000000000004feb      0x368 /home/youlittleperson/intelFPGA_lite/20.1/nios2eds/bin/gnu/H-x86_64-pc-linux-gnu/bin/../lib/gcc/nios2-elf/9.2.1/mno-hw-mul/libgcc.a(lib2-divmod.o)
 .debug_info    0x0000000000005353       0xcb /home/youlittleperson/intelFPGA_lite/20.1/nios2eds/bin/gnu/H-x86_64-pc-linux-gnu/bin/../lib/gcc/nios2-elf/9.2.1/mno-hw-mul/libgcc.a(lib2-mul.o)
 .debug_info    0x000000000000541e      0xbfc ../multiple_axis_test_bsp//libhal_bsp.a(alt_irq_register.o)
 .debug_info    0x000000000000601a       0x8b ../multiple_axis_test_bsp//libhal_bsp.a(alt_irq_vars.o)
 .debug_info    0x00000000000060a5      0xaed ../multiple_axis_test_bsp//libhal_bsp.a(alt_load.o)
 .debug_info    0x0000000000006b92      0xeb0 ../multiple_axis_test_bsp//libhal_bsp.a(alt_main.o)
 .debug_info    0x0000000000007a42      0x170 ../multiple_axis_test_bsp//libhal_bsp.a(alt_printf.o)
 .debug_info    0x0000000000007bb2      0x9b3 ../multiple_axis_test_bsp//libhal_bsp.a(alt_putchar.o)
 .debug_info    0x0000000000008565      0x9c3 ../multiple_axis_test_bsp//libhal_bsp.a(alt_putstr.o)
 .debug_info    0x0000000000008f28      0xf17 ../multiple_axis_test_bsp//libhal_bsp.a(alt_write.o)
 .debug_info    0x0000000000009e3f      0xd3b ../multiple_axis_test_bsp//libhal_bsp.a(alt_sys_init.o)
 .debug_info    0x000000000000ab7a      0xaab ../multiple_axis_test_bsp//libhal_bsp.a(altera_avalon_jtag_uart_write.o)
 .debug_info    0x000000000000b625      0xd96 ../multiple_axis_test_bsp//libhal_bsp.a(altera_up_avalon_accelerometer_spi.o)
 .debug_info    0x000000000000c3bb      0x934 ../multiple_axis_test_bsp//libhal_bsp.a(alt_dcache_flush_all.o)
 .debug_info    0x000000000000ccef      0xe92 ../multiple_axis_test_bsp//libhal_bsp.a(alt_dev.o)
 .debug_info    0x000000000000db81      0xa8f ../multiple_axis_test_bsp//libhal_bsp.a(alt_dev_llist_insert.o)
 .debug_info    0x000000000000e610      0x972 ../multiple_axis_test_bsp//libhal_bsp.a(alt_errno.o)
 .debug_info    0x000000000000ef82      0xc0c ../multiple_axis_test_bsp//libhal_bsp.a(alt_find_dev.o)
 .debug_info    0x000000000000fb8e      0x934 ../multiple_axis_test_bsp//libhal_bsp.a(alt_icache_flush_all.o)
 .debug_info    0x00000000000104c2       0x22 ../multiple_axis_test_bsp//libhal_bsp.a(alt_irq_entry.o)
 .debug_info    0x00000000000104e4      0xa66 ../multiple_axis_test_bsp//libhal_bsp.a(alt_irq_handler.o)
 .debug_info    0x0000000000010f4a      0x955 ../multiple_axis_test_bsp//libhal_bsp.a(altera_nios2_gen2_irq.o)
 .debug_info    0x000000000001189f       0x22 ../multiple_axis_test_bsp//libhal_bsp.a(alt_exception_entry.o)
 .debug_info    0x00000000000118c1      0x20f ../multiple_axis_test_bsp//libhal_bsp.a(alt_instruction_exception_entry.o)
 .debug_info    0x0000000000011ad0      0x684 /home/youlittleperson/intelFPGA_lite/20.1/nios2eds/bin/gnu/H-x86_64-pc-linux-gnu/bin/../lib/gcc/nios2-elf/9.2.1/../../../../../H-x86_64-pc-linux-gnu/nios2-elf/lib/mno-hw-mul/libsmallc.a(lib_a-memcmp.o)

.debug_abbrev   0x0000000000000000     0x3e83
 *(.debug_abbrev)
 .debug_abbrev  0x0000000000000000       0x12 ../multiple_axis_test_bsp//obj/HAL/src/crt0.o
 .debug_abbrev  0x0000000000000012      0x2b4 obj/default/hello_world_small.o
 .debug_abbrev  0x00000000000002c6      0x24e /home/youlittleperson/intelFPGA_lite/20.1/nios2eds/bin/gnu/H-x86_64-pc-linux-gnu/bin/../lib/gcc/nios2-elf/9.2.1/../../../../../H-x86_64-pc-linux-gnu/nios2-elf/lib/mno-hw-mul/libsmallc.a(lib_a-printf.o)
 .debug_abbrev  0x0000000000000514      0x34f /home/youlittleperson/intelFPGA_lite/20.1/nios2eds/bin/gnu/H-x86_64-pc-linux-gnu/bin/../lib/gcc/nios2-elf/9.2.1/../../../../../H-x86_64-pc-linux-gnu/nios2-elf/lib/mno-hw-mul/libsmallc.a(lib_a-vfprintf.o)
 .debug_abbrev  0x0000000000000863      0x238 /home/youlittleperson/intelFPGA_lite/20.1/nios2eds/bin/gnu/H-x86_64-pc-linux-gnu/bin/../lib/gcc/nios2-elf/9.2.1/../../../../../H-x86_64-pc-linux-gnu/nios2-elf/lib/mno-hw-mul/libsmallc.a(lib_a-fvwrite_small_dev.o)
 .debug_abbrev  0x0000000000000a9b      0x18d /home/youlittleperson/intelFPGA_lite/20.1/nios2eds/bin/gnu/H-x86_64-pc-linux-gnu/bin/../lib/gcc/nios2-elf/9.2.1/../../../../../H-x86_64-pc-linux-gnu/nios2-elf/lib/mno-hw-mul/libsmallc.a(lib_a-impure.o)
 .debug_abbrev  0x0000000000000c28      0x1a8 /home/youlittleperson/intelFPGA_lite/20.1/nios2eds/bin/gnu/H-x86_64-pc-linux-gnu/bin/../lib/gcc/nios2-elf/9.2.1/../../../../../H-x86_64-pc-linux-gnu/nios2-elf/lib/mno-hw-mul/libsmallc.a(lib_a-strlen.o)
 .debug_abbrev  0x0000000000000dd0      0x1ec /home/youlittleperson/intelFPGA_lite/20.1/nios2eds/bin/gnu/H-x86_64-pc-linux-gnu/bin/../lib/gcc/nios2-elf/9.2.1/../../../../../H-x86_64-pc-linux-gnu/nios2-elf/lib/mno-hw-mul/libsmallc.a(lib_a-writer.o)
 .debug_abbrev  0x0000000000000fbc      0x186 /home/youlittleperson/intelFPGA_lite/20.1/nios2eds/bin/gnu/H-x86_64-pc-linux-gnu/bin/../lib/gcc/nios2-elf/9.2.1/../../../../../H-x86_64-pc-linux-gnu/nios2-elf/lib/mno-hw-mul/libsmallc.a(lib_a-int_errno.o)
 .debug_abbrev  0x0000000000001142      0x103 /home/youlittleperson/intelFPGA_lite/20.1/nios2eds/bin/gnu/H-x86_64-pc-linux-gnu/bin/../lib/gcc/nios2-elf/9.2.1/mno-hw-mul/libgcc.a(lib2-divmod.o)
 .debug_abbrev  0x0000000000001245       0x7d /home/youlittleperson/intelFPGA_lite/20.1/nios2eds/bin/gnu/H-x86_64-pc-linux-gnu/bin/../lib/gcc/nios2-elf/9.2.1/mno-hw-mul/libgcc.a(lib2-mul.o)
 .debug_abbrev  0x00000000000012c2      0x325 ../multiple_axis_test_bsp//libhal_bsp.a(alt_irq_register.o)
 .debug_abbrev  0x00000000000015e7       0x44 ../multiple_axis_test_bsp//libhal_bsp.a(alt_irq_vars.o)
 .debug_abbrev  0x000000000000162b      0x277 ../multiple_axis_test_bsp//libhal_bsp.a(alt_load.o)
 .debug_abbrev  0x00000000000018a2      0x252 ../multiple_axis_test_bsp//libhal_bsp.a(alt_main.o)
 .debug_abbrev  0x0000000000001af4      0x10a ../multiple_axis_test_bsp//libhal_bsp.a(alt_printf.o)
 .debug_abbrev  0x0000000000001bfe      0x24a ../multiple_axis_test_bsp//libhal_bsp.a(alt_putchar.o)
 .debug_abbrev  0x0000000000001e48      0x249 ../multiple_axis_test_bsp//libhal_bsp.a(alt_putstr.o)
 .debug_abbrev  0x0000000000002091      0x28a ../multiple_axis_test_bsp//libhal_bsp.a(alt_write.o)
 .debug_abbrev  0x000000000000231b      0x2db ../multiple_axis_test_bsp//libhal_bsp.a(alt_sys_init.o)
 .debug_abbrev  0x00000000000025f6      0x251 ../multiple_axis_test_bsp//libhal_bsp.a(altera_avalon_jtag_uart_write.o)
 .debug_abbrev  0x0000000000002847      0x24a ../multiple_axis_test_bsp//libhal_bsp.a(altera_up_avalon_accelerometer_spi.o)
 .debug_abbrev  0x0000000000002a91      0x1e0 ../multiple_axis_test_bsp//libhal_bsp.a(alt_dcache_flush_all.o)
 .debug_abbrev  0x0000000000002c71      0x212 ../multiple_axis_test_bsp//libhal_bsp.a(alt_dev.o)
 .debug_abbrev  0x0000000000002e83      0x283 ../multiple_axis_test_bsp//libhal_bsp.a(alt_dev_llist_insert.o)
 .debug_abbrev  0x0000000000003106      0x1df ../multiple_axis_test_bsp//libhal_bsp.a(alt_errno.o)
 .debug_abbrev  0x00000000000032e5      0x25c ../multiple_axis_test_bsp//libhal_bsp.a(alt_find_dev.o)
 .debug_abbrev  0x0000000000003541      0x1e0 ../multiple_axis_test_bsp//libhal_bsp.a(alt_icache_flush_all.o)
 .debug_abbrev  0x0000000000003721       0x12 ../multiple_axis_test_bsp//libhal_bsp.a(alt_irq_entry.o)
 .debug_abbrev  0x0000000000003733      0x283 ../multiple_axis_test_bsp//libhal_bsp.a(alt_irq_handler.o)
 .debug_abbrev  0x00000000000039b6      0x1e5 ../multiple_axis_test_bsp//libhal_bsp.a(altera_nios2_gen2_irq.o)
 .debug_abbrev  0x0000000000003b9b       0x12 ../multiple_axis_test_bsp//libhal_bsp.a(alt_exception_entry.o)
 .debug_abbrev  0x0000000000003bad      0x116 ../multiple_axis_test_bsp//libhal_bsp.a(alt_instruction_exception_entry.o)
 .debug_abbrev  0x0000000000003cc3      0x1c0 /home/youlittleperson/intelFPGA_lite/20.1/nios2eds/bin/gnu/H-x86_64-pc-linux-gnu/bin/../lib/gcc/nios2-elf/9.2.1/../../../../../H-x86_64-pc-linux-gnu/nios2-elf/lib/mno-hw-mul/libsmallc.a(lib_a-memcmp.o)

.debug_line     0x0000000000000000     0x4a0f
 *(.debug_line)
 .debug_line    0x0000000000000000       0x66 ../multiple_axis_test_bsp//obj/HAL/src/crt0.o
 .debug_line    0x0000000000000066      0x3d1 obj/default/hello_world_small.o
 .debug_line    0x0000000000000437      0x264 /home/youlittleperson/intelFPGA_lite/20.1/nios2eds/bin/gnu/H-x86_64-pc-linux-gnu/bin/../lib/gcc/nios2-elf/9.2.1/../../../../../H-x86_64-pc-linux-gnu/nios2-elf/lib/mno-hw-mul/libsmallc.a(lib_a-printf.o)
 .debug_line    0x000000000000069b      0x7bd /home/youlittleperson/intelFPGA_lite/20.1/nios2eds/bin/gnu/H-x86_64-pc-linux-gnu/bin/../lib/gcc/nios2-elf/9.2.1/../../../../../H-x86_64-pc-linux-gnu/nios2-elf/lib/mno-hw-mul/libsmallc.a(lib_a-vfprintf.o)
 .debug_line    0x0000000000000e58      0x275 /home/youlittleperson/intelFPGA_lite/20.1/nios2eds/bin/gnu/H-x86_64-pc-linux-gnu/bin/../lib/gcc/nios2-elf/9.2.1/../../../../../H-x86_64-pc-linux-gnu/nios2-elf/lib/mno-hw-mul/libsmallc.a(lib_a-fvwrite_small_dev.o)
 .debug_line    0x00000000000010cd      0x15c /home/youlittleperson/intelFPGA_lite/20.1/nios2eds/bin/gnu/H-x86_64-pc-linux-gnu/bin/../lib/gcc/nios2-elf/9.2.1/../../../../../H-x86_64-pc-linux-gnu/nios2-elf/lib/mno-hw-mul/libsmallc.a(lib_a-impure.o)
 .debug_line    0x0000000000001229      0x1fa /home/youlittleperson/intelFPGA_lite/20.1/nios2eds/bin/gnu/H-x86_64-pc-linux-gnu/bin/../lib/gcc/nios2-elf/9.2.1/../../../../../H-x86_64-pc-linux-gnu/nios2-elf/lib/mno-hw-mul/libsmallc.a(lib_a-strlen.o)
 .debug_line    0x0000000000001423      0x225 /home/youlittleperson/intelFPGA_lite/20.1/nios2eds/bin/gnu/H-x86_64-pc-linux-gnu/bin/../lib/gcc/nios2-elf/9.2.1/../../../../../H-x86_64-pc-linux-gnu/nios2-elf/lib/mno-hw-mul/libsmallc.a(lib_a-writer.o)
 .debug_line    0x0000000000001648      0x1ce /home/youlittleperson/intelFPGA_lite/20.1/nios2eds/bin/gnu/H-x86_64-pc-linux-gnu/bin/../lib/gcc/nios2-elf/9.2.1/../../../../../H-x86_64-pc-linux-gnu/nios2-elf/lib/mno-hw-mul/libsmallc.a(lib_a-int_errno.o)
 .debug_line    0x0000000000001816      0x2f9 /home/youlittleperson/intelFPGA_lite/20.1/nios2eds/bin/gnu/H-x86_64-pc-linux-gnu/bin/../lib/gcc/nios2-elf/9.2.1/mno-hw-mul/libgcc.a(lib2-divmod.o)
 .debug_line    0x0000000000001b0f       0xb6 /home/youlittleperson/intelFPGA_lite/20.1/nios2eds/bin/gnu/H-x86_64-pc-linux-gnu/bin/../lib/gcc/nios2-elf/9.2.1/mno-hw-mul/libgcc.a(lib2-mul.o)
 .debug_line    0x0000000000001bc5      0x2b9 ../multiple_axis_test_bsp//libhal_bsp.a(alt_irq_register.o)
 .debug_line    0x0000000000001e7e       0x50 ../multiple_axis_test_bsp//libhal_bsp.a(alt_irq_vars.o)
 .debug_line    0x0000000000001ece      0x2a3 ../multiple_axis_test_bsp//libhal_bsp.a(alt_load.o)
 .debug_line    0x0000000000002171      0x369 ../multiple_axis_test_bsp//libhal_bsp.a(alt_main.o)
 .debug_line    0x00000000000024da      0x1fd ../multiple_axis_test_bsp//libhal_bsp.a(alt_printf.o)
 .debug_line    0x00000000000026d7      0x182 ../multiple_axis_test_bsp//libhal_bsp.a(alt_putchar.o)
 .debug_line    0x0000000000002859      0x1d8 ../multiple_axis_test_bsp//libhal_bsp.a(alt_putstr.o)
 .debug_line    0x0000000000002a31      0x34d ../multiple_axis_test_bsp//libhal_bsp.a(alt_write.o)
 .debug_line    0x0000000000002d7e      0x2a5 ../multiple_axis_test_bsp//libhal_bsp.a(alt_sys_init.o)
 .debug_line    0x0000000000003023      0x28b ../multiple_axis_test_bsp//libhal_bsp.a(altera_avalon_jtag_uart_write.o)
 .debug_line    0x00000000000032ae      0x332 ../multiple_axis_test_bsp//libhal_bsp.a(altera_up_avalon_accelerometer_spi.o)
 .debug_line    0x00000000000035e0      0x1c7 ../multiple_axis_test_bsp//libhal_bsp.a(alt_dcache_flush_all.o)
 .debug_line    0x00000000000037a7      0x2e6 ../multiple_axis_test_bsp//libhal_bsp.a(alt_dev.o)
 .debug_line    0x0000000000003a8d      0x249 ../multiple_axis_test_bsp//libhal_bsp.a(alt_dev_llist_insert.o)
 .debug_line    0x0000000000003cd6      0x161 ../multiple_axis_test_bsp//libhal_bsp.a(alt_errno.o)
 .debug_line    0x0000000000003e37      0x25f ../multiple_axis_test_bsp//libhal_bsp.a(alt_find_dev.o)
 .debug_line    0x0000000000004096      0x1c5 ../multiple_axis_test_bsp//libhal_bsp.a(alt_icache_flush_all.o)
 .debug_line    0x000000000000425b       0x6b ../multiple_axis_test_bsp//libhal_bsp.a(alt_irq_entry.o)
 .debug_line    0x00000000000042c6      0x232 ../multiple_axis_test_bsp//libhal_bsp.a(alt_irq_handler.o)
 .debug_line    0x00000000000044f8      0x16a ../multiple_axis_test_bsp//libhal_bsp.a(altera_nios2_gen2_irq.o)
 .debug_line    0x0000000000004662       0xb3 ../multiple_axis_test_bsp//libhal_bsp.a(alt_exception_entry.o)
 .debug_line    0x0000000000004715       0xee ../multiple_axis_test_bsp//libhal_bsp.a(alt_instruction_exception_entry.o)
 .debug_line    0x0000000000004803      0x20c /home/youlittleperson/intelFPGA_lite/20.1/nios2eds/bin/gnu/H-x86_64-pc-linux-gnu/bin/../lib/gcc/nios2-elf/9.2.1/../../../../../H-x86_64-pc-linux-gnu/nios2-elf/lib/mno-hw-mul/libsmallc.a(lib_a-memcmp.o)

.debug_frame    0x0000000000000000      0x5f0
 *(.debug_frame)
 .debug_frame   0x0000000000000000       0x84 obj/default/hello_world_small.o
 .debug_frame   0x0000000000000084       0x48 /home/youlittleperson/intelFPGA_lite/20.1/nios2eds/bin/gnu/H-x86_64-pc-linux-gnu/bin/../lib/gcc/nios2-elf/9.2.1/../../../../../H-x86_64-pc-linux-gnu/nios2-elf/lib/mno-hw-mul/libsmallc.a(lib_a-printf.o)
 .debug_frame   0x00000000000000cc       0x90 /home/youlittleperson/intelFPGA_lite/20.1/nios2eds/bin/gnu/H-x86_64-pc-linux-gnu/bin/../lib/gcc/nios2-elf/9.2.1/../../../../../H-x86_64-pc-linux-gnu/nios2-elf/lib/mno-hw-mul/libsmallc.a(lib_a-vfprintf.o)
 .debug_frame   0x000000000000015c       0x3c /home/youlittleperson/intelFPGA_lite/20.1/nios2eds/bin/gnu/H-x86_64-pc-linux-gnu/bin/../lib/gcc/nios2-elf/9.2.1/../../../../../H-x86_64-pc-linux-gnu/nios2-elf/lib/mno-hw-mul/libsmallc.a(lib_a-fvwrite_small_dev.o)
 .debug_frame   0x0000000000000198       0x20 /home/youlittleperson/intelFPGA_lite/20.1/nios2eds/bin/gnu/H-x86_64-pc-linux-gnu/bin/../lib/gcc/nios2-elf/9.2.1/../../../../../H-x86_64-pc-linux-gnu/nios2-elf/lib/mno-hw-mul/libsmallc.a(lib_a-strlen.o)
 .debug_frame   0x00000000000001b8       0x30 /home/youlittleperson/intelFPGA_lite/20.1/nios2eds/bin/gnu/H-x86_64-pc-linux-gnu/bin/../lib/gcc/nios2-elf/9.2.1/../../../../../H-x86_64-pc-linux-gnu/nios2-elf/lib/mno-hw-mul/libsmallc.a(lib_a-writer.o)
 .debug_frame   0x00000000000001e8       0x50 /home/youlittleperson/intelFPGA_lite/20.1/nios2eds/bin/gnu/H-x86_64-pc-linux-gnu/bin/../lib/gcc/nios2-elf/9.2.1/mno-hw-mul/libgcc.a(lib2-divmod.o)
 .debug_frame   0x0000000000000238       0x20 /home/youlittleperson/intelFPGA_lite/20.1/nios2eds/bin/gnu/H-x86_64-pc-linux-gnu/bin/../lib/gcc/nios2-elf/9.2.1/mno-hw-mul/libgcc.a(lib2-mul.o)
 .debug_frame   0x0000000000000258       0x20 ../multiple_axis_test_bsp//libhal_bsp.a(alt_irq_register.o)
 .debug_frame   0x0000000000000278       0x30 ../multiple_axis_test_bsp//libhal_bsp.a(alt_load.o)
 .debug_frame   0x00000000000002a8       0x2c ../multiple_axis_test_bsp//libhal_bsp.a(alt_main.o)
 .debug_frame   0x00000000000002d4       0x44 ../multiple_axis_test_bsp//libhal_bsp.a(alt_printf.o)
 .debug_frame   0x0000000000000318       0x30 ../multiple_axis_test_bsp//libhal_bsp.a(alt_putchar.o)
 .debug_frame   0x0000000000000348       0x30 ../multiple_axis_test_bsp//libhal_bsp.a(alt_putstr.o)
 .debug_frame   0x0000000000000378       0x2c ../multiple_axis_test_bsp//libhal_bsp.a(alt_write.o)
 .debug_frame   0x00000000000003a4       0x3c ../multiple_axis_test_bsp//libhal_bsp.a(alt_sys_init.o)
 .debug_frame   0x00000000000003e0       0x20 ../multiple_axis_test_bsp//libhal_bsp.a(altera_avalon_jtag_uart_write.o)
 .debug_frame   0x0000000000000400       0x80 ../multiple_axis_test_bsp//libhal_bsp.a(altera_up_avalon_accelerometer_spi.o)
 .debug_frame   0x0000000000000480       0x20 ../multiple_axis_test_bsp//libhal_bsp.a(alt_dcache_flush_all.o)
 .debug_frame   0x00000000000004a0       0x20 ../multiple_axis_test_bsp//libhal_bsp.a(alt_dev.o)
 .debug_frame   0x00000000000004c0       0x2c ../multiple_axis_test_bsp//libhal_bsp.a(alt_dev_llist_insert.o)
 .debug_frame   0x00000000000004ec       0x40 ../multiple_axis_test_bsp//libhal_bsp.a(alt_find_dev.o)
 .debug_frame   0x000000000000052c       0x20 ../multiple_axis_test_bsp//libhal_bsp.a(alt_icache_flush_all.o)
 .debug_frame   0x000000000000054c       0x34 ../multiple_axis_test_bsp//libhal_bsp.a(alt_irq_handler.o)
 .debug_frame   0x0000000000000580       0x20 ../multiple_axis_test_bsp//libhal_bsp.a(altera_nios2_gen2_irq.o)
 .debug_frame   0x00000000000005a0       0x30 ../multiple_axis_test_bsp//libhal_bsp.a(alt_instruction_exception_entry.o)
 .debug_frame   0x00000000000005d0       0x20 /home/youlittleperson/intelFPGA_lite/20.1/nios2eds/bin/gnu/H-x86_64-pc-linux-gnu/bin/../lib/gcc/nios2-elf/9.2.1/../../../../../H-x86_64-pc-linux-gnu/nios2-elf/lib/mno-hw-mul/libsmallc.a(lib_a-memcmp.o)

.debug_str      0x0000000000000000     0x1f5d
 *(.debug_str)
 .debug_str     0x0000000000000000       0x7b ../multiple_axis_test_bsp//obj/HAL/src/crt0.o
 .debug_str     0x000000000000007b      0x6c1 obj/default/hello_world_small.o
                                        0x7bf (size before relaxing)
 .debug_str     0x000000000000073c      0x2f9 /home/youlittleperson/intelFPGA_lite/20.1/nios2eds/bin/gnu/H-x86_64-pc-linux-gnu/bin/../lib/gcc/nios2-elf/9.2.1/../../../../../H-x86_64-pc-linux-gnu/nios2-elf/lib/mno-hw-mul/libsmallc.a(lib_a-printf.o)
                                        0x65c (size before relaxing)
 .debug_str     0x0000000000000a35      0x44e /home/youlittleperson/intelFPGA_lite/20.1/nios2eds/bin/gnu/H-x86_64-pc-linux-gnu/bin/../lib/gcc/nios2-elf/9.2.1/../../../../../H-x86_64-pc-linux-gnu/nios2-elf/lib/mno-hw-mul/libsmallc.a(lib_a-vfprintf.o)
                                        0xb4f (size before relaxing)
 .debug_str     0x0000000000000e83       0x7a /home/youlittleperson/intelFPGA_lite/20.1/nios2eds/bin/gnu/H-x86_64-pc-linux-gnu/bin/../lib/gcc/nios2-elf/9.2.1/../../../../../H-x86_64-pc-linux-gnu/nios2-elf/lib/mno-hw-mul/libsmallc.a(lib_a-fvwrite_small_dev.o)
                                        0x638 (size before relaxing)
 .debug_str     0x0000000000000efd      0x11f /home/youlittleperson/intelFPGA_lite/20.1/nios2eds/bin/gnu/H-x86_64-pc-linux-gnu/bin/../lib/gcc/nios2-elf/9.2.1/../../../../../H-x86_64-pc-linux-gnu/nios2-elf/lib/mno-hw-mul/libsmallc.a(lib_a-impure.o)
                                        0x529 (size before relaxing)
 .debug_str     0x000000000000101c       0xd6 /home/youlittleperson/intelFPGA_lite/20.1/nios2eds/bin/gnu/H-x86_64-pc-linux-gnu/bin/../lib/gcc/nios2-elf/9.2.1/../../../../../H-x86_64-pc-linux-gnu/nios2-elf/lib/mno-hw-mul/libsmallc.a(lib_a-strlen.o)
                                        0x4d2 (size before relaxing)
 .debug_str     0x00000000000010f2       0x47 /home/youlittleperson/intelFPGA_lite/20.1/nios2eds/bin/gnu/H-x86_64-pc-linux-gnu/bin/../lib/gcc/nios2-elf/9.2.1/../../../../../H-x86_64-pc-linux-gnu/nios2-elf/lib/mno-hw-mul/libsmallc.a(lib_a-writer.o)
                                        0x50e (size before relaxing)
 .debug_str     0x0000000000001139       0x41 /home/youlittleperson/intelFPGA_lite/20.1/nios2eds/bin/gnu/H-x86_64-pc-linux-gnu/bin/../lib/gcc/nios2-elf/9.2.1/../../../../../H-x86_64-pc-linux-gnu/nios2-elf/lib/mno-hw-mul/libsmallc.a(lib_a-int_errno.o)
                                        0x4cf (size before relaxing)
 .debug_str     0x000000000000117a      0x194 /home/youlittleperson/intelFPGA_lite/20.1/nios2eds/bin/gnu/H-x86_64-pc-linux-gnu/bin/../lib/gcc/nios2-elf/9.2.1/mno-hw-mul/libgcc.a(lib2-divmod.o)
                                        0x1df (size before relaxing)
 .debug_str     0x000000000000130e       0x42 /home/youlittleperson/intelFPGA_lite/20.1/nios2eds/bin/gnu/H-x86_64-pc-linux-gnu/bin/../lib/gcc/nios2-elf/9.2.1/mno-hw-mul/libgcc.a(lib2-mul.o)
                                        0x1a0 (size before relaxing)
 .debug_str     0x0000000000001350       0xac ../multiple_axis_test_bsp//libhal_bsp.a(alt_irq_register.o)
                                        0x60f (size before relaxing)
 .debug_str     0x00000000000013fc       0x29 ../multiple_axis_test_bsp//libhal_bsp.a(alt_irq_vars.o)
                                        0x166 (size before relaxing)
 .debug_str     0x0000000000001425      0x113 ../multiple_axis_test_bsp//libhal_bsp.a(alt_load.o)
                                        0x648 (size before relaxing)
 .debug_str     0x0000000000001538      0x1aa ../multiple_axis_test_bsp//libhal_bsp.a(alt_main.o)
                                        0x7fa (size before relaxing)
 .debug_str     0x00000000000016e2       0x2d ../multiple_axis_test_bsp//libhal_bsp.a(alt_printf.o)
                                        0x132 (size before relaxing)
 .debug_str     0x000000000000170f       0x5e ../multiple_axis_test_bsp//libhal_bsp.a(alt_putchar.o)
                                        0x58d (size before relaxing)
 .debug_str     0x000000000000176d       0x15 ../multiple_axis_test_bsp//libhal_bsp.a(alt_putstr.o)
                                        0x592 (size before relaxing)
 .debug_str     0x0000000000001782       0x2c ../multiple_axis_test_bsp//libhal_bsp.a(alt_write.o)
                                        0x813 (size before relaxing)
 .debug_str     0x00000000000017ae       0xe0 ../multiple_axis_test_bsp//libhal_bsp.a(alt_sys_init.o)
                                        0x760 (size before relaxing)
 .debug_str     0x000000000000188e       0x2c ../multiple_axis_test_bsp//libhal_bsp.a(altera_avalon_jtag_uart_write.o)
                                        0x64c (size before relaxing)
 .debug_str     0x00000000000018ba       0x77 ../multiple_axis_test_bsp//libhal_bsp.a(altera_up_avalon_accelerometer_spi.o)
                                        0x78a (size before relaxing)
 .debug_str     0x0000000000001931       0x1f ../multiple_axis_test_bsp//libhal_bsp.a(alt_dcache_flush_all.o)
                                        0x561 (size before relaxing)
 .debug_str     0x0000000000001950       0x32 ../multiple_axis_test_bsp//libhal_bsp.a(alt_dev.o)
                                        0x7bf (size before relaxing)
 .debug_str     0x0000000000001982       0x30 ../multiple_axis_test_bsp//libhal_bsp.a(alt_dev_llist_insert.o)
                                        0x5e5 (size before relaxing)
 .debug_str     0x00000000000019b2       0x14 ../multiple_axis_test_bsp//libhal_bsp.a(alt_errno.o)
                                        0x55e (size before relaxing)
 .debug_str     0x00000000000019c6       0x1e ../multiple_axis_test_bsp//libhal_bsp.a(alt_find_dev.o)
                                        0x61f (size before relaxing)
 .debug_str     0x00000000000019e4       0x1f ../multiple_axis_test_bsp//libhal_bsp.a(alt_icache_flush_all.o)
                                        0x561 (size before relaxing)
 .debug_str     0x0000000000001a03       0x18 ../multiple_axis_test_bsp//libhal_bsp.a(alt_irq_entry.o)
                                         0x84 (size before relaxing)
 .debug_str     0x0000000000001a1b       0x3a ../multiple_axis_test_bsp//libhal_bsp.a(alt_irq_handler.o)
                                        0x5b0 (size before relaxing)
 .debug_str     0x0000000000001a55       0x20 ../multiple_axis_test_bsp//libhal_bsp.a(altera_nios2_gen2_irq.o)
                                        0x575 (size before relaxing)
 .debug_str     0x0000000000001a75       0x1e ../multiple_axis_test_bsp//libhal_bsp.a(alt_exception_entry.o)
                                         0x8a (size before relaxing)
 .debug_str     0x0000000000001a93      0x48b ../multiple_axis_test_bsp//libhal_bsp.a(alt_instruction_exception_entry.o)
                                        0x5cc (size before relaxing)
 .debug_str     0x0000000000001f1e       0x3f /home/youlittleperson/intelFPGA_lite/20.1/nios2eds/bin/gnu/H-x86_64-pc-linux-gnu/bin/../lib/gcc/nios2-elf/9.2.1/../../../../../H-x86_64-pc-linux-gnu/nios2-elf/lib/mno-hw-mul/libsmallc.a(lib_a-memcmp.o)
                                        0x4cc (size before relaxing)

.debug_loc      0x0000000000000000     0x1ebd
 *(.debug_loc)
 .debug_loc     0x0000000000000000       0x32 obj/default/hello_world_small.o
 .debug_loc     0x0000000000000032      0x10a /home/youlittleperson/intelFPGA_lite/20.1/nios2eds/bin/gnu/H-x86_64-pc-linux-gnu/bin/../lib/gcc/nios2-elf/9.2.1/../../../../../H-x86_64-pc-linux-gnu/nios2-elf/lib/mno-hw-mul/libsmallc.a(lib_a-printf.o)
 .debug_loc     0x000000000000013c      0xb67 /home/youlittleperson/intelFPGA_lite/20.1/nios2eds/bin/gnu/H-x86_64-pc-linux-gnu/bin/../lib/gcc/nios2-elf/9.2.1/../../../../../H-x86_64-pc-linux-gnu/nios2-elf/lib/mno-hw-mul/libsmallc.a(lib_a-vfprintf.o)
 .debug_loc     0x0000000000000ca3      0x123 /home/youlittleperson/intelFPGA_lite/20.1/nios2eds/bin/gnu/H-x86_64-pc-linux-gnu/bin/../lib/gcc/nios2-elf/9.2.1/../../../../../H-x86_64-pc-linux-gnu/nios2-elf/lib/mno-hw-mul/libsmallc.a(lib_a-fvwrite_small_dev.o)
 .debug_loc     0x0000000000000dc6       0x44 /home/youlittleperson/intelFPGA_lite/20.1/nios2eds/bin/gnu/H-x86_64-pc-linux-gnu/bin/../lib/gcc/nios2-elf/9.2.1/../../../../../H-x86_64-pc-linux-gnu/nios2-elf/lib/mno-hw-mul/libsmallc.a(lib_a-strlen.o)
 .debug_loc     0x0000000000000e0a       0xd0 /home/youlittleperson/intelFPGA_lite/20.1/nios2eds/bin/gnu/H-x86_64-pc-linux-gnu/bin/../lib/gcc/nios2-elf/9.2.1/../../../../../H-x86_64-pc-linux-gnu/nios2-elf/lib/mno-hw-mul/libsmallc.a(lib_a-writer.o)
 .debug_loc     0x0000000000000eda      0x5d0 /home/youlittleperson/intelFPGA_lite/20.1/nios2eds/bin/gnu/H-x86_64-pc-linux-gnu/bin/../lib/gcc/nios2-elf/9.2.1/mno-hw-mul/libgcc.a(lib2-divmod.o)
 .debug_loc     0x00000000000014aa       0xa7 /home/youlittleperson/intelFPGA_lite/20.1/nios2eds/bin/gnu/H-x86_64-pc-linux-gnu/bin/../lib/gcc/nios2-elf/9.2.1/mno-hw-mul/libgcc.a(lib2-mul.o)
 .debug_loc     0x0000000000001551      0x13e ../multiple_axis_test_bsp//libhal_bsp.a(alt_irq_register.o)
 .debug_loc     0x000000000000168f       0x66 ../multiple_axis_test_bsp//libhal_bsp.a(alt_load.o)
 .debug_loc     0x00000000000016f5      0x22d ../multiple_axis_test_bsp//libhal_bsp.a(alt_printf.o)
 .debug_loc     0x0000000000001922       0x32 ../multiple_axis_test_bsp//libhal_bsp.a(alt_putchar.o)
 .debug_loc     0x0000000000001954       0x3f ../multiple_axis_test_bsp//libhal_bsp.a(alt_putstr.o)
 .debug_loc     0x0000000000001993       0xd2 ../multiple_axis_test_bsp//libhal_bsp.a(alt_write.o)
 .debug_loc     0x0000000000001a65       0x25 ../multiple_axis_test_bsp//libhal_bsp.a(alt_sys_init.o)
 .debug_loc     0x0000000000001a8a       0x93 ../multiple_axis_test_bsp//libhal_bsp.a(altera_avalon_jtag_uart_write.o)
 .debug_loc     0x0000000000001b1d       0x6f ../multiple_axis_test_bsp//libhal_bsp.a(altera_up_avalon_accelerometer_spi.o)
 .debug_loc     0x0000000000001b8c       0x8e ../multiple_axis_test_bsp//libhal_bsp.a(alt_dev_llist_insert.o)
 .debug_loc     0x0000000000001c1a       0xc2 ../multiple_axis_test_bsp//libhal_bsp.a(alt_find_dev.o)
 .debug_loc     0x0000000000001cdc       0xac ../multiple_axis_test_bsp//libhal_bsp.a(alt_irq_handler.o)
 .debug_loc     0x0000000000001d88       0x73 ../multiple_axis_test_bsp//libhal_bsp.a(alt_instruction_exception_entry.o)
 .debug_loc     0x0000000000001dfb       0xc2 /home/youlittleperson/intelFPGA_lite/20.1/nios2eds/bin/gnu/H-x86_64-pc-linux-gnu/bin/../lib/gcc/nios2-elf/9.2.1/../../../../../H-x86_64-pc-linux-gnu/nios2-elf/lib/mno-hw-mul/libsmallc.a(lib_a-memcmp.o)

.debug_macinfo
 *(.debug_macinfo)

.debug_weaknames
 *(.debug_weaknames)

.debug_funcnames
 *(.debug_funcnames)

.debug_typenames
 *(.debug_typenames)

.debug_varnames
 *(.debug_varnames)

.debug_alt_sim_info
                0x0000000000000000       0x10
 *(.debug_alt_sim_info)
 .debug_alt_sim_info
                0x0000000000000000       0x10 ../multiple_axis_test_bsp//obj/HAL/src/crt0.o
                0x0000000000020000                __alt_data_end = 0x20000
                0x0000000000020000                PROVIDE (__alt_stack_pointer = __alt_data_end)
                [!provide]                        PROVIDE (__alt_stack_limit = __alt_stack_base)
                [!provide]                        PROVIDE (__alt_heap_start = end)
                [!provide]                        PROVIDE (__alt_heap_limit = 0x20000)
OUTPUT(multiple_axis_test.elf elf32-littlenios2)

.debug_ranges   0x0000000000000000      0x3c8
 .debug_ranges  0x0000000000000000       0x20 ../multiple_axis_test_bsp//obj/HAL/src/crt0.o
 .debug_ranges  0x0000000000000020       0x18 obj/default/hello_world_small.o
 .debug_ranges  0x0000000000000038       0x18 /home/youlittleperson/intelFPGA_lite/20.1/nios2eds/bin/gnu/H-x86_64-pc-linux-gnu/bin/../lib/gcc/nios2-elf/9.2.1/../../../../../H-x86_64-pc-linux-gnu/nios2-elf/lib/mno-hw-mul/libsmallc.a(lib_a-printf.o)
 .debug_ranges  0x0000000000000050       0xe8 /home/youlittleperson/intelFPGA_lite/20.1/nios2eds/bin/gnu/H-x86_64-pc-linux-gnu/bin/../lib/gcc/nios2-elf/9.2.1/../../../../../H-x86_64-pc-linux-gnu/nios2-elf/lib/mno-hw-mul/libsmallc.a(lib_a-vfprintf.o)
 .debug_ranges  0x0000000000000138       0x10 /home/youlittleperson/intelFPGA_lite/20.1/nios2eds/bin/gnu/H-x86_64-pc-linux-gnu/bin/../lib/gcc/nios2-elf/9.2.1/../../../../../H-x86_64-pc-linux-gnu/nios2-elf/lib/mno-hw-mul/libsmallc.a(lib_a-fvwrite_small_dev.o)
 .debug_ranges  0x0000000000000148       0x10 /home/youlittleperson/intelFPGA_lite/20.1/nios2eds/bin/gnu/H-x86_64-pc-linux-gnu/bin/../lib/gcc/nios2-elf/9.2.1/../../../../../H-x86_64-pc-linux-gnu/nios2-elf/lib/mno-hw-mul/libsmallc.a(lib_a-strlen.o)
 .debug_ranges  0x0000000000000158       0x10 /home/youlittleperson/intelFPGA_lite/20.1/nios2eds/bin/gnu/H-x86_64-pc-linux-gnu/bin/../lib/gcc/nios2-elf/9.2.1/../../../../../H-x86_64-pc-linux-gnu/nios2-elf/lib/mno-hw-mul/libsmallc.a(lib_a-writer.o)
 .debug_ranges  0x0000000000000168       0x70 /home/youlittleperson/intelFPGA_lite/20.1/nios2eds/bin/gnu/H-x86_64-pc-linux-gnu/bin/../lib/gcc/nios2-elf/9.2.1/mno-hw-mul/libgcc.a(lib2-divmod.o)
 .debug_ranges  0x00000000000001d8       0x30 ../multiple_axis_test_bsp//libhal_bsp.a(alt_irq_register.o)
 .debug_ranges  0x0000000000000208       0xa0 ../multiple_axis_test_bsp//libhal_bsp.a(alt_load.o)
 .debug_ranges  0x00000000000002a8       0x20 ../multiple_axis_test_bsp//libhal_bsp.a(alt_printf.o)
 .debug_ranges  0x00000000000002c8       0x20 ../multiple_axis_test_bsp//libhal_bsp.a(alt_write.o)
 .debug_ranges  0x00000000000002e8       0x18 ../multiple_axis_test_bsp//libhal_bsp.a(alt_sys_init.o)
 .debug_ranges  0x0000000000000300       0x20 ../multiple_axis_test_bsp//libhal_bsp.a(alt_dev_llist_insert.o)
 .debug_ranges  0x0000000000000320       0x28 ../multiple_axis_test_bsp//libhal_bsp.a(alt_irq_entry.o)
 .debug_ranges  0x0000000000000348       0x28 ../multiple_axis_test_bsp//libhal_bsp.a(alt_irq_handler.o)
 .debug_ranges  0x0000000000000370       0x30 ../multiple_axis_test_bsp//libhal_bsp.a(alt_exception_entry.o)
 .debug_ranges  0x00000000000003a0       0x18 ../multiple_axis_test_bsp//libhal_bsp.a(alt_instruction_exception_entry.o)
 .debug_ranges  0x00000000000003b8       0x10 /home/youlittleperson/intelFPGA_lite/20.1/nios2eds/bin/gnu/H-x86_64-pc-linux-gnu/bin/../lib/gcc/nios2-elf/9.2.1/../../../../../H-x86_64-pc-linux-gnu/nios2-elf/lib/mno-hw-mul/libsmallc.a(lib_a-memcmp.o)
