Archive member included to satisfy reference by file (symbol)

/home/youlittleperson/intelFPGA_lite/20.1/nios2eds/bin/gnu/H-x86_64-pc-linux-gnu/bin/../lib/gcc/nios2-elf/9.2.1/../../../../../H-x86_64-pc-linux-gnu/nios2-elf/lib/mno-hw-mul/libsmallc.a(lib_a-printf.o)
                              obj/default/hello_world_small.o (printf)
/home/youlittleperson/intelFPGA_lite/20.1/nios2eds/bin/gnu/H-x86_64-pc-linux-gnu/bin/../lib/gcc/nios2-elf/9.2.1/../../../../../H-x86_64-pc-linux-gnu/nios2-elf/lib/mno-hw-mul/libsmallc.a(lib_a-vfprintf.o)
                              /home/youlittleperson/intelFPGA_lite/20.1/nios2eds/bin/gnu/H-x86_64-pc-linux-gnu/bin/../lib/gcc/nios2-elf/9.2.1/../../../../../H-x86_64-pc-linux-gnu/nios2-elf/lib/mno-hw-mul/libsmallc.a(lib_a-printf.o) (___vfprintf_internal_r)
/home/youlittleperson/intelFPGA_lite/20.1/nios2eds/bin/gnu/H-x86_64-pc-linux-gnu/bin/../lib/gcc/nios2-elf/9.2.1/../../../../../H-x86_64-pc-linux-gnu/nios2-elf/lib/mno-hw-mul/libsmallc.a(lib_a-fvwrite_small_dev.o)
                              /home/youlittleperson/intelFPGA_lite/20.1/nios2eds/bin/gnu/H-x86_64-pc-linux-gnu/bin/../lib/gcc/nios2-elf/9.2.1/../../../../../H-x86_64-pc-linux-gnu/nios2-elf/lib/mno-hw-mul/libsmallc.a(lib_a-printf.o) (__sfvwrite_small_dev)
/home/youlittleperson/intelFPGA_lite/20.1/nios2eds/bin/gnu/H-x86_64-pc-linux-gnu/bin/../lib/gcc/nios2-elf/9.2.1/../../../../../H-x86_64-pc-linux-gnu/nios2-elf/lib/mno-hw-mul/libsmallc.a(lib_a-impure.o)
                              /home/youlittleperson/intelFPGA_lite/20.1/nios2eds/bin/gnu/H-x86_64-pc-linux-gnu/bin/../lib/gcc/nios2-elf/9.2.1/../../../../../H-x86_64-pc-linux-gnu/nios2-elf/lib/mno-hw-mul/libsmallc.a(lib_a-printf.o) (_impure_ptr)
/home/youlittleperson/intelFPGA_lite/20.1/nios2eds/bin/gnu/H-x86_64-pc-linux-gnu/bin/../lib/gcc/nios2-elf/9.2.1/../../../../../H-x86_64-pc-linux-gnu/nios2-elf/lib/mno-hw-mul/libsmallc.a(lib_a-strlen.o)
                              /home/youlittleperson/intelFPGA_lite/20.1/nios2eds/bin/gnu/H-x86_64-pc-linux-gnu/bin/../lib/gcc/nios2-elf/9.2.1/../../../../../H-x86_64-pc-linux-gnu/nios2-elf/lib/mno-hw-mul/libsmallc.a(lib_a-vfprintf.o) (strlen)
/home/youlittleperson/intelFPGA_lite/20.1/nios2eds/bin/gnu/H-x86_64-pc-linux-gnu/bin/../lib/gcc/nios2-elf/9.2.1/../../../../../H-x86_64-pc-linux-gnu/nios2-elf/lib/mno-hw-mul/libsmallc.a(lib_a-writer.o)
                              /home/youlittleperson/intelFPGA_lite/20.1/nios2eds/bin/gnu/H-x86_64-pc-linux-gnu/bin/../lib/gcc/nios2-elf/9.2.1/../../../../../H-x86_64-pc-linux-gnu/nios2-elf/lib/mno-hw-mul/libsmallc.a(lib_a-fvwrite_small_dev.o) (_write_r)
/home/youlittleperson/intelFPGA_lite/20.1/nios2eds/bin/gnu/H-x86_64-pc-linux-gnu/bin/../lib/gcc/nios2-elf/9.2.1/../../../../../H-x86_64-pc-linux-gnu/nios2-elf/lib/mno-hw-mul/libsmallc.a(lib_a-int_errno.o)
                              /home/youlittleperson/intelFPGA_lite/20.1/nios2eds/bin/gnu/H-x86_64-pc-linux-gnu/bin/../lib/gcc/nios2-elf/9.2.1/../../../../../H-x86_64-pc-linux-gnu/nios2-elf/lib/mno-hw-mul/libsmallc.a(lib_a-writer.o) (errno)
/home/youlittleperson/intelFPGA_lite/20.1/nios2eds/bin/gnu/H-x86_64-pc-linux-gnu/bin/../lib/gcc/nios2-elf/9.2.1/mno-hw-mul/libgcc.a(lib2-divmod.o)
                              /home/youlittleperson/intelFPGA_lite/20.1/nios2eds/bin/gnu/H-x86_64-pc-linux-gnu/bin/../lib/gcc/nios2-elf/9.2.1/../../../../../H-x86_64-pc-linux-gnu/nios2-elf/lib/mno-hw-mul/libsmallc.a(lib_a-vfprintf.o) (__udivsi3)
/home/youlittleperson/intelFPGA_lite/20.1/nios2eds/bin/gnu/H-x86_64-pc-linux-gnu/bin/../lib/gcc/nios2-elf/9.2.1/mno-hw-mul/libgcc.a(lib2-mul.o)
                              /home/youlittleperson/intelFPGA_lite/20.1/nios2eds/bin/gnu/H-x86_64-pc-linux-gnu/bin/../lib/gcc/nios2-elf/9.2.1/../../../../../H-x86_64-pc-linux-gnu/nios2-elf/lib/mno-hw-mul/libsmallc.a(lib_a-vfprintf.o) (__mulsi3)
../multiple_axis_test_bsp//libhal_bsp.a(alt_irq_register.o)
                              obj/default/hello_world_small.o (alt_irq_register)
../multiple_axis_test_bsp//libhal_bsp.a(alt_irq_vars.o)
                              ../multiple_axis_test_bsp//libhal_bsp.a(alt_irq_register.o) (alt_irq_active)
../multiple_axis_test_bsp//libhal_bsp.a(alt_load.o)
                              ../multiple_axis_test_bsp//obj/HAL/src/crt0.o (alt_load)
../multiple_axis_test_bsp//libhal_bsp.a(alt_main.o)
                              ../multiple_axis_test_bsp//obj/HAL/src/crt0.o (alt_main)
../multiple_axis_test_bsp//libhal_bsp.a(alt_putstr.o)
                              obj/default/hello_world_small.o (alt_putstr)
../multiple_axis_test_bsp//libhal_bsp.a(alt_write.o)
                              /home/youlittleperson/intelFPGA_lite/20.1/nios2eds/bin/gnu/H-x86_64-pc-linux-gnu/bin/../lib/gcc/nios2-elf/9.2.1/../../../../../H-x86_64-pc-linux-gnu/nios2-elf/lib/mno-hw-mul/libsmallc.a(lib_a-writer.o) (write)
../multiple_axis_test_bsp//libhal_bsp.a(alt_sys_init.o)
                              ../multiple_axis_test_bsp//libhal_bsp.a(alt_main.o) (alt_irq_init)
../multiple_axis_test_bsp//libhal_bsp.a(altera_avalon_jtag_uart_write.o)
                              ../multiple_axis_test_bsp//libhal_bsp.a(alt_putstr.o) (altera_avalon_jtag_uart_write)
../multiple_axis_test_bsp//libhal_bsp.a(altera_up_avalon_accelerometer_spi.o)
                              obj/default/hello_world_small.o (alt_up_accelerometer_spi_open_dev)
../multiple_axis_test_bsp//libhal_bsp.a(alt_dcache_flush_all.o)
                              ../multiple_axis_test_bsp//libhal_bsp.a(alt_load.o) (alt_dcache_flush_all)
../multiple_axis_test_bsp//libhal_bsp.a(alt_dev.o)
                              ../multiple_axis_test_bsp//libhal_bsp.a(alt_sys_init.o) (alt_dev_list)
../multiple_axis_test_bsp//libhal_bsp.a(alt_dev_llist_insert.o)
                              ../multiple_axis_test_bsp//libhal_bsp.a(alt_sys_init.o) (alt_dev_llist_insert)
../multiple_axis_test_bsp//libhal_bsp.a(alt_errno.o)
                              ../multiple_axis_test_bsp//libhal_bsp.a(alt_write.o) (alt_errno)
../multiple_axis_test_bsp//libhal_bsp.a(alt_find_dev.o)
                              ../multiple_axis_test_bsp//libhal_bsp.a(altera_up_avalon_accelerometer_spi.o) (alt_find_dev)
../multiple_axis_test_bsp//libhal_bsp.a(alt_icache_flush_all.o)
                              ../multiple_axis_test_bsp//libhal_bsp.a(alt_load.o) (alt_icache_flush_all)
../multiple_axis_test_bsp//libhal_bsp.a(alt_irq_entry.o)
                              ../multiple_axis_test_bsp//libhal_bsp.a(alt_irq_register.o) (alt_irq_entry)
../multiple_axis_test_bsp//libhal_bsp.a(alt_irq_handler.o)
                              ../multiple_axis_test_bsp//libhal_bsp.a(alt_irq_register.o) (alt_irq_handler)
../multiple_axis_test_bsp//libhal_bsp.a(altera_nios2_gen2_irq.o)
                              ../multiple_axis_test_bsp//libhal_bsp.a(alt_sys_init.o) (altera_nios2_gen2_irq_init)
../multiple_axis_test_bsp//libhal_bsp.a(alt_exception_entry.o)
                              ../multiple_axis_test_bsp//libhal_bsp.a(alt_irq_entry.o) (alt_exception)
../multiple_axis_test_bsp//libhal_bsp.a(alt_instruction_exception_entry.o)
                              ../multiple_axis_test_bsp//libhal_bsp.a(alt_exception_entry.o) (alt_instruction_exception_entry)
/home/youlittleperson/intelFPGA_lite/20.1/nios2eds/bin/gnu/H-x86_64-pc-linux-gnu/bin/../lib/gcc/nios2-elf/9.2.1/../../../../../H-x86_64-pc-linux-gnu/nios2-elf/lib/mno-hw-mul/libsmallc.a(lib_a-memcmp.o)
                              ../multiple_axis_test_bsp//libhal_bsp.a(alt_find_dev.o) (memcmp)

Allocating common symbols
Common symbol       size              file

alt_irq             0x100             ../multiple_axis_test_bsp//libhal_bsp.a(alt_irq_handler.o)
errno               0x4               /home/youlittleperson/intelFPGA_lite/20.1/nios2eds/bin/gnu/H-x86_64-pc-linux-gnu/bin/../lib/gcc/nios2-elf/9.2.1/../../../../../H-x86_64-pc-linux-gnu/nios2-elf/lib/mno-hw-mul/libsmallc.a(lib_a-int_errno.o)
acc_dev             0x4               obj/default/hello_world_small.o

Memory Configuration

Name             Origin             Length             Attributes
reset            0x0000000000010000 0x0000000000000020
onchip_memory    0x0000000000010020 0x000000000000ffe0
*default*        0x0000000000000000 0xffffffffffffffff

Linker script and memory map

LOAD ../multiple_axis_test_bsp//obj/HAL/src/crt0.o
LOAD obj/default/hello_world_small.o
LOAD /home/youlittleperson/intelFPGA_lite/20.1/nios2eds/bin/gnu/H-x86_64-pc-linux-gnu/bin/../lib/gcc/nios2-elf/9.2.1/../../../../../H-x86_64-pc-linux-gnu/nios2-elf/lib/mno-hw-mul/libstdc++.a
LOAD /home/youlittleperson/intelFPGA_lite/20.1/nios2eds/bin/gnu/H-x86_64-pc-linux-gnu/bin/../lib/gcc/nios2-elf/9.2.1/../../../../../H-x86_64-pc-linux-gnu/nios2-elf/lib/mno-hw-mul/libm.a
LOAD /home/youlittleperson/intelFPGA_lite/20.1/nios2eds/bin/gnu/H-x86_64-pc-linux-gnu/bin/../lib/gcc/nios2-elf/9.2.1/mno-hw-mul/libgcc.a
START GROUP
LOAD /home/youlittleperson/intelFPGA_lite/20.1/nios2eds/bin/gnu/H-x86_64-pc-linux-gnu/bin/../lib/gcc/nios2-elf/9.2.1/../../../../../H-x86_64-pc-linux-gnu/nios2-elf/lib/mno-hw-mul/libsmallc.a
LOAD /home/youlittleperson/intelFPGA_lite/20.1/nios2eds/bin/gnu/H-x86_64-pc-linux-gnu/bin/../lib/gcc/nios2-elf/9.2.1/mno-hw-mul/libgcc.a
LOAD ../multiple_axis_test_bsp//libhal_bsp.a
LOAD /home/youlittleperson/intelFPGA_lite/20.1/nios2eds/bin/gnu/H-x86_64-pc-linux-gnu/bin/../lib/gcc/nios2-elf/9.2.1/../../../../../H-x86_64-pc-linux-gnu/nios2-elf/lib/mno-hw-mul/libm.a
END GROUP
LOAD /home/youlittleperson/intelFPGA_lite/20.1/nios2eds/bin/gnu/H-x86_64-pc-linux-gnu/bin/../lib/gcc/nios2-elf/9.2.1/mno-hw-mul/libgcc.a
                0x0000000000010000                __alt_mem_onchip_memory = 0x10000

.entry          0x0000000000010000       0x20
 *(.entry)
 .entry         0x0000000000010000       0x20 ../multiple_axis_test_bsp//obj/HAL/src/crt0.o
                0x0000000000010000                __reset
                0x000000000001000c                _exit

.exceptions     0x0000000000010020      0x160
                0x0000000000010020                PROVIDE (__ram_exceptions_start = ABSOLUTE (.))
                0x0000000000010020                . = ALIGN (0x20)
 *(.irq)
 *(.exceptions.entry.label)
 .exceptions.entry.label
                0x0000000000010020        0x0 ../multiple_axis_test_bsp//libhal_bsp.a(alt_irq_entry.o)
                0x0000000000010020                alt_irq_entry
 .exceptions.entry.label
                0x0000000000010020        0x0 ../multiple_axis_test_bsp//libhal_bsp.a(alt_exception_entry.o)
                0x0000000000010020                alt_exception
 *(.exceptions.entry.user)
 *(.exceptions.entry.ecc_fatal)
 *(.exceptions.entry)
 .exceptions.entry
                0x0000000000010020       0x54 ../multiple_axis_test_bsp//libhal_bsp.a(alt_exception_entry.o)
 *(.exceptions.irqtest.user)
 *(.exceptions.irqtest)
 .exceptions.irqtest
                0x0000000000010074       0x10 ../multiple_axis_test_bsp//libhal_bsp.a(alt_irq_entry.o)
 *(.exceptions.irqhandler.user)
 *(.exceptions.irqhandler)
 .exceptions.irqhandler
                0x0000000000010084        0x4 ../multiple_axis_test_bsp//libhal_bsp.a(alt_irq_entry.o)
 *(.exceptions.irqreturn.user)
 *(.exceptions.irqreturn)
 .exceptions.irqreturn
                0x0000000000010088        0x4 ../multiple_axis_test_bsp//libhal_bsp.a(alt_irq_entry.o)
 *(.exceptions.notirq.label)
 .exceptions.notirq.label
                0x000000000001008c        0x0 ../multiple_axis_test_bsp//libhal_bsp.a(alt_irq_entry.o)
 *(.exceptions.notirq.user)
 *(.exceptions.notirq)
 .exceptions.notirq
                0x000000000001008c        0x8 ../multiple_axis_test_bsp//libhal_bsp.a(alt_exception_entry.o)
 *(.exceptions.soft.user)
 *(.exceptions.soft)
 *(.exceptions.unknown.user)
 *(.exceptions.unknown)
 .exceptions.unknown
                0x0000000000010094       0x14 ../multiple_axis_test_bsp//libhal_bsp.a(alt_exception_entry.o)
 *(.exceptions.exit.label)
 .exceptions.exit.label
                0x00000000000100a8        0x0 ../multiple_axis_test_bsp//libhal_bsp.a(alt_irq_entry.o)
 .exceptions.exit.label
                0x00000000000100a8        0x0 ../multiple_axis_test_bsp//libhal_bsp.a(alt_exception_entry.o)
 *(.exceptions.exit.user)
 *(.exceptions.exit)
 .exceptions.exit
                0x00000000000100a8       0x54 ../multiple_axis_test_bsp//libhal_bsp.a(alt_exception_entry.o)
 *(.exceptions)
 .exceptions    0x00000000000100fc       0x60 ../multiple_axis_test_bsp//libhal_bsp.a(alt_irq_handler.o)
                0x00000000000100fc                alt_irq_handler
 .exceptions    0x000000000001015c       0x24 ../multiple_axis_test_bsp//libhal_bsp.a(alt_instruction_exception_entry.o)
                0x000000000001015c                alt_instruction_exception_entry
                0x0000000000010180                PROVIDE (__ram_exceptions_end = ABSOLUTE (.))
                0x0000000000010020                PROVIDE (__flash_exceptions_start = LOADADDR (.exceptions))

.text           0x0000000000010180      0xffc
                [!provide]                        PROVIDE (stext = ABSOLUTE (.))
 *(.interp)
 *(.hash)
 *(.dynsym)
 *(.dynstr)
 *(.gnu.version)
 *(.gnu.version_d)
 *(.gnu.version_r)
 *(.rel.init)
 *(.rela.init)
 *(.rel.text .rel.text.* .rel.gnu.linkonce.t.*)
 *(.rela.text .rela.text.* .rela.gnu.linkonce.t.*)
 *(.rel.fini)
 *(.rela.fini)
 *(.rel.rodata .rel.rodata.* .rel.gnu.linkonce.r.*)
 *(.rela.rodata .rela.rodata.* .rela.gnu.linkonce.r.*)
 *(.rel.data .rel.data.* .rel.gnu.linkonce.d.*)
 *(.rela.data .rela.data.* .rela.gnu.linkonce.d.*)
 *(.rel.tdata .rel.tdata.* .rel.gnu.linkonce.td.*)
 *(.rela.tdata .rela.tdata.* .rela.gnu.linkonce.td.*)
 *(.rel.tbss .rel.tbss.* .rel.gnu.linkonce.tb.*)
 *(.rela.tbss .rela.tbss.* .rela.gnu.linkonce.tb.*)
 *(.rel.ctors)
 *(.rela.ctors)
 *(.rel.dtors)
 *(.rela.dtors)
 *(.rel.got)
 *(.rela.got)
 *(.rel.sdata .rel.sdata.* .rel.gnu.linkonce.s.*)
 *(.rela.sdata .rela.sdata.* .rela.gnu.linkonce.s.*)
 *(.rel.sbss .rel.sbss.* .rel.gnu.linkonce.sb.*)
 *(.rela.sbss .rela.sbss.* .rela.gnu.linkonce.sb.*)
 *(.rel.sdata2 .rel.sdata2.* .rel.gnu.linkonce.s2.*)
 *(.rela.sdata2 .rela.sdata2.* .rela.gnu.linkonce.s2.*)
 *(.rel.sbss2 .rel.sbss2.* .rel.gnu.linkonce.sb2.*)
 *(.rela.sbss2 .rela.sbss2.* .rela.gnu.linkonce.sb2.*)
 *(.rel.bss .rel.bss.* .rel.gnu.linkonce.b.*)
 *(.rela.bss .rela.bss.* .rela.gnu.linkonce.b.*)
 *(.rel.plt)
 *(.rela.plt)
 *(.rel.dyn)
 *(.init)
 *(.plt)
 *(.text .stub .text.* .gnu.linkonce.t.*)
 .text          0x0000000000010180       0x3c ../multiple_axis_test_bsp//obj/HAL/src/crt0.o
                0x0000000000010180                _start
 .text          0x00000000000101bc       0xc4 obj/default/hello_world_small.o
                0x00000000000101bc                sys_timer_isr
                0x000000000001022c                timer_init
 .text.startup  0x0000000000010280       0x78 obj/default/hello_world_small.o
                0x0000000000010280                main
 .text          0x00000000000102f8        0x0 /home/youlittleperson/intelFPGA_lite/20.1/nios2eds/bin/gnu/H-x86_64-pc-linux-gnu/bin/../lib/gcc/nios2-elf/9.2.1/../../../../../H-x86_64-pc-linux-gnu/nios2-elf/lib/mno-hw-mul/libsmallc.a(lib_a-printf.o)
 .text._printf_r
                0x00000000000102f8       0x3c /home/youlittleperson/intelFPGA_lite/20.1/nios2eds/bin/gnu/H-x86_64-pc-linux-gnu/bin/../lib/gcc/nios2-elf/9.2.1/../../../../../H-x86_64-pc-linux-gnu/nios2-elf/lib/mno-hw-mul/libsmallc.a(lib_a-printf.o)
                0x00000000000102f8                _printf_r
 .text.printf   0x0000000000010334       0x48 /home/youlittleperson/intelFPGA_lite/20.1/nios2eds/bin/gnu/H-x86_64-pc-linux-gnu/bin/../lib/gcc/nios2-elf/9.2.1/../../../../../H-x86_64-pc-linux-gnu/nios2-elf/lib/mno-hw-mul/libsmallc.a(lib_a-printf.o)
                0x0000000000010334                printf
 .text          0x000000000001037c        0x0 /home/youlittleperson/intelFPGA_lite/20.1/nios2eds/bin/gnu/H-x86_64-pc-linux-gnu/bin/../lib/gcc/nios2-elf/9.2.1/../../../../../H-x86_64-pc-linux-gnu/nios2-elf/lib/mno-hw-mul/libsmallc.a(lib_a-vfprintf.o)
 .text.print_repeat
                0x000000000001037c       0x6c /home/youlittleperson/intelFPGA_lite/20.1/nios2eds/bin/gnu/H-x86_64-pc-linux-gnu/bin/../lib/gcc/nios2-elf/9.2.1/../../../../../H-x86_64-pc-linux-gnu/nios2-elf/lib/mno-hw-mul/libsmallc.a(lib_a-vfprintf.o)
 .text.___vfprintf_internal_r
                0x00000000000103e8      0x528 /home/youlittleperson/intelFPGA_lite/20.1/nios2eds/bin/gnu/H-x86_64-pc-linux-gnu/bin/../lib/gcc/nios2-elf/9.2.1/../../../../../H-x86_64-pc-linux-gnu/nios2-elf/lib/mno-hw-mul/libsmallc.a(lib_a-vfprintf.o)
                0x00000000000103e8                ___vfprintf_internal_r
 .text.__vfprintf_internal
                0x0000000000010910       0x18 /home/youlittleperson/intelFPGA_lite/20.1/nios2eds/bin/gnu/H-x86_64-pc-linux-gnu/bin/../lib/gcc/nios2-elf/9.2.1/../../../../../H-x86_64-pc-linux-gnu/nios2-elf/lib/mno-hw-mul/libsmallc.a(lib_a-vfprintf.o)
                0x0000000000010910                __vfprintf_internal
 .text          0x0000000000010928        0x0 /home/youlittleperson/intelFPGA_lite/20.1/nios2eds/bin/gnu/H-x86_64-pc-linux-gnu/bin/../lib/gcc/nios2-elf/9.2.1/../../../../../H-x86_64-pc-linux-gnu/nios2-elf/lib/mno-hw-mul/libsmallc.a(lib_a-fvwrite_small_dev.o)
 .text.__sfvwrite_small_dev
                0x0000000000010928       0xa8 /home/youlittleperson/intelFPGA_lite/20.1/nios2eds/bin/gnu/H-x86_64-pc-linux-gnu/bin/../lib/gcc/nios2-elf/9.2.1/../../../../../H-x86_64-pc-linux-gnu/nios2-elf/lib/mno-hw-mul/libsmallc.a(lib_a-fvwrite_small_dev.o)
                0x0000000000010928                __sfvwrite_small_dev
 .text          0x00000000000109d0        0x0 /home/youlittleperson/intelFPGA_lite/20.1/nios2eds/bin/gnu/H-x86_64-pc-linux-gnu/bin/../lib/gcc/nios2-elf/9.2.1/../../../../../H-x86_64-pc-linux-gnu/nios2-elf/lib/mno-hw-mul/libsmallc.a(lib_a-impure.o)
 .text          0x00000000000109d0        0x0 /home/youlittleperson/intelFPGA_lite/20.1/nios2eds/bin/gnu/H-x86_64-pc-linux-gnu/bin/../lib/gcc/nios2-elf/9.2.1/../../../../../H-x86_64-pc-linux-gnu/nios2-elf/lib/mno-hw-mul/libsmallc.a(lib_a-strlen.o)
 .text.strlen   0x00000000000109d0       0x1c /home/youlittleperson/intelFPGA_lite/20.1/nios2eds/bin/gnu/H-x86_64-pc-linux-gnu/bin/../lib/gcc/nios2-elf/9.2.1/../../../../../H-x86_64-pc-linux-gnu/nios2-elf/lib/mno-hw-mul/libsmallc.a(lib_a-strlen.o)
                0x00000000000109d0                strlen
 .text          0x00000000000109ec        0x0 /home/youlittleperson/intelFPGA_lite/20.1/nios2eds/bin/gnu/H-x86_64-pc-linux-gnu/bin/../lib/gcc/nios2-elf/9.2.1/../../../../../H-x86_64-pc-linux-gnu/nios2-elf/lib/mno-hw-mul/libsmallc.a(lib_a-writer.o)
 .text._write_r
                0x00000000000109ec       0x50 /home/youlittleperson/intelFPGA_lite/20.1/nios2eds/bin/gnu/H-x86_64-pc-linux-gnu/bin/../lib/gcc/nios2-elf/9.2.1/../../../../../H-x86_64-pc-linux-gnu/nios2-elf/lib/mno-hw-mul/libsmallc.a(lib_a-writer.o)
                0x00000000000109ec                _write_r
 .text          0x0000000000010a3c        0x0 /home/youlittleperson/intelFPGA_lite/20.1/nios2eds/bin/gnu/H-x86_64-pc-linux-gnu/bin/../lib/gcc/nios2-elf/9.2.1/../../../../../H-x86_64-pc-linux-gnu/nios2-elf/lib/mno-hw-mul/libsmallc.a(lib_a-int_errno.o)
 .text          0x0000000000010a3c      0x1b4 /home/youlittleperson/intelFPGA_lite/20.1/nios2eds/bin/gnu/H-x86_64-pc-linux-gnu/bin/../lib/gcc/nios2-elf/9.2.1/mno-hw-mul/libgcc.a(lib2-divmod.o)
                0x0000000000010a3c                __divsi3
                0x0000000000010abc                __modsi3
                0x0000000000010b30                __udivsi3
                0x0000000000010b94                __umodsi3
 .text          0x0000000000010bf0       0x28 /home/youlittleperson/intelFPGA_lite/20.1/nios2eds/bin/gnu/H-x86_64-pc-linux-gnu/bin/../lib/gcc/nios2-elf/9.2.1/mno-hw-mul/libgcc.a(lib2-mul.o)
                0x0000000000010bf0                __mulsi3
 .text          0x0000000000010c18       0x90 ../multiple_axis_test_bsp//libhal_bsp.a(alt_irq_register.o)
                0x0000000000010c18                alt_irq_register
 .text          0x0000000000010ca8        0x0 ../multiple_axis_test_bsp//libhal_bsp.a(alt_irq_vars.o)
 .text          0x0000000000010ca8       0xb4 ../multiple_axis_test_bsp//libhal_bsp.a(alt_load.o)
                0x0000000000010ca8                alt_load
 .text          0x0000000000010d5c       0x2c ../multiple_axis_test_bsp//libhal_bsp.a(alt_main.o)
                0x0000000000010d5c                alt_main
 .text          0x0000000000010d88       0x38 ../multiple_axis_test_bsp//libhal_bsp.a(alt_putstr.o)
                0x0000000000010d88                alt_putstr
 .text          0x0000000000010dc0       0x5c ../multiple_axis_test_bsp//libhal_bsp.a(alt_write.o)
                0x0000000000010dc0                write
 .text          0x0000000000010e1c       0x30 ../multiple_axis_test_bsp//libhal_bsp.a(alt_sys_init.o)
                0x0000000000010e1c                alt_irq_init
                0x0000000000010e3c                alt_sys_init
 .text          0x0000000000010e4c       0x30 ../multiple_axis_test_bsp//libhal_bsp.a(altera_avalon_jtag_uart_write.o)
                0x0000000000010e4c                altera_avalon_jtag_uart_write
 .text          0x0000000000010e7c      0x16c ../multiple_axis_test_bsp//libhal_bsp.a(altera_up_avalon_accelerometer_spi.o)
                0x0000000000010e7c                alt_up_accelerometer_spi_open_dev
                0x0000000000010e84                alt_up_accelerometer_spi_read_address_register
                0x0000000000010e98                alt_up_accelerometer_spi_read
                0x0000000000010eb8                alt_up_accelerometer_spi_write
                0x0000000000010ed4                alt_up_accelerometer_spi_read_x_axis
                0x0000000000010f30                alt_up_accelerometer_spi_read_y_axis
                0x0000000000010f8c                alt_up_accelerometer_spi_read_z_axis
 .text          0x0000000000010fe8        0x4 ../multiple_axis_test_bsp//libhal_bsp.a(alt_dcache_flush_all.o)
                0x0000000000010fe8                alt_dcache_flush_all
 .text          0x0000000000010fec        0x8 ../multiple_axis_test_bsp//libhal_bsp.a(alt_dev.o)
 .text          0x0000000000010ff4       0x6c ../multiple_axis_test_bsp//libhal_bsp.a(alt_dev_llist_insert.o)
                0x0000000000010ff4                alt_dev_llist_insert
 .text          0x0000000000011060        0x0 ../multiple_axis_test_bsp//libhal_bsp.a(alt_errno.o)
 .text          0x0000000000011060       0x70 ../multiple_axis_test_bsp//libhal_bsp.a(alt_find_dev.o)
                0x0000000000011060                alt_find_dev
 .text          0x00000000000110d0        0x4 ../multiple_axis_test_bsp//libhal_bsp.a(alt_icache_flush_all.o)
                0x00000000000110d0                alt_icache_flush_all
 .text          0x00000000000110d4        0x0 ../multiple_axis_test_bsp//libhal_bsp.a(alt_irq_entry.o)
 .text          0x00000000000110d4        0x0 ../multiple_axis_test_bsp//libhal_bsp.a(alt_irq_handler.o)
 .text          0x00000000000110d4        0x8 ../multiple_axis_test_bsp//libhal_bsp.a(altera_nios2_gen2_irq.o)
                0x00000000000110d4                altera_nios2_gen2_irq_init
 .text          0x00000000000110dc        0x0 ../multiple_axis_test_bsp//libhal_bsp.a(alt_exception_entry.o)
 .text          0x00000000000110dc       0x70 ../multiple_axis_test_bsp//libhal_bsp.a(alt_instruction_exception_entry.o)
                0x00000000000110dc                alt_exception_cause_generated_bad_addr
 .text          0x000000000001114c        0x0 /home/youlittleperson/intelFPGA_lite/20.1/nios2eds/bin/gnu/H-x86_64-pc-linux-gnu/bin/../lib/gcc/nios2-elf/9.2.1/../../../../../H-x86_64-pc-linux-gnu/nios2-elf/lib/mno-hw-mul/libsmallc.a(lib_a-memcmp.o)
 .text.memcmp   0x000000000001114c       0x30 /home/youlittleperson/intelFPGA_lite/20.1/nios2eds/bin/gnu/H-x86_64-pc-linux-gnu/bin/../lib/gcc/nios2-elf/9.2.1/../../../../../H-x86_64-pc-linux-gnu/nios2-elf/lib/mno-hw-mul/libsmallc.a(lib_a-memcmp.o)
                0x000000000001114c                memcmp
 *(.gnu.warning.*)
 *(.fini)
                [!provide]                        PROVIDE (__etext = ABSOLUTE (.))
                [!provide]                        PROVIDE (_etext = ABSOLUTE (.))
                [!provide]                        PROVIDE (etext = ABSOLUTE (.))
 *(.eh_frame_hdr)
                0x000000000001117c                . = ALIGN (0x4)
                [!provide]                        PROVIDE (__preinit_array_start = ABSOLUTE (.))
 *(.preinit_array)
                [!provide]                        PROVIDE (__preinit_array_end = ABSOLUTE (.))
                [!provide]                        PROVIDE (__init_array_start = ABSOLUTE (.))
 *(.init_array)
                [!provide]                        PROVIDE (__init_array_end = ABSOLUTE (.))
                [!provide]                        PROVIDE (__fini_array_start = ABSOLUTE (.))
 *(.fini_array)
                [!provide]                        PROVIDE (__fini_array_end = ABSOLUTE (.))
 *(.eh_frame)
 *(.gcc_except_table .gcc_except_table.*)
 *(.dynamic)
                [!provide]                        PROVIDE (__CTOR_LIST__ = ABSOLUTE (.))
 *(.ctors)
 *(SORT_BY_NAME(.ctors.*))
                [!provide]                        PROVIDE (__CTOR_END__ = ABSOLUTE (.))
                [!provide]                        PROVIDE (__DTOR_LIST__ = ABSOLUTE (.))
 *(.dtors)
 *(SORT_BY_NAME(.dtors.*))
                [!provide]                        PROVIDE (__DTOR_END__ = ABSOLUTE (.))
 *(.jcr)
                0x000000000001117c                . = ALIGN (0x4)

.rodata         0x000000000001117c       0x70
                0x000000000001117c                PROVIDE (__ram_rodata_start = ABSOLUTE (.))
                0x000000000001117c                . = ALIGN (0x4)
 *(.rodata .rodata.* .gnu.linkonce.r.*)
 .rodata.str1.4
                0x000000000001117c       0x62 obj/default/hello_world_small.o
 .rodata.str1.4
                0x00000000000111de       0x17 ../multiple_axis_test_bsp//libhal_bsp.a(alt_sys_init.o)
 *fill*         0x00000000000111de        0x2 
 .rodata.str1.4
                0x00000000000111e0        0xc ../multiple_axis_test_bsp//libhal_bsp.a(alt_dev.o)
                                          0xa (size before relaxing)
 *(.rodata1)
                0x00000000000111ec                . = ALIGN (0x4)
                0x00000000000111ec                PROVIDE (__ram_rodata_end = ABSOLUTE (.))
                0x000000000001117c                PROVIDE (__flash_rodata_start = LOADADDR (.rodata))

.rwdata         0x00000000000111ec      0x19c load address 0x0000000000011388
                0x00000000000111ec                PROVIDE (__ram_rwdata_start = ABSOLUTE (.))
                0x00000000000111ec                . = ALIGN (0x4)
 *(.got.plt)
 *(.got)
 *(.data1)
 *(.data .data.* .gnu.linkonce.d.*)
 .data          0x00000000000111ec        0x0 ../multiple_axis_test_bsp//obj/HAL/src/crt0.o
 .data          0x00000000000111ec        0x0 obj/default/hello_world_small.o
 .data          0x00000000000111ec        0x0 /home/youlittleperson/intelFPGA_lite/20.1/nios2eds/bin/gnu/H-x86_64-pc-linux-gnu/bin/../lib/gcc/nios2-elf/9.2.1/../../../../../H-x86_64-pc-linux-gnu/nios2-elf/lib/mno-hw-mul/libsmallc.a(lib_a-printf.o)
 .data          0x00000000000111ec        0x0 /home/youlittleperson/intelFPGA_lite/20.1/nios2eds/bin/gnu/H-x86_64-pc-linux-gnu/bin/../lib/gcc/nios2-elf/9.2.1/../../../../../H-x86_64-pc-linux-gnu/nios2-elf/lib/mno-hw-mul/libsmallc.a(lib_a-vfprintf.o)
 .data          0x00000000000111ec        0x0 /home/youlittleperson/intelFPGA_lite/20.1/nios2eds/bin/gnu/H-x86_64-pc-linux-gnu/bin/../lib/gcc/nios2-elf/9.2.1/../../../../../H-x86_64-pc-linux-gnu/nios2-elf/lib/mno-hw-mul/libsmallc.a(lib_a-fvwrite_small_dev.o)
 .data          0x00000000000111ec        0x0 /home/youlittleperson/intelFPGA_lite/20.1/nios2eds/bin/gnu/H-x86_64-pc-linux-gnu/bin/../lib/gcc/nios2-elf/9.2.1/../../../../../H-x86_64-pc-linux-gnu/nios2-elf/lib/mno-hw-mul/libsmallc.a(lib_a-impure.o)
 .data.impure_data
                0x00000000000111ec       0xe4 /home/youlittleperson/intelFPGA_lite/20.1/nios2eds/bin/gnu/H-x86_64-pc-linux-gnu/bin/../lib/gcc/nios2-elf/9.2.1/../../../../../H-x86_64-pc-linux-gnu/nios2-elf/lib/mno-hw-mul/libsmallc.a(lib_a-impure.o)
 .data          0x00000000000112d0        0x0 /home/youlittleperson/intelFPGA_lite/20.1/nios2eds/bin/gnu/H-x86_64-pc-linux-gnu/bin/../lib/gcc/nios2-elf/9.2.1/../../../../../H-x86_64-pc-linux-gnu/nios2-elf/lib/mno-hw-mul/libsmallc.a(lib_a-strlen.o)
 .data          0x00000000000112d0        0x0 /home/youlittleperson/intelFPGA_lite/20.1/nios2eds/bin/gnu/H-x86_64-pc-linux-gnu/bin/../lib/gcc/nios2-elf/9.2.1/../../../../../H-x86_64-pc-linux-gnu/nios2-elf/lib/mno-hw-mul/libsmallc.a(lib_a-writer.o)
 .data          0x00000000000112d0        0x0 /home/youlittleperson/intelFPGA_lite/20.1/nios2eds/bin/gnu/H-x86_64-pc-linux-gnu/bin/../lib/gcc/nios2-elf/9.2.1/../../../../../H-x86_64-pc-linux-gnu/nios2-elf/lib/mno-hw-mul/libsmallc.a(lib_a-int_errno.o)
 .data          0x00000000000112d0        0x0 /home/youlittleperson/intelFPGA_lite/20.1/nios2eds/bin/gnu/H-x86_64-pc-linux-gnu/bin/../lib/gcc/nios2-elf/9.2.1/mno-hw-mul/libgcc.a(lib2-divmod.o)
 .data          0x00000000000112d0        0x0 /home/youlittleperson/intelFPGA_lite/20.1/nios2eds/bin/gnu/H-x86_64-pc-linux-gnu/bin/../lib/gcc/nios2-elf/9.2.1/mno-hw-mul/libgcc.a(lib2-mul.o)
 .data          0x00000000000112d0        0x0 ../multiple_axis_test_bsp//libhal_bsp.a(alt_irq_register.o)
 .data          0x00000000000112d0        0x0 ../multiple_axis_test_bsp//libhal_bsp.a(alt_irq_vars.o)
 .data          0x00000000000112d0        0x0 ../multiple_axis_test_bsp//libhal_bsp.a(alt_load.o)
 .data          0x00000000000112d0        0x0 ../multiple_axis_test_bsp//libhal_bsp.a(alt_main.o)
 .data          0x00000000000112d0        0x0 ../multiple_axis_test_bsp//libhal_bsp.a(alt_putstr.o)
 .data          0x00000000000112d0        0x0 ../multiple_axis_test_bsp//libhal_bsp.a(alt_write.o)
 .data          0x00000000000112d0       0x2c ../multiple_axis_test_bsp//libhal_bsp.a(alt_sys_init.o)
 .data          0x00000000000112fc        0x0 ../multiple_axis_test_bsp//libhal_bsp.a(altera_avalon_jtag_uart_write.o)
 .data          0x00000000000112fc        0x0 ../multiple_axis_test_bsp//libhal_bsp.a(altera_up_avalon_accelerometer_spi.o)
 .data          0x00000000000112fc        0x0 ../multiple_axis_test_bsp//libhal_bsp.a(alt_dcache_flush_all.o)
 .data          0x00000000000112fc       0x58 ../multiple_axis_test_bsp//libhal_bsp.a(alt_dev.o)
                0x00000000000112fc                alt_fd_list
                0x000000000001132c                alt_dev_null
 .data          0x0000000000011354        0x0 ../multiple_axis_test_bsp//libhal_bsp.a(alt_dev_llist_insert.o)
 .data          0x0000000000011354        0x0 ../multiple_axis_test_bsp//libhal_bsp.a(alt_errno.o)
 .data          0x0000000000011354        0x0 ../multiple_axis_test_bsp//libhal_bsp.a(alt_find_dev.o)
 .data          0x0000000000011354        0x0 ../multiple_axis_test_bsp//libhal_bsp.a(alt_icache_flush_all.o)
 .data          0x0000000000011354        0x0 ../multiple_axis_test_bsp//libhal_bsp.a(alt_irq_entry.o)
 .data          0x0000000000011354        0x0 ../multiple_axis_test_bsp//libhal_bsp.a(alt_irq_handler.o)
 .data          0x0000000000011354        0x0 ../multiple_axis_test_bsp//libhal_bsp.a(altera_nios2_gen2_irq.o)
 .data          0x0000000000011354        0x0 ../multiple_axis_test_bsp//libhal_bsp.a(alt_exception_entry.o)
 .data          0x0000000000011354        0x0 ../multiple_axis_test_bsp//libhal_bsp.a(alt_instruction_exception_entry.o)
 .data          0x0000000000011354        0x0 /home/youlittleperson/intelFPGA_lite/20.1/nios2eds/bin/gnu/H-x86_64-pc-linux-gnu/bin/../lib/gcc/nios2-elf/9.2.1/../../../../../H-x86_64-pc-linux-gnu/nios2-elf/lib/mno-hw-mul/libsmallc.a(lib_a-memcmp.o)
                0x0000000000019354                _gp = ABSOLUTE ((. + 0x8000))
                [!provide]                        PROVIDE (gp = _gp)
 *(.rwdata .rwdata.*)
 *(.sdata .sdata.* .gnu.linkonce.s.*)
 .sdata         0x0000000000011354        0xc obj/default/hello_world_small.o
                0x0000000000011354                z_off
                0x0000000000011358                y_off
                0x000000000001135c                x_off
 .sdata._global_impure_ptr
                0x0000000000011360        0x4 /home/youlittleperson/intelFPGA_lite/20.1/nios2eds/bin/gnu/H-x86_64-pc-linux-gnu/bin/../lib/gcc/nios2-elf/9.2.1/../../../../../H-x86_64-pc-linux-gnu/nios2-elf/lib/mno-hw-mul/libsmallc.a(lib_a-impure.o)
                0x0000000000011360                _global_impure_ptr
 .sdata._impure_ptr
                0x0000000000011364        0x4 /home/youlittleperson/intelFPGA_lite/20.1/nios2eds/bin/gnu/H-x86_64-pc-linux-gnu/bin/../lib/gcc/nios2-elf/9.2.1/../../../../../H-x86_64-pc-linux-gnu/nios2-elf/lib/mno-hw-mul/libsmallc.a(lib_a-impure.o)
                0x0000000000011364                _impure_ptr
 .sdata         0x0000000000011368        0x4 ../multiple_axis_test_bsp//libhal_bsp.a(alt_irq_vars.o)
                0x0000000000011368                alt_priority_mask
 .sdata         0x000000000001136c        0x4 ../multiple_axis_test_bsp//libhal_bsp.a(alt_sys_init.o)
                0x000000000001136c                jtag_uart
 .sdata         0x0000000000011370       0x14 ../multiple_axis_test_bsp//libhal_bsp.a(alt_dev.o)
                0x0000000000011370                alt_max_fd
                0x0000000000011374                alt_dev_list
                0x000000000001137c                alt_fs_list
 .sdata         0x0000000000011384        0x4 ../multiple_axis_test_bsp//libhal_bsp.a(alt_errno.o)
                0x0000000000011384                alt_errno
 *(.sdata2 .sdata2.* .gnu.linkonce.s2.*)
                0x0000000000011388                . = ALIGN (0x4)
                0x0000000000011388                _edata = ABSOLUTE (.)
                [!provide]                        PROVIDE (edata = ABSOLUTE (.))
                0x0000000000011388                PROVIDE (__ram_rwdata_end = ABSOLUTE (.))
                0x0000000000011388                PROVIDE (__flash_rwdata_start = LOADADDR (.rwdata))

.bss            0x0000000000011524      0x128
                0x0000000000011524                __bss_start = ABSOLUTE (.)
                [!provide]                        PROVIDE (__sbss_start = ABSOLUTE (.))
                [!provide]                        PROVIDE (___sbss_start = ABSOLUTE (.))
 *(.dynsbss)
 *(.sbss .sbss.* .gnu.linkonce.sb.*)
 .sbss          0x0000000000011524        0xc obj/default/hello_world_small.o
                0x0000000000011524                acc_z
                0x0000000000011528                acc_y
                0x000000000001152c                acc_x
 .sbss          0x0000000000011530        0x4 obj/default/hello_world_small.o
                0x0000000000011530                acc_dev
 .sbss          0x0000000000011534        0x4 /home/youlittleperson/intelFPGA_lite/20.1/nios2eds/bin/gnu/H-x86_64-pc-linux-gnu/bin/../lib/gcc/nios2-elf/9.2.1/../../../../../H-x86_64-pc-linux-gnu/nios2-elf/lib/mno-hw-mul/libsmallc.a(lib_a-int_errno.o)
                0x0000000000011534                errno
 .sbss          0x0000000000011538        0x4 ../multiple_axis_test_bsp//libhal_bsp.a(alt_irq_vars.o)
                0x0000000000011538                alt_irq_active
 .sbss          0x000000000001153c        0xc ../multiple_axis_test_bsp//libhal_bsp.a(alt_main.o)
                0x000000000001153c                alt_envp
                0x0000000000011540                alt_argv
                0x0000000000011544                alt_argc
 .sbss          0x0000000000011548        0x4 ../multiple_axis_test_bsp//libhal_bsp.a(alt_instruction_exception_entry.o)
                0x0000000000011548                alt_instruction_exception_handler
 *(.sbss2 .sbss2.* .gnu.linkonce.sb2.*)
 *(.scommon)
                [!provide]                        PROVIDE (__sbss_end = ABSOLUTE (.))
                [!provide]                        PROVIDE (___sbss_end = ABSOLUTE (.))
 *(.dynbss)
 *(.bss .bss.* .gnu.linkonce.b.*)
 .bss           0x000000000001154c        0x0 ../multiple_axis_test_bsp//obj/HAL/src/crt0.o
 .bss           0x000000000001154c        0x0 obj/default/hello_world_small.o
 .bss           0x000000000001154c        0x0 /home/youlittleperson/intelFPGA_lite/20.1/nios2eds/bin/gnu/H-x86_64-pc-linux-gnu/bin/../lib/gcc/nios2-elf/9.2.1/../../../../../H-x86_64-pc-linux-gnu/nios2-elf/lib/mno-hw-mul/libsmallc.a(lib_a-printf.o)
 .bss           0x000000000001154c        0x0 /home/youlittleperson/intelFPGA_lite/20.1/nios2eds/bin/gnu/H-x86_64-pc-linux-gnu/bin/../lib/gcc/nios2-elf/9.2.1/../../../../../H-x86_64-pc-linux-gnu/nios2-elf/lib/mno-hw-mul/libsmallc.a(lib_a-vfprintf.o)
 .bss           0x000000000001154c        0x0 /home/youlittleperson/intelFPGA_lite/20.1/nios2eds/bin/gnu/H-x86_64-pc-linux-gnu/bin/../lib/gcc/nios2-elf/9.2.1/../../../../../H-x86_64-pc-linux-gnu/nios2-elf/lib/mno-hw-mul/libsmallc.a(lib_a-fvwrite_small_dev.o)
 .bss           0x000000000001154c        0x0 /home/youlittleperson/intelFPGA_lite/20.1/nios2eds/bin/gnu/H-x86_64-pc-linux-gnu/bin/../lib/gcc/nios2-elf/9.2.1/../../../../../H-x86_64-pc-linux-gnu/nios2-elf/lib/mno-hw-mul/libsmallc.a(lib_a-impure.o)
 .bss           0x000000000001154c        0x0 /home/youlittleperson/intelFPGA_lite/20.1/nios2eds/bin/gnu/H-x86_64-pc-linux-gnu/bin/../lib/gcc/nios2-elf/9.2.1/../../../../../H-x86_64-pc-linux-gnu/nios2-elf/lib/mno-hw-mul/libsmallc.a(lib_a-strlen.o)
 .bss           0x000000000001154c        0x0 /home/youlittleperson/intelFPGA_lite/20.1/nios2eds/bin/gnu/H-x86_64-pc-linux-gnu/bin/../lib/gcc/nios2-elf/9.2.1/../../../../../H-x86_64-pc-linux-gnu/nios2-elf/lib/mno-hw-mul/libsmallc.a(lib_a-writer.o)
 .bss           0x000000000001154c        0x0 /home/youlittleperson/intelFPGA_lite/20.1/nios2eds/bin/gnu/H-x86_64-pc-linux-gnu/bin/../lib/gcc/nios2-elf/9.2.1/../../../../../H-x86_64-pc-linux-gnu/nios2-elf/lib/mno-hw-mul/libsmallc.a(lib_a-int_errno.o)
 .bss           0x000000000001154c        0x0 /home/youlittleperson/intelFPGA_lite/20.1/nios2eds/bin/gnu/H-x86_64-pc-linux-gnu/bin/../lib/gcc/nios2-elf/9.2.1/mno-hw-mul/libgcc.a(lib2-divmod.o)
 .bss           0x000000000001154c        0x0 /home/youlittleperson/intelFPGA_lite/20.1/nios2eds/bin/gnu/H-x86_64-pc-linux-gnu/bin/../lib/gcc/nios2-elf/9.2.1/mno-hw-mul/libgcc.a(lib2-mul.o)
 .bss           0x000000000001154c        0x0 ../multiple_axis_test_bsp//libhal_bsp.a(alt_irq_register.o)
 .bss           0x000000000001154c        0x0 ../multiple_axis_test_bsp//libhal_bsp.a(alt_irq_vars.o)
 .bss           0x000000000001154c        0x0 ../multiple_axis_test_bsp//libhal_bsp.a(alt_load.o)
 .bss           0x000000000001154c        0x0 ../multiple_axis_test_bsp//libhal_bsp.a(alt_main.o)
 .bss           0x000000000001154c        0x0 ../multiple_axis_test_bsp//libhal_bsp.a(alt_putstr.o)
 .bss           0x000000000001154c        0x0 ../multiple_axis_test_bsp//libhal_bsp.a(alt_write.o)
 .bss           0x000000000001154c        0x0 ../multiple_axis_test_bsp//libhal_bsp.a(alt_sys_init.o)
 .bss           0x000000000001154c        0x0 ../multiple_axis_test_bsp//libhal_bsp.a(altera_avalon_jtag_uart_write.o)
 .bss           0x000000000001154c        0x0 ../multiple_axis_test_bsp//libhal_bsp.a(altera_up_avalon_accelerometer_spi.o)
 .bss           0x000000000001154c        0x0 ../multiple_axis_test_bsp//libhal_bsp.a(alt_dcache_flush_all.o)
 .bss           0x000000000001154c        0x0 ../multiple_axis_test_bsp//libhal_bsp.a(alt_dev.o)
 .bss           0x000000000001154c        0x0 ../multiple_axis_test_bsp//libhal_bsp.a(alt_dev_llist_insert.o)
 .bss           0x000000000001154c        0x0 ../multiple_axis_test_bsp//libhal_bsp.a(alt_errno.o)
 .bss           0x000000000001154c        0x0 ../multiple_axis_test_bsp//libhal_bsp.a(alt_find_dev.o)
 .bss           0x000000000001154c        0x0 ../multiple_axis_test_bsp//libhal_bsp.a(alt_icache_flush_all.o)
 .bss           0x000000000001154c        0x0 ../multiple_axis_test_bsp//libhal_bsp.a(alt_irq_entry.o)
 .bss           0x000000000001154c        0x0 ../multiple_axis_test_bsp//libhal_bsp.a(alt_irq_handler.o)
 .bss           0x000000000001154c        0x0 ../multiple_axis_test_bsp//libhal_bsp.a(altera_nios2_gen2_irq.o)
 .bss           0x000000000001154c        0x0 ../multiple_axis_test_bsp//libhal_bsp.a(alt_exception_entry.o)
 .bss           0x000000000001154c        0x0 ../multiple_axis_test_bsp//libhal_bsp.a(alt_instruction_exception_entry.o)
 .bss           0x000000000001154c        0x0 /home/youlittleperson/intelFPGA_lite/20.1/nios2eds/bin/gnu/H-x86_64-pc-linux-gnu/bin/../lib/gcc/nios2-elf/9.2.1/../../../../../H-x86_64-pc-linux-gnu/nios2-elf/lib/mno-hw-mul/libsmallc.a(lib_a-memcmp.o)
 *(COMMON)
 COMMON         0x000000000001154c      0x100 ../multiple_axis_test_bsp//libhal_bsp.a(alt_irq_handler.o)
                0x000000000001154c                alt_irq
                0x000000000001164c                . = ALIGN (0x4)
                0x000000000001164c                __bss_end = ABSOLUTE (.)

.onchip_memory  0x000000000001164c        0x0
                [!provide]                        PROVIDE (_alt_partition_onchip_memory_start = ABSOLUTE (.))
 *(.onchip_memory .onchip_memory. onchip_memory.*)
                0x000000000001164c                . = ALIGN (0x4)
                [!provide]                        PROVIDE (_alt_partition_onchip_memory_end = ABSOLUTE (.))
                0x000000000001164c                _end = ABSOLUTE (.)
                0x000000000001164c                end = ABSOLUTE (.)
                0x000000000001164c                __alt_stack_base = ABSOLUTE (.)
                [!provide]                        PROVIDE (_alt_partition_onchip_memory_load_addr = LOADADDR (.onchip_memory))

.stab
 *(.stab)

.stabstr
 *(.stabstr)

.stab.excl
 *(.stab.excl)

.stab.exclstr
 *(.stab.exclstr)

.stab.index
 *(.stab.index)

.stab.indexstr
 *(.stab.indexstr)

.comment        0x0000000000000000       0x2c
 *(.comment)
 .comment       0x0000000000000000       0x2c obj/default/hello_world_small.o
                                         0x2d (size before relaxing)
 .comment       0x000000000000002c       0x2d /home/youlittleperson/intelFPGA_lite/20.1/nios2eds/bin/gnu/H-x86_64-pc-linux-gnu/bin/../lib/gcc/nios2-elf/9.2.1/../../../../../H-x86_64-pc-linux-gnu/nios2-elf/lib/mno-hw-mul/libsmallc.a(lib_a-printf.o)
 .comment       0x000000000000002c       0x2d /home/youlittleperson/intelFPGA_lite/20.1/nios2eds/bin/gnu/H-x86_64-pc-linux-gnu/bin/../lib/gcc/nios2-elf/9.2.1/../../../../../H-x86_64-pc-linux-gnu/nios2-elf/lib/mno-hw-mul/libsmallc.a(lib_a-vfprintf.o)
 .comment       0x000000000000002c       0x2d /home/youlittleperson/intelFPGA_lite/20.1/nios2eds/bin/gnu/H-x86_64-pc-linux-gnu/bin/../lib/gcc/nios2-elf/9.2.1/../../../../../H-x86_64-pc-linux-gnu/nios2-elf/lib/mno-hw-mul/libsmallc.a(lib_a-fvwrite_small_dev.o)
 .comment       0x000000000000002c       0x2d /home/youlittleperson/intelFPGA_lite/20.1/nios2eds/bin/gnu/H-x86_64-pc-linux-gnu/bin/../lib/gcc/nios2-elf/9.2.1/../../../../../H-x86_64-pc-linux-gnu/nios2-elf/lib/mno-hw-mul/libsmallc.a(lib_a-impure.o)
 .comment       0x000000000000002c       0x2d /home/youlittleperson/intelFPGA_lite/20.1/nios2eds/bin/gnu/H-x86_64-pc-linux-gnu/bin/../lib/gcc/nios2-elf/9.2.1/../../../../../H-x86_64-pc-linux-gnu/nios2-elf/lib/mno-hw-mul/libsmallc.a(lib_a-strlen.o)
 .comment       0x000000000000002c       0x2d /home/youlittleperson/intelFPGA_lite/20.1/nios2eds/bin/gnu/H-x86_64-pc-linux-gnu/bin/../lib/gcc/nios2-elf/9.2.1/../../../../../H-x86_64-pc-linux-gnu/nios2-elf/lib/mno-hw-mul/libsmallc.a(lib_a-writer.o)
 .comment       0x000000000000002c       0x2d /home/youlittleperson/intelFPGA_lite/20.1/nios2eds/bin/gnu/H-x86_64-pc-linux-gnu/bin/../lib/gcc/nios2-elf/9.2.1/../../../../../H-x86_64-pc-linux-gnu/nios2-elf/lib/mno-hw-mul/libsmallc.a(lib_a-int_errno.o)
 .comment       0x000000000000002c       0x2d /home/youlittleperson/intelFPGA_lite/20.1/nios2eds/bin/gnu/H-x86_64-pc-linux-gnu/bin/../lib/gcc/nios2-elf/9.2.1/mno-hw-mul/libgcc.a(lib2-divmod.o)
 .comment       0x000000000000002c       0x2d /home/youlittleperson/intelFPGA_lite/20.1/nios2eds/bin/gnu/H-x86_64-pc-linux-gnu/bin/../lib/gcc/nios2-elf/9.2.1/mno-hw-mul/libgcc.a(lib2-mul.o)
 .comment       0x000000000000002c       0x2d ../multiple_axis_test_bsp//libhal_bsp.a(alt_irq_register.o)
 .comment       0x000000000000002c       0x2d ../multiple_axis_test_bsp//libhal_bsp.a(alt_irq_vars.o)
 .comment       0x000000000000002c       0x2d ../multiple_axis_test_bsp//libhal_bsp.a(alt_load.o)
 .comment       0x000000000000002c       0x2d ../multiple_axis_test_bsp//libhal_bsp.a(alt_main.o)
 .comment       0x000000000000002c       0x2d ../multiple_axis_test_bsp//libhal_bsp.a(alt_putstr.o)
 .comment       0x000000000000002c       0x2d ../multiple_axis_test_bsp//libhal_bsp.a(alt_write.o)
 .comment       0x000000000000002c       0x2d ../multiple_axis_test_bsp//libhal_bsp.a(alt_sys_init.o)
 .comment       0x000000000000002c       0x2d ../multiple_axis_test_bsp//libhal_bsp.a(altera_avalon_jtag_uart_write.o)
 .comment       0x000000000000002c       0x2d ../multiple_axis_test_bsp//libhal_bsp.a(altera_up_avalon_accelerometer_spi.o)
 .comment       0x000000000000002c       0x2d ../multiple_axis_test_bsp//libhal_bsp.a(alt_dcache_flush_all.o)
 .comment       0x000000000000002c       0x2d ../multiple_axis_test_bsp//libhal_bsp.a(alt_dev.o)
 .comment       0x000000000000002c       0x2d ../multiple_axis_test_bsp//libhal_bsp.a(alt_dev_llist_insert.o)
 .comment       0x000000000000002c       0x2d ../multiple_axis_test_bsp//libhal_bsp.a(alt_errno.o)
 .comment       0x000000000000002c       0x2d ../multiple_axis_test_bsp//libhal_bsp.a(alt_find_dev.o)
 .comment       0x000000000000002c       0x2d ../multiple_axis_test_bsp//libhal_bsp.a(alt_icache_flush_all.o)
 .comment       0x000000000000002c       0x2d ../multiple_axis_test_bsp//libhal_bsp.a(alt_irq_handler.o)
 .comment       0x000000000000002c       0x2d ../multiple_axis_test_bsp//libhal_bsp.a(altera_nios2_gen2_irq.o)
 .comment       0x000000000000002c       0x2d ../multiple_axis_test_bsp//libhal_bsp.a(alt_instruction_exception_entry.o)
 .comment       0x000000000000002c       0x2d /home/youlittleperson/intelFPGA_lite/20.1/nios2eds/bin/gnu/H-x86_64-pc-linux-gnu/bin/../lib/gcc/nios2-elf/9.2.1/../../../../../H-x86_64-pc-linux-gnu/nios2-elf/lib/mno-hw-mul/libsmallc.a(lib_a-memcmp.o)

.debug
 *(.debug)

.line
 *(.line)

.debug_srcinfo
 *(.debug_srcinfo)

.debug_sfnames
 *(.debug_sfnames)

.debug_aranges  0x0000000000000000      0x438
 *(.debug_aranges)
 .debug_aranges
                0x0000000000000000       0x28 ../multiple_axis_test_bsp//obj/HAL/src/crt0.o
 .debug_aranges
                0x0000000000000028       0x28 obj/default/hello_world_small.o
 .debug_aranges
                0x0000000000000050       0x28 /home/youlittleperson/intelFPGA_lite/20.1/nios2eds/bin/gnu/H-x86_64-pc-linux-gnu/bin/../lib/gcc/nios2-elf/9.2.1/../../../../../H-x86_64-pc-linux-gnu/nios2-elf/lib/mno-hw-mul/libsmallc.a(lib_a-printf.o)
 .debug_aranges
                0x0000000000000078       0x30 /home/youlittleperson/intelFPGA_lite/20.1/nios2eds/bin/gnu/H-x86_64-pc-linux-gnu/bin/../lib/gcc/nios2-elf/9.2.1/../../../../../H-x86_64-pc-linux-gnu/nios2-elf/lib/mno-hw-mul/libsmallc.a(lib_a-vfprintf.o)
 .debug_aranges
                0x00000000000000a8       0x20 /home/youlittleperson/intelFPGA_lite/20.1/nios2eds/bin/gnu/H-x86_64-pc-linux-gnu/bin/../lib/gcc/nios2-elf/9.2.1/../../../../../H-x86_64-pc-linux-gnu/nios2-elf/lib/mno-hw-mul/libsmallc.a(lib_a-fvwrite_small_dev.o)
 .debug_aranges
                0x00000000000000c8       0x18 /home/youlittleperson/intelFPGA_lite/20.1/nios2eds/bin/gnu/H-x86_64-pc-linux-gnu/bin/../lib/gcc/nios2-elf/9.2.1/../../../../../H-x86_64-pc-linux-gnu/nios2-elf/lib/mno-hw-mul/libsmallc.a(lib_a-impure.o)
 .debug_aranges
                0x00000000000000e0       0x20 /home/youlittleperson/intelFPGA_lite/20.1/nios2eds/bin/gnu/H-x86_64-pc-linux-gnu/bin/../lib/gcc/nios2-elf/9.2.1/../../../../../H-x86_64-pc-linux-gnu/nios2-elf/lib/mno-hw-mul/libsmallc.a(lib_a-strlen.o)
 .debug_aranges
                0x0000000000000100       0x20 /home/youlittleperson/intelFPGA_lite/20.1/nios2eds/bin/gnu/H-x86_64-pc-linux-gnu/bin/../lib/gcc/nios2-elf/9.2.1/../../../../../H-x86_64-pc-linux-gnu/nios2-elf/lib/mno-hw-mul/libsmallc.a(lib_a-writer.o)
 .debug_aranges
                0x0000000000000120       0x18 /home/youlittleperson/intelFPGA_lite/20.1/nios2eds/bin/gnu/H-x86_64-pc-linux-gnu/bin/../lib/gcc/nios2-elf/9.2.1/../../../../../H-x86_64-pc-linux-gnu/nios2-elf/lib/mno-hw-mul/libsmallc.a(lib_a-int_errno.o)
 .debug_aranges
                0x0000000000000138       0x20 /home/youlittleperson/intelFPGA_lite/20.1/nios2eds/bin/gnu/H-x86_64-pc-linux-gnu/bin/../lib/gcc/nios2-elf/9.2.1/mno-hw-mul/libgcc.a(lib2-divmod.o)
 .debug_aranges
                0x0000000000000158       0x20 /home/youlittleperson/intelFPGA_lite/20.1/nios2eds/bin/gnu/H-x86_64-pc-linux-gnu/bin/../lib/gcc/nios2-elf/9.2.1/mno-hw-mul/libgcc.a(lib2-mul.o)
 .debug_aranges
                0x0000000000000178       0x20 ../multiple_axis_test_bsp//libhal_bsp.a(alt_irq_register.o)
 .debug_aranges
                0x0000000000000198       0x18 ../multiple_axis_test_bsp//libhal_bsp.a(alt_irq_vars.o)
 .debug_aranges
                0x00000000000001b0       0x20 ../multiple_axis_test_bsp//libhal_bsp.a(alt_load.o)
 .debug_aranges
                0x00000000000001d0       0x20 ../multiple_axis_test_bsp//libhal_bsp.a(alt_main.o)
 .debug_aranges
                0x00000000000001f0       0x20 ../multiple_axis_test_bsp//libhal_bsp.a(alt_putstr.o)
 .debug_aranges
                0x0000000000000210       0x20 ../multiple_axis_test_bsp//libhal_bsp.a(alt_write.o)
 .debug_aranges
                0x0000000000000230       0x20 ../multiple_axis_test_bsp//libhal_bsp.a(alt_sys_init.o)
 .debug_aranges
                0x0000000000000250       0x20 ../multiple_axis_test_bsp//libhal_bsp.a(altera_avalon_jtag_uart_write.o)
 .debug_aranges
                0x0000000000000270       0x20 ../multiple_axis_test_bsp//libhal_bsp.a(altera_up_avalon_accelerometer_spi.o)
 .debug_aranges
                0x0000000000000290       0x20 ../multiple_axis_test_bsp//libhal_bsp.a(alt_dcache_flush_all.o)
 .debug_aranges
                0x00000000000002b0       0x20 ../multiple_axis_test_bsp//libhal_bsp.a(alt_dev.o)
 .debug_aranges
                0x00000000000002d0       0x20 ../multiple_axis_test_bsp//libhal_bsp.a(alt_dev_llist_insert.o)
 .debug_aranges
                0x00000000000002f0       0x18 ../multiple_axis_test_bsp//libhal_bsp.a(alt_errno.o)
 .debug_aranges
                0x0000000000000308       0x20 ../multiple_axis_test_bsp//libhal_bsp.a(alt_find_dev.o)
 .debug_aranges
                0x0000000000000328       0x20 ../multiple_axis_test_bsp//libhal_bsp.a(alt_icache_flush_all.o)
 .debug_aranges
                0x0000000000000348       0x30 ../multiple_axis_test_bsp//libhal_bsp.a(alt_irq_entry.o)
 .debug_aranges
                0x0000000000000378       0x20 ../multiple_axis_test_bsp//libhal_bsp.a(alt_irq_handler.o)
 .debug_aranges
                0x0000000000000398       0x20 ../multiple_axis_test_bsp//libhal_bsp.a(altera_nios2_gen2_irq.o)
 .debug_aranges
                0x00000000000003b8       0x38 ../multiple_axis_test_bsp//libhal_bsp.a(alt_exception_entry.o)
 .debug_aranges
                0x00000000000003f0       0x28 ../multiple_axis_test_bsp//libhal_bsp.a(alt_instruction_exception_entry.o)
 .debug_aranges
                0x0000000000000418       0x20 /home/youlittleperson/intelFPGA_lite/20.1/nios2eds/bin/gnu/H-x86_64-pc-linux-gnu/bin/../lib/gcc/nios2-elf/9.2.1/../../../../../H-x86_64-pc-linux-gnu/nios2-elf/lib/mno-hw-mul/libsmallc.a(lib_a-memcmp.o)

.debug_pubnames
 *(.debug_pubnames)

.debug_info     0x0000000000000000    0x11484
 *(.debug_info .gnu.linkonce.wi.*)
 .debug_info    0x0000000000000000       0x22 ../multiple_axis_test_bsp//obj/HAL/src/crt0.o
 .debug_info    0x0000000000000022      0xdb2 obj/default/hello_world_small.o
 .debug_info    0x0000000000000dd4      0x92f /home/youlittleperson/intelFPGA_lite/20.1/nios2eds/bin/gnu/H-x86_64-pc-linux-gnu/bin/../lib/gcc/nios2-elf/9.2.1/../../../../../H-x86_64-pc-linux-gnu/nios2-elf/lib/mno-hw-mul/libsmallc.a(lib_a-printf.o)
 .debug_info    0x0000000000001703     0x1412 /home/youlittleperson/intelFPGA_lite/20.1/nios2eds/bin/gnu/H-x86_64-pc-linux-gnu/bin/../lib/gcc/nios2-elf/9.2.1/../../../../../H-x86_64-pc-linux-gnu/nios2-elf/lib/mno-hw-mul/libsmallc.a(lib_a-vfprintf.o)
 .debug_info    0x0000000000002b15      0x8c4 /home/youlittleperson/intelFPGA_lite/20.1/nios2eds/bin/gnu/H-x86_64-pc-linux-gnu/bin/../lib/gcc/nios2-elf/9.2.1/../../../../../H-x86_64-pc-linux-gnu/nios2-elf/lib/mno-hw-mul/libsmallc.a(lib_a-fvwrite_small_dev.o)
 .debug_info    0x00000000000033d9      0x6e8 /home/youlittleperson/intelFPGA_lite/20.1/nios2eds/bin/gnu/H-x86_64-pc-linux-gnu/bin/../lib/gcc/nios2-elf/9.2.1/../../../../../H-x86_64-pc-linux-gnu/nios2-elf/lib/mno-hw-mul/libsmallc.a(lib_a-impure.o)
 .debug_info    0x0000000000003ac1      0x649 /home/youlittleperson/intelFPGA_lite/20.1/nios2eds/bin/gnu/H-x86_64-pc-linux-gnu/bin/../lib/gcc/nios2-elf/9.2.1/../../../../../H-x86_64-pc-linux-gnu/nios2-elf/lib/mno-hw-mul/libsmallc.a(lib_a-strlen.o)
 .debug_info    0x000000000000410a      0x720 /home/youlittleperson/intelFPGA_lite/20.1/nios2eds/bin/gnu/H-x86_64-pc-linux-gnu/bin/../lib/gcc/nios2-elf/9.2.1/../../../../../H-x86_64-pc-linux-gnu/nios2-elf/lib/mno-hw-mul/libsmallc.a(lib_a-writer.o)
 .debug_info    0x000000000000482a      0x614 /home/youlittleperson/intelFPGA_lite/20.1/nios2eds/bin/gnu/H-x86_64-pc-linux-gnu/bin/../lib/gcc/nios2-elf/9.2.1/../../../../../H-x86_64-pc-linux-gnu/nios2-elf/lib/mno-hw-mul/libsmallc.a(lib_a-int_errno.o)
 .debug_info    0x0000000000004e3e      0x368 /home/youlittleperson/intelFPGA_lite/20.1/nios2eds/bin/gnu/H-x86_64-pc-linux-gnu/bin/../lib/gcc/nios2-elf/9.2.1/mno-hw-mul/libgcc.a(lib2-divmod.o)
 .debug_info    0x00000000000051a6       0xcb /home/youlittleperson/intelFPGA_lite/20.1/nios2eds/bin/gnu/H-x86_64-pc-linux-gnu/bin/../lib/gcc/nios2-elf/9.2.1/mno-hw-mul/libgcc.a(lib2-mul.o)
 .debug_info    0x0000000000005271      0xbfc ../multiple_axis_test_bsp//libhal_bsp.a(alt_irq_register.o)
 .debug_info    0x0000000000005e6d       0x8b ../multiple_axis_test_bsp//libhal_bsp.a(alt_irq_vars.o)
 .debug_info    0x0000000000005ef8      0xaed ../multiple_axis_test_bsp//libhal_bsp.a(alt_load.o)
 .debug_info    0x00000000000069e5      0xeb0 ../multiple_axis_test_bsp//libhal_bsp.a(alt_main.o)
 .debug_info    0x0000000000007895      0x9c3 ../multiple_axis_test_bsp//libhal_bsp.a(alt_putstr.o)
 .debug_info    0x0000000000008258      0xf17 ../multiple_axis_test_bsp//libhal_bsp.a(alt_write.o)
 .debug_info    0x000000000000916f      0xd3b ../multiple_axis_test_bsp//libhal_bsp.a(alt_sys_init.o)
 .debug_info    0x0000000000009eaa      0xaab ../multiple_axis_test_bsp//libhal_bsp.a(altera_avalon_jtag_uart_write.o)
 .debug_info    0x000000000000a955      0xd96 ../multiple_axis_test_bsp//libhal_bsp.a(altera_up_avalon_accelerometer_spi.o)
 .debug_info    0x000000000000b6eb      0x934 ../multiple_axis_test_bsp//libhal_bsp.a(alt_dcache_flush_all.o)
 .debug_info    0x000000000000c01f      0xe92 ../multiple_axis_test_bsp//libhal_bsp.a(alt_dev.o)
 .debug_info    0x000000000000ceb1      0xa8f ../multiple_axis_test_bsp//libhal_bsp.a(alt_dev_llist_insert.o)
 .debug_info    0x000000000000d940      0x972 ../multiple_axis_test_bsp//libhal_bsp.a(alt_errno.o)
 .debug_info    0x000000000000e2b2      0xc0c ../multiple_axis_test_bsp//libhal_bsp.a(alt_find_dev.o)
 .debug_info    0x000000000000eebe      0x934 ../multiple_axis_test_bsp//libhal_bsp.a(alt_icache_flush_all.o)
 .debug_info    0x000000000000f7f2       0x22 ../multiple_axis_test_bsp//libhal_bsp.a(alt_irq_entry.o)
 .debug_info    0x000000000000f814      0xa66 ../multiple_axis_test_bsp//libhal_bsp.a(alt_irq_handler.o)
 .debug_info    0x000000000001027a      0x955 ../multiple_axis_test_bsp//libhal_bsp.a(altera_nios2_gen2_irq.o)
 .debug_info    0x0000000000010bcf       0x22 ../multiple_axis_test_bsp//libhal_bsp.a(alt_exception_entry.o)
 .debug_info    0x0000000000010bf1      0x20f ../multiple_axis_test_bsp//libhal_bsp.a(alt_instruction_exception_entry.o)
 .debug_info    0x0000000000010e00      0x684 /home/youlittleperson/intelFPGA_lite/20.1/nios2eds/bin/gnu/H-x86_64-pc-linux-gnu/bin/../lib/gcc/nios2-elf/9.2.1/../../../../../H-x86_64-pc-linux-gnu/nios2-elf/lib/mno-hw-mul/libsmallc.a(lib_a-memcmp.o)

.debug_abbrev   0x0000000000000000     0x3af6
 *(.debug_abbrev)
 .debug_abbrev  0x0000000000000000       0x12 ../multiple_axis_test_bsp//obj/HAL/src/crt0.o
 .debug_abbrev  0x0000000000000012      0x27b obj/default/hello_world_small.o
 .debug_abbrev  0x000000000000028d      0x24e /home/youlittleperson/intelFPGA_lite/20.1/nios2eds/bin/gnu/H-x86_64-pc-linux-gnu/bin/../lib/gcc/nios2-elf/9.2.1/../../../../../H-x86_64-pc-linux-gnu/nios2-elf/lib/mno-hw-mul/libsmallc.a(lib_a-printf.o)
 .debug_abbrev  0x00000000000004db      0x34f /home/youlittleperson/intelFPGA_lite/20.1/nios2eds/bin/gnu/H-x86_64-pc-linux-gnu/bin/../lib/gcc/nios2-elf/9.2.1/../../../../../H-x86_64-pc-linux-gnu/nios2-elf/lib/mno-hw-mul/libsmallc.a(lib_a-vfprintf.o)
 .debug_abbrev  0x000000000000082a      0x238 /home/youlittleperson/intelFPGA_lite/20.1/nios2eds/bin/gnu/H-x86_64-pc-linux-gnu/bin/../lib/gcc/nios2-elf/9.2.1/../../../../../H-x86_64-pc-linux-gnu/nios2-elf/lib/mno-hw-mul/libsmallc.a(lib_a-fvwrite_small_dev.o)
 .debug_abbrev  0x0000000000000a62      0x18d /home/youlittleperson/intelFPGA_lite/20.1/nios2eds/bin/gnu/H-x86_64-pc-linux-gnu/bin/../lib/gcc/nios2-elf/9.2.1/../../../../../H-x86_64-pc-linux-gnu/nios2-elf/lib/mno-hw-mul/libsmallc.a(lib_a-impure.o)
 .debug_abbrev  0x0000000000000bef      0x1a8 /home/youlittleperson/intelFPGA_lite/20.1/nios2eds/bin/gnu/H-x86_64-pc-linux-gnu/bin/../lib/gcc/nios2-elf/9.2.1/../../../../../H-x86_64-pc-linux-gnu/nios2-elf/lib/mno-hw-mul/libsmallc.a(lib_a-strlen.o)
 .debug_abbrev  0x0000000000000d97      0x1ec /home/youlittleperson/intelFPGA_lite/20.1/nios2eds/bin/gnu/H-x86_64-pc-linux-gnu/bin/../lib/gcc/nios2-elf/9.2.1/../../../../../H-x86_64-pc-linux-gnu/nios2-elf/lib/mno-hw-mul/libsmallc.a(lib_a-writer.o)
 .debug_abbrev  0x0000000000000f83      0x186 /home/youlittleperson/intelFPGA_lite/20.1/nios2eds/bin/gnu/H-x86_64-pc-linux-gnu/bin/../lib/gcc/nios2-elf/9.2.1/../../../../../H-x86_64-pc-linux-gnu/nios2-elf/lib/mno-hw-mul/libsmallc.a(lib_a-int_errno.o)
 .debug_abbrev  0x0000000000001109      0x103 /home/youlittleperson/intelFPGA_lite/20.1/nios2eds/bin/gnu/H-x86_64-pc-linux-gnu/bin/../lib/gcc/nios2-elf/9.2.1/mno-hw-mul/libgcc.a(lib2-divmod.o)
 .debug_abbrev  0x000000000000120c       0x7d /home/youlittleperson/intelFPGA_lite/20.1/nios2eds/bin/gnu/H-x86_64-pc-linux-gnu/bin/../lib/gcc/nios2-elf/9.2.1/mno-hw-mul/libgcc.a(lib2-mul.o)
 .debug_abbrev  0x0000000000001289      0x325 ../multiple_axis_test_bsp//libhal_bsp.a(alt_irq_register.o)
 .debug_abbrev  0x00000000000015ae       0x44 ../multiple_axis_test_bsp//libhal_bsp.a(alt_irq_vars.o)
 .debug_abbrev  0x00000000000015f2      0x277 ../multiple_axis_test_bsp//libhal_bsp.a(alt_load.o)
 .debug_abbrev  0x0000000000001869      0x252 ../multiple_axis_test_bsp//libhal_bsp.a(alt_main.o)
 .debug_abbrev  0x0000000000001abb      0x249 ../multiple_axis_test_bsp//libhal_bsp.a(alt_putstr.o)
 .debug_abbrev  0x0000000000001d04      0x28a ../multiple_axis_test_bsp//libhal_bsp.a(alt_write.o)
 .debug_abbrev  0x0000000000001f8e      0x2db ../multiple_axis_test_bsp//libhal_bsp.a(alt_sys_init.o)
 .debug_abbrev  0x0000000000002269      0x251 ../multiple_axis_test_bsp//libhal_bsp.a(altera_avalon_jtag_uart_write.o)
 .debug_abbrev  0x00000000000024ba      0x24a ../multiple_axis_test_bsp//libhal_bsp.a(altera_up_avalon_accelerometer_spi.o)
 .debug_abbrev  0x0000000000002704      0x1e0 ../multiple_axis_test_bsp//libhal_bsp.a(alt_dcache_flush_all.o)
 .debug_abbrev  0x00000000000028e4      0x212 ../multiple_axis_test_bsp//libhal_bsp.a(alt_dev.o)
 .debug_abbrev  0x0000000000002af6      0x283 ../multiple_axis_test_bsp//libhal_bsp.a(alt_dev_llist_insert.o)
 .debug_abbrev  0x0000000000002d79      0x1df ../multiple_axis_test_bsp//libhal_bsp.a(alt_errno.o)
 .debug_abbrev  0x0000000000002f58      0x25c ../multiple_axis_test_bsp//libhal_bsp.a(alt_find_dev.o)
 .debug_abbrev  0x00000000000031b4      0x1e0 ../multiple_axis_test_bsp//libhal_bsp.a(alt_icache_flush_all.o)
 .debug_abbrev  0x0000000000003394       0x12 ../multiple_axis_test_bsp//libhal_bsp.a(alt_irq_entry.o)
 .debug_abbrev  0x00000000000033a6      0x283 ../multiple_axis_test_bsp//libhal_bsp.a(alt_irq_handler.o)
 .debug_abbrev  0x0000000000003629      0x1e5 ../multiple_axis_test_bsp//libhal_bsp.a(altera_nios2_gen2_irq.o)
 .debug_abbrev  0x000000000000380e       0x12 ../multiple_axis_test_bsp//libhal_bsp.a(alt_exception_entry.o)
 .debug_abbrev  0x0000000000003820      0x116 ../multiple_axis_test_bsp//libhal_bsp.a(alt_instruction_exception_entry.o)
 .debug_abbrev  0x0000000000003936      0x1c0 /home/youlittleperson/intelFPGA_lite/20.1/nios2eds/bin/gnu/H-x86_64-pc-linux-gnu/bin/../lib/gcc/nios2-elf/9.2.1/../../../../../H-x86_64-pc-linux-gnu/nios2-elf/lib/mno-hw-mul/libsmallc.a(lib_a-memcmp.o)

.debug_line     0x0000000000000000     0x465f
 *(.debug_line)
 .debug_line    0x0000000000000000       0x66 ../multiple_axis_test_bsp//obj/HAL/src/crt0.o
 .debug_line    0x0000000000000066      0x3a0 obj/default/hello_world_small.o
 .debug_line    0x0000000000000406      0x264 /home/youlittleperson/intelFPGA_lite/20.1/nios2eds/bin/gnu/H-x86_64-pc-linux-gnu/bin/../lib/gcc/nios2-elf/9.2.1/../../../../../H-x86_64-pc-linux-gnu/nios2-elf/lib/mno-hw-mul/libsmallc.a(lib_a-printf.o)
 .debug_line    0x000000000000066a      0x7bd /home/youlittleperson/intelFPGA_lite/20.1/nios2eds/bin/gnu/H-x86_64-pc-linux-gnu/bin/../lib/gcc/nios2-elf/9.2.1/../../../../../H-x86_64-pc-linux-gnu/nios2-elf/lib/mno-hw-mul/libsmallc.a(lib_a-vfprintf.o)
 .debug_line    0x0000000000000e27      0x275 /home/youlittleperson/intelFPGA_lite/20.1/nios2eds/bin/gnu/H-x86_64-pc-linux-gnu/bin/../lib/gcc/nios2-elf/9.2.1/../../../../../H-x86_64-pc-linux-gnu/nios2-elf/lib/mno-hw-mul/libsmallc.a(lib_a-fvwrite_small_dev.o)
 .debug_line    0x000000000000109c      0x15c /home/youlittleperson/intelFPGA_lite/20.1/nios2eds/bin/gnu/H-x86_64-pc-linux-gnu/bin/../lib/gcc/nios2-elf/9.2.1/../../../../../H-x86_64-pc-linux-gnu/nios2-elf/lib/mno-hw-mul/libsmallc.a(lib_a-impure.o)
 .debug_line    0x00000000000011f8      0x1fa /home/youlittleperson/intelFPGA_lite/20.1/nios2eds/bin/gnu/H-x86_64-pc-linux-gnu/bin/../lib/gcc/nios2-elf/9.2.1/../../../../../H-x86_64-pc-linux-gnu/nios2-elf/lib/mno-hw-mul/libsmallc.a(lib_a-strlen.o)
 .debug_line    0x00000000000013f2      0x225 /home/youlittleperson/intelFPGA_lite/20.1/nios2eds/bin/gnu/H-x86_64-pc-linux-gnu/bin/../lib/gcc/nios2-elf/9.2.1/../../../../../H-x86_64-pc-linux-gnu/nios2-elf/lib/mno-hw-mul/libsmallc.a(lib_a-writer.o)
 .debug_line    0x0000000000001617      0x1ce /home/youlittleperson/intelFPGA_lite/20.1/nios2eds/bin/gnu/H-x86_64-pc-linux-gnu/bin/../lib/gcc/nios2-elf/9.2.1/../../../../../H-x86_64-pc-linux-gnu/nios2-elf/lib/mno-hw-mul/libsmallc.a(lib_a-int_errno.o)
 .debug_line    0x00000000000017e5      0x2f9 /home/youlittleperson/intelFPGA_lite/20.1/nios2eds/bin/gnu/H-x86_64-pc-linux-gnu/bin/../lib/gcc/nios2-elf/9.2.1/mno-hw-mul/libgcc.a(lib2-divmod.o)
 .debug_line    0x0000000000001ade       0xb6 /home/youlittleperson/intelFPGA_lite/20.1/nios2eds/bin/gnu/H-x86_64-pc-linux-gnu/bin/../lib/gcc/nios2-elf/9.2.1/mno-hw-mul/libgcc.a(lib2-mul.o)
 .debug_line    0x0000000000001b94      0x2b9 ../multiple_axis_test_bsp//libhal_bsp.a(alt_irq_register.o)
 .debug_line    0x0000000000001e4d       0x50 ../multiple_axis_test_bsp//libhal_bsp.a(alt_irq_vars.o)
 .debug_line    0x0000000000001e9d      0x2a3 ../multiple_axis_test_bsp//libhal_bsp.a(alt_load.o)
 .debug_line    0x0000000000002140      0x369 ../multiple_axis_test_bsp//libhal_bsp.a(alt_main.o)
 .debug_line    0x00000000000024a9      0x1d8 ../multiple_axis_test_bsp//libhal_bsp.a(alt_putstr.o)
 .debug_line    0x0000000000002681      0x34d ../multiple_axis_test_bsp//libhal_bsp.a(alt_write.o)
 .debug_line    0x00000000000029ce      0x2a5 ../multiple_axis_test_bsp//libhal_bsp.a(alt_sys_init.o)
 .debug_line    0x0000000000002c73      0x28b ../multiple_axis_test_bsp//libhal_bsp.a(altera_avalon_jtag_uart_write.o)
 .debug_line    0x0000000000002efe      0x332 ../multiple_axis_test_bsp//libhal_bsp.a(altera_up_avalon_accelerometer_spi.o)
 .debug_line    0x0000000000003230      0x1c7 ../multiple_axis_test_bsp//libhal_bsp.a(alt_dcache_flush_all.o)
 .debug_line    0x00000000000033f7      0x2e6 ../multiple_axis_test_bsp//libhal_bsp.a(alt_dev.o)
 .debug_line    0x00000000000036dd      0x249 ../multiple_axis_test_bsp//libhal_bsp.a(alt_dev_llist_insert.o)
 .debug_line    0x0000000000003926      0x161 ../multiple_axis_test_bsp//libhal_bsp.a(alt_errno.o)
 .debug_line    0x0000000000003a87      0x25f ../multiple_axis_test_bsp//libhal_bsp.a(alt_find_dev.o)
 .debug_line    0x0000000000003ce6      0x1c5 ../multiple_axis_test_bsp//libhal_bsp.a(alt_icache_flush_all.o)
 .debug_line    0x0000000000003eab       0x6b ../multiple_axis_test_bsp//libhal_bsp.a(alt_irq_entry.o)
 .debug_line    0x0000000000003f16      0x232 ../multiple_axis_test_bsp//libhal_bsp.a(alt_irq_handler.o)
 .debug_line    0x0000000000004148      0x16a ../multiple_axis_test_bsp//libhal_bsp.a(altera_nios2_gen2_irq.o)
 .debug_line    0x00000000000042b2       0xb3 ../multiple_axis_test_bsp//libhal_bsp.a(alt_exception_entry.o)
 .debug_line    0x0000000000004365       0xee ../multiple_axis_test_bsp//libhal_bsp.a(alt_instruction_exception_entry.o)
 .debug_line    0x0000000000004453      0x20c /home/youlittleperson/intelFPGA_lite/20.1/nios2eds/bin/gnu/H-x86_64-pc-linux-gnu/bin/../lib/gcc/nios2-elf/9.2.1/../../../../../H-x86_64-pc-linux-gnu/nios2-elf/lib/mno-hw-mul/libsmallc.a(lib_a-memcmp.o)

.debug_frame    0x0000000000000000      0x560
 *(.debug_frame)
 .debug_frame   0x0000000000000000       0x68 obj/default/hello_world_small.o
 .debug_frame   0x0000000000000068       0x48 /home/youlittleperson/intelFPGA_lite/20.1/nios2eds/bin/gnu/H-x86_64-pc-linux-gnu/bin/../lib/gcc/nios2-elf/9.2.1/../../../../../H-x86_64-pc-linux-gnu/nios2-elf/lib/mno-hw-mul/libsmallc.a(lib_a-printf.o)
 .debug_frame   0x00000000000000b0       0x90 /home/youlittleperson/intelFPGA_lite/20.1/nios2eds/bin/gnu/H-x86_64-pc-linux-gnu/bin/../lib/gcc/nios2-elf/9.2.1/../../../../../H-x86_64-pc-linux-gnu/nios2-elf/lib/mno-hw-mul/libsmallc.a(lib_a-vfprintf.o)
 .debug_frame   0x0000000000000140       0x3c /home/youlittleperson/intelFPGA_lite/20.1/nios2eds/bin/gnu/H-x86_64-pc-linux-gnu/bin/../lib/gcc/nios2-elf/9.2.1/../../../../../H-x86_64-pc-linux-gnu/nios2-elf/lib/mno-hw-mul/libsmallc.a(lib_a-fvwrite_small_dev.o)
 .debug_frame   0x000000000000017c       0x20 /home/youlittleperson/intelFPGA_lite/20.1/nios2eds/bin/gnu/H-x86_64-pc-linux-gnu/bin/../lib/gcc/nios2-elf/9.2.1/../../../../../H-x86_64-pc-linux-gnu/nios2-elf/lib/mno-hw-mul/libsmallc.a(lib_a-strlen.o)
 .debug_frame   0x000000000000019c       0x30 /home/youlittleperson/intelFPGA_lite/20.1/nios2eds/bin/gnu/H-x86_64-pc-linux-gnu/bin/../lib/gcc/nios2-elf/9.2.1/../../../../../H-x86_64-pc-linux-gnu/nios2-elf/lib/mno-hw-mul/libsmallc.a(lib_a-writer.o)
 .debug_frame   0x00000000000001cc       0x50 /home/youlittleperson/intelFPGA_lite/20.1/nios2eds/bin/gnu/H-x86_64-pc-linux-gnu/bin/../lib/gcc/nios2-elf/9.2.1/mno-hw-mul/libgcc.a(lib2-divmod.o)
 .debug_frame   0x000000000000021c       0x20 /home/youlittleperson/intelFPGA_lite/20.1/nios2eds/bin/gnu/H-x86_64-pc-linux-gnu/bin/../lib/gcc/nios2-elf/9.2.1/mno-hw-mul/libgcc.a(lib2-mul.o)
 .debug_frame   0x000000000000023c       0x20 ../multiple_axis_test_bsp//libhal_bsp.a(alt_irq_register.o)
 .debug_frame   0x000000000000025c       0x30 ../multiple_axis_test_bsp//libhal_bsp.a(alt_load.o)
 .debug_frame   0x000000000000028c       0x2c ../multiple_axis_test_bsp//libhal_bsp.a(alt_main.o)
 .debug_frame   0x00000000000002b8       0x30 ../multiple_axis_test_bsp//libhal_bsp.a(alt_putstr.o)
 .debug_frame   0x00000000000002e8       0x2c ../multiple_axis_test_bsp//libhal_bsp.a(alt_write.o)
 .debug_frame   0x0000000000000314       0x3c ../multiple_axis_test_bsp//libhal_bsp.a(alt_sys_init.o)
 .debug_frame   0x0000000000000350       0x20 ../multiple_axis_test_bsp//libhal_bsp.a(altera_avalon_jtag_uart_write.o)
 .debug_frame   0x0000000000000370       0x80 ../multiple_axis_test_bsp//libhal_bsp.a(altera_up_avalon_accelerometer_spi.o)
 .debug_frame   0x00000000000003f0       0x20 ../multiple_axis_test_bsp//libhal_bsp.a(alt_dcache_flush_all.o)
 .debug_frame   0x0000000000000410       0x20 ../multiple_axis_test_bsp//libhal_bsp.a(alt_dev.o)
 .debug_frame   0x0000000000000430       0x2c ../multiple_axis_test_bsp//libhal_bsp.a(alt_dev_llist_insert.o)
 .debug_frame   0x000000000000045c       0x40 ../multiple_axis_test_bsp//libhal_bsp.a(alt_find_dev.o)
 .debug_frame   0x000000000000049c       0x20 ../multiple_axis_test_bsp//libhal_bsp.a(alt_icache_flush_all.o)
 .debug_frame   0x00000000000004bc       0x34 ../multiple_axis_test_bsp//libhal_bsp.a(alt_irq_handler.o)
 .debug_frame   0x00000000000004f0       0x20 ../multiple_axis_test_bsp//libhal_bsp.a(altera_nios2_gen2_irq.o)
 .debug_frame   0x0000000000000510       0x30 ../multiple_axis_test_bsp//libhal_bsp.a(alt_instruction_exception_entry.o)
 .debug_frame   0x0000000000000540       0x20 /home/youlittleperson/intelFPGA_lite/20.1/nios2eds/bin/gnu/H-x86_64-pc-linux-gnu/bin/../lib/gcc/nios2-elf/9.2.1/../../../../../H-x86_64-pc-linux-gnu/nios2-elf/lib/mno-hw-mul/libsmallc.a(lib_a-memcmp.o)

.debug_str      0x0000000000000000     0x1ef2
 *(.debug_str)
 .debug_str     0x0000000000000000       0x7b ../multiple_axis_test_bsp//obj/HAL/src/crt0.o
 .debug_str     0x000000000000007b      0x65c obj/default/hello_world_small.o
                                        0x74e (size before relaxing)
 .debug_str     0x00000000000006d7      0x2f9 /home/youlittleperson/intelFPGA_lite/20.1/nios2eds/bin/gnu/H-x86_64-pc-linux-gnu/bin/../lib/gcc/nios2-elf/9.2.1/../../../../../H-x86_64-pc-linux-gnu/nios2-elf/lib/mno-hw-mul/libsmallc.a(lib_a-printf.o)
                                        0x65c (size before relaxing)
 .debug_str     0x00000000000009d0      0x44e /home/youlittleperson/intelFPGA_lite/20.1/nios2eds/bin/gnu/H-x86_64-pc-linux-gnu/bin/../lib/gcc/nios2-elf/9.2.1/../../../../../H-x86_64-pc-linux-gnu/nios2-elf/lib/mno-hw-mul/libsmallc.a(lib_a-vfprintf.o)
                                        0xb4f (size before relaxing)
 .debug_str     0x0000000000000e1e       0x7a /home/youlittleperson/intelFPGA_lite/20.1/nios2eds/bin/gnu/H-x86_64-pc-linux-gnu/bin/../lib/gcc/nios2-elf/9.2.1/../../../../../H-x86_64-pc-linux-gnu/nios2-elf/lib/mno-hw-mul/libsmallc.a(lib_a-fvwrite_small_dev.o)
                                        0x638 (size before relaxing)
 .debug_str     0x0000000000000e98      0x11f /home/youlittleperson/intelFPGA_lite/20.1/nios2eds/bin/gnu/H-x86_64-pc-linux-gnu/bin/../lib/gcc/nios2-elf/9.2.1/../../../../../H-x86_64-pc-linux-gnu/nios2-elf/lib/mno-hw-mul/libsmallc.a(lib_a-impure.o)
                                        0x529 (size before relaxing)
 .debug_str     0x0000000000000fb7       0xd6 /home/youlittleperson/intelFPGA_lite/20.1/nios2eds/bin/gnu/H-x86_64-pc-linux-gnu/bin/../lib/gcc/nios2-elf/9.2.1/../../../../../H-x86_64-pc-linux-gnu/nios2-elf/lib/mno-hw-mul/libsmallc.a(lib_a-strlen.o)
                                        0x4d2 (size before relaxing)
 .debug_str     0x000000000000108d       0x47 /home/youlittleperson/intelFPGA_lite/20.1/nios2eds/bin/gnu/H-x86_64-pc-linux-gnu/bin/../lib/gcc/nios2-elf/9.2.1/../../../../../H-x86_64-pc-linux-gnu/nios2-elf/lib/mno-hw-mul/libsmallc.a(lib_a-writer.o)
                                        0x50e (size before relaxing)
 .debug_str     0x00000000000010d4       0x41 /home/youlittleperson/intelFPGA_lite/20.1/nios2eds/bin/gnu/H-x86_64-pc-linux-gnu/bin/../lib/gcc/nios2-elf/9.2.1/../../../../../H-x86_64-pc-linux-gnu/nios2-elf/lib/mno-hw-mul/libsmallc.a(lib_a-int_errno.o)
                                        0x4cf (size before relaxing)
 .debug_str     0x0000000000001115      0x194 /home/youlittleperson/intelFPGA_lite/20.1/nios2eds/bin/gnu/H-x86_64-pc-linux-gnu/bin/../lib/gcc/nios2-elf/9.2.1/mno-hw-mul/libgcc.a(lib2-divmod.o)
                                        0x1df (size before relaxing)
 .debug_str     0x00000000000012a9       0x42 /home/youlittleperson/intelFPGA_lite/20.1/nios2eds/bin/gnu/H-x86_64-pc-linux-gnu/bin/../lib/gcc/nios2-elf/9.2.1/mno-hw-mul/libgcc.a(lib2-mul.o)
                                        0x1a0 (size before relaxing)
 .debug_str     0x00000000000012eb       0xac ../multiple_axis_test_bsp//libhal_bsp.a(alt_irq_register.o)
                                        0x60f (size before relaxing)
 .debug_str     0x0000000000001397       0x29 ../multiple_axis_test_bsp//libhal_bsp.a(alt_irq_vars.o)
                                        0x166 (size before relaxing)
 .debug_str     0x00000000000013c0      0x113 ../multiple_axis_test_bsp//libhal_bsp.a(alt_load.o)
                                        0x648 (size before relaxing)
 .debug_str     0x00000000000014d3      0x1aa ../multiple_axis_test_bsp//libhal_bsp.a(alt_main.o)
                                        0x7fa (size before relaxing)
 .debug_str     0x000000000000167d       0x5d ../multiple_axis_test_bsp//libhal_bsp.a(alt_putstr.o)
                                        0x592 (size before relaxing)
 .debug_str     0x00000000000016da       0x2c ../multiple_axis_test_bsp//libhal_bsp.a(alt_write.o)
                                        0x813 (size before relaxing)
 .debug_str     0x0000000000001706       0xe0 ../multiple_axis_test_bsp//libhal_bsp.a(alt_sys_init.o)
                                        0x760 (size before relaxing)
 .debug_str     0x00000000000017e6       0x2c ../multiple_axis_test_bsp//libhal_bsp.a(altera_avalon_jtag_uart_write.o)
                                        0x64c (size before relaxing)
 .debug_str     0x0000000000001812       0xb4 ../multiple_axis_test_bsp//libhal_bsp.a(altera_up_avalon_accelerometer_spi.o)
                                        0x78a (size before relaxing)
 .debug_str     0x00000000000018c6       0x1f ../multiple_axis_test_bsp//libhal_bsp.a(alt_dcache_flush_all.o)
                                        0x561 (size before relaxing)
 .debug_str     0x00000000000018e5       0x32 ../multiple_axis_test_bsp//libhal_bsp.a(alt_dev.o)
                                        0x7bf (size before relaxing)
 .debug_str     0x0000000000001917       0x30 ../multiple_axis_test_bsp//libhal_bsp.a(alt_dev_llist_insert.o)
                                        0x5e5 (size before relaxing)
 .debug_str     0x0000000000001947       0x14 ../multiple_axis_test_bsp//libhal_bsp.a(alt_errno.o)
                                        0x55e (size before relaxing)
 .debug_str     0x000000000000195b       0x1e ../multiple_axis_test_bsp//libhal_bsp.a(alt_find_dev.o)
                                        0x61f (size before relaxing)
 .debug_str     0x0000000000001979       0x1f ../multiple_axis_test_bsp//libhal_bsp.a(alt_icache_flush_all.o)
                                        0x561 (size before relaxing)
 .debug_str     0x0000000000001998       0x18 ../multiple_axis_test_bsp//libhal_bsp.a(alt_irq_entry.o)
                                         0x84 (size before relaxing)
 .debug_str     0x00000000000019b0       0x3a ../multiple_axis_test_bsp//libhal_bsp.a(alt_irq_handler.o)
                                        0x5b0 (size before relaxing)
 .debug_str     0x00000000000019ea       0x20 ../multiple_axis_test_bsp//libhal_bsp.a(altera_nios2_gen2_irq.o)
                                        0x575 (size before relaxing)
 .debug_str     0x0000000000001a0a       0x1e ../multiple_axis_test_bsp//libhal_bsp.a(alt_exception_entry.o)
                                         0x8a (size before relaxing)
 .debug_str     0x0000000000001a28      0x48b ../multiple_axis_test_bsp//libhal_bsp.a(alt_instruction_exception_entry.o)
                                        0x5cc (size before relaxing)
 .debug_str     0x0000000000001eb3       0x3f /home/youlittleperson/intelFPGA_lite/20.1/nios2eds/bin/gnu/H-x86_64-pc-linux-gnu/bin/../lib/gcc/nios2-elf/9.2.1/../../../../../H-x86_64-pc-linux-gnu/nios2-elf/lib/mno-hw-mul/libsmallc.a(lib_a-memcmp.o)
                                        0x4cc (size before relaxing)

.debug_loc      0x0000000000000000     0x1c5e
 *(.debug_loc)
 .debug_loc     0x0000000000000000       0x32 obj/default/hello_world_small.o
 .debug_loc     0x0000000000000032      0x10a /home/youlittleperson/intelFPGA_lite/20.1/nios2eds/bin/gnu/H-x86_64-pc-linux-gnu/bin/../lib/gcc/nios2-elf/9.2.1/../../../../../H-x86_64-pc-linux-gnu/nios2-elf/lib/mno-hw-mul/libsmallc.a(lib_a-printf.o)
 .debug_loc     0x000000000000013c      0xb67 /home/youlittleperson/intelFPGA_lite/20.1/nios2eds/bin/gnu/H-x86_64-pc-linux-gnu/bin/../lib/gcc/nios2-elf/9.2.1/../../../../../H-x86_64-pc-linux-gnu/nios2-elf/lib/mno-hw-mul/libsmallc.a(lib_a-vfprintf.o)
 .debug_loc     0x0000000000000ca3      0x123 /home/youlittleperson/intelFPGA_lite/20.1/nios2eds/bin/gnu/H-x86_64-pc-linux-gnu/bin/../lib/gcc/nios2-elf/9.2.1/../../../../../H-x86_64-pc-linux-gnu/nios2-elf/lib/mno-hw-mul/libsmallc.a(lib_a-fvwrite_small_dev.o)
 .debug_loc     0x0000000000000dc6       0x44 /home/youlittleperson/intelFPGA_lite/20.1/nios2eds/bin/gnu/H-x86_64-pc-linux-gnu/bin/../lib/gcc/nios2-elf/9.2.1/../../../../../H-x86_64-pc-linux-gnu/nios2-elf/lib/mno-hw-mul/libsmallc.a(lib_a-strlen.o)
 .debug_loc     0x0000000000000e0a       0xd0 /home/youlittleperson/intelFPGA_lite/20.1/nios2eds/bin/gnu/H-x86_64-pc-linux-gnu/bin/../lib/gcc/nios2-elf/9.2.1/../../../../../H-x86_64-pc-linux-gnu/nios2-elf/lib/mno-hw-mul/libsmallc.a(lib_a-writer.o)
 .debug_loc     0x0000000000000eda      0x5d0 /home/youlittleperson/intelFPGA_lite/20.1/nios2eds/bin/gnu/H-x86_64-pc-linux-gnu/bin/../lib/gcc/nios2-elf/9.2.1/mno-hw-mul/libgcc.a(lib2-divmod.o)
 .debug_loc     0x00000000000014aa       0xa7 /home/youlittleperson/intelFPGA_lite/20.1/nios2eds/bin/gnu/H-x86_64-pc-linux-gnu/bin/../lib/gcc/nios2-elf/9.2.1/mno-hw-mul/libgcc.a(lib2-mul.o)
 .debug_loc     0x0000000000001551      0x13e ../multiple_axis_test_bsp//libhal_bsp.a(alt_irq_register.o)
 .debug_loc     0x000000000000168f       0x66 ../multiple_axis_test_bsp//libhal_bsp.a(alt_load.o)
 .debug_loc     0x00000000000016f5       0x3f ../multiple_axis_test_bsp//libhal_bsp.a(alt_putstr.o)
 .debug_loc     0x0000000000001734       0xd2 ../multiple_axis_test_bsp//libhal_bsp.a(alt_write.o)
 .debug_loc     0x0000000000001806       0x25 ../multiple_axis_test_bsp//libhal_bsp.a(alt_sys_init.o)
 .debug_loc     0x000000000000182b       0x93 ../multiple_axis_test_bsp//libhal_bsp.a(altera_avalon_jtag_uart_write.o)
 .debug_loc     0x00000000000018be       0x6f ../multiple_axis_test_bsp//libhal_bsp.a(altera_up_avalon_accelerometer_spi.o)
 .debug_loc     0x000000000000192d       0x8e ../multiple_axis_test_bsp//libhal_bsp.a(alt_dev_llist_insert.o)
 .debug_loc     0x00000000000019bb       0xc2 ../multiple_axis_test_bsp//libhal_bsp.a(alt_find_dev.o)
 .debug_loc     0x0000000000001a7d       0xac ../multiple_axis_test_bsp//libhal_bsp.a(alt_irq_handler.o)
 .debug_loc     0x0000000000001b29       0x73 ../multiple_axis_test_bsp//libhal_bsp.a(alt_instruction_exception_entry.o)
 .debug_loc     0x0000000000001b9c       0xc2 /home/youlittleperson/intelFPGA_lite/20.1/nios2eds/bin/gnu/H-x86_64-pc-linux-gnu/bin/../lib/gcc/nios2-elf/9.2.1/../../../../../H-x86_64-pc-linux-gnu/nios2-elf/lib/mno-hw-mul/libsmallc.a(lib_a-memcmp.o)

.debug_macinfo
 *(.debug_macinfo)

.debug_weaknames
 *(.debug_weaknames)

.debug_funcnames
 *(.debug_funcnames)

.debug_typenames
 *(.debug_typenames)

.debug_varnames
 *(.debug_varnames)

.debug_alt_sim_info
                0x0000000000000000       0x10
 *(.debug_alt_sim_info)
 .debug_alt_sim_info
                0x0000000000000000       0x10 ../multiple_axis_test_bsp//obj/HAL/src/crt0.o
                0x0000000000020000                __alt_data_end = 0x20000
                0x0000000000020000                PROVIDE (__alt_stack_pointer = __alt_data_end)
                [!provide]                        PROVIDE (__alt_stack_limit = __alt_stack_base)
                [!provide]                        PROVIDE (__alt_heap_start = end)
                [!provide]                        PROVIDE (__alt_heap_limit = 0x20000)
OUTPUT(multiple_axis_test.elf elf32-littlenios2)

.debug_ranges   0x0000000000000000      0x3a8
 .debug_ranges  0x0000000000000000       0x20 ../multiple_axis_test_bsp//obj/HAL/src/crt0.o
 .debug_ranges  0x0000000000000020       0x18 obj/default/hello_world_small.o
 .debug_ranges  0x0000000000000038       0x18 /home/youlittleperson/intelFPGA_lite/20.1/nios2eds/bin/gnu/H-x86_64-pc-linux-gnu/bin/../lib/gcc/nios2-elf/9.2.1/../../../../../H-x86_64-pc-linux-gnu/nios2-elf/lib/mno-hw-mul/libsmallc.a(lib_a-printf.o)
 .debug_ranges  0x0000000000000050       0xe8 /home/youlittleperson/intelFPGA_lite/20.1/nios2eds/bin/gnu/H-x86_64-pc-linux-gnu/bin/../lib/gcc/nios2-elf/9.2.1/../../../../../H-x86_64-pc-linux-gnu/nios2-elf/lib/mno-hw-mul/libsmallc.a(lib_a-vfprintf.o)
 .debug_ranges  0x0000000000000138       0x10 /home/youlittleperson/intelFPGA_lite/20.1/nios2eds/bin/gnu/H-x86_64-pc-linux-gnu/bin/../lib/gcc/nios2-elf/9.2.1/../../../../../H-x86_64-pc-linux-gnu/nios2-elf/lib/mno-hw-mul/libsmallc.a(lib_a-fvwrite_small_dev.o)
 .debug_ranges  0x0000000000000148       0x10 /home/youlittleperson/intelFPGA_lite/20.1/nios2eds/bin/gnu/H-x86_64-pc-linux-gnu/bin/../lib/gcc/nios2-elf/9.2.1/../../../../../H-x86_64-pc-linux-gnu/nios2-elf/lib/mno-hw-mul/libsmallc.a(lib_a-strlen.o)
 .debug_ranges  0x0000000000000158       0x10 /home/youlittleperson/intelFPGA_lite/20.1/nios2eds/bin/gnu/H-x86_64-pc-linux-gnu/bin/../lib/gcc/nios2-elf/9.2.1/../../../../../H-x86_64-pc-linux-gnu/nios2-elf/lib/mno-hw-mul/libsmallc.a(lib_a-writer.o)
 .debug_ranges  0x0000000000000168       0x70 /home/youlittleperson/intelFPGA_lite/20.1/nios2eds/bin/gnu/H-x86_64-pc-linux-gnu/bin/../lib/gcc/nios2-elf/9.2.1/mno-hw-mul/libgcc.a(lib2-divmod.o)
 .debug_ranges  0x00000000000001d8       0x30 ../multiple_axis_test_bsp//libhal_bsp.a(alt_irq_register.o)
 .debug_ranges  0x0000000000000208       0xa0 ../multiple_axis_test_bsp//libhal_bsp.a(alt_load.o)
 .debug_ranges  0x00000000000002a8       0x20 ../multiple_axis_test_bsp//libhal_bsp.a(alt_write.o)
 .debug_ranges  0x00000000000002c8       0x18 ../multiple_axis_test_bsp//libhal_bsp.a(alt_sys_init.o)
 .debug_ranges  0x00000000000002e0       0x20 ../multiple_axis_test_bsp//libhal_bsp.a(alt_dev_llist_insert.o)
 .debug_ranges  0x0000000000000300       0x28 ../multiple_axis_test_bsp//libhal_bsp.a(alt_irq_entry.o)
 .debug_ranges  0x0000000000000328       0x28 ../multiple_axis_test_bsp//libhal_bsp.a(alt_irq_handler.o)
 .debug_ranges  0x0000000000000350       0x30 ../multiple_axis_test_bsp//libhal_bsp.a(alt_exception_entry.o)
 .debug_ranges  0x0000000000000380       0x18 ../multiple_axis_test_bsp//libhal_bsp.a(alt_instruction_exception_entry.o)
 .debug_ranges  0x0000000000000398       0x10 /home/youlittleperson/intelFPGA_lite/20.1/nios2eds/bin/gnu/H-x86_64-pc-linux-gnu/bin/../lib/gcc/nios2-elf/9.2.1/../../../../../H-x86_64-pc-linux-gnu/nios2-elf/lib/mno-hw-mul/libsmallc.a(lib_a-memcmp.o)
