Archive member included to satisfy reference by file (symbol)

/home/jalexandrou/intelFPGA_lite/20.1/nios2eds/bin/gnu/H-x86_64-pc-linux-gnu/bin/../lib/gcc/nios2-elf/10.1.1/mno-hw-mul/libgcc.a(lib2-divmod.o)
                              obj/default/tap_spi.o (__divsi3)
/home/jalexandrou/intelFPGA_lite/20.1/nios2eds/bin/gnu/H-x86_64-pc-linux-gnu/bin/../lib/gcc/nios2-elf/10.1.1/mno-hw-mul/libgcc.a(lib2-mul.o)
                              obj/default/tap_spi.o (__mulsi3)
/home/jalexandrou/intelFPGA_lite/20.1/nios2eds/bin/gnu/H-x86_64-pc-linux-gnu/bin/../lib/gcc/nios2-elf/10.1.1/../../../../../H-x86_64-pc-linux-gnu/nios2-elf/lib/mno-hw-mul/libsmallc.a(lib_a-malloc.o)
                              obj/default/tap_spi.o (malloc)
/home/jalexandrou/intelFPGA_lite/20.1/nios2eds/bin/gnu/H-x86_64-pc-linux-gnu/bin/../lib/gcc/nios2-elf/10.1.1/../../../../../H-x86_64-pc-linux-gnu/nios2-elf/lib/mno-hw-mul/libsmallc.a(lib_a-nano-freer.o)
                              /home/jalexandrou/intelFPGA_lite/20.1/nios2eds/bin/gnu/H-x86_64-pc-linux-gnu/bin/../lib/gcc/nios2-elf/10.1.1/../../../../../H-x86_64-pc-linux-gnu/nios2-elf/lib/mno-hw-mul/libsmallc.a(lib_a-malloc.o) (_free_r)
/home/jalexandrou/intelFPGA_lite/20.1/nios2eds/bin/gnu/H-x86_64-pc-linux-gnu/bin/../lib/gcc/nios2-elf/10.1.1/../../../../../H-x86_64-pc-linux-gnu/nios2-elf/lib/mno-hw-mul/libsmallc.a(lib_a-nano-mallocr.o)
                              /home/jalexandrou/intelFPGA_lite/20.1/nios2eds/bin/gnu/H-x86_64-pc-linux-gnu/bin/../lib/gcc/nios2-elf/10.1.1/../../../../../H-x86_64-pc-linux-gnu/nios2-elf/lib/mno-hw-mul/libsmallc.a(lib_a-malloc.o) (_malloc_r)
/home/jalexandrou/intelFPGA_lite/20.1/nios2eds/bin/gnu/H-x86_64-pc-linux-gnu/bin/../lib/gcc/nios2-elf/10.1.1/../../../../../H-x86_64-pc-linux-gnu/nios2-elf/lib/mno-hw-mul/libsmallc.a(lib_a-printf.o)
                              obj/default/tap_spi.o (printf)
/home/jalexandrou/intelFPGA_lite/20.1/nios2eds/bin/gnu/H-x86_64-pc-linux-gnu/bin/../lib/gcc/nios2-elf/10.1.1/../../../../../H-x86_64-pc-linux-gnu/nios2-elf/lib/mno-hw-mul/libsmallc.a(lib_a-sbrkr.o)
                              /home/jalexandrou/intelFPGA_lite/20.1/nios2eds/bin/gnu/H-x86_64-pc-linux-gnu/bin/../lib/gcc/nios2-elf/10.1.1/../../../../../H-x86_64-pc-linux-gnu/nios2-elf/lib/mno-hw-mul/libsmallc.a(lib_a-nano-mallocr.o) (_sbrk_r)
/home/jalexandrou/intelFPGA_lite/20.1/nios2eds/bin/gnu/H-x86_64-pc-linux-gnu/bin/../lib/gcc/nios2-elf/10.1.1/../../../../../H-x86_64-pc-linux-gnu/nios2-elf/lib/mno-hw-mul/libsmallc.a(lib_a-vfprintf.o)
                              /home/jalexandrou/intelFPGA_lite/20.1/nios2eds/bin/gnu/H-x86_64-pc-linux-gnu/bin/../lib/gcc/nios2-elf/10.1.1/../../../../../H-x86_64-pc-linux-gnu/nios2-elf/lib/mno-hw-mul/libsmallc.a(lib_a-printf.o) (___vfprintf_internal_r)
/home/jalexandrou/intelFPGA_lite/20.1/nios2eds/bin/gnu/H-x86_64-pc-linux-gnu/bin/../lib/gcc/nios2-elf/10.1.1/../../../../../H-x86_64-pc-linux-gnu/nios2-elf/lib/mno-hw-mul/libsmallc.a(lib_a-fvwrite_small_dev.o)
                              /home/jalexandrou/intelFPGA_lite/20.1/nios2eds/bin/gnu/H-x86_64-pc-linux-gnu/bin/../lib/gcc/nios2-elf/10.1.1/../../../../../H-x86_64-pc-linux-gnu/nios2-elf/lib/mno-hw-mul/libsmallc.a(lib_a-printf.o) (__sfvwrite_small_dev)
/home/jalexandrou/intelFPGA_lite/20.1/nios2eds/bin/gnu/H-x86_64-pc-linux-gnu/bin/../lib/gcc/nios2-elf/10.1.1/../../../../../H-x86_64-pc-linux-gnu/nios2-elf/lib/mno-hw-mul/libsmallc.a(lib_a-impure.o)
                              /home/jalexandrou/intelFPGA_lite/20.1/nios2eds/bin/gnu/H-x86_64-pc-linux-gnu/bin/../lib/gcc/nios2-elf/10.1.1/../../../../../H-x86_64-pc-linux-gnu/nios2-elf/lib/mno-hw-mul/libsmallc.a(lib_a-malloc.o) (_impure_ptr)
/home/jalexandrou/intelFPGA_lite/20.1/nios2eds/bin/gnu/H-x86_64-pc-linux-gnu/bin/../lib/gcc/nios2-elf/10.1.1/../../../../../H-x86_64-pc-linux-gnu/nios2-elf/lib/mno-hw-mul/libsmallc.a(lib_a-int_errno.o)
                              /home/jalexandrou/intelFPGA_lite/20.1/nios2eds/bin/gnu/H-x86_64-pc-linux-gnu/bin/../lib/gcc/nios2-elf/10.1.1/../../../../../H-x86_64-pc-linux-gnu/nios2-elf/lib/mno-hw-mul/libsmallc.a(lib_a-sbrkr.o) (errno)
/home/jalexandrou/intelFPGA_lite/20.1/nios2eds/bin/gnu/H-x86_64-pc-linux-gnu/bin/../lib/gcc/nios2-elf/10.1.1/../../../../../H-x86_64-pc-linux-gnu/nios2-elf/lib/mno-hw-mul/libsmallc.a(lib_a-strlen.o)
                              /home/jalexandrou/intelFPGA_lite/20.1/nios2eds/bin/gnu/H-x86_64-pc-linux-gnu/bin/../lib/gcc/nios2-elf/10.1.1/../../../../../H-x86_64-pc-linux-gnu/nios2-elf/lib/mno-hw-mul/libsmallc.a(lib_a-vfprintf.o) (strlen)
/home/jalexandrou/intelFPGA_lite/20.1/nios2eds/bin/gnu/H-x86_64-pc-linux-gnu/bin/../lib/gcc/nios2-elf/10.1.1/../../../../../H-x86_64-pc-linux-gnu/nios2-elf/lib/mno-hw-mul/libsmallc.a(lib_a-writer.o)
[...]
Memory Configuration

Name             Origin             Length             Attributes
reset            0x0000000000010000 0x0000000000000020
onchip_memory    0x0000000000010020 0x000000000000ffe0
*default*        0x0000000000000000 0xffffffffffffffff

Linker script and memory map

LOAD ../tap_spi_bsp//obj/HAL/src/crt0.o
LOAD obj/default/tap_spi.o
LOAD /home/jalexandrou/intelFPGA_lite/20.1/nios2eds/bin/gnu/H-x86_64-pc-linux-gnu/bin/../lib/gcc/nios2-elf/10.1.1/../../../../../H-x86_64-pc-linux-gnu/nios2-elf/lib/mno-hw-mul/libstdc++.a
LOAD /home/jalexandrou/intelFPGA_lite/20.1/nios2eds/bin/gnu/H-x86_64-pc-linux-gnu/bin/../lib/gcc/nios2-elf/10.1.1/../../../../../H-x86_64-pc-linux-gnu/nios2-elf/lib/mno-hw-mul/libm.a
LOAD /home/jalexandrou/intelFPGA_lite/20.1/nios2eds/bin/gnu/H-x86_64-pc-linux-gnu/bin/../lib/gcc/nios2-elf/10.1.1/mno-hw-mul/libgcc.a
START GROUP
LOAD /home/jalexandrou/intelFPGA_lite/20.1/nios2eds/bin/gnu/H-x86_64-pc-linux-gnu/bin/../lib/gcc/nios2-elf/10.1.1/../../../../../H-x86_64-pc-linux-gnu/nios2-elf/lib/mno-hw-mul/libsmallc.a
LOAD /home/jalexandrou/intelFPGA_lite/20.1/nios2eds/bin/gnu/H-x86_64-pc-linux-gnu/bin/../lib/gcc/nios2-elf/10.1.1/mno-hw-mul/libgcc.a
LOAD ../tap_spi_bsp//libhal_bsp.a
LOAD /home/jalexandrou/intelFPGA_lite/20.1/nios2eds/bin/gnu/H-x86_64-pc-linux-gnu/bin/../lib/gcc/nios2-elf/10.1.1/../../../../../H-x86_64-pc-linux-gnu/nios2-elf/lib/mno-hw-mul/libm.a
END GROUP
LOAD /home/jalexandrou/intelFPGA_lite/20.1/nios2eds/bin/gnu/H-x86_64-pc-linux-gnu/bin/../lib/gcc/nios2-elf/10.1.1/mno-hw-mul/libgcc.a
                0x0000000000010000                __alt_mem_onchip_memory = 0x10000

.entry          0x0000000000010000       0x20
 *(.entry)
 .entry         0x0000000000010000       0x20 ../tap_spi_bsp//obj/HAL/src/crt0.o
                0x0000000000010000                __reset
                0x000000000001000c                _exit

.exceptions     0x0000000000010020      0x160
                0x0000000000010020                PROVIDE (__ram_exceptions_start = ABSOLUTE (.))
                0x0000000000010020                . = ALIGN (0x20)
 *(.irq)
 *(.exceptions.entry.label)
 .exceptions.entry.label
                0x0000000000010020        0x0 ../tap_spi_bsp//libhal_bsp.a(alt_irq_entry.o)
                0x0000000000010020                alt_irq_entry
 .exceptions.entry.label
                0x0000000000010020        0x0 ../tap_spi_bsp//libhal_bsp.a(alt_exception_entry.o)
                0x0000000000010020                alt_exception
 *(.exceptions.entry.user)
 *(.exceptions.entry.ecc_fatal)
 *(.exceptions.entry)
 .exceptions.entry
                0x0000000000010020       0x54 ../tap_spi_bsp//libhal_bsp.a(alt_exception_entry.o)
 *(.exceptions.irqtest.user)
 *(.exceptions.irqtest)
 .exceptions.irqtest
                0x0000000000010074       0x10 ../tap_spi_bsp//libhal_bsp.a(alt_irq_entry.o)
 *(.exceptions.irqhandler.user)
 *(.exceptions.irqhandler)
 .exceptions.irqhandler
                0x0000000000010084        0x4 ../tap_spi_bsp//libhal_bsp.a(alt_irq_entry.o)
 *(.exceptions.irqreturn.user)
 *(.exceptions.irqreturn)
 .exceptions.irqreturn
                0x0000000000010088        0x4 ../tap_spi_bsp//libhal_bsp.a(alt_irq_entry.o)
 *(.exceptions.notirq.label)
 .exceptions.notirq.label
                0x000000000001008c        0x0 ../tap_spi_bsp//libhal_bsp.a(alt_irq_entry.o)
 *(.exceptions.notirq.user)
 *(.exceptions.notirq)
 .exceptions.notirq
                0x000000000001008c        0x8 ../tap_spi_bsp//libhal_bsp.a(alt_exception_entry.o)
 *(.exceptions.soft.user)
 *(.exceptions.soft)
 *(.exceptions.unknown.user)
 *(.exceptions.unknown)
 .exceptions.unknown
                0x0000000000010094       0x14 ../tap_spi_bsp//libhal_bsp.a(alt_exception_entry.o)
 *(.exceptions.exit.label)
 .exceptions.exit.label
                0x00000000000100a8        0x0 ../tap_spi_bsp//libhal_bsp.a(alt_irq_entry.o)
 .exceptions.exit.label
                0x00000000000100a8        0x0 ../tap_spi_bsp//libhal_bsp.a(alt_exception_entry.o)
 *(.exceptions.exit.user)
 *(.exceptions.exit)
 .exceptions.exit
                0x00000000000100a8       0x54 ../tap_spi_bsp//libhal_bsp.a(alt_exception_entry.o)
 *(.exceptions)
 .exceptions    0x00000000000100fc       0x60 ../tap_spi_bsp//libhal_bsp.a(alt_irq_handler.o)
                0x00000000000100fc                alt_irq_handler
 .exceptions    0x000000000001015c       0x24 ../tap_spi_bsp//libhal_bsp.a(alt_instruction_exception_entry.o)
                0x000000000001015c                alt_instruction_exception_entry
                0x0000000000010180                PROVIDE (__ram_exceptions_end = ABSOLUTE (.))
                0x0000000000010020                PROVIDE (__flash_exceptions_start = LOADADDR (.exceptions))

.text           0x0000000000010180     0x1468
                [!provide]                        PROVIDE (stext = ABSOLUTE (.))
 *(.interp)
 *(.hash)
 *(.dynsym)
 *(.dynstr)
 *(.gnu.version)
 *(.gnu.version_d)
 *(.gnu.version_r)
 *(.rel.init)
 *(.rela.init)
 *(.rel.text .rel.text.* .rel.gnu.linkonce.t.*)
 *(.rela.text .rela.text.* .rela.gnu.linkonce.t.*)
 *(.rel.fini)
 *(.rela.fini)
 *(.rel.rodata .rel.rodata.* .rel.gnu.linkonce.r.*)
 *(.rela.rodata .rela.rodata.* .rela.gnu.linkonce.r.*)
 *(.rel.data .rel.data.* .rel.gnu.linkonce.d.*)
 *(.rela.data .rela.data.* .rela.gnu.linkonce.d.*)
 *(.rel.tdata .rel.tdata.* .rel.gnu.linkonce.td.*)
 *(.rela.tdata .rela.tdata.* .rela.gnu.linkonce.td.*)
 *(.rel.tbss .rel.tbss.* .rel.gnu.linkonce.tb.*)
 *(.rela.tbss .rela.tbss.* .rela.gnu.linkonce.tb.*)
 *(.rel.ctors)
 *(.rela.ctors)
 *(.rel.dtors)
 *(.rela.dtors)
 *(.rel.got)
 *(.rela.got)
 *(.rel.sdata .rel.sdata.* .rel.gnu.linkonce.s.*)
 *(.rela.sdata .rela.sdata.* .rela.gnu.linkonce.s.*)
 *(.rel.sbss .rel.sbss.* .rel.gnu.linkonce.sb.*)
 *(.rela.sbss .rela.sbss.* .rela.gnu.linkonce.sb.*)
 *(.rel.sdata2 .rel.sdata2.* .rel.gnu.linkonce.s2.*)
 *(.rela.sdata2 .rela.sdata2.* .rela.gnu.linkonce.s2.*)
 *(.rel.sbss2 .rel.sbss2.* .rel.gnu.linkonce.sb2.*)
 *(.rela.sbss2 .rela.sbss2.* .rela.gnu.linkonce.sb2.*)
 *(.rel.bss .rel.bss.* .rel.gnu.linkonce.b.*)
 *(.rela.bss .rela.bss.* .rela.gnu.linkonce.b.*)
 *(.rel.plt)
 *(.rela.plt)
 *(.rel.dyn)
 *(.init)
 *(.plt)
 *(.text .stub .text.* .gnu.linkonce.t.*)
 .text          0x0000000000010180       0x3c ../tap_spi_bsp//obj/HAL/src/crt0.o
                0x0000000000010180                _start
 .text          0x00000000000101bc      0x12c obj/default/tap_spi.o
                0x00000000000101bc                accelerometer_isr
                0x00000000000102b8                timer_init
 .text.startup  0x00000000000102e8       0xb0 obj/default/tap_spi.o
                0x00000000000102e8                main
 .text          0x0000000000010398      0x1b4 /home/jalexandrou/intelFPGA_lite/20.1/nios2eds/bin/gnu/H-x86_64-pc-linux-gnu/bin/../lib/gcc/nios2-elf/10.1.1/mno-hw-mul/libgcc.a(lib2-divmod.o)
                0x0000000000010398                __divsi3
                0x0000000000010418                __modsi3
                0x000000000001048c                __udivsi3
                0x00000000000104f0                __umodsi3
 .text          0x000000000001054c       0x28 /home/jalexandrou/intelFPGA_lite/20.1/nios2eds/bin/gnu/H-x86_64-pc-linux-gnu/bin/../lib/gcc/nios2-elf/10.1.1/mno-hw-mul/libgcc.a(lib2-mul.o)
                0x000000000001054c                __mulsi3
 .text          0x0000000000010574        0x0 /home/jalexandrou/intelFPGA_lite/20.1/nios2eds/bin/gnu/H-x86_64-pc-linux-gnu/bin/../lib/gcc/nios2-elf/10.1.1/../../../../../H-x86_64-pc-linux-gnu/nios2-elf/lib/mno-hw-mul/libsmallc.a(lib_a-malloc.o)
 .text.malloc   0x0000000000010574       0x10 /home/jalexandrou/intelFPGA_lite/20.1/nios2eds/bin/gnu/H-x86_64-pc-linux-gnu/bin/../lib/gcc/nios2-elf/10.1.1/../../../../../H-x86_64-pc-linux-gnu/nios2-elf/lib/mno-hw-mul/libsmallc.a(lib_a-malloc.o)
                0x0000000000010574                malloc
 .text.free     0x0000000000010584       0x10 /home/jalexandrou/intelFPGA_lite/20.1/nios2eds/bin/gnu/H-x86_64-pc-linux-gnu/bin/../lib/gcc/nios2-elf/10.1.1/../../../../../H-x86_64-pc-linux-gnu/nios2-elf/lib/mno-hw-mul/libsmallc.a(lib_a-malloc.o)
                0x0000000000010584                free
 .text          0x0000000000010594        0x0 /home/jalexandrou/intelFPGA_lite/20.1/nios2eds/bin/gnu/H-x86_64-pc-linux-gnu/bin/../lib/gcc/nios2-elf/10.1.1/../../../../../H-x86_64-pc-linux-gnu/nios2-elf/lib/mno-hw-mul/libsmallc.a(lib_a-nano-freer.o)
 .text._free_r  0x0000000000010594      0x100 /home/jalexandrou/intelFPGA_lite/20.1/nios2eds/bin/gnu/H-x86_64-pc-linux-gnu/bin/../lib/gcc/nios2-elf/10.1.1/../../../../../H-x86_64-pc-linux-gnu/nios2-elf/lib/mno-hw-mul/libsmallc.a(lib_a-nano-freer.o)
                0x0000000000010594                _free_r
 .text          0x0000000000010694        0x0 /home/jalexandrou/intelFPGA_lite/20.1/nios2eds/bin/gnu/H-x86_64-pc-linux-gnu/bin/../lib/gcc/nios2-elf/10.1.1/../../../../../H-x86_64-pc-linux-gnu/nios2-elf/lib/mno-hw-mul/libsmallc.a(lib_a-nano-mallocr.o)
 .text._malloc_r
                0x0000000000010694      0x160 /home/jalexandrou/intelFPGA_lite/20.1/nios2eds/bin/gnu/H-x86_64-pc-linux-gnu/bin/../lib/gcc/nios2-elf/10.1.1/../../../../../H-x86_64-pc-linux-gnu/nios2-elf/lib/mno-hw-mul/libsmallc.a(lib_a-nano-mallocr.o)
                0x0000000000010694                _malloc_r
 .text          0x00000000000107f4        0x0 /home/jalexandrou/intelFPGA_lite/20.1/nios2eds/bin/gnu/H-x86_64-pc-linux-gnu/bin/../lib/gcc/nios2-elf/10.1.1/../../../../../H-x86_64-pc-linux-gnu/nios2-elf/lib/mno-hw-mul/libsmallc.a(lib_a-printf.o)
 .text._printf_r
                0x00000000000107f4       0x3c /home/jalexandrou/intelFPGA_lite/20.1/nios2eds/bin/gnu/H-x86_64-pc-linux-gnu/bin/../lib/gcc/nios2-elf/10.1.1/../../../../../H-x86_64-pc-linux-gnu/nios2-elf/lib/mno-hw-mul/libsmallc.a(lib_a-printf.o)
                0x00000000000107f4                _printf_r
 .text.printf   0x0000000000010830       0x48 /home/jalexandrou/intelFPGA_lite/20.1/nios2eds/bin/gnu/H-x86_64-pc-linux-gnu/bin/../lib/gcc/nios2-elf/10.1.1/../../../../../H-x86_64-pc-linux-gnu/nios2-elf/lib/mno-hw-mul/libsmallc.a(lib_a-printf.o)
                0x0000000000010830                printf
 .text          0x0000000000010878        0x0 /home/jalexandrou/intelFPGA_lite/20.1/nios2eds/bin/gnu/H-x86_64-pc-linux-gnu/bin/../lib/gcc/nios2-elf/10.1.1/../../../../../H-x86_64-pc-linux-gnu/nios2-elf/lib/mno-hw-mul/libsmallc.a(lib_a-sbrkr.o)
 .text._sbrk_r  0x0000000000010878       0x48 /home/jalexandrou/intelFPGA_lite/20.1/nios2eds/bin/gnu/H-x86_64-pc-linux-gnu/bin/../lib/gcc/nios2-elf/10.1.1/../../../../../H-x86_64-pc-linux-gnu/nios2-elf/lib/mno-hw-mul/libsmallc.a(lib_a-sbrkr.o)
                0x0000000000010878                _sbrk_r
 .text          0x00000000000108c0        0x0 /home/jalexandrou/intelFPGA_lite/20.1/nios2eds/bin/gnu/H-x86_64-pc-linux-gnu/bin/../lib/gcc/nios2-elf/10.1.1/../../../../../H-x86_64-pc-linux-gnu/nios2-elf/lib/mno-hw-mul/libsmallc.a(lib_a-vfprintf.o)
 .text.print_repeat
                0x00000000000108c0       0x6c /home/jalexandrou/intelFPGA_lite/20.1/nios2eds/bin/gnu/H-x86_64-pc-linux-gnu/bin/../lib/gcc/nios2-elf/10.1.1/../../../../../H-x86_64-pc-linux-gnu/nios2-elf/lib/mno-hw-mul/libsmallc.a(lib_a-vfprintf.o)
 .text.___vfprintf_internal_r
                0x000000000001092c      0x50c /home/jalexandrou/intelFPGA_lite/20.1/nios2eds/bin/gnu/H-x86_64-pc-linux-gnu/bin/../lib/gcc/nios2-elf/10.1.1/../../../../../H-x86_64-pc-linux-gnu/nios2-elf/lib/mno-hw-mul/libsmallc.a(lib_a-vfprintf.o)
                0x000000000001092c                ___vfprintf_internal_r
 .text.__vfprintf_internal
                0x0000000000010e38       0x18 /home/jalexandrou/intelFPGA_lite/20.1/nios2eds/bin/gnu/H-x86_64-pc-linux-gnu/bin/../lib/gcc/nios2-elf/10.1.1/../../../../../H-x86_64-pc-linux-gnu/nios2-elf/lib/mno-hw-mul/libsmallc.a(lib_a-vfprintf.o)
                0x0000000000010e38                __vfprintf_internal
 .text          0x0000000000010e50        0x0 /home/jalexandrou/intelFPGA_lite/20.1/nios2eds/bin/gnu/H-x86_64-pc-linux-gnu/bin/../lib/gcc/nios2-elf/10.1.1/../../../../../H-x86_64-pc-linux-gnu/nios2-elf/lib/mno-hw-mul/libsmallc.a(lib_a-fvwrite_small_dev.o)
 .text.__sfvwrite_small_dev
                0x0000000000010e50       0xa8 /home/jalexandrou/intelFPGA_lite/20.1/nios2eds/bin/gnu/H-x86_64-pc-linux-gnu/bin/../lib/gcc/nios2-elf/10.1.1/../../../../../H-x86_64-pc-linux-gnu/nios2-elf/lib/mno-hw-mul/libsmallc.a(lib_a-fvwrite_small_dev.o)
                0x0000000000010e50                __sfvwrite_small_dev
 .text          0x0000000000010ef8        0x0 /home/jalexandrou/intelFPGA_lite/20.1/nios2eds/bin/gnu/H-x86_64-pc-linux-gnu/bin/../lib/gcc/nios2-elf/10.1.1/../../../../../H-x86_64-pc-linux-gnu/nios2-elf/lib/mno-hw-mul/libsmallc.a(lib_a-impure.o)
 .text          0x0000000000010ef8        0x0 /home/jalexandrou/intelFPGA_lite/20.1/nios2eds/bin/gnu/H-x86_64-pc-linux-gnu/bin/../lib/gcc/nios2-elf/10.1.1/../../../../../H-x86_64-pc-linux-gnu/nios2-elf/lib/mno-hw-mul/libsmallc.a(lib_a-int_errno.o)
 .text          0x0000000000010ef8        0x0 /home/jalexandrou/intelFPGA_lite/20.1/nios2eds/bin/gnu/H-x86_64-pc-linux-gnu/bin/../lib/gcc/nios2-elf/10.1.1/../../../../../H-x86_64-pc-linux-gnu/nios2-elf/lib/mno-hw-mul/libsmallc.a(lib_a-strlen.o)
 .text.strlen   0x0000000000010ef8       0x1c /home/jalexandrou/intelFPGA_lite/20.1/nios2eds/bin/gnu/H-x86_64-pc-linux-gnu/bin/../lib/gcc/nios2-elf/10.1.1/../../../../../H-x86_64-pc-linux-gnu/nios2-elf/lib/mno-hw-mul/libsmallc.a(lib_a-strlen.o)
                0x0000000000010ef8                strlen
 .text          0x0000000000010f14        0x0 /home/jalexandrou/intelFPGA_lite/20.1/nios2eds/bin/gnu/H-x86_64-pc-linux-gnu/bin/../lib/gcc/nios2-elf/10.1.1/../../../../../H-x86_64-pc-linux-gnu/nios2-elf/lib/mno-hw-mul/libsmallc.a(lib_a-writer.o)
 .text._write_r
                0x0000000000010f14       0x50 /home/jalexandrou/intelFPGA_lite/20.1/nios2eds/bin/gnu/H-x86_64-pc-linux-gnu/bin/../lib/gcc/nios2-elf/10.1.1/../../../../../H-x86_64-pc-linux-gnu/nios2-elf/lib/mno-hw-mul/libsmallc.a(lib_a-writer.o)
                0x0000000000010f14                _write_r
 .text          0x0000000000010f64       0x90 ../tap_spi_bsp//libhal_bsp.a(alt_irq_register.o)
                0x0000000000010f64                alt_irq_register
 .text          0x0000000000010ff4        0x0 ../tap_spi_bsp//libhal_bsp.a(alt_irq_vars.o)
 .text          0x0000000000010ff4       0x84 ../tap_spi_bsp//libhal_bsp.a(alt_load.o)
                0x0000000000010ff4                alt_load
 .text          0x0000000000011078       0x2c ../tap_spi_bsp//libhal_bsp.a(alt_main.o)
                0x0000000000011078                alt_main
 .text          0x00000000000110a4        0x8 ../tap_spi_bsp//libhal_bsp.a(alt_malloc_lock.o)
                0x00000000000110a4                __malloc_lock
                0x00000000000110a8                __malloc_unlock
 .text          0x00000000000110ac       0x38 ../tap_spi_bsp//libhal_bsp.a(alt_putstr.o)
                0x00000000000110ac                alt_putstr
 .text          0x00000000000110e4       0x4c ../tap_spi_bsp//libhal_bsp.a(alt_sbrk.o)
                0x00000000000110e4                sbrk
 .text          0x0000000000011130       0x5c ../tap_spi_bsp//libhal_bsp.a(alt_write.o)
                0x0000000000011130                write
 .text          0x000000000001118c       0x30 ../tap_spi_bsp//libhal_bsp.a(alt_sys_init.o)
                0x000000000001118c                alt_irq_init
                0x00000000000111ac                alt_sys_init
 .text          0x00000000000111bc       0x30 ../tap_spi_bsp//libhal_bsp.a(altera_avalon_jtag_uart_write.o)
                0x00000000000111bc                altera_avalon_jtag_uart_write
 .text          0x00000000000111ec       0xd4 ../tap_spi_bsp//libhal_bsp.a(altera_avalon_spi.o)
                0x00000000000111ec                alt_avalon_spi_command
 .text          0x00000000000112c0      0x16c ../tap_spi_bsp//libhal_bsp.a(altera_up_avalon_accelerometer_spi.o)
                0x00000000000112c0                alt_up_accelerometer_spi_open_dev
                0x00000000000112c8                alt_up_accelerometer_spi_read_address_register
                0x00000000000112dc                alt_up_accelerometer_spi_read
                0x00000000000112fc                alt_up_accelerometer_spi_write
                0x0000000000011318                alt_up_accelerometer_spi_read_x_axis
                0x0000000000011374                alt_up_accelerometer_spi_read_y_axis
                0x00000000000113d0                alt_up_accelerometer_spi_read_z_axis
 .text          0x000000000001142c        0x4 ../tap_spi_bsp//libhal_bsp.a(alt_dcache_flush_all.o)
                0x000000000001142c                alt_dcache_flush_all
 .text          0x0000000000011430        0x8 ../tap_spi_bsp//libhal_bsp.a(alt_dev.o)
 .text          0x0000000000011438       0x6c ../tap_spi_bsp//libhal_bsp.a(alt_dev_llist_insert.o)
                0x0000000000011438                alt_dev_llist_insert
 .text          0x00000000000114a4        0x0 ../tap_spi_bsp//libhal_bsp.a(alt_errno.o)
 .text          0x00000000000114a4       0x70 ../tap_spi_bsp//libhal_bsp.a(alt_find_dev.o)
                0x00000000000114a4                alt_find_dev
 .text          0x0000000000011514        0x4 ../tap_spi_bsp//libhal_bsp.a(alt_icache_flush_all.o)
                0x0000000000011514                alt_icache_flush_all
 .text          0x0000000000011518        0x0 ../tap_spi_bsp//libhal_bsp.a(alt_irq_entry.o)
 .text          0x0000000000011518        0x0 ../tap_spi_bsp//libhal_bsp.a(alt_irq_handler.o)
 .text          0x0000000000011518        0x8 ../tap_spi_bsp//libhal_bsp.a(altera_nios2_gen2_irq.o)
                0x0000000000011518                altera_nios2_gen2_irq_init
 .text          0x0000000000011520        0x0 ../tap_spi_bsp//libhal_bsp.a(alt_exception_entry.o)
 .text          0x0000000000011520       0x70 ../tap_spi_bsp//libhal_bsp.a(alt_instruction_exception_entry.o)
                0x0000000000011520                alt_exception_cause_generated_bad_addr
 .text          0x0000000000011590        0x0 /home/jalexandrou/intelFPGA_lite/20.1/nios2eds/bin/gnu/H-x86_64-pc-linux-gnu/bin/../lib/gcc/nios2-elf/10.1.1/../../../../../H-x86_64-pc-linux-gnu/nios2-elf/lib/mno-hw-mul/libsmallc.a(lib_a-memcmp.o)
 .text.memcmp   0x0000000000011590       0x30 /home/jalexandrou/intelFPGA_lite/20.1/nios2eds/bin/gnu/H-x86_64-pc-linux-gnu/bin/../lib/gcc/nios2-elf/10.1.1/../../../../../H-x86_64-pc-linux-gnu/nios2-elf/lib/mno-hw-mul/libsmallc.a(lib_a-memcmp.o)
                0x0000000000011590                memcmp
 .text          0x00000000000115c0        0x0 /home/jalexandrou/intelFPGA_lite/20.1/nios2eds/bin/gnu/H-x86_64-pc-linux-gnu/bin/../lib/gcc/nios2-elf/10.1.1/../../../../../H-x86_64-pc-linux-gnu/nios2-elf/lib/mno-hw-mul/libsmallc.a(lib_a-memcpy.o)
 .text.memcpy   0x00000000000115c0       0x28 /home/jalexandrou/intelFPGA_lite/20.1/nios2eds/bin/gnu/H-x86_64-pc-linux-gnu/bin/../lib/gcc/nios2-elf/10.1.1/../../../../../H-x86_64-pc-linux-gnu/nios2-elf/lib/mno-hw-mul/libsmallc.a(lib_a-memcpy.o)
                0x00000000000115c0                memcpy
 *(.gnu.warning.*)
 *(.fini)
                [!provide]                        PROVIDE (__etext = ABSOLUTE (.))
                [!provide]                        PROVIDE (_etext = ABSOLUTE (.))
                [!provide]                        PROVIDE (etext = ABSOLUTE (.))
 *(.eh_frame_hdr)
                0x00000000000115e8                . = ALIGN (0x4)
                [!provide]                        PROVIDE (__preinit_array_start = ABSOLUTE (.))
 *(.preinit_array)
                [!provide]                        PROVIDE (__preinit_array_end = ABSOLUTE (.))
                [!provide]                        PROVIDE (__init_array_start = ABSOLUTE (.))
 *(.init_array)
                [!provide]                        PROVIDE (__init_array_end = ABSOLUTE (.))
                [!provide]                        PROVIDE (__fini_array_start = ABSOLUTE (.))
 *(.fini_array)
                [!provide]                        PROVIDE (__fini_array_end = ABSOLUTE (.))
 *(.eh_frame)
 *(.gcc_except_table .gcc_except_table.*)
 *(.dynamic)
                [!provide]                        PROVIDE (__CTOR_LIST__ = ABSOLUTE (.))
 *(.ctors)
 *(SORT_BY_NAME(.ctors.*))
                [!provide]                        PROVIDE (__CTOR_END__ = ABSOLUTE (.))
                [!provide]                        PROVIDE (__DTOR_LIST__ = ABSOLUTE (.))
 *(.dtors)
 *(SORT_BY_NAME(.dtors.*))
                [!provide]                        PROVIDE (__DTOR_END__ = ABSOLUTE (.))
 *(.jcr)
                0x00000000000115e8                . = ALIGN (0x4)

.rodata         0x00000000000115e8       0x68
                0x00000000000115e8                PROVIDE (__ram_rodata_start = ABSOLUTE (.))
                0x00000000000115e8                . = ALIGN (0x4)
 *(.rodata .rodata.* .gnu.linkonce.r.*)
 .rodata.str1.4
                0x00000000000115e8       0x5b obj/default/tap_spi.o
 .rodata.str1.4
                0x0000000000011643       0x17 ../tap_spi_bsp//libhal_bsp.a(alt_sys_init.o)
 *fill*         0x0000000000011643        0x1 
 .rodata.str1.4
                0x0000000000011644        0xa ../tap_spi_bsp//libhal_bsp.a(alt_dev.o)
 *(.rodata1)
                0x0000000000011650                . = ALIGN (0x4)
 *fill*         0x000000000001164e        0x2 
                0x0000000000011650                PROVIDE (__ram_rodata_end = ABSOLUTE (.))
                0x00000000000115e8                PROVIDE (__flash_rodata_start = LOADADDR (.rodata))

.rwdata         0x0000000000011650      0x194 load address 0x00000000000117e4
                0x0000000000011650                PROVIDE (__ram_rwdata_start = ABSOLUTE (.))
                0x0000000000011650                . = ALIGN (0x4)
 *(.got.plt)
 *(.got)
 *(.data1)
 *(.data .data.* .gnu.linkonce.d.*)
 .data          0x0000000000011650        0x0 ../tap_spi_bsp//obj/HAL/src/crt0.o
 .data          0x0000000000011650        0x0 obj/default/tap_spi.o
 .data          0x0000000000011650        0x0 /home/jalexandrou/intelFPGA_lite/20.1/nios2eds/bin/gnu/H-x86_64-pc-linux-gnu/bin/../lib/gcc/nios2-elf/10.1.1/mno-hw-mul/libgcc.a(lib2-divmod.o)
 .data          0x0000000000011650        0x0 /home/jalexandrou/intelFPGA_lite/20.1/nios2eds/bin/gnu/H-x86_64-pc-linux-gnu/bin/../lib/gcc/nios2-elf/10.1.1/mno-hw-mul/libgcc.a(lib2-mul.o)
 .data          0x0000000000011650        0x0 /home/jalexandrou/intelFPGA_lite/20.1/nios2eds/bin/gnu/H-x86_64-pc-linux-gnu/bin/../lib/gcc/nios2-elf/10.1.1/../../../../../H-x86_64-pc-linux-gnu/nios2-elf/lib/mno-hw-mul/libsmallc.a(lib_a-malloc.o)
 .data          0x0000000000011650        0x0 /home/jalexandrou/intelFPGA_lite/20.1/nios2eds/bin/gnu/H-x86_64-pc-linux-gnu/bin/../lib/gcc/nios2-elf/10.1.1/../../../../../H-x86_64-pc-linux-gnu/nios2-elf/lib/mno-hw-mul/libsmallc.a(lib_a-nano-freer.o)
 .data          0x0000000000011650        0x0 /home/jalexandrou/intelFPGA_lite/20.1/nios2eds/bin/gnu/H-x86_64-pc-linux-gnu/bin/../lib/gcc/nios2-elf/10.1.1/../../../../../H-x86_64-pc-linux-gnu/nios2-elf/lib/mno-hw-mul/libsmallc.a(lib_a-nano-mallocr.o)
 .data          0x0000000000011650        0x0 /home/jalexandrou/intelFPGA_lite/20.1/nios2eds/bin/gnu/H-x86_64-pc-linux-gnu/bin/../lib/gcc/nios2-elf/10.1.1/../../../../../H-x86_64-pc-linux-gnu/nios2-elf/lib/mno-hw-mul/libsmallc.a(lib_a-printf.o)
 .data          0x0000000000011650        0x0 /home/jalexandrou/intelFPGA_lite/20.1/nios2eds/bin/gnu/H-x86_64-pc-linux-gnu/bin/../lib/gcc/nios2-elf/10.1.1/../../../../../H-x86_64-pc-linux-gnu/nios2-elf/lib/mno-hw-mul/libsmallc.a(lib_a-sbrkr.o)
 .data          0x0000000000011650        0x0 /home/jalexandrou/intelFPGA_lite/20.1/nios2eds/bin/gnu/H-x86_64-pc-linux-gnu/bin/../lib/gcc/nios2-elf/10.1.1/../../../../../H-x86_64-pc-linux-gnu/nios2-elf/lib/mno-hw-mul/libsmallc.a(lib_a-vfprintf.o)
 .data          0x0000000000011650        0x0 /home/jalexandrou/intelFPGA_lite/20.1/nios2eds/bin/gnu/H-x86_64-pc-linux-gnu/bin/../lib/gcc/nios2-elf/10.1.1/../../../../../H-x86_64-pc-linux-gnu/nios2-elf/lib/mno-hw-mul/libsmallc.a(lib_a-fvwrite_small_dev.o)
 .data          0x0000000000011650        0x0 /home/jalexandrou/intelFPGA_lite/20.1/nios2eds/bin/gnu/H-x86_64-pc-linux-gnu/bin/../lib/gcc/nios2-elf/10.1.1/../../../../../H-x86_64-pc-linux-gnu/nios2-elf/lib/mno-hw-mul/libsmallc.a(lib_a-impure.o)
 .data.impure_data
                0x0000000000011650       0xe4 /home/jalexandrou/intelFPGA_lite/20.1/nios2eds/bin/gnu/H-x86_64-pc-linux-gnu/bin/../lib/gcc/nios2-elf/10.1.1/../../../../../H-x86_64-pc-linux-gnu/nios2-elf/lib/mno-hw-mul/libsmallc.a(lib_a-impure.o)
 .data          0x0000000000011734        0x0 /home/jalexandrou/intelFPGA_lite/20.1/nios2eds/bin/gnu/H-x86_64-pc-linux-gnu/bin/../lib/gcc/nios2-elf/10.1.1/../../../../../H-x86_64-pc-linux-gnu/nios2-elf/lib/mno-hw-mul/libsmallc.a(lib_a-int_errno.o)
 .data          0x0000000000011734        0x0 /home/jalexandrou/intelFPGA_lite/20.1/nios2eds/bin/gnu/H-x86_64-pc-linux-gnu/bin/../lib/gcc/nios2-elf/10.1.1/../../../../../H-x86_64-pc-linux-gnu/nios2-elf/lib/mno-hw-mul/libsmallc.a(lib_a-strlen.o)
 .data          0x0000000000011734        0x0 /home/jalexandrou/intelFPGA_lite/20.1/nios2eds/bin/gnu/H-x86_64-pc-linux-gnu/bin/../lib/gcc/nios2-elf/10.1.1/../../../../../H-x86_64-pc-linux-gnu/nios2-elf/lib/mno-hw-mul/libsmallc.a(lib_a-writer.o)
 .data          0x0000000000011734        0x0 ../tap_spi_bsp//libhal_bsp.a(alt_irq_register.o)
 .data          0x0000000000011734        0x0 ../tap_spi_bsp//libhal_bsp.a(alt_irq_vars.o)
 .data          0x0000000000011734        0x0 ../tap_spi_bsp//libhal_bsp.a(alt_load.o)
 .data          0x0000000000011734        0x0 ../tap_spi_bsp//libhal_bsp.a(alt_main.o)
 .data          0x0000000000011734        0x0 ../tap_spi_bsp//libhal_bsp.a(alt_malloc_lock.o)
 .data          0x0000000000011734        0x0 ../tap_spi_bsp//libhal_bsp.a(alt_putstr.o)
 .data          0x0000000000011734        0x0 ../tap_spi_bsp//libhal_bsp.a(alt_sbrk.o)
 .data          0x0000000000011734        0x0 ../tap_spi_bsp//libhal_bsp.a(alt_write.o)
 .data          0x0000000000011734       0x2c ../tap_spi_bsp//libhal_bsp.a(alt_sys_init.o)
 .data          0x0000000000011760        0x0 ../tap_spi_bsp//libhal_bsp.a(altera_avalon_jtag_uart_write.o)
 .data          0x0000000000011760        0x0 ../tap_spi_bsp//libhal_bsp.a(altera_avalon_spi.o)
 .data          0x0000000000011760        0x0 ../tap_spi_bsp//libhal_bsp.a(altera_up_avalon_accelerometer_spi.o)
 .data          0x0000000000011760        0x0 ../tap_spi_bsp//libhal_bsp.a(alt_dcache_flush_all.o)
 .data          0x0000000000011760       0x58 ../tap_spi_bsp//libhal_bsp.a(alt_dev.o)
                0x0000000000011760                alt_fd_list
                0x0000000000011790                alt_dev_null
 .data          0x00000000000117b8        0x0 ../tap_spi_bsp//libhal_bsp.a(alt_dev_llist_insert.o)
 .data          0x00000000000117b8        0x0 ../tap_spi_bsp//libhal_bsp.a(alt_errno.o)
 .data          0x00000000000117b8        0x0 ../tap_spi_bsp//libhal_bsp.a(alt_find_dev.o)
 .data          0x00000000000117b8        0x0 ../tap_spi_bsp//libhal_bsp.a(alt_icache_flush_all.o)
 .data          0x00000000000117b8        0x0 ../tap_spi_bsp//libhal_bsp.a(alt_irq_entry.o)
 .data          0x00000000000117b8        0x0 ../tap_spi_bsp//libhal_bsp.a(alt_irq_handler.o)
 .data          0x00000000000117b8        0x0 ../tap_spi_bsp//libhal_bsp.a(altera_nios2_gen2_irq.o)
 .data          0x00000000000117b8        0x0 ../tap_spi_bsp//libhal_bsp.a(alt_exception_entry.o)
 .data          0x00000000000117b8        0x0 ../tap_spi_bsp//libhal_bsp.a(alt_instruction_exception_entry.o)
 .data          0x00000000000117b8        0x0 /home/jalexandrou/intelFPGA_lite/20.1/nios2eds/bin/gnu/H-x86_64-pc-linux-gnu/bin/../lib/gcc/nios2-elf/10.1.1/../../../../../H-x86_64-pc-linux-gnu/nios2-elf/lib/mno-hw-mul/libsmallc.a(lib_a-memcmp.o)
 .data          0x00000000000117b8        0x0 /home/jalexandrou/intelFPGA_lite/20.1/nios2eds/bin/gnu/H-x86_64-pc-linux-gnu/bin/../lib/gcc/nios2-elf/10.1.1/../../../../../H-x86_64-pc-linux-gnu/nios2-elf/lib/mno-hw-mul/libsmallc.a(lib_a-memcpy.o)
                0x00000000000197b8                _gp = ABSOLUTE ((. + 0x8000))
                [!provide]                        PROVIDE (gp = _gp)
 *(.rwdata .rwdata.*)
 *(.sdata .sdata.* .gnu.linkonce.s.*)
 .sdata._global_impure_ptr
                0x00000000000117b8        0x4 /home/jalexandrou/intelFPGA_lite/20.1/nios2eds/bin/gnu/H-x86_64-pc-linux-gnu/bin/../lib/gcc/nios2-elf/10.1.1/../../../../../H-x86_64-pc-linux-gnu/nios2-elf/lib/mno-hw-mul/libsmallc.a(lib_a-impure.o)
                0x00000000000117b8                _global_impure_ptr
 .sdata._impure_ptr
                0x00000000000117bc        0x4 /home/jalexandrou/intelFPGA_lite/20.1/nios2eds/bin/gnu/H-x86_64-pc-linux-gnu/bin/../lib/gcc/nios2-elf/10.1.1/../../../../../H-x86_64-pc-linux-gnu/nios2-elf/lib/mno-hw-mul/libsmallc.a(lib_a-impure.o)
                0x00000000000117bc                _impure_ptr
 .sdata         0x00000000000117c0        0x4 ../tap_spi_bsp//libhal_bsp.a(alt_irq_vars.o)
                0x00000000000117c0                alt_priority_mask
 .sdata         0x00000000000117c4        0x4 ../tap_spi_bsp//libhal_bsp.a(alt_sbrk.o)
 .sdata         0x00000000000117c8        0x4 ../tap_spi_bsp//libhal_bsp.a(alt_sys_init.o)
                0x00000000000117c8                jtag_uart
 .sdata         0x00000000000117cc       0x14 ../tap_spi_bsp//libhal_bsp.a(alt_dev.o)
                0x00000000000117cc                alt_max_fd
                0x00000000000117d0                alt_dev_list
                0x00000000000117d8                alt_fs_list
 .sdata         0x00000000000117e0        0x4 ../tap_spi_bsp//libhal_bsp.a(alt_errno.o)
                0x00000000000117e0                alt_errno
 *(.sdata2 .sdata2.* .gnu.linkonce.s2.*)
                0x00000000000117e4                . = ALIGN (0x4)
                0x00000000000117e4                _edata = ABSOLUTE (.)
                [!provide]                        PROVIDE (edata = ABSOLUTE (.))
                0x00000000000117e4                PROVIDE (__ram_rwdata_end = ABSOLUTE (.))
                0x00000000000117e4                PROVIDE (__flash_rwdata_start = LOADADDR (.rwdata))

.bss            0x0000000000011978      0x130
                0x0000000000011978                __bss_start = ABSOLUTE (.)
                [!provide]                        PROVIDE (__sbss_start = ABSOLUTE (.))
                [!provide]                        PROVIDE (___sbss_start = ABSOLUTE (.))
 *(.dynsbss)
 *(.sbss .sbss.* .gnu.linkonce.sb.*)
 .sbss          0x0000000000011978       0x10 obj/default/tap_spi.o
                0x0000000000011978                acc_dev
                0x000000000001197c                tap_data
                0x0000000000011980                prev_time
                0x0000000000011984                tap_counter
 .sbss.__malloc_sbrk_start
                0x0000000000011988        0x4 /home/jalexandrou/intelFPGA_lite/20.1/nios2eds/bin/gnu/H-x86_64-pc-linux-gnu/bin/../lib/gcc/nios2-elf/10.1.1/../../../../../H-x86_64-pc-linux-gnu/nios2-elf/lib/mno-hw-mul/libsmallc.a(lib_a-nano-mallocr.o)
                0x0000000000011988                __malloc_sbrk_start
 .sbss.__malloc_free_list
                0x000000000001198c        0x4 /home/jalexandrou/intelFPGA_lite/20.1/nios2eds/bin/gnu/H-x86_64-pc-linux-gnu/bin/../lib/gcc/nios2-elf/10.1.1/../../../../../H-x86_64-pc-linux-gnu/nios2-elf/lib/mno-hw-mul/libsmallc.a(lib_a-nano-mallocr.o)
                0x000000000001198c                __malloc_free_list
 .sbss.errno    0x0000000000011990        0x4 /home/jalexandrou/intelFPGA_lite/20.1/nios2eds/bin/gnu/H-x86_64-pc-linux-gnu/bin/../lib/gcc/nios2-elf/10.1.1/../../../../../H-x86_64-pc-linux-gnu/nios2-elf/lib/mno-hw-mul/libsmallc.a(lib_a-int_errno.o)
                0x0000000000011990                errno
 .sbss          0x0000000000011994        0x4 ../tap_spi_bsp//libhal_bsp.a(alt_irq_vars.o)
                0x0000000000011994                alt_irq_active
 .sbss          0x0000000000011998        0xc ../tap_spi_bsp//libhal_bsp.a(alt_main.o)
                0x0000000000011998                alt_envp
                0x000000000001199c                alt_argv
                0x00000000000119a0                alt_argc
 .sbss          0x00000000000119a4        0x4 ../tap_spi_bsp//libhal_bsp.a(alt_instruction_exception_entry.o)
                0x00000000000119a4                alt_instruction_exception_handler
 *(.sbss2 .sbss2.* .gnu.linkonce.sb2.*)
 *(.scommon)
                [!provide]                        PROVIDE (__sbss_end = ABSOLUTE (.))
                [!provide]                        PROVIDE (___sbss_end = ABSOLUTE (.))
 *(.dynbss)
 *(.bss .bss.* .gnu.linkonce.b.*)
 .bss           0x00000000000119a8        0x0 ../tap_spi_bsp//obj/HAL/src/crt0.o
 .bss           0x00000000000119a8        0x0 obj/default/tap_spi.o
 .bss           0x00000000000119a8        0x0 /home/jalexandrou/intelFPGA_lite/20.1/nios2eds/bin/gnu/H-x86_64-pc-linux-gnu/bin/../lib/gcc/nios2-elf/10.1.1/mno-hw-mul/libgcc.a(lib2-divmod.o)
 .bss           0x00000000000119a8        0x0 /home/jalexandrou/intelFPGA_lite/20.1/nios2eds/bin/gnu/H-x86_64-pc-linux-gnu/bin/../lib/gcc/nios2-elf/10.1.1/mno-hw-mul/libgcc.a(lib2-mul.o)
 .bss           0x00000000000119a8        0x0 /home/jalexandrou/intelFPGA_lite/20.1/nios2eds/bin/gnu/H-x86_64-pc-linux-gnu/bin/../lib/gcc/nios2-elf/10.1.1/../../../../../H-x86_64-pc-linux-gnu/nios2-elf/lib/mno-hw-mul/libsmallc.a(lib_a-malloc.o)
 .bss           0x00000000000119a8        0x0 /home/jalexandrou/intelFPGA_lite/20.1/nios2eds/bin/gnu/H-x86_64-pc-linux-gnu/bin/../lib/gcc/nios2-elf/10.1.1/../../../../../H-x86_64-pc-linux-gnu/nios2-elf/lib/mno-hw-mul/libsmallc.a(lib_a-nano-freer.o)
 .bss           0x00000000000119a8        0x0 /home/jalexandrou/intelFPGA_lite/20.1/nios2eds/bin/gnu/H-x86_64-pc-linux-gnu/bin/../lib/gcc/nios2-elf/10.1.1/../../../../../H-x86_64-pc-linux-gnu/nios2-elf/lib/mno-hw-mul/libsmallc.a(lib_a-nano-mallocr.o)
 .bss           0x00000000000119a8        0x0 /home/jalexandrou/intelFPGA_lite/20.1/nios2eds/bin/gnu/H-x86_64-pc-linux-gnu/bin/../lib/gcc/nios2-elf/10.1.1/../../../../../H-x86_64-pc-linux-gnu/nios2-elf/lib/mno-hw-mul/libsmallc.a(lib_a-printf.o)
 .bss           0x00000000000119a8        0x0 /home/jalexandrou/intelFPGA_lite/20.1/nios2eds/bin/gnu/H-x86_64-pc-linux-gnu/bin/../lib/gcc/nios2-elf/10.1.1/../../../../../H-x86_64-pc-linux-gnu/nios2-elf/lib/mno-hw-mul/libsmallc.a(lib_a-sbrkr.o)
 .bss           0x00000000000119a8        0x0 /home/jalexandrou/intelFPGA_lite/20.1/nios2eds/bin/gnu/H-x86_64-pc-linux-gnu/bin/../lib/gcc/nios2-elf/10.1.1/../../../../../H-x86_64-pc-linux-gnu/nios2-elf/lib/mno-hw-mul/libsmallc.a(lib_a-vfprintf.o)
 .bss           0x00000000000119a8        0x0 /home/jalexandrou/intelFPGA_lite/20.1/nios2eds/bin/gnu/H-x86_64-pc-linux-gnu/bin/../lib/gcc/nios2-elf/10.1.1/../../../../../H-x86_64-pc-linux-gnu/nios2-elf/lib/mno-hw-mul/libsmallc.a(lib_a-fvwrite_small_dev.o)
 .bss           0x00000000000119a8        0x0 /home/jalexandrou/intelFPGA_lite/20.1/nios2eds/bin/gnu/H-x86_64-pc-linux-gnu/bin/../lib/gcc/nios2-elf/10.1.1/../../../../../H-x86_64-pc-linux-gnu/nios2-elf/lib/mno-hw-mul/libsmallc.a(lib_a-impure.o)
 .bss           0x00000000000119a8        0x0 /home/jalexandrou/intelFPGA_lite/20.1/nios2eds/bin/gnu/H-x86_64-pc-linux-gnu/bin/../lib/gcc/nios2-elf/10.1.1/../../../../../H-x86_64-pc-linux-gnu/nios2-elf/lib/mno-hw-mul/libsmallc.a(lib_a-int_errno.o)
 .bss           0x00000000000119a8        0x0 /home/jalexandrou/intelFPGA_lite/20.1/nios2eds/bin/gnu/H-x86_64-pc-linux-gnu/bin/../lib/gcc/nios2-elf/10.1.1/../../../../../H-x86_64-pc-linux-gnu/nios2-elf/lib/mno-hw-mul/libsmallc.a(lib_a-strlen.o)
 .bss           0x00000000000119a8        0x0 /home/jalexandrou/intelFPGA_lite/20.1/nios2eds/bin/gnu/H-x86_64-pc-linux-gnu/bin/../lib/gcc/nios2-elf/10.1.1/../../../../../H-x86_64-pc-linux-gnu/nios2-elf/lib/mno-hw-mul/libsmallc.a(lib_a-writer.o)
 .bss           0x00000000000119a8        0x0 ../tap_spi_bsp//libhal_bsp.a(alt_irq_register.o)
 .bss           0x00000000000119a8        0x0 ../tap_spi_bsp//libhal_bsp.a(alt_irq_vars.o)
 .bss           0x00000000000119a8        0x0 ../tap_spi_bsp//libhal_bsp.a(alt_load.o)
 .bss           0x00000000000119a8        0x0 ../tap_spi_bsp//libhal_bsp.a(alt_main.o)
 .bss           0x00000000000119a8        0x0 ../tap_spi_bsp//libhal_bsp.a(alt_malloc_lock.o)
 .bss           0x00000000000119a8        0x0 ../tap_spi_bsp//libhal_bsp.a(alt_putstr.o)
 .bss           0x00000000000119a8        0x0 ../tap_spi_bsp//libhal_bsp.a(alt_sbrk.o)
 .bss           0x00000000000119a8        0x0 ../tap_spi_bsp//libhal_bsp.a(alt_write.o)
 .bss           0x00000000000119a8        0x0 ../tap_spi_bsp//libhal_bsp.a(alt_sys_init.o)
 .bss           0x00000000000119a8        0x0 ../tap_spi_bsp//libhal_bsp.a(altera_avalon_jtag_uart_write.o)
 .bss           0x00000000000119a8        0x0 ../tap_spi_bsp//libhal_bsp.a(altera_avalon_spi.o)
 .bss           0x00000000000119a8        0x0 ../tap_spi_bsp//libhal_bsp.a(altera_up_avalon_accelerometer_spi.o)
 .bss           0x00000000000119a8        0x0 ../tap_spi_bsp//libhal_bsp.a(alt_dcache_flush_all.o)
 .bss           0x00000000000119a8        0x0 ../tap_spi_bsp//libhal_bsp.a(alt_dev.o)
 .bss           0x00000000000119a8        0x0 ../tap_spi_bsp//libhal_bsp.a(alt_dev_llist_insert.o)
 .bss           0x00000000000119a8        0x0 ../tap_spi_bsp//libhal_bsp.a(alt_errno.o)
 .bss           0x00000000000119a8        0x0 ../tap_spi_bsp//libhal_bsp.a(alt_find_dev.o)
 .bss           0x00000000000119a8        0x0 ../tap_spi_bsp//libhal_bsp.a(alt_icache_flush_all.o)
 .bss           0x00000000000119a8        0x0 ../tap_spi_bsp//libhal_bsp.a(alt_irq_entry.o)
 .bss           0x00000000000119a8      0x100 ../tap_spi_bsp//libhal_bsp.a(alt_irq_handler.o)
                0x00000000000119a8                alt_irq
 .bss           0x0000000000011aa8        0x0 ../tap_spi_bsp//libhal_bsp.a(altera_nios2_gen2_irq.o)
 .bss           0x0000000000011aa8        0x0 ../tap_spi_bsp//libhal_bsp.a(alt_exception_entry.o)
 .bss           0x0000000000011aa8        0x0 ../tap_spi_bsp//libhal_bsp.a(alt_instruction_exception_entry.o)
 .bss           0x0000000000011aa8        0x0 /home/jalexandrou/intelFPGA_lite/20.1/nios2eds/bin/gnu/H-x86_64-pc-linux-gnu/bin/../lib/gcc/nios2-elf/10.1.1/../../../../../H-x86_64-pc-linux-gnu/nios2-elf/lib/mno-hw-mul/libsmallc.a(lib_a-memcmp.o)
 .bss           0x0000000000011aa8        0x0 /home/jalexandrou/intelFPGA_lite/20.1/nios2eds/bin/gnu/H-x86_64-pc-linux-gnu/bin/../lib/gcc/nios2-elf/10.1.1/../../../../../H-x86_64-pc-linux-gnu/nios2-elf/lib/mno-hw-mul/libsmallc.a(lib_a-memcpy.o)
 *(COMMON)
                0x0000000000011aa8                . = ALIGN (0x4)
                0x0000000000011aa8                __bss_end = ABSOLUTE (.)

.onchip_memory  0x0000000000011aa8        0x0
                [!provide]                        PROVIDE (_alt_partition_onchip_memory_start = ABSOLUTE (.))
 *(.onchip_memory .onchip_memory. onchip_memory.*)
                0x0000000000011aa8                . = ALIGN (0x4)
                [!provide]                        PROVIDE (_alt_partition_onchip_memory_end = ABSOLUTE (.))
                0x0000000000011aa8                _end = ABSOLUTE (.)
                0x0000000000011aa8                end = ABSOLUTE (.)
                0x0000000000011aa8                __alt_stack_base = ABSOLUTE (.)
                [!provide]                        PROVIDE (_alt_partition_onchip_memory_load_addr = LOADADDR (.onchip_memory))

.stab
 *(.stab)

.stabstr
 *(.stabstr)

.stab.excl
 *(.stab.excl)

.stab.exclstr
 *(.stab.exclstr)

.stab.index
 *(.stab.index)

.stab.indexstr
 *(.stab.indexstr)

.comment        0x0000000000000000       0x2d
 *(.comment)
 .comment       0x0000000000000000       0x2d obj/default/tap_spi.o
                                         0x2e (size before relaxing)
 .comment       0x000000000000002d       0x2e /home/jalexandrou/intelFPGA_lite/20.1/nios2eds/bin/gnu/H-x86_64-pc-linux-gnu/bin/../lib/gcc/nios2-elf/10.1.1/mno-hw-mul/libgcc.a(lib2-divmod.o)
 .comment       0x000000000000002d       0x2e /home/jalexandrou/intelFPGA_lite/20.1/nios2eds/bin/gnu/H-x86_64-pc-linux-gnu/bin/../lib/gcc/nios2-elf/10.1.1/mno-hw-mul/libgcc.a(lib2-mul.o)
 .comment       0x000000000000002d       0x2e /home/jalexandrou/intelFPGA_lite/20.1/nios2eds/bin/gnu/H-x86_64-pc-linux-gnu/bin/../lib/gcc/nios2-elf/10.1.1/../../../../../H-x86_64-pc-linux-gnu/nios2-elf/lib/mno-hw-mul/libsmallc.a(lib_a-malloc.o)
 .comment       0x000000000000002d       0x2e /home/jalexandrou/intelFPGA_lite/20.1/nios2eds/bin/gnu/H-x86_64-pc-linux-gnu/bin/../lib/gcc/nios2-elf/10.1.1/../../../../../H-x86_64-pc-linux-gnu/nios2-elf/lib/mno-hw-mul/libsmallc.a(lib_a-nano-freer.o)
 .comment       0x000000000000002d       0x2e /home/jalexandrou/intelFPGA_lite/20.1/nios2eds/bin/gnu/H-x86_64-pc-linux-gnu/bin/../lib/gcc/nios2-elf/10.1.1/../../../../../H-x86_64-pc-linux-gnu/nios2-elf/lib/mno-hw-mul/libsmallc.a(lib_a-nano-mallocr.o)
 .comment       0x000000000000002d       0x2e /home/jalexandrou/intelFPGA_lite/20.1/nios2eds/bin/gnu/H-x86_64-pc-linux-gnu/bin/../lib/gcc/nios2-elf/10.1.1/../../../../../H-x86_64-pc-linux-gnu/nios2-elf/lib/mno-hw-mul/libsmallc.a(lib_a-printf.o)
 .comment       0x000000000000002d       0x2e /home/jalexandrou/intelFPGA_lite/20.1/nios2eds/bin/gnu/H-x86_64-pc-linux-gnu/bin/../lib/gcc/nios2-elf/10.1.1/../../../../../H-x86_64-pc-linux-gnu/nios2-elf/lib/mno-hw-mul/libsmallc.a(lib_a-sbrkr.o)
 .comment       0x000000000000002d       0x2e /home/jalexandrou/intelFPGA_lite/20.1/nios2eds/bin/gnu/H-x86_64-pc-linux-gnu/bin/../lib/gcc/nios2-elf/10.1.1/../../../../../H-x86_64-pc-linux-gnu/nios2-elf/lib/mno-hw-mul/libsmallc.a(lib_a-vfprintf.o)
 .comment       0x000000000000002d       0x2e /home/jalexandrou/intelFPGA_lite/20.1/nios2eds/bin/gnu/H-x86_64-pc-linux-gnu/bin/../lib/gcc/nios2-elf/10.1.1/../../../../../H-x86_64-pc-linux-gnu/nios2-elf/lib/mno-hw-mul/libsmallc.a(lib_a-fvwrite_small_dev.o)
 .comment       0x000000000000002d       0x2e /home/jalexandrou/intelFPGA_lite/20.1/nios2eds/bin/gnu/H-x86_64-pc-linux-gnu/bin/../lib/gcc/nios2-elf/10.1.1/../../../../../H-x86_64-pc-linux-gnu/nios2-elf/lib/mno-hw-mul/libsmallc.a(lib_a-impure.o)
 .comment       0x000000000000002d       0x2e /home/jalexandrou/intelFPGA_lite/20.1/nios2eds/bin/gnu/H-x86_64-pc-linux-gnu/bin/../lib/gcc/nios2-elf/10.1.1/../../../../../H-x86_64-pc-linux-gnu/nios2-elf/lib/mno-hw-mul/libsmallc.a(lib_a-int_errno.o)
 .comment       0x000000000000002d       0x2e /home/jalexandrou/intelFPGA_lite/20.1/nios2eds/bin/gnu/H-x86_64-pc-linux-gnu/bin/../lib/gcc/nios2-elf/10.1.1/../../../../../H-x86_64-pc-linux-gnu/nios2-elf/lib/mno-hw-mul/libsmallc.a(lib_a-strlen.o)
 .comment       0x000000000000002d       0x2e /home/jalexandrou/intelFPGA_lite/20.1/nios2eds/bin/gnu/H-x86_64-pc-linux-gnu/bin/../lib/gcc/nios2-elf/10.1.1/../../../../../H-x86_64-pc-linux-gnu/nios2-elf/lib/mno-hw-mul/libsmallc.a(lib_a-writer.o)
 .comment       0x000000000000002d       0x2e ../tap_spi_bsp//libhal_bsp.a(alt_irq_register.o)
 .comment       0x000000000000002d       0x2e ../tap_spi_bsp//libhal_bsp.a(alt_irq_vars.o)
 .comment       0x000000000000002d       0x2e ../tap_spi_bsp//libhal_bsp.a(alt_load.o)
 .comment       0x000000000000002d       0x2e ../tap_spi_bsp//libhal_bsp.a(alt_main.o)
 .comment       0x000000000000002d       0x2e ../tap_spi_bsp//libhal_bsp.a(alt_malloc_lock.o)
 .comment       0x000000000000002d       0x2e ../tap_spi_bsp//libhal_bsp.a(alt_putstr.o)
 .comment       0x000000000000002d       0x2e ../tap_spi_bsp//libhal_bsp.a(alt_sbrk.o)
 .comment       0x000000000000002d       0x2e ../tap_spi_bsp//libhal_bsp.a(alt_write.o)
 .comment       0x000000000000002d       0x2e ../tap_spi_bsp//libhal_bsp.a(alt_sys_init.o)
 .comment       0x000000000000002d       0x2e ../tap_spi_bsp//libhal_bsp.a(altera_avalon_jtag_uart_write.o)
 .comment       0x000000000000002d       0x2e ../tap_spi_bsp//libhal_bsp.a(altera_avalon_spi.o)
 .comment       0x000000000000002d       0x2e ../tap_spi_bsp//libhal_bsp.a(altera_up_avalon_accelerometer_spi.o)
 .comment       0x000000000000002d       0x2e ../tap_spi_bsp//libhal_bsp.a(alt_dcache_flush_all.o)
 .comment       0x000000000000002d       0x2e ../tap_spi_bsp//libhal_bsp.a(alt_dev.o)
 .comment       0x000000000000002d       0x2e ../tap_spi_bsp//libhal_bsp.a(alt_dev_llist_insert.o)
 .comment       0x000000000000002d       0x2e ../tap_spi_bsp//libhal_bsp.a(alt_errno.o)
 .comment       0x000000000000002d       0x2e ../tap_spi_bsp//libhal_bsp.a(alt_find_dev.o)
 .comment       0x000000000000002d       0x2e ../tap_spi_bsp//libhal_bsp.a(alt_icache_flush_all.o)
 .comment       0x000000000000002d       0x2e ../tap_spi_bsp//libhal_bsp.a(alt_irq_handler.o)
 .comment       0x000000000000002d       0x2e ../tap_spi_bsp//libhal_bsp.a(altera_nios2_gen2_irq.o)
 .comment       0x000000000000002d       0x2e ../tap_spi_bsp//libhal_bsp.a(alt_instruction_exception_entry.o)
 .comment       0x000000000000002d       0x2e /home/jalexandrou/intelFPGA_lite/20.1/nios2eds/bin/gnu/H-x86_64-pc-linux-gnu/bin/../lib/gcc/nios2-elf/10.1.1/../../../../../H-x86_64-pc-linux-gnu/nios2-elf/lib/mno-hw-mul/libsmallc.a(lib_a-memcmp.o)
 .comment       0x000000000000002d       0x2e /home/jalexandrou/intelFPGA_lite/20.1/nios2eds/bin/gnu/H-x86_64-pc-linux-gnu/bin/../lib/gcc/nios2-elf/10.1.1/../../../../../H-x86_64-pc-linux-gnu/nios2-elf/lib/mno-hw-mul/libsmallc.a(lib_a-memcpy.o)

.debug
 *(.debug)

.line
 *(.line)

.debug_srcinfo
 *(.debug_srcinfo)

.debug_sfnames
 *(.debug_sfnames)

.debug_aranges  0x0000000000000000      0x540
 *(.debug_aranges)
 .debug_aranges
                0x0000000000000000       0x28 ../tap_spi_bsp//obj/HAL/src/crt0.o
 .debug_aranges
                0x0000000000000028       0x28 obj/default/tap_spi.o
 .debug_aranges
                0x0000000000000050       0x20 /home/jalexandrou/intelFPGA_lite/20.1/nios2eds/bin/gnu/H-x86_64-pc-linux-gnu/bin/../lib/gcc/nios2-elf/10.1.1/mno-hw-mul/libgcc.a(lib2-divmod.o)
 .debug_aranges
                0x0000000000000070       0x20 /home/jalexandrou/intelFPGA_lite/20.1/nios2eds/bin/gnu/H-x86_64-pc-linux-gnu/bin/../lib/gcc/nios2-elf/10.1.1/mno-hw-mul/libgcc.a(lib2-mul.o)
 .debug_aranges
                0x0000000000000090       0x28 /home/jalexandrou/intelFPGA_lite/20.1/nios2eds/bin/gnu/H-x86_64-pc-linux-gnu/bin/../lib/gcc/nios2-elf/10.1.1/../../../../../H-x86_64-pc-linux-gnu/nios2-elf/lib/mno-hw-mul/libsmallc.a(lib_a-malloc.o)
 .debug_aranges
                0x00000000000000b8       0x20 /home/jalexandrou/intelFPGA_lite/20.1/nios2eds/bin/gnu/H-x86_64-pc-linux-gnu/bin/../lib/gcc/nios2-elf/10.1.1/../../../../../H-x86_64-pc-linux-gnu/nios2-elf/lib/mno-hw-mul/libsmallc.a(lib_a-nano-freer.o)
 .debug_aranges
                0x00000000000000d8       0x20 /home/jalexandrou/intelFPGA_lite/20.1/nios2eds/bin/gnu/H-x86_64-pc-linux-gnu/bin/../lib/gcc/nios2-elf/10.1.1/../../../../../H-x86_64-pc-linux-gnu/nios2-elf/lib/mno-hw-mul/libsmallc.a(lib_a-nano-mallocr.o)
 .debug_aranges
                0x00000000000000f8       0x28 /home/jalexandrou/intelFPGA_lite/20.1/nios2eds/bin/gnu/H-x86_64-pc-linux-gnu/bin/../lib/gcc/nios2-elf/10.1.1/../../../../../H-x86_64-pc-linux-gnu/nios2-elf/lib/mno-hw-mul/libsmallc.a(lib_a-printf.o)
 .debug_aranges
                0x0000000000000120       0x20 /home/jalexandrou/intelFPGA_lite/20.1/nios2eds/bin/gnu/H-x86_64-pc-linux-gnu/bin/../lib/gcc/nios2-elf/10.1.1/../../../../../H-x86_64-pc-linux-gnu/nios2-elf/lib/mno-hw-mul/libsmallc.a(lib_a-sbrkr.o)
 .debug_aranges
                0x0000000000000140       0x30 /home/jalexandrou/intelFPGA_lite/20.1/nios2eds/bin/gnu/H-x86_64-pc-linux-gnu/bin/../lib/gcc/nios2-elf/10.1.1/../../../../../H-x86_64-pc-linux-gnu/nios2-elf/lib/mno-hw-mul/libsmallc.a(lib_a-vfprintf.o)
 .debug_aranges
                0x0000000000000170       0x20 /home/jalexandrou/intelFPGA_lite/20.1/nios2eds/bin/gnu/H-x86_64-pc-linux-gnu/bin/../lib/gcc/nios2-elf/10.1.1/../../../../../H-x86_64-pc-linux-gnu/nios2-elf/lib/mno-hw-mul/libsmallc.a(lib_a-fvwrite_small_dev.o)
 .debug_aranges
                0x0000000000000190       0x18 /home/jalexandrou/intelFPGA_lite/20.1/nios2eds/bin/gnu/H-x86_64-pc-linux-gnu/bin/../lib/gcc/nios2-elf/10.1.1/../../../../../H-x86_64-pc-linux-gnu/nios2-elf/lib/mno-hw-mul/libsmallc.a(lib_a-impure.o)
 .debug_aranges
                0x00000000000001a8       0x18 /home/jalexandrou/intelFPGA_lite/20.1/nios2eds/bin/gnu/H-x86_64-pc-linux-gnu/bin/../lib/gcc/nios2-elf/10.1.1/../../../../../H-x86_64-pc-linux-gnu/nios2-elf/lib/mno-hw-mul/libsmallc.a(lib_a-int_errno.o)
 .debug_aranges
                0x00000000000001c0       0x20 /home/jalexandrou/intelFPGA_lite/20.1/nios2eds/bin/gnu/H-x86_64-pc-linux-gnu/bin/../lib/gcc/nios2-elf/10.1.1/../../../../../H-x86_64-pc-linux-gnu/nios2-elf/lib/mno-hw-mul/libsmallc.a(lib_a-strlen.o)
 .debug_aranges
                0x00000000000001e0       0x20 /home/jalexandrou/intelFPGA_lite/20.1/nios2eds/bin/gnu/H-x86_64-pc-linux-gnu/bin/../lib/gcc/nios2-elf/10.1.1/../../../../../H-x86_64-pc-linux-gnu/nios2-elf/lib/mno-hw-mul/libsmallc.a(lib_a-writer.o)
 .debug_aranges
                0x0000000000000200       0x20 ../tap_spi_bsp//libhal_bsp.a(alt_irq_register.o)
 .debug_aranges
                0x0000000000000220       0x18 ../tap_spi_bsp//libhal_bsp.a(alt_irq_vars.o)
 .debug_aranges
                0x0000000000000238       0x20 ../tap_spi_bsp//libhal_bsp.a(alt_load.o)
 .debug_aranges
                0x0000000000000258       0x20 ../tap_spi_bsp//libhal_bsp.a(alt_main.o)
 .debug_aranges
                0x0000000000000278       0x20 ../tap_spi_bsp//libhal_bsp.a(alt_malloc_lock.o)
 .debug_aranges
                0x0000000000000298       0x20 ../tap_spi_bsp//libhal_bsp.a(alt_putstr.o)
 .debug_aranges
                0x00000000000002b8       0x20 ../tap_spi_bsp//libhal_bsp.a(alt_sbrk.o)
 .debug_aranges
                0x00000000000002d8       0x20 ../tap_spi_bsp//libhal_bsp.a(alt_write.o)
 .debug_aranges
                0x00000000000002f8       0x20 ../tap_spi_bsp//libhal_bsp.a(alt_sys_init.o)
 .debug_aranges
                0x0000000000000318       0x20 ../tap_spi_bsp//libhal_bsp.a(altera_avalon_jtag_uart_write.o)
 .debug_aranges
                0x0000000000000338       0x20 ../tap_spi_bsp//libhal_bsp.a(altera_avalon_spi.o)
 .debug_aranges
                0x0000000000000358       0x20 ../tap_spi_bsp//libhal_bsp.a(altera_up_avalon_accelerometer_spi.o)
 .debug_aranges
                0x0000000000000378       0x20 ../tap_spi_bsp//libhal_bsp.a(alt_dcache_flush_all.o)
 .debug_aranges
                0x0000000000000398       0x20 ../tap_spi_bsp//libhal_bsp.a(alt_dev.o)
 .debug_aranges
                0x00000000000003b8       0x20 ../tap_spi_bsp//libhal_bsp.a(alt_dev_llist_insert.o)
 .debug_aranges
                0x00000000000003d8       0x18 ../tap_spi_bsp//libhal_bsp.a(alt_errno.o)
 .debug_aranges
                0x00000000000003f0       0x20 ../tap_spi_bsp//libhal_bsp.a(alt_find_dev.o)
 .debug_aranges
                0x0000000000000410       0x20 ../tap_spi_bsp//libhal_bsp.a(alt_icache_flush_all.o)
 .debug_aranges
                0x0000000000000430       0x30 ../tap_spi_bsp//libhal_bsp.a(alt_irq_entry.o)
 .debug_aranges
                0x0000000000000460       0x20 ../tap_spi_bsp//libhal_bsp.a(alt_irq_handler.o)
 .debug_aranges
                0x0000000000000480       0x20 ../tap_spi_bsp//libhal_bsp.a(altera_nios2_gen2_irq.o)
 .debug_aranges
                0x00000000000004a0       0x38 ../tap_spi_bsp//libhal_bsp.a(alt_exception_entry.o)
 .debug_aranges
                0x00000000000004d8       0x28 ../tap_spi_bsp//libhal_bsp.a(alt_instruction_exception_entry.o)
 .debug_aranges
                0x0000000000000500       0x20 /home/jalexandrou/intelFPGA_lite/20.1/nios2eds/bin/gnu/H-x86_64-pc-linux-gnu/bin/../lib/gcc/nios2-elf/10.1.1/../../../../../H-x86_64-pc-linux-gnu/nios2-elf/lib/mno-hw-mul/libsmallc.a(lib_a-memcmp.o)
 .debug_aranges
                0x0000000000000520       0x20 /home/jalexandrou/intelFPGA_lite/20.1/nios2eds/bin/gnu/H-x86_64-pc-linux-gnu/bin/../lib/gcc/nios2-elf/10.1.1/../../../../../H-x86_64-pc-linux-gnu/nios2-elf/lib/mno-hw-mul/libsmallc.a(lib_a-memcpy.o)

.debug_pubnames
 *(.debug_pubnames)

.debug_info     0x0000000000000000     0x85d8
 *(.debug_info .gnu.linkonce.wi.*)
 .debug_info    0x0000000000000000       0x22 ../tap_spi_bsp//obj/HAL/src/crt0.o
 .debug_info    0x0000000000000022      0x5fa obj/default/tap_spi.o
 .debug_info    0x000000000000061c      0x368 /home/jalexandrou/intelFPGA_lite/20.1/nios2eds/bin/gnu/H-x86_64-pc-linux-gnu/bin/../lib/gcc/nios2-elf/10.1.1/mno-hw-mul/libgcc.a(lib2-divmod.o)
 .debug_info    0x0000000000000984       0xcb /home/jalexandrou/intelFPGA_lite/20.1/nios2eds/bin/gnu/H-x86_64-pc-linux-gnu/bin/../lib/gcc/nios2-elf/10.1.1/mno-hw-mul/libgcc.a(lib2-mul.o)
 .debug_info    0x0000000000000a4f      0x68c /home/jalexandrou/intelFPGA_lite/20.1/nios2eds/bin/gnu/H-x86_64-pc-linux-gnu/bin/../lib/gcc/nios2-elf/10.1.1/../../../../../H-x86_64-pc-linux-gnu/nios2-elf/lib/mno-hw-mul/libsmallc.a(lib_a-malloc.o)
 .debug_info    0x00000000000010db      0x754 /home/jalexandrou/intelFPGA_lite/20.1/nios2eds/bin/gnu/H-x86_64-pc-linux-gnu/bin/../lib/gcc/nios2-elf/10.1.1/../../../../../H-x86_64-pc-linux-gnu/nios2-elf/lib/mno-hw-mul/libsmallc.a(lib_a-nano-freer.o)
 .debug_info    0x000000000000182f      0x863 /home/jalexandrou/intelFPGA_lite/20.1/nios2eds/bin/gnu/H-x86_64-pc-linux-gnu/bin/../lib/gcc/nios2-elf/10.1.1/../../../../../H-x86_64-pc-linux-gnu/nios2-elf/lib/mno-hw-mul/libsmallc.a(lib_a-nano-mallocr.o)
 .debug_info    0x0000000000002092      0x72b /home/jalexandrou/intelFPGA_lite/20.1/nios2eds/bin/gnu/H-x86_64-pc-linux-gnu/bin/../lib/gcc/nios2-elf/10.1.1/../../../../../H-x86_64-pc-linux-gnu/nios2-elf/lib/mno-hw-mul/libsmallc.a(lib_a-printf.o)
 .debug_info    0x00000000000027bd      0x681 /home/jalexandrou/intelFPGA_lite/20.1/nios2eds/bin/gnu/H-x86_64-pc-linux-gnu/bin/../lib/gcc/nios2-elf/10.1.1/../../../../../H-x86_64-pc-linux-gnu/nios2-elf/lib/mno-hw-mul/libsmallc.a(lib_a-sbrkr.o)
 .debug_info    0x0000000000002e3e      0xeb5 /home/jalexandrou/intelFPGA_lite/20.1/nios2eds/bin/gnu/H-x86_64-pc-linux-gnu/bin/../lib/gcc/nios2-elf/10.1.1/../../../../../H-x86_64-pc-linux-gnu/nios2-elf/lib/mno-hw-mul/libsmallc.a(lib_a-vfprintf.o)
 .debug_info    0x0000000000003cf3      0x6b3 /home/jalexandrou/intelFPGA_lite/20.1/nios2eds/bin/gnu/H-x86_64-pc-linux-gnu/bin/../lib/gcc/nios2-elf/10.1.1/../../../../../H-x86_64-pc-linux-gnu/nios2-elf/lib/mno-hw-mul/libsmallc.a(lib_a-fvwrite_small_dev.o)
 .debug_info    0x00000000000043a6      0x61e /home/jalexandrou/intelFPGA_lite/20.1/nios2eds/bin/gnu/H-x86_64-pc-linux-gnu/bin/../lib/gcc/nios2-elf/10.1.1/../../../../../H-x86_64-pc-linux-gnu/nios2-elf/lib/mno-hw-mul/libsmallc.a(lib_a-impure.o)
 .debug_info    0x00000000000049c4       0x84 /home/jalexandrou/intelFPGA_lite/20.1/nios2eds/bin/gnu/H-x86_64-pc-linux-gnu/bin/../lib/gcc/nios2-elf/10.1.1/../../../../../H-x86_64-pc-linux-gnu/nios2-elf/lib/mno-hw-mul/libsmallc.a(lib_a-int_errno.o)
 .debug_info    0x0000000000004a48       0xd0 /home/jalexandrou/intelFPGA_lite/20.1/nios2eds/bin/gnu/H-x86_64-pc-linux-gnu/bin/../lib/gcc/nios2-elf/10.1.1/../../../../../H-x86_64-pc-linux-gnu/nios2-elf/lib/mno-hw-mul/libsmallc.a(lib_a-strlen.o)
 .debug_info    0x0000000000004b18      0x6b3 /home/jalexandrou/intelFPGA_lite/20.1/nios2eds/bin/gnu/H-x86_64-pc-linux-gnu/bin/../lib/gcc/nios2-elf/10.1.1/../../../../../H-x86_64-pc-linux-gnu/nios2-elf/lib/mno-hw-mul/libsmallc.a(lib_a-writer.o)
 .debug_info    0x00000000000051cb      0x337 ../tap_spi_bsp//libhal_bsp.a(alt_irq_register.o)
 .debug_info    0x0000000000005502       0x8b ../tap_spi_bsp//libhal_bsp.a(alt_irq_vars.o)
 .debug_info    0x000000000000558d      0x267 ../tap_spi_bsp//libhal_bsp.a(alt_load.o)
 .debug_info    0x00000000000057f4      0x129 ../tap_spi_bsp//libhal_bsp.a(alt_main.o)
 .debug_info    0x000000000000591d      0x93a ../tap_spi_bsp//libhal_bsp.a(alt_malloc_lock.o)
 .debug_info    0x0000000000006257      0x132 ../tap_spi_bsp//libhal_bsp.a(alt_putstr.o)
 .debug_info    0x0000000000006389      0x1c9 ../tap_spi_bsp//libhal_bsp.a(alt_sbrk.o)
 .debug_info    0x0000000000006552      0x19b ../tap_spi_bsp//libhal_bsp.a(alt_write.o)
 .debug_info    0x00000000000066ed      0x42c ../tap_spi_bsp//libhal_bsp.a(alt_sys_init.o)
 .debug_info    0x0000000000006b19      0x14a ../tap_spi_bsp//libhal_bsp.a(altera_avalon_jtag_uart_write.o)
 .debug_info    0x0000000000006c63      0x1d6 ../tap_spi_bsp//libhal_bsp.a(altera_avalon_spi.o)
 .debug_info    0x0000000000006e39      0x4b1 ../tap_spi_bsp//libhal_bsp.a(altera_up_avalon_accelerometer_spi.o)
 .debug_info    0x00000000000072ea       0x8c ../tap_spi_bsp//libhal_bsp.a(alt_dcache_flush_all.o)
 .debug_info    0x0000000000007376      0x57a ../tap_spi_bsp//libhal_bsp.a(alt_dev.o)
 .debug_info    0x00000000000078f0      0x1d1 ../tap_spi_bsp//libhal_bsp.a(alt_dev_llist_insert.o)
 .debug_info    0x0000000000007ac1       0x9d ../tap_spi_bsp//libhal_bsp.a(alt_errno.o)
 .debug_info    0x0000000000007b5e      0x348 ../tap_spi_bsp//libhal_bsp.a(alt_find_dev.o)
 .debug_info    0x0000000000007ea6       0x8c ../tap_spi_bsp//libhal_bsp.a(alt_icache_flush_all.o)
 .debug_info    0x0000000000007f32       0x22 ../tap_spi_bsp//libhal_bsp.a(alt_irq_entry.o)
 .debug_info    0x0000000000007f54      0x19f ../tap_spi_bsp//libhal_bsp.a(alt_irq_handler.o)
 .debug_info    0x00000000000080f3       0x8c ../tap_spi_bsp//libhal_bsp.a(altera_nios2_gen2_irq.o)
 .debug_info    0x000000000000817f       0x22 ../tap_spi_bsp//libhal_bsp.a(alt_exception_entry.o)
 .debug_info    0x00000000000081a1      0x20f ../tap_spi_bsp//libhal_bsp.a(alt_instruction_exception_entry.o)
 .debug_info    0x00000000000083b0      0x100 /home/jalexandrou/intelFPGA_lite/20.1/nios2eds/bin/gnu/H-x86_64-pc-linux-gnu/bin/../lib/gcc/nios2-elf/10.1.1/../../../../../H-x86_64-pc-linux-gnu/nios2-elf/lib/mno-hw-mul/libsmallc.a(lib_a-memcmp.o)
 .debug_info    0x00000000000084b0      0x128 /home/jalexandrou/intelFPGA_lite/20.1/nios2eds/bin/gnu/H-x86_64-pc-linux-gnu/bin/../lib/gcc/nios2-elf/10.1.1/../../../../../H-x86_64-pc-linux-gnu/nios2-elf/lib/mno-hw-mul/libsmallc.a(lib_a-memcpy.o)

.debug_abbrev   0x0000000000000000     0x2d86
 *(.debug_abbrev)
 .debug_abbrev  0x0000000000000000       0x12 ../tap_spi_bsp//obj/HAL/src/crt0.o
 .debug_abbrev  0x0000000000000012      0x173 obj/default/tap_spi.o
 .debug_abbrev  0x0000000000000185      0x103 /home/jalexandrou/intelFPGA_lite/20.1/nios2eds/bin/gnu/H-x86_64-pc-linux-gnu/bin/../lib/gcc/nios2-elf/10.1.1/mno-hw-mul/libgcc.a(lib2-divmod.o)
 .debug_abbrev  0x0000000000000288       0x7d /home/jalexandrou/intelFPGA_lite/20.1/nios2eds/bin/gnu/H-x86_64-pc-linux-gnu/bin/../lib/gcc/nios2-elf/10.1.1/mno-hw-mul/libgcc.a(lib2-mul.o)
 .debug_abbrev  0x0000000000000305      0x1df /home/jalexandrou/intelFPGA_lite/20.1/nios2eds/bin/gnu/H-x86_64-pc-linux-gnu/bin/../lib/gcc/nios2-elf/10.1.1/../../../../../H-x86_64-pc-linux-gnu/nios2-elf/lib/mno-hw-mul/libsmallc.a(lib_a-malloc.o)
 .debug_abbrev  0x00000000000004e4      0x25e /home/jalexandrou/intelFPGA_lite/20.1/nios2eds/bin/gnu/H-x86_64-pc-linux-gnu/bin/../lib/gcc/nios2-elf/10.1.1/../../../../../H-x86_64-pc-linux-gnu/nios2-elf/lib/mno-hw-mul/libsmallc.a(lib_a-nano-freer.o)
 .debug_abbrev  0x0000000000000742      0x2c0 /home/jalexandrou/intelFPGA_lite/20.1/nios2eds/bin/gnu/H-x86_64-pc-linux-gnu/bin/../lib/gcc/nios2-elf/10.1.1/../../../../../H-x86_64-pc-linux-gnu/nios2-elf/lib/mno-hw-mul/libsmallc.a(lib_a-nano-mallocr.o)
 .debug_abbrev  0x0000000000000a02      0x216 /home/jalexandrou/intelFPGA_lite/20.1/nios2eds/bin/gnu/H-x86_64-pc-linux-gnu/bin/../lib/gcc/nios2-elf/10.1.1/../../../../../H-x86_64-pc-linux-gnu/nios2-elf/lib/mno-hw-mul/libsmallc.a(lib_a-printf.o)
 .debug_abbrev  0x0000000000000c18      0x1ff /home/jalexandrou/intelFPGA_lite/20.1/nios2eds/bin/gnu/H-x86_64-pc-linux-gnu/bin/../lib/gcc/nios2-elf/10.1.1/../../../../../H-x86_64-pc-linux-gnu/nios2-elf/lib/mno-hw-mul/libsmallc.a(lib_a-sbrkr.o)
 .debug_abbrev  0x0000000000000e17      0x2f7 /home/jalexandrou/intelFPGA_lite/20.1/nios2eds/bin/gnu/H-x86_64-pc-linux-gnu/bin/../lib/gcc/nios2-elf/10.1.1/../../../../../H-x86_64-pc-linux-gnu/nios2-elf/lib/mno-hw-mul/libsmallc.a(lib_a-vfprintf.o)
 .debug_abbrev  0x000000000000110e      0x1ed /home/jalexandrou/intelFPGA_lite/20.1/nios2eds/bin/gnu/H-x86_64-pc-linux-gnu/bin/../lib/gcc/nios2-elf/10.1.1/../../../../../H-x86_64-pc-linux-gnu/nios2-elf/lib/mno-hw-mul/libsmallc.a(lib_a-fvwrite_small_dev.o)
 .debug_abbrev  0x00000000000012fb      0x17a /home/jalexandrou/intelFPGA_lite/20.1/nios2eds/bin/gnu/H-x86_64-pc-linux-gnu/bin/../lib/gcc/nios2-elf/10.1.1/../../../../../H-x86_64-pc-linux-gnu/nios2-elf/lib/mno-hw-mul/libsmallc.a(lib_a-impure.o)
 .debug_abbrev  0x0000000000001475       0x39 /home/jalexandrou/intelFPGA_lite/20.1/nios2eds/bin/gnu/H-x86_64-pc-linux-gnu/bin/../lib/gcc/nios2-elf/10.1.1/../../../../../H-x86_64-pc-linux-gnu/nios2-elf/lib/mno-hw-mul/libsmallc.a(lib_a-int_errno.o)
 .debug_abbrev  0x00000000000014ae       0x8d /home/jalexandrou/intelFPGA_lite/20.1/nios2eds/bin/gnu/H-x86_64-pc-linux-gnu/bin/../lib/gcc/nios2-elf/10.1.1/../../../../../H-x86_64-pc-linux-gnu/nios2-elf/lib/mno-hw-mul/libsmallc.a(lib_a-strlen.o)
 .debug_abbrev  0x000000000000153b      0x1d9 /home/jalexandrou/intelFPGA_lite/20.1/nios2eds/bin/gnu/H-x86_64-pc-linux-gnu/bin/../lib/gcc/nios2-elf/10.1.1/../../../../../H-x86_64-pc-linux-gnu/nios2-elf/lib/mno-hw-mul/libsmallc.a(lib_a-writer.o)
 .debug_abbrev  0x0000000000001714      0x1fa ../tap_spi_bsp//libhal_bsp.a(alt_irq_register.o)
 .debug_abbrev  0x000000000000190e       0x44 ../tap_spi_bsp//libhal_bsp.a(alt_irq_vars.o)
 .debug_abbrev  0x0000000000001952      0x125 ../tap_spi_bsp//libhal_bsp.a(alt_load.o)
 .debug_abbrev  0x0000000000001a77       0xba ../tap_spi_bsp//libhal_bsp.a(alt_main.o)
 .debug_abbrev  0x0000000000001b31      0x1f0 ../tap_spi_bsp//libhal_bsp.a(alt_malloc_lock.o)
 .debug_abbrev  0x0000000000001d21       0xe0 ../tap_spi_bsp//libhal_bsp.a(alt_putstr.o)
 .debug_abbrev  0x0000000000001e01      0x144 ../tap_spi_bsp//libhal_bsp.a(alt_sbrk.o)
 .debug_abbrev  0x0000000000001f45      0x12b ../tap_spi_bsp//libhal_bsp.a(alt_write.o)
 .debug_abbrev  0x0000000000002070      0x1c9 ../tap_spi_bsp//libhal_bsp.a(alt_sys_init.o)
 .debug_abbrev  0x0000000000002239       0xea ../tap_spi_bsp//libhal_bsp.a(altera_avalon_jtag_uart_write.o)
 .debug_abbrev  0x0000000000002323       0xa7 ../tap_spi_bsp//libhal_bsp.a(altera_avalon_spi.o)
 .debug_abbrev  0x00000000000023ca      0x130 ../tap_spi_bsp//libhal_bsp.a(altera_up_avalon_accelerometer_spi.o)
 .debug_abbrev  0x00000000000024fa       0x44 ../tap_spi_bsp//libhal_bsp.a(alt_dcache_flush_all.o)
 .debug_abbrev  0x000000000000253e      0x117 ../tap_spi_bsp//libhal_bsp.a(alt_dev.o)
 .debug_abbrev  0x0000000000002655      0x145 ../tap_spi_bsp//libhal_bsp.a(alt_dev_llist_insert.o)
 .debug_abbrev  0x000000000000279a       0x5a ../tap_spi_bsp//libhal_bsp.a(alt_errno.o)
 .debug_abbrev  0x00000000000027f4      0x12f ../tap_spi_bsp//libhal_bsp.a(alt_find_dev.o)
 .debug_abbrev  0x0000000000002923       0x44 ../tap_spi_bsp//libhal_bsp.a(alt_icache_flush_all.o)
 .debug_abbrev  0x0000000000002967       0x12 ../tap_spi_bsp//libhal_bsp.a(alt_irq_entry.o)
 .debug_abbrev  0x0000000000002979      0x145 ../tap_spi_bsp//libhal_bsp.a(alt_irq_handler.o)
 .debug_abbrev  0x0000000000002abe       0x44 ../tap_spi_bsp//libhal_bsp.a(altera_nios2_gen2_irq.o)
 .debug_abbrev  0x0000000000002b02       0x12 ../tap_spi_bsp//libhal_bsp.a(alt_exception_entry.o)
 .debug_abbrev  0x0000000000002b14      0x116 ../tap_spi_bsp//libhal_bsp.a(alt_instruction_exception_entry.o)
 .debug_abbrev  0x0000000000002c2a       0x9e /home/jalexandrou/intelFPGA_lite/20.1/nios2eds/bin/gnu/H-x86_64-pc-linux-gnu/bin/../lib/gcc/nios2-elf/10.1.1/../../../../../H-x86_64-pc-linux-gnu/nios2-elf/lib/mno-hw-mul/libsmallc.a(lib_a-memcmp.o)
 .debug_abbrev  0x0000000000002cc8       0xbe /home/jalexandrou/intelFPGA_lite/20.1/nios2eds/bin/gnu/H-x86_64-pc-linux-gnu/bin/../lib/gcc/nios2-elf/10.1.1/../../../../../H-x86_64-pc-linux-gnu/nios2-elf/lib/mno-hw-mul/libsmallc.a(lib_a-memcpy.o)

.debug_line     0x0000000000000000     0x3d87
 *(.debug_line)
 .debug_line    0x0000000000000000       0x66 ../tap_spi_bsp//obj/HAL/src/crt0.o
 .debug_line    0x0000000000000066      0x283 obj/default/tap_spi.o
 .debug_line    0x00000000000002e9      0x306 /home/jalexandrou/intelFPGA_lite/20.1/nios2eds/bin/gnu/H-x86_64-pc-linux-gnu/bin/../lib/gcc/nios2-elf/10.1.1/mno-hw-mul/libgcc.a(lib2-divmod.o)
 .debug_line    0x00000000000005ef       0xb7 /home/jalexandrou/intelFPGA_lite/20.1/nios2eds/bin/gnu/H-x86_64-pc-linux-gnu/bin/../lib/gcc/nios2-elf/10.1.1/mno-hw-mul/libgcc.a(lib2-mul.o)
 .debug_line    0x00000000000006a6      0x206 /home/jalexandrou/intelFPGA_lite/20.1/nios2eds/bin/gnu/H-x86_64-pc-linux-gnu/bin/../lib/gcc/nios2-elf/10.1.1/../../../../../H-x86_64-pc-linux-gnu/nios2-elf/lib/mno-hw-mul/libsmallc.a(lib_a-malloc.o)
 .debug_line    0x00000000000008ac      0x32f /home/jalexandrou/intelFPGA_lite/20.1/nios2eds/bin/gnu/H-x86_64-pc-linux-gnu/bin/../lib/gcc/nios2-elf/10.1.1/../../../../../H-x86_64-pc-linux-gnu/nios2-elf/lib/mno-hw-mul/libsmallc.a(lib_a-nano-freer.o)
 .debug_line    0x0000000000000bdb      0x374 /home/jalexandrou/intelFPGA_lite/20.1/nios2eds/bin/gnu/H-x86_64-pc-linux-gnu/bin/../lib/gcc/nios2-elf/10.1.1/../../../../../H-x86_64-pc-linux-gnu/nios2-elf/lib/mno-hw-mul/libsmallc.a(lib_a-nano-mallocr.o)
 .debug_line    0x0000000000000f4f      0x24c /home/jalexandrou/intelFPGA_lite/20.1/nios2eds/bin/gnu/H-x86_64-pc-linux-gnu/bin/../lib/gcc/nios2-elf/10.1.1/../../../../../H-x86_64-pc-linux-gnu/nios2-elf/lib/mno-hw-mul/libsmallc.a(lib_a-printf.o)
 .debug_line    0x000000000000119b      0x218 /home/jalexandrou/intelFPGA_lite/20.1/nios2eds/bin/gnu/H-x86_64-pc-linux-gnu/bin/../lib/gcc/nios2-elf/10.1.1/../../../../../H-x86_64-pc-linux-gnu/nios2-elf/lib/mno-hw-mul/libsmallc.a(lib_a-sbrkr.o)
 .debug_line    0x00000000000013b3      0x73c /home/jalexandrou/intelFPGA_lite/20.1/nios2eds/bin/gnu/H-x86_64-pc-linux-gnu/bin/../lib/gcc/nios2-elf/10.1.1/../../../../../H-x86_64-pc-linux-gnu/nios2-elf/lib/mno-hw-mul/libsmallc.a(lib_a-vfprintf.o)
 .debug_line    0x0000000000001aef      0x253 /home/jalexandrou/intelFPGA_lite/20.1/nios2eds/bin/gnu/H-x86_64-pc-linux-gnu/bin/../lib/gcc/nios2-elf/10.1.1/../../../../../H-x86_64-pc-linux-gnu/nios2-elf/lib/mno-hw-mul/libsmallc.a(lib_a-fvwrite_small_dev.o)
 .debug_line    0x0000000000001d42      0x15d /home/jalexandrou/intelFPGA_lite/20.1/nios2eds/bin/gnu/H-x86_64-pc-linux-gnu/bin/../lib/gcc/nios2-elf/10.1.1/../../../../../H-x86_64-pc-linux-gnu/nios2-elf/lib/mno-hw-mul/libsmallc.a(lib_a-impure.o)
 .debug_line    0x0000000000001e9f       0x61 /home/jalexandrou/intelFPGA_lite/20.1/nios2eds/bin/gnu/H-x86_64-pc-linux-gnu/bin/../lib/gcc/nios2-elf/10.1.1/../../../../../H-x86_64-pc-linux-gnu/nios2-elf/lib/mno-hw-mul/libsmallc.a(lib_a-int_errno.o)
 .debug_line    0x0000000000001f00      0x17d /home/jalexandrou/intelFPGA_lite/20.1/nios2eds/bin/gnu/H-x86_64-pc-linux-gnu/bin/../lib/gcc/nios2-elf/10.1.1/../../../../../H-x86_64-pc-linux-gnu/nios2-elf/lib/mno-hw-mul/libsmallc.a(lib_a-strlen.o)
 .debug_line    0x000000000000207d      0x226 /home/jalexandrou/intelFPGA_lite/20.1/nios2eds/bin/gnu/H-x86_64-pc-linux-gnu/bin/../lib/gcc/nios2-elf/10.1.1/../../../../../H-x86_64-pc-linux-gnu/nios2-elf/lib/mno-hw-mul/libsmallc.a(lib_a-writer.o)
 .debug_line    0x00000000000022a3      0x1b1 ../tap_spi_bsp//libhal_bsp.a(alt_irq_register.o)
 .debug_line    0x0000000000002454       0x50 ../tap_spi_bsp//libhal_bsp.a(alt_irq_vars.o)
 .debug_line    0x00000000000024a4      0x101 ../tap_spi_bsp//libhal_bsp.a(alt_load.o)
 .debug_line    0x00000000000025a5       0xe0 ../tap_spi_bsp//libhal_bsp.a(alt_main.o)
 .debug_line    0x0000000000002685      0x14a ../tap_spi_bsp//libhal_bsp.a(alt_malloc_lock.o)
 .debug_line    0x00000000000027cf       0xcd ../tap_spi_bsp//libhal_bsp.a(alt_putstr.o)
 .debug_line    0x000000000000289c      0x15a ../tap_spi_bsp//libhal_bsp.a(alt_sbrk.o)
 .debug_line    0x00000000000029f6      0x1aa ../tap_spi_bsp//libhal_bsp.a(alt_write.o)
 .debug_line    0x0000000000002ba0      0x172 ../tap_spi_bsp//libhal_bsp.a(alt_sys_init.o)
 .debug_line    0x0000000000002d12       0xd6 ../tap_spi_bsp//libhal_bsp.a(altera_avalon_jtag_uart_write.o)
 .debug_line    0x0000000000002de8      0x1a7 ../tap_spi_bsp//libhal_bsp.a(altera_avalon_spi.o)
 .debug_line    0x0000000000002f8f      0x222 ../tap_spi_bsp//libhal_bsp.a(altera_up_avalon_accelerometer_spi.o)
 .debug_line    0x00000000000031b1       0x53 ../tap_spi_bsp//libhal_bsp.a(alt_dcache_flush_all.o)
 .debug_line    0x0000000000003204      0x1c8 ../tap_spi_bsp//libhal_bsp.a(alt_dev.o)
 .debug_line    0x00000000000033cc      0x139 ../tap_spi_bsp//libhal_bsp.a(alt_dev_llist_insert.o)
 .debug_line    0x0000000000003505       0x51 ../tap_spi_bsp//libhal_bsp.a(alt_errno.o)
 .debug_line    0x0000000000003556      0x139 ../tap_spi_bsp//libhal_bsp.a(alt_find_dev.o)
 .debug_line    0x000000000000368f       0x51 ../tap_spi_bsp//libhal_bsp.a(alt_icache_flush_all.o)
 .debug_line    0x00000000000036e0       0x6b ../tap_spi_bsp//libhal_bsp.a(alt_irq_entry.o)
 .debug_line    0x000000000000374b      0x122 ../tap_spi_bsp//libhal_bsp.a(alt_irq_handler.o)
 .debug_line    0x000000000000386d       0x5a ../tap_spi_bsp//libhal_bsp.a(altera_nios2_gen2_irq.o)
 .debug_line    0x00000000000038c7       0xb3 ../tap_spi_bsp//libhal_bsp.a(alt_exception_entry.o)
 .debug_line    0x000000000000397a       0xee ../tap_spi_bsp//libhal_bsp.a(alt_instruction_exception_entry.o)
 .debug_line    0x0000000000003a68      0x192 /home/jalexandrou/intelFPGA_lite/20.1/nios2eds/bin/gnu/H-x86_64-pc-linux-gnu/bin/../lib/gcc/nios2-elf/10.1.1/../../../../../H-x86_64-pc-linux-gnu/nios2-elf/lib/mno-hw-mul/libsmallc.a(lib_a-memcmp.o)
 .debug_line    0x0000000000003bfa      0x18d /home/jalexandrou/intelFPGA_lite/20.1/nios2eds/bin/gnu/H-x86_64-pc-linux-gnu/bin/../lib/gcc/nios2-elf/10.1.1/../../../../../H-x86_64-pc-linux-gnu/nios2-elf/lib/mno-hw-mul/libsmallc.a(lib_a-memcpy.o)

.debug_frame    0x0000000000000000      0x6b8
 *(.debug_frame)
 .debug_frame   0x0000000000000000       0x60 obj/default/tap_spi.o
 .debug_frame   0x0000000000000060       0x50 /home/jalexandrou/intelFPGA_lite/20.1/nios2eds/bin/gnu/H-x86_64-pc-linux-gnu/bin/../lib/gcc/nios2-elf/10.1.1/mno-hw-mul/libgcc.a(lib2-divmod.o)
 .debug_frame   0x00000000000000b0       0x20 /home/jalexandrou/intelFPGA_lite/20.1/nios2eds/bin/gnu/H-x86_64-pc-linux-gnu/bin/../lib/gcc/nios2-elf/10.1.1/mno-hw-mul/libgcc.a(lib2-mul.o)
 .debug_frame   0x00000000000000d0       0x30 /home/jalexandrou/intelFPGA_lite/20.1/nios2eds/bin/gnu/H-x86_64-pc-linux-gnu/bin/../lib/gcc/nios2-elf/10.1.1/../../../../../H-x86_64-pc-linux-gnu/nios2-elf/lib/mno-hw-mul/libsmallc.a(lib_a-malloc.o)
 .debug_frame   0x0000000000000100       0x38 /home/jalexandrou/intelFPGA_lite/20.1/nios2eds/bin/gnu/H-x86_64-pc-linux-gnu/bin/../lib/gcc/nios2-elf/10.1.1/../../../../../H-x86_64-pc-linux-gnu/nios2-elf/lib/mno-hw-mul/libsmallc.a(lib_a-nano-freer.o)
 .debug_frame   0x0000000000000138       0x3c /home/jalexandrou/intelFPGA_lite/20.1/nios2eds/bin/gnu/H-x86_64-pc-linux-gnu/bin/../lib/gcc/nios2-elf/10.1.1/../../../../../H-x86_64-pc-linux-gnu/nios2-elf/lib/mno-hw-mul/libsmallc.a(lib_a-nano-mallocr.o)
 .debug_frame   0x0000000000000174       0x48 /home/jalexandrou/intelFPGA_lite/20.1/nios2eds/bin/gnu/H-x86_64-pc-linux-gnu/bin/../lib/gcc/nios2-elf/10.1.1/../../../../../H-x86_64-pc-linux-gnu/nios2-elf/lib/mno-hw-mul/libsmallc.a(lib_a-printf.o)
 .debug_frame   0x00000000000001bc       0x30 /home/jalexandrou/intelFPGA_lite/20.1/nios2eds/bin/gnu/H-x86_64-pc-linux-gnu/bin/../lib/gcc/nios2-elf/10.1.1/../../../../../H-x86_64-pc-linux-gnu/nios2-elf/lib/mno-hw-mul/libsmallc.a(lib_a-sbrkr.o)
 .debug_frame   0x00000000000001ec       0x90 /home/jalexandrou/intelFPGA_lite/20.1/nios2eds/bin/gnu/H-x86_64-pc-linux-gnu/bin/../lib/gcc/nios2-elf/10.1.1/../../../../../H-x86_64-pc-linux-gnu/nios2-elf/lib/mno-hw-mul/libsmallc.a(lib_a-vfprintf.o)
 .debug_frame   0x000000000000027c       0x3c /home/jalexandrou/intelFPGA_lite/20.1/nios2eds/bin/gnu/H-x86_64-pc-linux-gnu/bin/../lib/gcc/nios2-elf/10.1.1/../../../../../H-x86_64-pc-linux-gnu/nios2-elf/lib/mno-hw-mul/libsmallc.a(lib_a-fvwrite_small_dev.o)
 .debug_frame   0x00000000000002b8       0x20 /home/jalexandrou/intelFPGA_lite/20.1/nios2eds/bin/gnu/H-x86_64-pc-linux-gnu/bin/../lib/gcc/nios2-elf/10.1.1/../../../../../H-x86_64-pc-linux-gnu/nios2-elf/lib/mno-hw-mul/libsmallc.a(lib_a-strlen.o)
 .debug_frame   0x00000000000002d8       0x30 /home/jalexandrou/intelFPGA_lite/20.1/nios2eds/bin/gnu/H-x86_64-pc-linux-gnu/bin/../lib/gcc/nios2-elf/10.1.1/../../../../../H-x86_64-pc-linux-gnu/nios2-elf/lib/mno-hw-mul/libsmallc.a(lib_a-writer.o)
 .debug_frame   0x0000000000000308       0x20 ../tap_spi_bsp//libhal_bsp.a(alt_irq_register.o)
 .debug_frame   0x0000000000000328       0x2c ../tap_spi_bsp//libhal_bsp.a(alt_load.o)
 .debug_frame   0x0000000000000354       0x2c ../tap_spi_bsp//libhal_bsp.a(alt_main.o)
 .debug_frame   0x0000000000000380       0x30 ../tap_spi_bsp//libhal_bsp.a(alt_malloc_lock.o)
 .debug_frame   0x00000000000003b0       0x30 ../tap_spi_bsp//libhal_bsp.a(alt_putstr.o)
 .debug_frame   0x00000000000003e0       0x20 ../tap_spi_bsp//libhal_bsp.a(alt_sbrk.o)
 .debug_frame   0x0000000000000400       0x2c ../tap_spi_bsp//libhal_bsp.a(alt_write.o)
 .debug_frame   0x000000000000042c       0x3c ../tap_spi_bsp//libhal_bsp.a(alt_sys_init.o)
 .debug_frame   0x0000000000000468       0x20 ../tap_spi_bsp//libhal_bsp.a(altera_avalon_jtag_uart_write.o)
 .debug_frame   0x0000000000000488       0x20 ../tap_spi_bsp//libhal_bsp.a(altera_avalon_spi.o)
 .debug_frame   0x00000000000004a8       0x80 ../tap_spi_bsp//libhal_bsp.a(altera_up_avalon_accelerometer_spi.o)
 .debug_frame   0x0000000000000528       0x20 ../tap_spi_bsp//libhal_bsp.a(alt_dcache_flush_all.o)
 .debug_frame   0x0000000000000548       0x20 ../tap_spi_bsp//libhal_bsp.a(alt_dev.o)
 .debug_frame   0x0000000000000568       0x2c ../tap_spi_bsp//libhal_bsp.a(alt_dev_llist_insert.o)
 .debug_frame   0x0000000000000594       0x40 ../tap_spi_bsp//libhal_bsp.a(alt_find_dev.o)
 .debug_frame   0x00000000000005d4       0x20 ../tap_spi_bsp//libhal_bsp.a(alt_icache_flush_all.o)
 .debug_frame   0x00000000000005f4       0x34 ../tap_spi_bsp//libhal_bsp.a(alt_irq_handler.o)
 .debug_frame   0x0000000000000628       0x20 ../tap_spi_bsp//libhal_bsp.a(altera_nios2_gen2_irq.o)
 .debug_frame   0x0000000000000648       0x30 ../tap_spi_bsp//libhal_bsp.a(alt_instruction_exception_entry.o)
 .debug_frame   0x0000000000000678       0x20 /home/jalexandrou/intelFPGA_lite/20.1/nios2eds/bin/gnu/H-x86_64-pc-linux-gnu/bin/../lib/gcc/nios2-elf/10.1.1/../../../../../H-x86_64-pc-linux-gnu/nios2-elf/lib/mno-hw-mul/libsmallc.a(lib_a-memcmp.o)
 .debug_frame   0x0000000000000698       0x20 /home/jalexandrou/intelFPGA_lite/20.1/nios2eds/bin/gnu/H-x86_64-pc-linux-gnu/bin/../lib/gcc/nios2-elf/10.1.1/../../../../../H-x86_64-pc-linux-gnu/nios2-elf/lib/mno-hw-mul/libsmallc.a(lib_a-memcpy.o)

.debug_str      0x0000000000000000     0x1f8e
 *(.debug_str)
 .debug_str     0x0000000000000000       0x84 ../tap_spi_bsp//obj/HAL/src/crt0.o
 .debug_str     0x0000000000000084      0x2da obj/default/tap_spi.o
                                        0x34a (size before relaxing)
 .debug_str     0x000000000000035e      0x18d /home/jalexandrou/intelFPGA_lite/20.1/nios2eds/bin/gnu/H-x86_64-pc-linux-gnu/bin/../lib/gcc/nios2-elf/10.1.1/mno-hw-mul/libgcc.a(lib2-divmod.o)
                                        0x1e1 (size before relaxing)
 .debug_str     0x00000000000004eb       0x3a /home/jalexandrou/intelFPGA_lite/20.1/nios2eds/bin/gnu/H-x86_64-pc-linux-gnu/bin/../lib/gcc/nios2-elf/10.1.1/mno-hw-mul/libgcc.a(lib2-mul.o)
                                        0x1a2 (size before relaxing)
 .debug_str     0x0000000000000525      0x3fa /home/jalexandrou/intelFPGA_lite/20.1/nios2eds/bin/gnu/H-x86_64-pc-linux-gnu/bin/../lib/gcc/nios2-elf/10.1.1/../../../../../H-x86_64-pc-linux-gnu/nios2-elf/lib/mno-hw-mul/libsmallc.a(lib_a-malloc.o)
                                        0x4dd (size before relaxing)
 .debug_str     0x000000000000091f       0xbf /home/jalexandrou/intelFPGA_lite/20.1/nios2eds/bin/gnu/H-x86_64-pc-linux-gnu/bin/../lib/gcc/nios2-elf/10.1.1/../../../../../H-x86_64-pc-linux-gnu/nios2-elf/lib/mno-hw-mul/libsmallc.a(lib_a-nano-freer.o)
                                        0x53f (size before relaxing)
 .debug_str     0x00000000000009de       0x46 /home/jalexandrou/intelFPGA_lite/20.1/nios2eds/bin/gnu/H-x86_64-pc-linux-gnu/bin/../lib/gcc/nios2-elf/10.1.1/../../../../../H-x86_64-pc-linux-gnu/nios2-elf/lib/mno-hw-mul/libsmallc.a(lib_a-nano-mallocr.o)
                                        0x56a (size before relaxing)
 .debug_str     0x0000000000000a24      0x12a /home/jalexandrou/intelFPGA_lite/20.1/nios2eds/bin/gnu/H-x86_64-pc-linux-gnu/bin/../lib/gcc/nios2-elf/10.1.1/../../../../../H-x86_64-pc-linux-gnu/nios2-elf/lib/mno-hw-mul/libsmallc.a(lib_a-printf.o)
                                        0x50f (size before relaxing)
 .debug_str     0x0000000000000b4e       0xe7 /home/jalexandrou/intelFPGA_lite/20.1/nios2eds/bin/gnu/H-x86_64-pc-linux-gnu/bin/../lib/gcc/nios2-elf/10.1.1/../../../../../H-x86_64-pc-linux-gnu/nios2-elf/lib/mno-hw-mul/libsmallc.a(lib_a-sbrkr.o)
                                        0x4bf (size before relaxing)
 .debug_str     0x0000000000000c35      0x2d5 /home/jalexandrou/intelFPGA_lite/20.1/nios2eds/bin/gnu/H-x86_64-pc-linux-gnu/bin/../lib/gcc/nios2-elf/10.1.1/../../../../../H-x86_64-pc-linux-gnu/nios2-elf/lib/mno-hw-mul/libsmallc.a(lib_a-vfprintf.o)
                                        0x872 (size before relaxing)
 .debug_str     0x0000000000000f0a       0x7a /home/jalexandrou/intelFPGA_lite/20.1/nios2eds/bin/gnu/H-x86_64-pc-linux-gnu/bin/../lib/gcc/nios2-elf/10.1.1/../../../../../H-x86_64-pc-linux-gnu/nios2-elf/lib/mno-hw-mul/libsmallc.a(lib_a-fvwrite_small_dev.o)
                                        0x4df (size before relaxing)
 .debug_str     0x0000000000000f84       0x5d /home/jalexandrou/intelFPGA_lite/20.1/nios2eds/bin/gnu/H-x86_64-pc-linux-gnu/bin/../lib/gcc/nios2-elf/10.1.1/../../../../../H-x86_64-pc-linux-gnu/nios2-elf/lib/mno-hw-mul/libsmallc.a(lib_a-impure.o)
                                        0x4c9 (size before relaxing)
 .debug_str     0x0000000000000fe1       0x41 /home/jalexandrou/intelFPGA_lite/20.1/nios2eds/bin/gnu/H-x86_64-pc-linux-gnu/bin/../lib/gcc/nios2-elf/10.1.1/../../../../../H-x86_64-pc-linux-gnu/nios2-elf/lib/mno-hw-mul/libsmallc.a(lib_a-int_errno.o)
                                        0x1d0 (size before relaxing)
 .debug_str     0x0000000000001022       0xd6 /home/jalexandrou/intelFPGA_lite/20.1/nios2eds/bin/gnu/H-x86_64-pc-linux-gnu/bin/../lib/gcc/nios2-elf/10.1.1/../../../../../H-x86_64-pc-linux-gnu/nios2-elf/lib/mno-hw-mul/libsmallc.a(lib_a-strlen.o)
                                        0x1dd (size before relaxing)
 .debug_str     0x00000000000010f8       0x47 /home/jalexandrou/intelFPGA_lite/20.1/nios2eds/bin/gnu/H-x86_64-pc-linux-gnu/bin/../lib/gcc/nios2-elf/10.1.1/../../../../../H-x86_64-pc-linux-gnu/nios2-elf/lib/mno-hw-mul/libsmallc.a(lib_a-writer.o)
                                        0x4c3 (size before relaxing)
 .debug_str     0x000000000000113f       0xb4 ../tap_spi_bsp//libhal_bsp.a(alt_irq_register.o)
                                        0x223 (size before relaxing)
 .debug_str     0x00000000000011f3       0x29 ../tap_spi_bsp//libhal_bsp.a(alt_irq_vars.o)
                                        0x170 (size before relaxing)
 .debug_str     0x000000000000121c      0x124 ../tap_spi_bsp//libhal_bsp.a(alt_load.o)
                                        0x281 (size before relaxing)
 .debug_str     0x0000000000001340       0x5e ../tap_spi_bsp//libhal_bsp.a(alt_main.o)
                                        0x1b1 (size before relaxing)
 .debug_str     0x000000000000139e      0x126 ../tap_spi_bsp//libhal_bsp.a(alt_malloc_lock.o)
                                        0x546 (size before relaxing)
 .debug_str     0x00000000000014c4       0x5d ../tap_spi_bsp//libhal_bsp.a(alt_putstr.o)
                                        0x1bd (size before relaxing)
 .debug_str     0x0000000000001521       0x4b ../tap_spi_bsp//libhal_bsp.a(alt_sbrk.o)
                                        0x1eb (size before relaxing)
 .debug_str     0x000000000000156c       0x2c ../tap_spi_bsp//libhal_bsp.a(alt_write.o)
                                        0x1da (size before relaxing)
 .debug_str     0x0000000000001598       0xb4 ../tap_spi_bsp//libhal_bsp.a(alt_sys_init.o)
                                        0x2fb (size before relaxing)
 .debug_str     0x000000000000164c       0x2c ../tap_spi_bsp//libhal_bsp.a(altera_avalon_jtag_uart_write.o)
                                        0x1ee (size before relaxing)
 .debug_str     0x0000000000001678       0x8e ../tap_spi_bsp//libhal_bsp.a(altera_avalon_spi.o)
                                        0x216 (size before relaxing)
 .debug_str     0x0000000000001706       0xe6 ../tap_spi_bsp//libhal_bsp.a(altera_up_avalon_accelerometer_spi.o)
                                        0x37b (size before relaxing)
 .debug_str     0x00000000000017ec       0x1f ../tap_spi_bsp//libhal_bsp.a(alt_dcache_flush_all.o)
                                        0x182 (size before relaxing)
 .debug_str     0x000000000000180b      0x155 ../tap_spi_bsp//libhal_bsp.a(alt_dev.o)
                                        0x391 (size before relaxing)
 .debug_str     0x0000000000001960       0x30 ../tap_spi_bsp//libhal_bsp.a(alt_dev_llist_insert.o)
                                        0x1f9 (size before relaxing)
 .debug_str     0x0000000000001990       0x14 ../tap_spi_bsp//libhal_bsp.a(alt_errno.o)
                                        0x16c (size before relaxing)
 .debug_str     0x00000000000019a4       0x1e ../tap_spi_bsp//libhal_bsp.a(alt_find_dev.o)
                                        0x21a (size before relaxing)
 .debug_str     0x00000000000019c2       0x1f ../tap_spi_bsp//libhal_bsp.a(alt_icache_flush_all.o)
                                        0x182 (size before relaxing)
 .debug_str     0x00000000000019e1       0x18 ../tap_spi_bsp//libhal_bsp.a(alt_irq_entry.o)
                                         0x8d (size before relaxing)
 .debug_str     0x00000000000019f9       0x3a ../tap_spi_bsp//libhal_bsp.a(alt_irq_handler.o)
                                        0x1c4 (size before relaxing)
 .debug_str     0x0000000000001a33       0x20 ../tap_spi_bsp//libhal_bsp.a(altera_nios2_gen2_irq.o)
                                        0x189 (size before relaxing)
 .debug_str     0x0000000000001a53       0x1e ../tap_spi_bsp//libhal_bsp.a(alt_exception_entry.o)
                                         0x93 (size before relaxing)
 .debug_str     0x0000000000001a71      0x48b ../tap_spi_bsp//libhal_bsp.a(alt_instruction_exception_entry.o)
                                        0x5d6 (size before relaxing)
 .debug_str     0x0000000000001efc       0x3f /home/jalexandrou/intelFPGA_lite/20.1/nios2eds/bin/gnu/H-x86_64-pc-linux-gnu/bin/../lib/gcc/nios2-elf/10.1.1/../../../../../H-x86_64-pc-linux-gnu/nios2-elf/lib/mno-hw-mul/libsmallc.a(lib_a-memcmp.o)
                                        0x1d7 (size before relaxing)
 .debug_str     0x0000000000001f3b       0x53 /home/jalexandrou/intelFPGA_lite/20.1/nios2eds/bin/gnu/H-x86_64-pc-linux-gnu/bin/../lib/gcc/nios2-elf/10.1.1/../../../../../H-x86_64-pc-linux-gnu/nios2-elf/lib/mno-hw-mul/libsmallc.a(lib_a-memcpy.o)
                                        0x1eb (size before relaxing)

.debug_loc      0x0000000000000000     0x2408
 *(.debug_loc)
 .debug_loc     0x0000000000000000       0x75 obj/default/tap_spi.o
 .debug_loc     0x0000000000000075      0x5d0 /home/jalexandrou/intelFPGA_lite/20.1/nios2eds/bin/gnu/H-x86_64-pc-linux-gnu/bin/../lib/gcc/nios2-elf/10.1.1/mno-hw-mul/libgcc.a(lib2-divmod.o)
 .debug_loc     0x0000000000000645       0xa7 /home/jalexandrou/intelFPGA_lite/20.1/nios2eds/bin/gnu/H-x86_64-pc-linux-gnu/bin/../lib/gcc/nios2-elf/10.1.1/mno-hw-mul/libgcc.a(lib2-mul.o)
 .debug_loc     0x00000000000006ec       0x64 /home/jalexandrou/intelFPGA_lite/20.1/nios2eds/bin/gnu/H-x86_64-pc-linux-gnu/bin/../lib/gcc/nios2-elf/10.1.1/../../../../../H-x86_64-pc-linux-gnu/nios2-elf/lib/mno-hw-mul/libsmallc.a(lib_a-malloc.o)
 .debug_loc     0x0000000000000750      0x145 /home/jalexandrou/intelFPGA_lite/20.1/nios2eds/bin/gnu/H-x86_64-pc-linux-gnu/bin/../lib/gcc/nios2-elf/10.1.1/../../../../../H-x86_64-pc-linux-gnu/nios2-elf/lib/mno-hw-mul/libsmallc.a(lib_a-nano-freer.o)
 .debug_loc     0x0000000000000895      0x291 /home/jalexandrou/intelFPGA_lite/20.1/nios2eds/bin/gnu/H-x86_64-pc-linux-gnu/bin/../lib/gcc/nios2-elf/10.1.1/../../../../../H-x86_64-pc-linux-gnu/nios2-elf/lib/mno-hw-mul/libsmallc.a(lib_a-nano-mallocr.o)
 .debug_loc     0x0000000000000b26       0xe1 /home/jalexandrou/intelFPGA_lite/20.1/nios2eds/bin/gnu/H-x86_64-pc-linux-gnu/bin/../lib/gcc/nios2-elf/10.1.1/../../../../../H-x86_64-pc-linux-gnu/nios2-elf/lib/mno-hw-mul/libsmallc.a(lib_a-printf.o)
 .debug_loc     0x0000000000000c07       0x6c /home/jalexandrou/intelFPGA_lite/20.1/nios2eds/bin/gnu/H-x86_64-pc-linux-gnu/bin/../lib/gcc/nios2-elf/10.1.1/../../../../../H-x86_64-pc-linux-gnu/nios2-elf/lib/mno-hw-mul/libsmallc.a(lib_a-sbrkr.o)
 .debug_loc     0x0000000000000c73      0xb26 /home/jalexandrou/intelFPGA_lite/20.1/nios2eds/bin/gnu/H-x86_64-pc-linux-gnu/bin/../lib/gcc/nios2-elf/10.1.1/../../../../../H-x86_64-pc-linux-gnu/nios2-elf/lib/mno-hw-mul/libsmallc.a(lib_a-vfprintf.o)
 .debug_loc     0x0000000000001799      0x123 /home/jalexandrou/intelFPGA_lite/20.1/nios2eds/bin/gnu/H-x86_64-pc-linux-gnu/bin/../lib/gcc/nios2-elf/10.1.1/../../../../../H-x86_64-pc-linux-gnu/nios2-elf/lib/mno-hw-mul/libsmallc.a(lib_a-fvwrite_small_dev.o)
 .debug_loc     0x00000000000018bc       0x44 /home/jalexandrou/intelFPGA_lite/20.1/nios2eds/bin/gnu/H-x86_64-pc-linux-gnu/bin/../lib/gcc/nios2-elf/10.1.1/../../../../../H-x86_64-pc-linux-gnu/nios2-elf/lib/mno-hw-mul/libsmallc.a(lib_a-strlen.o)
 .debug_loc     0x0000000000001900       0xd0 /home/jalexandrou/intelFPGA_lite/20.1/nios2eds/bin/gnu/H-x86_64-pc-linux-gnu/bin/../lib/gcc/nios2-elf/10.1.1/../../../../../H-x86_64-pc-linux-gnu/nios2-elf/lib/mno-hw-mul/libsmallc.a(lib_a-writer.o)
 .debug_loc     0x00000000000019d0      0x13e ../tap_spi_bsp//libhal_bsp.a(alt_irq_register.o)
 .debug_loc     0x0000000000001b0e       0x3f ../tap_spi_bsp//libhal_bsp.a(alt_putstr.o)
 .debug_loc     0x0000000000001b4d       0x8e ../tap_spi_bsp//libhal_bsp.a(alt_sbrk.o)
 .debug_loc     0x0000000000001bdb       0xd2 ../tap_spi_bsp//libhal_bsp.a(alt_write.o)
 .debug_loc     0x0000000000001cad       0x25 ../tap_spi_bsp//libhal_bsp.a(alt_sys_init.o)
 .debug_loc     0x0000000000001cd2       0x93 ../tap_spi_bsp//libhal_bsp.a(altera_avalon_jtag_uart_write.o)
 .debug_loc     0x0000000000001d65      0x1d9 ../tap_spi_bsp//libhal_bsp.a(altera_avalon_spi.o)
 .debug_loc     0x0000000000001f3e       0x6f ../tap_spi_bsp//libhal_bsp.a(altera_up_avalon_accelerometer_spi.o)
 .debug_loc     0x0000000000001fad       0x8e ../tap_spi_bsp//libhal_bsp.a(alt_dev_llist_insert.o)
 .debug_loc     0x000000000000203b       0xc2 ../tap_spi_bsp//libhal_bsp.a(alt_find_dev.o)
 .debug_loc     0x00000000000020fd       0xac ../tap_spi_bsp//libhal_bsp.a(alt_irq_handler.o)
 .debug_loc     0x00000000000021a9       0x73 ../tap_spi_bsp//libhal_bsp.a(alt_instruction_exception_entry.o)
 .debug_loc     0x000000000000221c       0xc2 /home/jalexandrou/intelFPGA_lite/20.1/nios2eds/bin/gnu/H-x86_64-pc-linux-gnu/bin/../lib/gcc/nios2-elf/10.1.1/../../../../../H-x86_64-pc-linux-gnu/nios2-elf/lib/mno-hw-mul/libsmallc.a(lib_a-memcmp.o)
 .debug_loc     0x00000000000022de      0x12a /home/jalexandrou/intelFPGA_lite/20.1/nios2eds/bin/gnu/H-x86_64-pc-linux-gnu/bin/../lib/gcc/nios2-elf/10.1.1/../../../../../H-x86_64-pc-linux-gnu/nios2-elf/lib/mno-hw-mul/libsmallc.a(lib_a-memcpy.o)

.debug_macinfo
 *(.debug_macinfo)

.debug_weaknames
 *(.debug_weaknames)

.debug_funcnames
 *(.debug_funcnames)

.debug_typenames
 *(.debug_typenames)

.debug_varnames
 *(.debug_varnames)

.debug_alt_sim_info
                0x0000000000000000       0x10
 *(.debug_alt_sim_info)
 .debug_alt_sim_info
                0x0000000000000000       0x10 ../tap_spi_bsp//obj/HAL/src/crt0.o
                0x0000000000020000                __alt_data_end = 0x20000
                0x0000000000020000                PROVIDE (__alt_stack_pointer = __alt_data_end)
                [!provide]                        PROVIDE (__alt_stack_limit = __alt_stack_base)
                0x0000000000011aa8                PROVIDE (__alt_heap_start = end)
                0x0000000000020000                PROVIDE (__alt_heap_limit = 0x20000)
OUTPUT(tap_spi.elf elf32-littlenios2)
LOAD linker stubs

.debug_ranges   0x0000000000000000      0x420
 .debug_ranges  0x0000000000000000       0x20 ../tap_spi_bsp//obj/HAL/src/crt0.o
 .debug_ranges  0x0000000000000020       0x18 obj/default/tap_spi.o
 .debug_ranges  0x0000000000000038       0x70 /home/jalexandrou/intelFPGA_lite/20.1/nios2eds/bin/gnu/H-x86_64-pc-linux-gnu/bin/../lib/gcc/nios2-elf/10.1.1/mno-hw-mul/libgcc.a(lib2-divmod.o)
 .debug_ranges  0x00000000000000a8       0x18 /home/jalexandrou/intelFPGA_lite/20.1/nios2eds/bin/gnu/H-x86_64-pc-linux-gnu/bin/../lib/gcc/nios2-elf/10.1.1/../../../../../H-x86_64-pc-linux-gnu/nios2-elf/lib/mno-hw-mul/libsmallc.a(lib_a-malloc.o)
 .debug_ranges  0x00000000000000c0       0x28 /home/jalexandrou/intelFPGA_lite/20.1/nios2eds/bin/gnu/H-x86_64-pc-linux-gnu/bin/../lib/gcc/nios2-elf/10.1.1/../../../../../H-x86_64-pc-linux-gnu/nios2-elf/lib/mno-hw-mul/libsmallc.a(lib_a-nano-freer.o)
 .debug_ranges  0x00000000000000e8       0x48 /home/jalexandrou/intelFPGA_lite/20.1/nios2eds/bin/gnu/H-x86_64-pc-linux-gnu/bin/../lib/gcc/nios2-elf/10.1.1/../../../../../H-x86_64-pc-linux-gnu/nios2-elf/lib/mno-hw-mul/libsmallc.a(lib_a-nano-mallocr.o)
 .debug_ranges  0x0000000000000130       0x18 /home/jalexandrou/intelFPGA_lite/20.1/nios2eds/bin/gnu/H-x86_64-pc-linux-gnu/bin/../lib/gcc/nios2-elf/10.1.1/../../../../../H-x86_64-pc-linux-gnu/nios2-elf/lib/mno-hw-mul/libsmallc.a(lib_a-printf.o)
 .debug_ranges  0x0000000000000148       0x10 /home/jalexandrou/intelFPGA_lite/20.1/nios2eds/bin/gnu/H-x86_64-pc-linux-gnu/bin/../lib/gcc/nios2-elf/10.1.1/../../../../../H-x86_64-pc-linux-gnu/nios2-elf/lib/mno-hw-mul/libsmallc.a(lib_a-sbrkr.o)
 .debug_ranges  0x0000000000000158       0xf8 /home/jalexandrou/intelFPGA_lite/20.1/nios2eds/bin/gnu/H-x86_64-pc-linux-gnu/bin/../lib/gcc/nios2-elf/10.1.1/../../../../../H-x86_64-pc-linux-gnu/nios2-elf/lib/mno-hw-mul/libsmallc.a(lib_a-vfprintf.o)
 .debug_ranges  0x0000000000000250       0x10 /home/jalexandrou/intelFPGA_lite/20.1/nios2eds/bin/gnu/H-x86_64-pc-linux-gnu/bin/../lib/gcc/nios2-elf/10.1.1/../../../../../H-x86_64-pc-linux-gnu/nios2-elf/lib/mno-hw-mul/libsmallc.a(lib_a-fvwrite_small_dev.o)
 .debug_ranges  0x0000000000000260       0x10 /home/jalexandrou/intelFPGA_lite/20.1/nios2eds/bin/gnu/H-x86_64-pc-linux-gnu/bin/../lib/gcc/nios2-elf/10.1.1/../../../../../H-x86_64-pc-linux-gnu/nios2-elf/lib/mno-hw-mul/libsmallc.a(lib_a-strlen.o)
 .debug_ranges  0x0000000000000270       0x10 /home/jalexandrou/intelFPGA_lite/20.1/nios2eds/bin/gnu/H-x86_64-pc-linux-gnu/bin/../lib/gcc/nios2-elf/10.1.1/../../../../../H-x86_64-pc-linux-gnu/nios2-elf/lib/mno-hw-mul/libsmallc.a(lib_a-writer.o)
 .debug_ranges  0x0000000000000280       0x48 ../tap_spi_bsp//libhal_bsp.a(alt_irq_register.o)
 .debug_ranges  0x00000000000002c8       0x30 ../tap_spi_bsp//libhal_bsp.a(alt_load.o)
 .debug_ranges  0x00000000000002f8       0x20 ../tap_spi_bsp//libhal_bsp.a(alt_write.o)
 .debug_ranges  0x0000000000000318       0x18 ../tap_spi_bsp//libhal_bsp.a(alt_sys_init.o)
 .debug_ranges  0x0000000000000330       0x18 ../tap_spi_bsp//libhal_bsp.a(altera_avalon_spi.o)
 .debug_ranges  0x0000000000000348       0x20 ../tap_spi_bsp//libhal_bsp.a(alt_dev_llist_insert.o)
 .debug_ranges  0x0000000000000368       0x28 ../tap_spi_bsp//libhal_bsp.a(alt_irq_entry.o)
 .debug_ranges  0x0000000000000390       0x28 ../tap_spi_bsp//libhal_bsp.a(alt_irq_handler.o)
 .debug_ranges  0x00000000000003b8       0x30 ../tap_spi_bsp//libhal_bsp.a(alt_exception_entry.o)
 .debug_ranges  0x00000000000003e8       0x18 ../tap_spi_bsp//libhal_bsp.a(alt_instruction_exception_entry.o)
 .debug_ranges  0x0000000000000400       0x10 /home/jalexandrou/intelFPGA_lite/20.1/nios2eds/bin/gnu/H-x86_64-pc-linux-gnu/bin/../lib/gcc/nios2-elf/10.1.1/../../../../../H-x86_64-pc-linux-gnu/nios2-elf/lib/mno-hw-mul/libsmallc.a(lib_a-memcmp.o)
 .debug_ranges  0x0000000000000410       0x10 /home/jalexandrou/intelFPGA_lite/20.1/nios2eds/bin/gnu/H-x86_64-pc-linux-gnu/bin/../lib/gcc/nios2-elf/10.1.1/../../../../../H-x86_64-pc-linux-gnu/nios2-elf/lib/mno-hw-mul/libsmallc.a(lib_a-memcpy.o)